
-------------------------------------------------------------------------
|    ___ _   _ ___                                                      |
|   / __| | | |_  )   Release 8.3.0 "Harrier"                           |
|   \__ \ |_| |/ /                                                      |
|   |___/\___//___|   Suite (Computational Fluid Dynamics Code)         |
|                                                                       |
-------------------------------------------------------------------------
| SU2 Project Website: https://su2code.github.io                        |
|                                                                       |
| The SU2 Project is maintained by the SU2 Foundation                   |
| (http://su2foundation.org)                                            |
-------------------------------------------------------------------------
| Copyright 2012-2025, SU2 Contributors                                 |
|                                                                       |
| SU2 is free software; you can redistribute it and/or                  |
| modify it under the terms of the GNU Lesser General Public            |
| License as published by the Free Software Foundation; either          |
| version 2.1 of the License, or (at your option) any later version.    |
|                                                                       |
| SU2 is distributed in the hope that it will be useful,                |
| but WITHOUT ANY WARRANTY; without even the implied warranty of        |
| MERCHANTABILITY or FITNESS FOR A PARTICULAR PURPOSE. See the GNU      |
| Lesser General Public License for more details.                       |
|                                                                       |
| You should have received a copy of the GNU Lesser General Public      |
| License along with SU2. If not, see <http://www.gnu.org/licenses/>.   |
-------------------------------------------------------------------------

Parsing config file for zone 0

----------------- Physical Case Definition ( Zone 0 ) -------------------
Compressible Euler equations.
Mach number: 0.8.
Angle of attack (AoA): 1.25 deg, and angle of sideslip (AoS): 0 deg.
No restart solution, use the values at infinity (freestream).
Non-Dimensional simulation (P=1.0, Rho=1.0, T=1.0 at the farfield).
The reference area is 1 m^2.
The semi-span will be computed using the max y(3D) value.
The reference length is 1 m.
Reference origin for moment evaluation is (0.25, 0, 0).
Surface(s) where the force coefficients are evaluated: airfoil.

Surface(s) plotted in the output file: airfoil.
Surface(s) affected by the design variables: airfoil.
Input mesh file name: mesh_NACA0012_inv_deform.su2

--------------- Space Numerical Integration ( Zone 0 ) ------------------
Jameson-Schmidt-Turkel scheme (2nd order in space) for the flow inviscid terms.
JST viscous coefficients (2nd & 4th): 0.5, 0.02.
The method includes a grid stretching correction (p = 0.3).
Gradient for viscous and source terms: Green-Gauss.

--------------- Time Numerical Integration  ( Zone 0 ) ------------------
Local time stepping (steady state simulation).
Euler implicit method for the flow equations.
FGMRES is used for solving the linear system.
Using a LU-SGS preconditioning.
Convergence criteria of the linear solver: 0.0001.
Max number of linear iterations: 2.
V Multigrid Cycle, with 2 multigrid levels.
Damping factor for the residual restriction: 1.
Damping factor for the correction prolongation: 1.
No CFL adaptation.
+-------------------------------------------+
|  MG Level| Presmooth|PostSmooth|CorrectSmo|
+-------------------------------------------+
|         0|         1|         0|         0|
|         1|         2|         0|         0|
|         2|         3|         0|         0|
+-------------------------------------------+
Courant-Friedrichs-Lewy number:       10

------------------ Convergence Criteria  ( Zone 0 ) ---------------------
Maximum number of solver subiterations: 1000.
Begin convergence monitoring at iteration 10.
Residual minimum value: 1e-13.
Cauchy series min. value: 1e-06.
Number of Cauchy elements: 100.
Begin windowed time average at iteration 0.

-------------------- Output Information ( Zone 0 ) ----------------------
File writing frequency: 
+------------------------------------+
|                     File| Frequency|
+------------------------------------+
|                  RESTART|       250|
|                 PARAVIEW|       250|
|         SURFACE_PARAVIEW|       250|
|              SURFACE_CSV|       250|
+------------------------------------+
Writing the convergence history file every 1 inner iterations.
Writing the screen convergence history every 1 inner iterations.
The tabular file format is CSV (.csv).
Convergence history file name: history_direct.
Forces breakdown file name: forces_breakdown.dat.
Surface file name: surface_flow.
Volume file name: flow.
Restart file name: restart_flow.

------------- Config File Boundary Information ( Zone 0 ) ---------------
+-----------------------------------------------------------------------+
|                        Marker Type|                        Marker Name|
+-----------------------------------------------------------------------+
|                         Euler wall|                            airfoil|
+-----------------------------------------------------------------------+
|                          Far-field|                           farfield|
+-----------------------------------------------------------------------+

-------------------- Output Preprocessing ( Zone 0 ) --------------------

WARNING: SURFACE_PRESSURE_DROP can only be computed for at least 2 surfaces (outlet, inlet, ...)

Screen output fields: INNER_ITER, RMS_DENSITY, RMS_ENERGY, LIFT, DRAG
History output group(s): ITER, RMS_RES, AERO_COEFF
Convergence field(s): RMS_DENSITY
Warning: No (valid) fields chosen for time convergence monitoring. Time convergence monitoring inactive.
Volume output fields: COORDINATES, SOLUTION, PRIMITIVE

------------------- Geometry Preprocessing ( Zone 0 ) -------------------
Two dimensional problem.
5233 grid points.
10216 volume elements.
2 surface markers.
200 boundary elements in index 0 (Marker = airfoil).
50 boundary elements in index 1 (Marker = farfield).
10216 triangles.
Setting point connectivity.
Renumbering points (Reverse Cuthill McKee Ordering).
Recomputing point connectivity.
Setting element connectivity.
Checking the numerical grid orientation.
All volume elements are correctly oriented.
All surface elements are correctly oriented.
Identifying edges and vertices.
Setting the control volume structure.
Area of the computational grid: 1253.25.
Searching for the closest normal neighbors to the surfaces.
Storing a mapping from global to local point index.
Compute the surface curvature.
Max K: 7835.1. Mean K: 35.0358. Standard deviation K: 494.41.
Checking for periodicity.
Computing mesh quality statistics for the dual control volumes.
+--------------------------------------------------------------+
|           Mesh Quality Metric|        Minimum|        Maximum|
+--------------------------------------------------------------+
|    Orthogonality Angle (deg.)|        62.8728|        89.7197|
|     CV Face Area Aspect Ratio|        1.01531|        7.18969|
|           CV Sub-Volume Ratio|        1.00263|        6.47613|
+--------------------------------------------------------------+
Setting the multigrid structure.
+-------------------------------------------+
|  MG Level|       CVs|Aggl. Rate|       CFL|
+-------------------------------------------+
|         0|      5233|    1/1.00|        10|
|         1|      1690|     1/3.1|   8.52431|
|         2|       649|     1/2.6|   7.92373|
+-------------------------------------------+
Finding max control volume width.
Wetted area = 2.04321 m.
Area projection in the x-plane = 0.118777 m, y-plane = 0.999845 m.
Max. coordinate in the x-direction = 1 m, y-direction = 0.0539288 m.
Min. coordinate in the x-direction = 0 m, y-direction = -0.0648682 m.
Computing wall distances.

-------------------- Solver Preprocessing ( Zone 0 ) --------------------
Inviscid flow: Computing density based on free-stream
temperature and pressure using the ideal gas law.
Force coefficients computed using free-stream values.

-- Models:
+------------------------------------------------------------------------------+
|          Viscosity Model|        Conductivity Model|              Fluid Model|
+------------------------------------------------------------------------------+
|                        -|                         -|             STANDARD_AIR|
+------------------------------------------------------------------------------+
-- Fluid properties:
+------------------------------------------------------------------------------+
|                  Name|    Dim. value|    Ref. value|      Unit|Non-dim. value|
+------------------------------------------------------------------------------+
|          Gas Constant|       287.058|       287.058|  N.m/kg.K|             1|
|      Spec. Heat Ratio|             -|             -|         -|           1.4|
+------------------------------------------------------------------------------+
-- Initial and free-stream conditions:
+------------------------------------------------------------------------------+
|                  Name|    Dim. value|    Ref. value|      Unit|Non-dim. value|
+------------------------------------------------------------------------------+
|       Static Pressure|        101325|        101325|        Pa|             1|
|               Density|       1.29225|       1.29225|    kg/m^3|             1|
|           Temperature|        273.15|        273.15|         K|             1|
|          Total Energy|        231152|       78409.9|   m^2/s^2|         2.948|
|            Velocity-X|       264.994|       280.018|       m/s|      0.946348|
|            Velocity-Y|       5.78219|       280.018|       m/s|     0.0206494|
|    Velocity Magnitude|       265.057|       280.018|       m/s|      0.946573|
+------------------------------------------------------------------------------+
|           Mach Number|             -|             -|         -|           0.8|
+------------------------------------------------------------------------------+
Initialize Jacobian structure (Euler). MG level: 0.
Initialize Jacobian structure (Euler). MG level: 1.
Initialize Jacobian structure (Euler). MG level: 2.

------------------- Numerics Preprocessing ( Zone 0 ) -------------------

----------------- Integration Preprocessing ( Zone 0 ) ------------------

------------------- Iteration Preprocessing ( Zone 0 ) ------------------
Euler/Navier-Stokes/RANS fluid iteration.

------------------------------ Begin Solver -----------------------------

Simulation Run using the Single-zone Driver
WARNING: SU2 was not compiled for an AVX-capable architecture. Performance could be better,
         see https://su2code.github.io/docs_v7/Build-SU2-Linux-MacOS/#compiler-optimizations
WARNING: SU2 was not compiled for an AVX-capable architecture. Performance could be better,
         see https://su2code.github.io/docs_v7/Build-SU2-Linux-MacOS/#compiler-optimizations
WARNING: SU2 was not compiled for an AVX-capable architecture. Performance could be better,
         see https://su2code.github.io/docs_v7/Build-SU2-Linux-MacOS/#compiler-optimizations
+----------------------------------------------------------------+
|  Inner_Iter|    rms[Rho]|   rms[RhoE]|          CL|          CD|
+----------------------------------------------------------------+
|           0|   -3.572275|   -2.975898|    0.137316|    0.249167|
|           1|   -3.827639|   -3.216710|    0.027277|    0.095461|
|           2|   -3.761311|   -3.162895|    0.036624|    0.070633|
|           3|   -3.706841|   -3.114535|    0.068429|    0.085400|
|           4|   -3.655147|   -3.066013|    0.062956|    0.064439|
|           5|   -3.650012|   -3.064948|    0.057880|    0.051242|
|           6|   -3.646893|   -3.068443|    0.055752|    0.047268|
|           7|   -3.651007|   -3.074710|    0.052178|    0.042651|
|           8|   -3.633466|   -3.056038|    0.049213|    0.036931|
|           9|   -3.648340|   -3.074429|    0.047020|    0.032260|
|          10|   -3.655383|   -3.085522|    0.045244|    0.028951|
|          11|   -3.661840|   -3.094335|    0.043718|    0.025866|
|          12|   -3.667026|   -3.100027|    0.042060|    0.022550|
|          13|   -3.670193|   -3.101736|    0.040432|    0.019297|
|          14|   -3.678529|   -3.107916|    0.039237|    0.016281|
|          15|   -3.689201|   -3.116753|    0.038392|    0.013429|
|          16|   -3.700477|   -3.127550|    0.037705|    0.010646|
|          17|   -3.713345|   -3.141524|    0.037122|    0.007893|
|          18|   -3.728172|   -3.158288|    0.036575|    0.005173|
|          19|   -3.746001|   -3.177950|    0.035890|    0.002522|
|          20|   -3.767587|   -3.200742|    0.035002|    0.000021|
|          21|   -3.791015|   -3.224638|    0.034253|   -0.002208|
|          22|   -3.813632|   -3.247207|    0.033903|   -0.004063|
|          23|   -3.834671|   -3.267923|    0.034065|   -0.005457|
|          24|   -3.854280|   -3.287066|    0.034903|   -0.006317|
|          25|   -3.873637|   -3.305932|    0.036135|   -0.006656|
|          26|   -3.894104|   -3.326033|    0.037630|   -0.006495|
|          27|   -3.916771|   -3.348624|    0.039392|   -0.005866|
|          28|   -3.941434|   -3.373567|    0.041388|   -0.004842|
|          29|   -3.967528|   -3.400386|    0.043422|   -0.003533|
|          30|   -3.995266|   -3.429389|    0.045334|   -0.002060|
|          31|   -4.025439|   -3.461085|    0.046984|   -0.000532|
|          32|   -4.057524|   -3.494520|    0.048316|    0.000963|
|          33|   -4.090831|   -3.528815|    0.049205|    0.002349|
|          34|   -4.124801|   -3.563267|    0.049672|    0.003581|
|          35|   -4.158966|   -3.597390|    0.049810|    0.004629|
|          36|   -4.192968|   -3.630994|    0.049696|    0.005468|
|          37|   -4.226301|   -3.663865|    0.049372|    0.006080|
|          38|   -4.258423|   -3.695706|    0.048877|    0.006454|
|          39|   -4.288793|   -3.726114|    0.048269|    0.006597|
|          40|   -4.317141|   -3.754897|    0.047628|    0.006527|
|          41|   -4.343434|   -3.781991|    0.047019|    0.006274|
|          42|   -4.367860|   -3.807444|    0.046487|    0.005873|
|          43|   -4.390760|   -3.831428|    0.046071|    0.005362|
|          44|   -4.412372|   -3.854043|    0.045788|    0.004778|
|          45|   -4.432770|   -3.875270|    0.045646|    0.004158|
|          46|   -4.451886|   -3.895022|    0.045642|    0.003533|
|          47|   -4.469607|   -3.913203|    0.045762|    0.002932|
|          48|   -4.485917|   -3.929810|    0.045995|    0.002378|
|          49|   -4.500738|   -3.944793|    0.046326|    0.001889|
|          50|   -4.514012|   -3.958128|    0.046739|    0.001480|
|          51|   -4.525845|   -3.969953|    0.047236|    0.001159|
|          52|   -4.536282|   -3.980388|    0.047829|    0.000927|
|          53|   -4.545756|   -3.990033|    0.048525|    0.000781|
|          54|   -4.555260|   -3.999964|    0.049318|    0.000712|
|          55|   -4.565721|   -4.011021|    0.050187|    0.000710|
|          56|   -4.577786|   -4.023736|    0.051104|    0.000765|
|          57|   -4.591812|   -4.038366|    0.052039|    0.000867|
|          58|   -4.608105|   -4.055142|    0.052962|    0.001000|
|          59|   -4.626689|   -4.074110|    0.053843|    0.001151|
|          60|   -4.647657|   -4.095404|    0.054664|    0.001310|
|          61|   -4.670819|   -4.118887|    0.055418|    0.001467|
|          62|   -4.695610|   -4.144045|    0.056100|    0.001611|
|          63|   -4.721260|   -4.170113|    0.056704|    0.001736|
|          64|   -4.746986|   -4.196260|    0.057230|    0.001837|
|          65|   -4.771978|   -4.221638|    0.057679|    0.001908|
|          66|   -4.795653|   -4.245659|    0.058049|    0.001950|
|          67|   -4.817756|   -4.268032|    0.058343|    0.001963|
|          68|   -4.838460|   -4.288899|    0.058567|    0.001950|
|          69|   -4.857952|   -4.308437|    0.058731|    0.001917|
|          70|   -4.876634|   -4.327060|    0.058839|    0.001868|
|          71|   -4.894936|   -4.345212|    0.058900|    0.001806|
|          72|   -4.913172|   -4.363218|    0.058922|    0.001736|
|          73|   -4.931588|   -4.381374|    0.058913|    0.001661|
|          74|   -4.950425|   -4.399943|    0.058884|    0.001586|
|          75|   -4.969608|   -4.418869|    0.058842|    0.001513|
|          76|   -4.989093|   -4.438130|    0.058792|    0.001446|
|          77|   -5.008900|   -4.457741|    0.058739|    0.001386|
|          78|   -5.029112|   -4.477777|    0.058688|    0.001333|
|          79|   -5.049762|   -4.498254|    0.058641|    0.001290|
|          80|   -5.070786|   -4.519092|    0.058605|    0.001256|
|          81|   -5.092058|   -4.540152|    0.058581|    0.001230|
|          82|   -5.113386|   -4.561240|    0.058572|    0.001213|
|          83|   -5.134454|   -4.582044|    0.058581|    0.001203|
|          84|   -5.154974|   -4.602309|    0.058607|    0.001200|
|          85|   -5.174810|   -4.621954|    0.058652|    0.001200|
|          86|   -5.193980|   -4.641060|    0.058715|    0.001205|
|          87|   -5.212545|   -4.659727|    0.058796|    0.001211|
|          88|   -5.230683|   -4.678150|    0.058893|    0.001219|
|          89|   -5.248508|   -4.696419|    0.059002|    0.001227|
|          90|   -5.266059|   -4.714547|    0.059120|    0.001235|
|          91|   -5.283381|   -4.732553|    0.059246|    0.001242|
|          92|   -5.300474|   -4.750382|    0.059376|    0.001248|
|          93|   -5.317345|   -4.767980|    0.059508|    0.001252|
|          94|   -5.333975|   -4.785269|    0.059639|    0.001254|
|          95|   -5.350227|   -4.802084|    0.059767|    0.001254|
|          96|   -5.365984|   -4.818279|    0.059891|    0.001254|
|          97|   -5.381289|   -4.833877|    0.060009|    0.001252|
|          98|   -5.396154|   -4.848886|    0.060121|    0.001249|
|          99|   -5.410582|   -4.863309|    0.060227|    0.001245|
|         100|   -5.424563|   -4.877157|    0.060328|    0.001241|
|         101|   -5.438121|   -4.890483|    0.060423|    0.001237|
|         102|   -5.451313|   -4.903372|    0.060513|    0.001233|
|         103|   -5.464171|   -4.915880|    0.060598|    0.001229|
|         104|   -5.476808|   -4.928146|    0.060678|    0.001226|
|         105|   -5.489262|   -4.940233|    0.060755|    0.001224|
|         106|   -5.501589|   -4.952202|    0.060828|    0.001222|
|         107|   -5.513850|   -4.964118|    0.060899|    0.001220|
|         108|   -5.526085|   -4.976029|    0.060968|    0.001219|
|         109|   -5.538314|   -4.987951|    0.061035|    0.001219|
|         110|   -5.550541|   -4.999884|    0.061101|    0.001219|
|         111|   -5.562788|   -5.011839|    0.061167|    0.001220|
|         112|   -5.575074|   -5.023848|    0.061232|    0.001221|
|         113|   -5.587366|   -5.035884|    0.061295|    0.001222|
|         114|   -5.599686|   -5.047971|    0.061358|    0.001223|
|         115|   -5.612076|   -5.060153|    0.061420|    0.001224|
|         116|   -5.624518|   -5.072411|    0.061481|    0.001225|
|         117|   -5.636989|   -5.084723|    0.061540|    0.001226|
|         118|   -5.649427|   -5.097034|    0.061599|    0.001227|
|         119|   -5.661916|   -5.109444|    0.061657|    0.001228|
|         120|   -5.674461|   -5.121953|    0.061713|    0.001228|
|         121|   -5.687048|   -5.134546|    0.061767|    0.001228|
|         122|   -5.699683|   -5.147235|    0.061819|    0.001229|
|         123|   -5.712415|   -5.160064|    0.061869|    0.001228|
|         124|   -5.725234|   -5.173014|    0.061917|    0.001228|
|         125|   -5.738129|   -5.186069|    0.061962|    0.001228|
|         126|   -5.751070|   -5.199196|    0.062005|    0.001228|
|         127|   -5.764091|   -5.212426|    0.062045|    0.001227|
|         128|   -5.777187|   -5.225747|    0.062083|    0.001227|
|         129|   -5.790336|   -5.239128|    0.062117|    0.001227|
|         130|   -5.803571|   -5.252600|    0.062149|    0.001227|
|         131|   -5.816912|   -5.266192|    0.062178|    0.001227|
|         132|   -5.830357|   -5.279898|    0.062204|    0.001227|
|         133|   -5.843908|   -5.293711|    0.062228|    0.001227|
|         134|   -5.857553|   -5.307611|    0.062249|    0.001227|
|         135|   -5.871291|   -5.321593|    0.062269|    0.001228|
|         136|   -5.885087|   -5.335614|    0.062286|    0.001228|
|         137|   -5.898874|   -5.349603|    0.062301|    0.001229|
|         138|   -5.912786|   -5.363708|    0.062314|    0.001229|
|         139|   -5.926733|   -5.377814|    0.062325|    0.001230|
|         140|   -5.940652|   -5.391860|    0.062335|    0.001230|
|         141|   -5.954509|   -5.405811|    0.062343|    0.001231|
|         142|   -5.968331|   -5.419684|    0.062350|    0.001231|
|         143|   -5.982065|   -5.433417|    0.062356|    0.001231|
|         144|   -5.995633|   -5.446936|    0.062361|    0.001232|
|         145|   -6.008994|   -5.460201|    0.062364|    0.001232|
|         146|   -6.022144|   -5.473211|    0.062367|    0.001232|
|         147|   -6.035071|   -5.485952|    0.062368|    0.001232|
|         148|   -6.047779|   -5.498438|    0.062370|    0.001232|
|         149|   -6.060251|   -5.510658|    0.062370|    0.001232|
|         150|   -6.072487|   -5.522616|    0.062370|    0.001231|
|         151|   -6.084511|   -5.534344|    0.062369|    0.001231|
|         152|   -6.096299|   -5.545823|    0.062368|    0.001231|
|         153|   -6.107882|   -5.557085|    0.062367|    0.001230|
|         154|   -6.119275|   -5.568156|    0.062365|    0.001230|
|         155|   -6.130520|   -5.579091|    0.062364|    0.001229|
|         156|   -6.141664|   -5.589945|    0.062362|    0.001229|
|         157|   -6.152745|   -5.600761|    0.062360|    0.001228|
|         158|   -6.163792|   -5.611571|    0.062358|    0.001227|
|         159|   -6.174843|   -5.622419|    0.062356|    0.001227|
|         160|   -6.185934|   -5.633346|    0.062354|    0.001226|
|         161|   -6.197090|   -5.644381|    0.062352|    0.001226|
|         162|   -6.208299|   -5.655501|    0.062350|    0.001225|
|         163|   -6.219628|   -5.666788|    0.062348|    0.001225|
|         164|   -6.231082|   -5.678246|    0.062346|    0.001224|
|         165|   -6.242686|   -5.689898|    0.062344|    0.001224|
|         166|   -6.254464|   -5.701765|    0.062342|    0.001224|
|         167|   -6.266419|   -5.713852|    0.062340|    0.001223|
|         168|   -6.278537|   -5.726143|    0.062339|    0.001223|
|         169|   -6.290798|   -5.738618|    0.062337|    0.001223|
|         170|   -6.303189|   -5.751258|    0.062336|    0.001222|
|         171|   -6.315685|   -5.764032|    0.062334|    0.001222|
|         172|   -6.328278|   -5.776936|    0.062333|    0.001222|
|         173|   -6.340906|   -5.789894|    0.062332|    0.001221|
|         174|   -6.353552|   -5.802885|    0.062331|    0.001221|
|         175|   -6.366170|   -5.815855|    0.062330|    0.001221|
|         176|   -6.378718|   -5.828758|    0.062329|    0.001220|
|         177|   -6.391168|   -5.841559|    0.062328|    0.001220|
|         178|   -6.403483|   -5.854211|    0.062327|    0.001220|
|         179|   -6.415637|   -5.866685|    0.062327|    0.001220|
|         180|   -6.427621|   -5.878968|    0.062327|    0.001219|
|         181|   -6.439431|   -5.891042|    0.062327|    0.001219|
|         182|   -6.451070|   -5.902906|    0.062327|    0.001219|
|         183|   -6.462552|   -5.914572|    0.062327|    0.001219|
|         184|   -6.473875|   -5.926029|    0.062327|    0.001219|
|         185|   -6.485045|   -5.937285|    0.062328|    0.001218|
|         186|   -6.496098|   -5.948375|    0.062328|    0.001218|
|         187|   -6.507067|   -5.959332|    0.062329|    0.001218|
|         188|   -6.517961|   -5.970169|    0.062330|    0.001218|
|         189|   -6.528802|   -5.980910|    0.062331|    0.001218|
|         190|   -6.539624|   -5.991590|    0.062332|    0.001218|
|         191|   -6.550457|   -6.002242|    0.062333|    0.001218|
|         192|   -6.561312|   -6.012880|    0.062335|    0.001218|
|         193|   -6.572201|   -6.023523|    0.062336|    0.001218|
|         194|   -6.583162|   -6.034214|    0.062337|    0.001218|
|         195|   -6.594194|   -6.044953|    0.062338|    0.001218|
|         196|   -6.605331|   -6.055787|    0.062340|    0.001218|
|         197|   -6.616566|   -6.066710|    0.062341|    0.001218|
|         198|   -6.627905|   -6.077735|    0.062342|    0.001218|
|         199|   -6.639373|   -6.088892|    0.062343|    0.001218|
|         200|   -6.650935|   -6.100150|    0.062345|    0.001218|
|         201|   -6.662568|   -6.111488|    0.062345|    0.001218|
|         202|   -6.674260|   -6.122899|    0.062346|    0.001218|
|         203|   -6.685992|   -6.134365|    0.062347|    0.001218|
|         204|   -6.697781|   -6.145917|    0.062348|    0.001218|
|         205|   -6.709623|   -6.157545|    0.062348|    0.001218|
|         206|   -6.721529|   -6.169263|    0.062348|    0.001218|
|         207|   -6.733487|   -6.181063|    0.062348|    0.001218|
|         208|   -6.745492|   -6.192942|    0.062348|    0.001219|
|         209|   -6.757544|   -6.204905|    0.062348|    0.001219|
|         210|   -6.769634|   -6.216940|    0.062348|    0.001219|
|         211|   -6.781748|   -6.229032|    0.062347|    0.001219|
|         212|   -6.793878|   -6.241178|    0.062347|    0.001219|
|         213|   -6.806023|   -6.253376|    0.062346|    0.001219|
|         214|   -6.818199|   -6.265639|    0.062345|    0.001219|
|         215|   -6.830400|   -6.277958|    0.062344|    0.001219|
|         216|   -6.842617|   -6.290320|    0.062343|    0.001219|
|         217|   -6.854847|   -6.302722|    0.062342|    0.001219|
|         218|   -6.867087|   -6.315156|    0.062340|    0.001219|
|         219|   -6.879329|   -6.327611|    0.062339|    0.001219|
|         220|   -6.891584|   -6.340096|    0.062337|    0.001219|
|         221|   -6.903905|   -6.352663|    0.062336|    0.001219|
|         222|   -6.916303|   -6.365318|    0.062334|    0.001219|
|         223|   -6.928738|   -6.378010|    0.062332|    0.001219|
|         224|   -6.941198|   -6.390727|    0.062330|    0.001219|
|         225|   -6.953682|   -6.403466|    0.062329|    0.001219|
|         226|   -6.966199|   -6.416230|    0.062327|    0.001219|
|         227|   -6.978750|   -6.429017|    0.062325|    0.001219|
|         228|   -6.991330|   -6.441820|    0.062323|    0.001219|
|         229|   -7.003933|   -6.454629|    0.062321|    0.001219|
|         230|   -7.016551|   -6.467433|    0.062319|    0.001219|
|         231|   -7.029170|   -6.480217|    0.062317|    0.001219|
|         232|   -7.041780|   -6.492968|    0.062315|    0.001219|
|         233|   -7.054374|   -6.505679|    0.062313|    0.001219|
|         234|   -7.066948|   -6.518345|    0.062311|    0.001219|
|         235|   -7.079494|   -6.530953|    0.062309|    0.001219|
|         236|   -7.091999|   -6.543490|    0.062307|    0.001219|
|         237|   -7.104447|   -6.555940|    0.062305|    0.001219|
|         238|   -7.116825|   -6.568290|    0.062304|    0.001219|
|         239|   -7.129121|   -6.580530|    0.062302|    0.001219|
|         240|   -7.141329|   -6.592652|    0.062300|    0.001219|
|         241|   -7.153433|   -6.604642|    0.062299|    0.001219|
|         242|   -7.165408|   -6.616475|    0.062297|    0.001219|
|         243|   -7.177253|   -6.628158|    0.062296|    0.001219|
|         244|   -7.188986|   -6.639709|    0.062294|    0.001219|
|         245|   -7.200634|   -6.651155|    0.062293|    0.001219|
|         246|   -7.212201|   -6.662506|    0.062291|    0.001219|
|         247|   -7.223680|   -6.673756|    0.062290|    0.001219|
|         248|   -7.235054|   -6.684894|    0.062289|    0.001219|
|         249|   -7.246368|   -6.695970|    0.062288|    0.001219|
|         250|   -7.257645|   -6.707006|    0.062287|    0.001219|
+-----------------------------------------------------------------------+
|        File Writing Summary       |              Filename             |
+-----------------------------------------------------------------------+
|SU2 binary restart                 |restart_flow.dat                   |
|Paraview                           |flow.vtu                           |
|Paraview surface                   |surface_flow.vtu                   |
|CSV file                           |surface_flow.csv                   |
+-----------------------------------------------------------------------+
+----------------------------------------------------------------+
|  Inner_Iter|    rms[Rho]|   rms[RhoE]|          CL|          CD|
+----------------------------------------------------------------+
|         251|   -7.268903|   -6.718022|    0.062285|    0.001219|
|         252|   -7.280156|   -6.729036|    0.062285|    0.001219|
|         253|   -7.291421|   -6.740071|    0.062284|    0.001219|
|         254|   -7.302720|   -6.751151|    0.062283|    0.001219|
|         255|   -7.314075|   -6.762301|    0.062282|    0.001219|
|         256|   -7.325508|   -6.773545|    0.062281|    0.001219|
|         257|   -7.337037|   -6.784904|    0.062280|    0.001219|
|         258|   -7.348680|   -6.796398|    0.062280|    0.001219|
|         259|   -7.360453|   -6.808045|    0.062279|    0.001219|
|         260|   -7.372372|   -6.819864|    0.062279|    0.001219|
|         261|   -7.384449|   -6.831867|    0.062278|    0.001219|
|         262|   -7.396694|   -6.844066|    0.062278|    0.001219|
|         263|   -7.409114|   -6.856467|    0.062277|    0.001219|
|         264|   -7.421713|   -6.869077|    0.062277|    0.001219|
|         265|   -7.434493|   -6.881897|    0.062276|    0.001219|
|         266|   -7.447453|   -6.894925|    0.062276|    0.001219|
|         267|   -7.460588|   -6.908158|    0.062276|    0.001219|
|         268|   -7.473892|   -6.921588|    0.062276|    0.001219|
|         269|   -7.487354|   -6.935201|    0.062276|    0.001219|
|         270|   -7.500961|   -6.948985|    0.062275|    0.001219|
|         271|   -7.514696|   -6.962920|    0.062275|    0.001219|
|         272|   -7.528541|   -6.976986|    0.062275|    0.001219|
|         273|   -7.542475|   -6.991159|    0.062275|    0.001219|
|         274|   -7.556477|   -7.005415|    0.062275|    0.001219|
|         275|   -7.570520|   -7.019723|    0.062275|    0.001219|
|         276|   -7.584577|   -7.034051|    0.062275|    0.001219|
|         277|   -7.598620|   -7.048368|    0.062275|    0.001219|
|         278|   -7.612623|   -7.062643|    0.062275|    0.001219|
|         279|   -7.626558|   -7.076843|    0.062275|    0.001219|
|         280|   -7.640400|   -7.090937|    0.062276|    0.001219|
|         281|   -7.654126|   -7.104897|    0.062276|    0.001219|
|         282|   -7.667710|   -7.118694|    0.062276|    0.001219|
|         283|   -7.681134|   -7.132303|    0.062276|    0.001219|
|         284|   -7.694379|   -7.145702|    0.062276|    0.001219|
|         285|   -7.707433|   -7.158874|    0.062276|    0.001219|
|         286|   -7.720284|   -7.171806|    0.062277|    0.001219|
|         287|   -7.732929|   -7.184491|    0.062277|    0.001219|
|         288|   -7.745366|   -7.196926|    0.062277|    0.001219|
|         289|   -7.757598|   -7.209117|    0.062277|    0.001219|
|         290|   -7.769636|   -7.221071|    0.062277|    0.001219|
|         291|   -7.781492|   -7.232805|    0.062278|    0.001219|
|         292|   -7.793181|   -7.244336|    0.062278|    0.001219|
|         293|   -7.804723|   -7.255688|    0.062278|    0.001219|
|         294|   -7.816141|   -7.266888|    0.062278|    0.001219|
|         295|   -7.827460|   -7.277965|    0.062279|    0.001219|
|         296|   -7.838708|   -7.288951|    0.062279|    0.001219|
|         297|   -7.849909|   -7.299877|    0.062279|    0.001219|
|         298|   -7.861094|   -7.310777|    0.062279|    0.001219|
|         299|   -7.872288|   -7.321681|    0.062280|    0.001219|
|         300|   -7.883518|   -7.332622|    0.062280|    0.001219|
|         301|   -7.894810|   -7.343629|    0.062280|    0.001219|
|         302|   -7.906187|   -7.354730|    0.062280|    0.001219|
|         303|   -7.917672|   -7.365951|    0.062280|    0.001219|
|         304|   -7.929285|   -7.377316|    0.062281|    0.001219|
|         305|   -7.941043|   -7.388845|    0.062281|    0.001219|
|         306|   -7.952962|   -7.400557|    0.062281|    0.001219|
|         307|   -7.965055|   -7.412467|    0.062281|    0.001219|
|         308|   -7.977333|   -7.424587|    0.062281|    0.001219|
|         309|   -7.989804|   -7.436928|    0.062282|    0.001219|
|         310|   -8.002473|   -7.449495|    0.062282|    0.001219|
|         311|   -8.015343|   -7.462293|    0.062282|    0.001219|
|         312|   -8.028415|   -7.475323|    0.062282|    0.001219|
|         313|   -8.041686|   -7.488582|    0.062282|    0.001219|
|         314|   -8.055151|   -7.502066|    0.062282|    0.001219|
|         315|   -8.068804|   -7.515767|    0.062282|    0.001219|
|         316|   -8.082634|   -7.529675|    0.062282|    0.001219|
|         317|   -8.096632|   -7.543778|    0.062283|    0.001219|
|         318|   -8.110781|   -7.558060|    0.062283|    0.001219|
|         319|   -8.125068|   -7.572503|    0.062283|    0.001219|
|         320|   -8.139475|   -7.587089|    0.062283|    0.001219|
|         321|   -8.153981|   -7.601795|    0.062283|    0.001219|
|         322|   -8.168567|   -7.616598|    0.062283|    0.001219|
|         323|   -8.183211|   -7.631473|    0.062283|    0.001219|
|         324|   -8.197890|   -7.646393|    0.062283|    0.001219|
|         325|   -8.212580|   -7.661332|    0.062283|    0.001219|
|         326|   -8.227257|   -7.676262|    0.062283|    0.001219|
|         327|   -8.241899|   -7.691155|    0.062283|    0.001219|
|         328|   -8.256482|   -7.705983|    0.062283|    0.001219|
|         329|   -8.270983|   -7.720722|    0.062283|    0.001219|
|         330|   -8.285383|   -7.735344|    0.062283|    0.001219|
|         331|   -8.299661|   -7.749828|    0.062283|    0.001219|
|         332|   -8.313800|   -7.764152|    0.062283|    0.001219|
|         333|   -8.327786|   -7.778297|    0.062283|    0.001219|
|         334|   -8.341606|   -7.792249|    0.062283|    0.001219|
|         335|   -8.355250|   -7.805996|    0.062283|    0.001219|
|         336|   -8.368712|   -7.819528|    0.062282|    0.001219|
|         337|   -8.381989|   -7.832841|    0.062282|    0.001219|
|         338|   -8.395080|   -7.845936|    0.062282|    0.001219|
|         339|   -8.407989|   -7.858815|    0.062282|    0.001219|
|         340|   -8.420724|   -7.871487|    0.062282|    0.001219|
|         341|   -8.433294|   -7.883963|    0.062282|    0.001219|
|         342|   -8.445712|   -7.896258|    0.062282|    0.001219|
|         343|   -8.457994|   -7.908392|    0.062282|    0.001219|
|         344|   -8.470158|   -7.920383|    0.062282|    0.001219|
|         345|   -8.482223|   -7.932256|    0.062282|    0.001219|
|         346|   -8.494211|   -7.944035|    0.062282|    0.001219|
|         347|   -8.506144|   -7.955746|    0.062282|    0.001219|
|         348|   -8.518043|   -7.967413|    0.062282|    0.001219|
|         349|   -8.529932|   -7.979064|    0.062281|    0.001219|
|         350|   -8.541833|   -7.990724|    0.062281|    0.001219|
|         351|   -8.553768|   -8.002418|    0.062281|    0.001219|
|         352|   -8.565757|   -8.014170|    0.062281|    0.001219|
|         353|   -8.577820|   -8.026003|    0.062281|    0.001219|
|         354|   -8.589976|   -8.037937|    0.062281|    0.001219|
|         355|   -8.602241|   -8.049992|    0.062281|    0.001219|
|         356|   -8.614631|   -8.062187|    0.062281|    0.001219|
|         357|   -8.627159|   -8.074535|    0.062281|    0.001219|
|         358|   -8.639835|   -8.087051|    0.062281|    0.001219|
|         359|   -8.652671|   -8.099745|    0.062281|    0.001219|
|         360|   -8.665671|   -8.112627|    0.062281|    0.001219|
|         361|   -8.678843|   -8.125703|    0.062281|    0.001219|
|         362|   -8.692187|   -8.138977|    0.062281|    0.001219|
|         363|   -8.705706|   -8.152449|    0.062281|    0.001219|
|         364|   -8.719396|   -8.166120|    0.062281|    0.001219|
|         365|   -8.733255|   -8.179987|    0.062281|    0.001219|
|         366|   -8.747276|   -8.194042|    0.062281|    0.001219|
|         367|   -8.761451|   -8.208279|    0.062281|    0.001219|
|         368|   -8.775769|   -8.222686|    0.062281|    0.001219|
|         369|   -8.790220|   -8.237251|    0.062281|    0.001219|
|         370|   -8.804787|   -8.251959|    0.062281|    0.001219|
|         371|   -8.819457|   -8.266793|    0.062281|    0.001219|
|         372|   -8.834211|   -8.281733|    0.062281|    0.001219|
|         373|   -8.849030|   -8.296759|    0.062281|    0.001219|
|         374|   -8.863896|   -8.311848|    0.062281|    0.001219|
|         375|   -8.878786|   -8.326977|    0.062281|    0.001219|
|         376|   -8.893679|   -8.342120|    0.062281|    0.001219|
|         377|   -8.908555|   -8.357253|    0.062281|    0.001219|
|         378|   -8.923391|   -8.372350|    0.062281|    0.001219|
|         379|   -8.938166|   -8.387385|    0.062281|    0.001219|
|         380|   -8.952859|   -8.402334|    0.062281|    0.001219|
|         381|   -8.967453|   -8.417173|    0.062281|    0.001219|
|         382|   -8.981929|   -8.431879|    0.062281|    0.001219|
|         383|   -8.996272|   -8.446435|    0.062281|    0.001219|
|         384|   -9.010470|   -8.460821|    0.062281|    0.001219|
|         385|   -9.024512|   -8.475025|    0.062281|    0.001219|
|         386|   -9.038391|   -8.489034|    0.062281|    0.001219|
|         387|   -9.052102|   -8.502842|    0.062281|    0.001219|
|         388|   -9.065645|   -8.516445|    0.062281|    0.001219|
|         389|   -9.079020|   -8.529843|    0.062281|    0.001219|
|         390|   -9.092234|   -8.543042|    0.062281|    0.001219|
|         391|   -9.105295|   -8.556049|    0.062281|    0.001219|
|         392|   -9.118215|   -8.568878|    0.062281|    0.001219|
|         393|   -9.131007|   -8.581543|    0.062281|    0.001219|
|         394|   -9.143688|   -8.594064|    0.062281|    0.001219|
|         395|   -9.156275|   -8.606462|    0.062281|    0.001219|
|         396|   -9.168789|   -8.618759|    0.062281|    0.001219|
|         397|   -9.181249|   -8.630981|    0.062281|    0.001219|
|         398|   -9.193677|   -8.643151|    0.062281|    0.001219|
|         399|   -9.206094|   -8.655297|    0.062281|    0.001219|
|         400|   -9.218520|   -8.667444|    0.062281|    0.001219|
|         401|   -9.230977|   -8.679617|    0.062281|    0.001219|
|         402|   -9.243484|   -8.691841|    0.062281|    0.001219|
|         403|   -9.256060|   -8.704138|    0.062281|    0.001219|
|         404|   -9.268722|   -8.716532|    0.062281|    0.001219|
|         405|   -9.281485|   -8.729041|    0.062281|    0.001219|
|         406|   -9.294365|   -8.741684|    0.062281|    0.001219|
|         407|   -9.307374|   -8.754477|    0.062281|    0.001219|
|         408|   -9.320522|   -8.767434|    0.062281|    0.001219|
|         409|   -9.333819|   -8.780567|    0.062281|    0.001219|
|         410|   -9.347271|   -8.793885|    0.062281|    0.001219|
|         411|   -9.360883|   -8.807395|    0.062281|    0.001219|
|         412|   -9.374659|   -8.821102|    0.062281|    0.001219|
|         413|   -9.388599|   -8.835008|    0.062281|    0.001219|
|         414|   -9.402703|   -8.849113|    0.062281|    0.001219|
|         415|   -9.416968|   -8.863413|    0.062281|    0.001219|
|         416|   -9.431390|   -8.877905|    0.062281|    0.001219|
|         417|   -9.445962|   -8.892580|    0.062281|    0.001219|
|         418|   -9.460676|   -8.907430|    0.062281|    0.001219|
|         419|   -9.475525|   -8.922443|    0.062281|    0.001219|
|         420|   -9.490495|   -8.937606|    0.062281|    0.001219|
|         421|   -9.505577|   -8.952904|    0.062281|    0.001219|
|         422|   -9.520756|   -8.968320|    0.062281|    0.001219|
|         423|   -9.536019|   -8.983836|    0.062281|    0.001219|
|         424|   -9.551351|   -8.999434|    0.062281|    0.001219|
|         425|   -9.566737|   -9.015093|    0.062281|    0.001219|
|         426|   -9.582163|   -9.030793|    0.062281|    0.001219|
|         427|   -9.597612|   -9.046514|    0.062281|    0.001219|
|         428|   -9.613070|   -9.062234|    0.062281|    0.001219|
|         429|   -9.628521|   -9.077935|    0.062281|    0.001219|
|         430|   -9.643952|   -9.093597|    0.062281|    0.001219|
|         431|   -9.659350|   -9.109203|    0.062281|    0.001219|
|         432|   -9.674703|   -9.124734|    0.062281|    0.001219|
|         433|   -9.689999|   -9.140178|    0.062281|    0.001219|
|         434|   -9.705228|   -9.155521|    0.062281|    0.001219|
|         435|   -9.720383|   -9.170752|    0.062281|    0.001219|
|         436|   -9.735456|   -9.185862|    0.062281|    0.001219|
|         437|   -9.750440|   -9.200845|    0.062281|    0.001219|
|         438|   -9.765332|   -9.215695|    0.062281|    0.001219|
|         439|   -9.780128|   -9.230410|    0.062281|    0.001219|
|         440|   -9.794825|   -9.244991|    0.062281|    0.001219|
|         441|   -9.809424|   -9.259438|    0.062281|    0.001219|
|         442|   -9.823924|   -9.273757|    0.062281|    0.001219|
|         443|   -9.838329|   -9.287953|    0.062281|    0.001219|
|         444|   -9.852641|   -9.302036|    0.062281|    0.001219|
|         445|   -9.866865|   -9.316014|    0.062281|    0.001219|
|         446|   -9.881008|   -9.329899|    0.062281|    0.001219|
|         447|   -9.895076|   -9.343703|    0.062281|    0.001219|
|         448|   -9.909077|   -9.357441|    0.062281|    0.001219|
|         449|   -9.923021|   -9.371125|    0.062281|    0.001219|
|         450|   -9.936915|   -9.384771|    0.062281|    0.001219|
|         451|   -9.950772|   -9.398394|    0.062281|    0.001219|
|         452|   -9.964601|   -9.412008|    0.062281|    0.001219|
|         453|   -9.978415|   -9.425628|    0.062281|    0.001219|
|         454|   -9.992225|   -9.439270|    0.062281|    0.001219|
|         455|  -10.006042|   -9.452946|    0.062281|    0.001219|
|         456|  -10.019881|   -9.466673|    0.062281|    0.001219|
|         457|  -10.033753|   -9.480463|    0.062281|    0.001219|
|         458|  -10.047670|   -9.494329|    0.062281|    0.001219|
|         459|  -10.061647|   -9.508283|    0.062281|    0.001219|
|         460|  -10.075694|   -9.522336|    0.062281|    0.001219|
|         461|  -10.089824|   -9.536500|    0.062281|    0.001219|
|         462|  -10.104049|   -9.550785|    0.062281|    0.001219|
|         463|  -10.118381|   -9.565198|    0.062281|    0.001219|
|         464|  -10.132829|   -9.579749|    0.062281|    0.001219|
|         465|  -10.147405|   -9.594444|    0.062281|    0.001219|
|         466|  -10.162118|   -9.609290|    0.062281|    0.001219|
|         467|  -10.176975|   -9.624291|    0.062281|    0.001219|
|         468|  -10.191986|   -9.639452|    0.062281|    0.001219|
|         469|  -10.207156|   -9.654775|    0.062281|    0.001219|
|         470|  -10.222490|   -9.670264|    0.062281|    0.001219|
|         471|  -10.237994|   -9.685918|    0.062281|    0.001219|
|         472|  -10.253670|   -9.701739|    0.062281|    0.001219|
|         473|  -10.269520|   -9.717724|    0.062281|    0.001219|
|         474|  -10.285544|   -9.733870|    0.062281|    0.001219|
|         475|  -10.301739|   -9.750174|    0.062281|    0.001219|
|         476|  -10.318103|   -9.766630|    0.062281|    0.001219|
|         477|  -10.334628|   -9.783230|    0.062281|    0.001219|
|         478|  -10.351309|   -9.799966|    0.062281|    0.001219|
|         479|  -10.368134|   -9.816827|    0.062281|    0.001219|
|         480|  -10.385091|   -9.833800|    0.062281|    0.001219|
|         481|  -10.402165|   -9.850870|    0.062281|    0.001219|
|         482|  -10.419339|   -9.868020|    0.062281|    0.001219|
|         483|  -10.436591|   -9.885230|    0.062281|    0.001219|
|         484|  -10.453898|   -9.902479|    0.062281|    0.001219|
|         485|  -10.471236|   -9.919743|    0.062281|    0.001219|
|         486|  -10.488577|   -9.936997|    0.062281|    0.001219|
|         487|  -10.505890|   -9.954212|    0.062281|    0.001219|
|         488|  -10.523145|   -9.971362|    0.062281|    0.001219|
|         489|  -10.540310|   -9.988416|    0.062281|    0.001219|
|         490|  -10.557353|  -10.005347|    0.062281|    0.001219|
|         491|  -10.574244|  -10.022125|    0.062281|    0.001219|
|         492|  -10.590951|  -10.038725|    0.062281|    0.001219|
|         493|  -10.607450|  -10.055122|    0.062281|    0.001219|
|         494|  -10.623716|  -10.071296|    0.062281|    0.001219|
|         495|  -10.639729|  -10.087229|    0.062281|    0.001219|
|         496|  -10.655476|  -10.102908|    0.062281|    0.001219|
|         497|  -10.670947|  -10.118325|    0.062281|    0.001219|
|         498|  -10.686140|  -10.133478|    0.062281|    0.001219|
|         499|  -10.701058|  -10.148369|    0.062281|    0.001219|
|         500|  -10.715710|  -10.163009|    0.062281|    0.001219|
+-----------------------------------------------------------------------+
|        File Writing Summary       |              Filename             |
+-----------------------------------------------------------------------+
|SU2 binary restart                 |restart_flow.dat                   |
|Paraview                           |flow.vtu                           |
|Paraview surface                   |surface_flow.vtu                   |
|CSV file                           |surface_flow.csv                   |
+-----------------------------------------------------------------------+
+----------------------------------------------------------------+
|  Inner_Iter|    rms[Rho]|   rms[RhoE]|          CL|          CD|
+----------------------------------------------------------------+
|         501|  -10.730114|  -10.177411|    0.062281|    0.001219|
|         502|  -10.744290|  -10.191597|    0.062281|    0.001219|
|         503|  -10.758266|  -10.205591|    0.062281|    0.001219|
|         504|  -10.772074|  -10.219423|    0.062281|    0.001219|
|         505|  -10.785748|  -10.233125|    0.062281|    0.001219|
|         506|  -10.799328|  -10.246734|    0.062281|    0.001219|
|         507|  -10.812852|  -10.260286|    0.062281|    0.001219|
|         508|  -10.826361|  -10.273821|    0.062281|    0.001219|
|         509|  -10.839896|  -10.287377|    0.062281|    0.001219|
|         510|  -10.853496|  -10.300992|    0.062281|    0.001219|
|         511|  -10.867200|  -10.314703|    0.062281|    0.001219|
|         512|  -10.881043|  -10.328545|    0.062281|    0.001219|
|         513|  -10.895059|  -10.342551|    0.062281|    0.001219|
|         514|  -10.909277|  -10.356751|    0.062281|    0.001219|
|         515|  -10.923724|  -10.371171|    0.062281|    0.001219|
|         516|  -10.938424|  -10.385834|    0.062281|    0.001219|
|         517|  -10.953394|  -10.400761|    0.062281|    0.001219|
|         518|  -10.968650|  -10.415967|    0.062281|    0.001219|
|         519|  -10.984201|  -10.431462|    0.062281|    0.001219|
|         520|  -11.000054|  -10.447255|    0.062281|    0.001219|
|         521|  -11.016210|  -10.463348|    0.062281|    0.001219|
|         522|  -11.032665|  -10.479739|    0.062281|    0.001219|
|         523|  -11.049411|  -10.496422|    0.062281|    0.001219|
|         524|  -11.066435|  -10.513384|    0.062281|    0.001219|
|         525|  -11.083717|  -10.530609|    0.062281|    0.001219|
|         526|  -11.101235|  -10.548075|    0.062281|    0.001219|
|         527|  -11.118960|  -10.565756|    0.062281|    0.001219|
|         528|  -11.136859|  -10.583619|    0.062281|    0.001219|
|         529|  -11.154893|  -10.601629|    0.062281|    0.001219|
|         530|  -11.173020|  -10.619743|    0.062281|    0.001219|
|         531|  -11.191193|  -10.637917|    0.062281|    0.001219|
|         532|  -11.209363|  -10.656101|    0.062281|    0.001219|
|         533|  -11.227479|  -10.674245|    0.062281|    0.001219|
|         534|  -11.245487|  -10.692294|    0.062281|    0.001219|
|         535|  -11.263335|  -10.710196|    0.062281|    0.001219|
|         536|  -11.280972|  -10.727899|    0.062281|    0.001219|
|         537|  -11.298350|  -10.745352|    0.062281|    0.001219|
|         538|  -11.315427|  -10.762511|    0.062281|    0.001219|
|         539|  -11.332165|  -10.779337|    0.062281|    0.001219|
|         540|  -11.348537|  -10.795798|    0.062281|    0.001219|
|         541|  -11.364521|  -10.811871|    0.062281|    0.001219|
|         542|  -11.380107|  -10.827542|    0.062281|    0.001219|
|         543|  -11.395296|  -10.842807|    0.062281|    0.001219|
|         544|  -11.410095|  -10.857673|    0.062281|    0.001219|
|         545|  -11.424524|  -10.872156|    0.062281|    0.001219|
|         546|  -11.438609|  -10.886281|    0.062281|    0.001219|
|         547|  -11.452385|  -10.900081|    0.062281|    0.001219|
|         548|  -11.465890|  -10.913596|    0.062281|    0.001219|
|         549|  -11.479169|  -10.926869|    0.062281|    0.001219|
|         550|  -11.492268|  -10.939947|    0.062281|    0.001219|
|         551|  -11.505235|  -10.952880|    0.062281|    0.001219|
|         552|  -11.518115|  -10.965715|    0.062281|    0.001219|
|         553|  -11.530954|  -10.978501|    0.062281|    0.001219|
|         554|  -11.543795|  -10.991281|    0.062281|    0.001219|
|         555|  -11.556674|  -11.004096|    0.062281|    0.001219|
|         556|  -11.569627|  -11.016984|    0.062281|    0.001219|
|         557|  -11.582682|  -11.029976|    0.062281|    0.001219|
|         558|  -11.595863|  -11.043098|    0.062281|    0.001219|
|         559|  -11.609188|  -11.056372|    0.062281|    0.001219|
|         560|  -11.622671|  -11.069813|    0.062281|    0.001219|
|         561|  -11.636318|  -11.083429|    0.062281|    0.001219|
|         562|  -11.650133|  -11.097227|    0.062281|    0.001219|
|         563|  -11.664113|  -11.111203|    0.062281|    0.001219|
|         564|  -11.678249|  -11.125352|    0.062281|    0.001219|
|         565|  -11.692529|  -11.139661|    0.062281|    0.001219|
|         566|  -11.706938|  -11.154116|    0.062281|    0.001219|
|         567|  -11.721455|  -11.168695|    0.062281|    0.001219|
|         568|  -11.736057|  -11.183375|    0.062281|    0.001219|
|         569|  -11.750719|  -11.198130|    0.062281|    0.001219|
|         570|  -11.765414|  -11.212930|    0.062281|    0.001219|
|         571|  -11.780112|  -11.227745|    0.062281|    0.001219|
|         572|  -11.794787|  -11.242544|    0.062281|    0.001219|
|         573|  -11.809409|  -11.257297|    0.062281|    0.001219|
|         574|  -11.823953|  -11.271974|    0.062281|    0.001219|
|         575|  -11.838394|  -11.286546|    0.062281|    0.001219|
|         576|  -11.852711|  -11.300990|    0.062281|    0.001219|
|         577|  -11.866887|  -11.315285|    0.062281|    0.001219|
|         578|  -11.880906|  -11.329412|    0.062281|    0.001219|
|         579|  -11.894760|  -11.343359|    0.062281|    0.001219|
|         580|  -11.908445|  -11.357121|    0.062281|    0.001219|
|         581|  -11.921960|  -11.370693|    0.062281|    0.001219|
|         582|  -11.935309|  -11.384079|    0.062281|    0.001219|
|         583|  -11.948501|  -11.397287|    0.062281|    0.001219|
|         584|  -11.961548|  -11.410329|    0.062281|    0.001219|
|         585|  -11.974465|  -11.423221|    0.062281|    0.001219|
|         586|  -11.987270|  -11.435983|    0.062281|    0.001219|
|         587|  -11.999984|  -11.448635|    0.062281|    0.001219|
|         588|  -12.012626|  -11.461203|    0.062281|    0.001219|
|         589|  -12.025217|  -11.473707|    0.062281|    0.001219|
|         590|  -12.037780|  -11.486174|    0.062281|    0.001219|
|         591|  -12.050331|  -11.498625|    0.062281|    0.001219|
|         592|  -12.062892|  -11.511083|    0.062281|    0.001219|
|         593|  -12.075477|  -11.523566|    0.062281|    0.001219|
|         594|  -12.088101|  -11.536092|    0.062281|    0.001219|
|         595|  -12.100775|  -11.548676|    0.062281|    0.001219|
|         596|  -12.113508|  -11.561328|    0.062281|    0.001219|
|         597|  -12.126306|  -11.574058|    0.062281|    0.001219|
|         598|  -12.139173|  -11.586869|    0.062281|    0.001219|
|         599|  -12.152108|  -11.599765|    0.062281|    0.001219|
|         600|  -12.165110|  -11.612744|    0.062281|    0.001219|
|         601|  -12.178174|  -11.625803|    0.062281|    0.001219|
|         602|  -12.191293|  -11.638934|    0.062281|    0.001219|
|         603|  -12.204457|  -11.652128|    0.062281|    0.001219|
|         604|  -12.217658|  -11.665375|    0.062281|    0.001219|
|         605|  -12.230882|  -11.678662|    0.062281|    0.001219|
|         606|  -12.244116|  -11.691974|    0.062281|    0.001219|
|         607|  -12.257348|  -11.705297|    0.062281|    0.001219|
|         608|  -12.270565|  -11.718615|    0.062281|    0.001219|
|         609|  -12.283753|  -11.731915|    0.062281|    0.001219|
|         610|  -12.296899|  -11.745179|    0.062281|    0.001219|
|         611|  -12.309992|  -11.758395|    0.062281|    0.001219|
|         612|  -12.323022|  -11.771551|    0.062281|    0.001219|
|         613|  -12.335979|  -11.784634|    0.062281|    0.001219|
|         614|  -12.348858|  -11.797637|    0.062281|    0.001219|
|         615|  -12.361652|  -11.810551|    0.062281|    0.001219|
|         616|  -12.374356|  -11.823370|    0.062281|    0.001219|
|         617|  -12.386968|  -11.836089|    0.062281|    0.001219|
|         618|  -12.399491|  -11.848711|    0.062281|    0.001219|
|         619|  -12.411922|  -11.861232|    0.062281|    0.001219|
|         620|  -12.424266|  -11.873655|    0.062281|    0.001219|
|         621|  -12.436524|  -11.885984|    0.062281|    0.001219|
|         622|  -12.448703|  -11.898223|    0.062281|    0.001219|
|         623|  -12.460806|  -11.910379|    0.062281|    0.001219|
|         624|  -12.472839|  -11.922456|    0.062281|    0.001219|
|         625|  -12.484809|  -11.934465|    0.062281|    0.001219|
|         626|  -12.496721|  -11.946409|    0.062281|    0.001219|
|         627|  -12.508580|  -11.958296|    0.062281|    0.001219|
|         628|  -12.520393|  -11.970135|    0.062281|    0.001219|
|         629|  -12.532162|  -11.981928|    0.062281|    0.001219|
|         630|  -12.543895|  -11.993685|    0.062281|    0.001219|
|         631|  -12.555592|  -12.005406|    0.062281|    0.001219|
|         632|  -12.567261|  -12.017099|    0.062281|    0.001219|
|         633|  -12.578903|  -12.028765|    0.062281|    0.001219|
|         634|  -12.590520|  -12.040408|    0.062281|    0.001219|
|         635|  -12.602117|  -12.052030|    0.062281|    0.001219|
|         636|  -12.613694|  -12.063633|    0.062281|    0.001219|
|         637|  -12.625256|  -12.075219|    0.062281|    0.001219|
|         638|  -12.636806|  -12.086789|    0.062281|    0.001219|
|         639|  -12.648346|  -12.098344|    0.062281|    0.001219|
|         640|  -12.659881|  -12.109891|    0.062281|    0.001219|
|         641|  -12.671415|  -12.121430|    0.062281|    0.001219|
|         642|  -12.682956|  -12.132967|    0.062281|    0.001219|
|         643|  -12.694505|  -12.144504|    0.062281|    0.001219|
|         644|  -12.706072|  -12.156048|    0.062281|    0.001219|
|         645|  -12.717664|  -12.167605|    0.062281|    0.001219|
|         646|  -12.729286|  -12.179180|    0.062281|    0.001219|
|         647|  -12.740948|  -12.190784|    0.062281|    0.001219|
|         648|  -12.752657|  -12.202423|    0.062281|    0.001219|
|         649|  -12.764420|  -12.214104|    0.062281|    0.001219|
|         650|  -12.776243|  -12.225833|    0.062281|    0.001219|
|         651|  -12.788135|  -12.237621|    0.062281|    0.001219|
|         652|  -12.800103|  -12.249475|    0.062281|    0.001219|
|         653|  -12.812150|  -12.261401|    0.062281|    0.001219|
|         654|  -12.824279|  -12.273404|    0.062281|    0.001219|
|         655|  -12.836496|  -12.285492|    0.062281|    0.001219|
|         656|  -12.848801|  -12.297665|    0.062281|    0.001219|
|         657|  -12.861194|  -12.309926|    0.062281|    0.001219|
|         658|  -12.873673|  -12.322278|    0.062281|    0.001219|
|         659|  -12.886234|  -12.334719|    0.062281|    0.001219|
|         660|  -12.898871|  -12.347247|    0.062281|    0.001219|
|         661|  -12.911578|  -12.359854|    0.062281|    0.001219|
|         662|  -12.924345|  -12.372537|    0.062281|    0.001219|
|         663|  -12.937160|  -12.385285|    0.062281|    0.001219|
|         664|  -12.950011|  -12.398090|    0.062281|    0.001219|
|         665|  -12.962882|  -12.410936|    0.062281|    0.001219|
|         666|  -12.975758|  -12.423810|    0.062281|    0.001219|
|         667|  -12.988622|  -12.436700|    0.062281|    0.001219|
|         668|  -13.001451|  -12.449580|    0.062281|    0.001219|

----------------------------- Solver Exit -------------------------------
All convergence criteria satisfied.
+-----------------------------------------------------------------------+
|      Convergence Field     |     Value    |   Criterion  |  Converged |
+-----------------------------------------------------------------------+
|                    rms[Rho]|      -13.0015|         < -13|         Yes|
+-----------------------------------------------------------------------+
-------------------------------------------------------------------------
+-----------------------------------------------------------------------+
|        File Writing Summary       |              Filename             |
+-----------------------------------------------------------------------+
|SU2 binary restart                 |restart_flow.dat                   |
|Paraview                           |flow.vtu                           |
|Paraview surface                   |surface_flow.vtu                   |
|CSV file                           |surface_flow.csv                   |
+-----------------------------------------------------------------------+

--------------------------- Finalizing Solver ---------------------------
Deleted CNumerics container.
Deleted CIntegration container.
Deleted CSolver container.
Deleted CIteration container.
Deleted CInterface container.
Deleted CGeometry container.
Deleted CFreeFormDefBox class.
Deleted CSurfaceMovement class.
Deleted CVolumetricMovement class.
Deleted CConfig container.
Deleted nInst container.
Deleted COutput class.
-------------------------------------------------------------------------

------------------------- Exit Success (SU2_CFD) ------------------------

