
-------------------------------------------------------------------------
|    ___ _   _ ___                                                      |
|   / __| | | |_  )   Release 8.3.0 "Harrier"                           |
|   \__ \ |_| |/ /                                                      |
|   |___/\___//___|   Suite (Computational Fluid Dynamics Code)         |
|                                                                       |
-------------------------------------------------------------------------
| SU2 Project Website: https://su2code.github.io                        |
|                                                                       |
| The SU2 Project is maintained by the SU2 Foundation                   |
| (http://su2foundation.org)                                            |
-------------------------------------------------------------------------
| Copyright 2012-2025, SU2 Contributors                                 |
|                                                                       |
| SU2 is free software; you can redistribute it and/or                  |
| modify it under the terms of the GNU Lesser General Public            |
| License as published by the Free Software Foundation; either          |
| version 2.1 of the License, or (at your option) any later version.    |
|                                                                       |
| SU2 is distributed in the hope that it will be useful,                |
| but WITHOUT ANY WARRANTY; without even the implied warranty of        |
| MERCHANTABILITY or FITNESS FOR A PARTICULAR PURPOSE. See the GNU      |
| Lesser General Public License for more details.                       |
|                                                                       |
| You should have received a copy of the GNU Lesser General Public      |
| License along with SU2. If not, see <http://www.gnu.org/licenses/>.   |
-------------------------------------------------------------------------

Parsing config file for zone 0

----------------- Physical Case Definition ( Zone 0 ) -------------------
Compressible Euler equations.
Mach number: 0.8.
Angle of attack (AoA): 1.25 deg, and angle of sideslip (AoS): 0 deg.
No restart solution, use the values at infinity (freestream).
Non-Dimensional simulation (P=1.0, Rho=1.0, T=1.0 at the farfield).
The reference area is 1 m^2.
The semi-span will be computed using the max y(3D) value.
The reference length is 1 m.
Reference origin for moment evaluation is (0.25, 0, 0).
Surface(s) where the force coefficients are evaluated: airfoil.

Surface(s) plotted in the output file: airfoil.
Surface(s) affected by the design variables: airfoil.
Input mesh file name: mesh_NACA0012_inv_deform.su2

--------------- Space Numerical Integration ( Zone 0 ) ------------------
Jameson-Schmidt-Turkel scheme (2nd order in space) for the flow inviscid terms.
JST viscous coefficients (2nd & 4th): 0.5, 0.02.
The method includes a grid stretching correction (p = 0.3).
Gradient for viscous and source terms: Green-Gauss.

--------------- Time Numerical Integration  ( Zone 0 ) ------------------
Local time stepping (steady state simulation).
Euler implicit method for the flow equations.
FGMRES is used for solving the linear system.
Using a LU-SGS preconditioning.
Convergence criteria of the linear solver: 0.0001.
Max number of linear iterations: 2.
V Multigrid Cycle, with 2 multigrid levels.
Damping factor for the residual restriction: 1.
Damping factor for the correction prolongation: 1.
No CFL adaptation.
+-------------------------------------------+
|  MG Level| Presmooth|PostSmooth|CorrectSmo|
+-------------------------------------------+
|         0|         1|         0|         0|
|         1|         2|         0|         0|
|         2|         3|         0|         0|
+-------------------------------------------+
Courant-Friedrichs-Lewy number:       10

------------------ Convergence Criteria  ( Zone 0 ) ---------------------
Maximum number of solver subiterations: 1000.
Begin convergence monitoring at iteration 10.
Residual minimum value: 1e-13.
Cauchy series min. value: 1e-06.
Number of Cauchy elements: 100.
Begin windowed time average at iteration 0.

-------------------- Output Information ( Zone 0 ) ----------------------
File writing frequency: 
+------------------------------------+
|                     File| Frequency|
+------------------------------------+
|                  RESTART|       250|
|                 PARAVIEW|       250|
|         SURFACE_PARAVIEW|       250|
|              SURFACE_CSV|       250|
+------------------------------------+
Writing the convergence history file every 1 inner iterations.
Writing the screen convergence history every 1 inner iterations.
The tabular file format is CSV (.csv).
Convergence history file name: history_direct.
Forces breakdown file name: forces_breakdown.dat.
Surface file name: surface_flow.
Volume file name: flow.
Restart file name: restart_flow.

------------- Config File Boundary Information ( Zone 0 ) ---------------
+-----------------------------------------------------------------------+
|                        Marker Type|                        Marker Name|
+-----------------------------------------------------------------------+
|                         Euler wall|                            airfoil|
+-----------------------------------------------------------------------+
|                          Far-field|                           farfield|
+-----------------------------------------------------------------------+

-------------------- Output Preprocessing ( Zone 0 ) --------------------

WARNING: SURFACE_PRESSURE_DROP can only be computed for at least 2 surfaces (outlet, inlet, ...)

Screen output fields: INNER_ITER, RMS_DENSITY, RMS_ENERGY, LIFT, DRAG
History output group(s): ITER, RMS_RES, AERO_COEFF
Convergence field(s): RMS_DENSITY
Warning: No (valid) fields chosen for time convergence monitoring. Time convergence monitoring inactive.
Volume output fields: COORDINATES, SOLUTION, PRIMITIVE

------------------- Geometry Preprocessing ( Zone 0 ) -------------------
Two dimensional problem.
5233 grid points.
10216 volume elements.
2 surface markers.
200 boundary elements in index 0 (Marker = airfoil).
50 boundary elements in index 1 (Marker = farfield).
10216 triangles.
Setting point connectivity.
Renumbering points (Reverse Cuthill McKee Ordering).
Recomputing point connectivity.
Setting element connectivity.
Checking the numerical grid orientation.
All volume elements are correctly oriented.
All surface elements are correctly oriented.
Identifying edges and vertices.
Setting the control volume structure.
Area of the computational grid: 1253.25.
Searching for the closest normal neighbors to the surfaces.
Storing a mapping from global to local point index.
Compute the surface curvature.
Max K: 7835.1. Mean K: 35.0733. Standard deviation K: 494.416.
Checking for periodicity.
Computing mesh quality statistics for the dual control volumes.
+--------------------------------------------------------------+
|           Mesh Quality Metric|        Minimum|        Maximum|
+--------------------------------------------------------------+
|    Orthogonality Angle (deg.)|        62.8748|        89.7317|
|     CV Face Area Aspect Ratio|        1.01412|        7.18685|
|           CV Sub-Volume Ratio|        1.00273|        6.47639|
+--------------------------------------------------------------+
Setting the multigrid structure.
+-------------------------------------------+
|  MG Level|       CVs|Aggl. Rate|       CFL|
+-------------------------------------------+
|         0|      5233|    1/1.00|        10|
|         1|      1690|     1/3.1|   8.52431|
|         2|       649|     1/2.6|   7.92373|
+-------------------------------------------+
Finding max control volume width.
Wetted area = 2.04154 m.
Area projection in the x-plane = 0.117133 m, y-plane = 0.999845 m.
Max. coordinate in the x-direction = 1 m, y-direction = 0.0529512 m.
Min. coordinate in the x-direction = 0 m, y-direction = -0.0641991 m.
Computing wall distances.

-------------------- Solver Preprocessing ( Zone 0 ) --------------------
Inviscid flow: Computing density based on free-stream
temperature and pressure using the ideal gas law.
Force coefficients computed using free-stream values.

-- Models:
+------------------------------------------------------------------------------+
|          Viscosity Model|        Conductivity Model|              Fluid Model|
+------------------------------------------------------------------------------+
|                        -|                         -|             STANDARD_AIR|
+------------------------------------------------------------------------------+
-- Fluid properties:
+------------------------------------------------------------------------------+
|                  Name|    Dim. value|    Ref. value|      Unit|Non-dim. value|
+------------------------------------------------------------------------------+
|          Gas Constant|       287.058|       287.058|  N.m/kg.K|             1|
|      Spec. Heat Ratio|             -|             -|         -|           1.4|
+------------------------------------------------------------------------------+
-- Initial and free-stream conditions:
+------------------------------------------------------------------------------+
|                  Name|    Dim. value|    Ref. value|      Unit|Non-dim. value|
+------------------------------------------------------------------------------+
|       Static Pressure|        101325|        101325|        Pa|             1|
|               Density|       1.29225|       1.29225|    kg/m^3|             1|
|           Temperature|        273.15|        273.15|         K|             1|
|          Total Energy|        231152|       78409.9|   m^2/s^2|         2.948|
|            Velocity-X|       264.994|       280.018|       m/s|      0.946348|
|            Velocity-Y|       5.78219|       280.018|       m/s|     0.0206494|
|    Velocity Magnitude|       265.057|       280.018|       m/s|      0.946573|
+------------------------------------------------------------------------------+
|           Mach Number|             -|             -|         -|           0.8|
+------------------------------------------------------------------------------+
Initialize Jacobian structure (Euler). MG level: 0.
Initialize Jacobian structure (Euler). MG level: 1.
Initialize Jacobian structure (Euler). MG level: 2.

------------------- Numerics Preprocessing ( Zone 0 ) -------------------

----------------- Integration Preprocessing ( Zone 0 ) ------------------

------------------- Iteration Preprocessing ( Zone 0 ) ------------------
Euler/Navier-Stokes/RANS fluid iteration.

------------------------------ Begin Solver -----------------------------

Simulation Run using the Single-zone Driver
WARNING: SU2 was not compiled for an AVX-capable architecture. Performance could be better,
         see https://su2code.github.io/docs_v7/Build-SU2-Linux-MacOS/#compiler-optimizations
WARNING: SU2 was not compiled for an AVX-capable architecture. Performance could be better,
         see https://su2code.github.io/docs_v7/Build-SU2-Linux-MacOS/#compiler-optimizations
WARNING: SU2 was not compiled for an AVX-capable architecture. Performance could be better,
         see https://su2code.github.io/docs_v7/Build-SU2-Linux-MacOS/#compiler-optimizations
+----------------------------------------------------------------+
|  Inner_Iter|    rms[Rho]|   rms[RhoE]|          CL|          CD|
+----------------------------------------------------------------+
|           0|   -3.581256|   -2.984879|    0.140146|    0.240800|
|           1|   -3.833675|   -3.222748|    0.030065|    0.092481|
|           2|   -3.768519|   -3.170130|    0.038703|    0.068139|
|           3|   -3.713968|   -3.121598|    0.071296|    0.083019|
|           4|   -3.663271|   -3.074102|    0.066790|    0.062748|
|           5|   -3.658523|   -3.073450|    0.062437|    0.049501|
|           6|   -3.654958|   -3.076370|    0.061164|    0.045495|
|           7|   -3.659173|   -3.082782|    0.058383|    0.040966|
|           8|   -3.642121|   -3.064732|    0.056112|    0.035259|
|           9|   -3.656649|   -3.082802|    0.054656|    0.030559|
|          10|   -3.663320|   -3.093477|    0.053685|    0.027259|
|          11|   -3.669479|   -3.101956|    0.052965|    0.024229|
|          12|   -3.674619|   -3.107627|    0.052072|    0.020978|
|          13|   -3.677850|   -3.109458|    0.051203|    0.017781|
|          14|   -3.685974|   -3.115444|    0.050811|    0.014826|
|          15|   -3.696257|   -3.123862|    0.050817|    0.012054|
|          16|   -3.707264|   -3.134333|    0.050957|    0.009367|
|          17|   -3.720023|   -3.148140|    0.051162|    0.006725|
|          18|   -3.734832|   -3.164857|    0.051413|    0.004133|
|          19|   -3.752547|   -3.184406|    0.051547|    0.001627|
|          20|   -3.773908|   -3.207006|    0.051472|   -0.000722|
|          21|   -3.797357|   -3.230980|    0.051386|   -0.002806|
|          22|   -3.820245|   -3.253841|    0.051533|   -0.004516|
|          23|   -3.841511|   -3.274756|    0.052025|   -0.005777|
|          24|   -3.861270|   -3.294010|    0.053084|   -0.006517|
|          25|   -3.880572|   -3.312818|    0.054507|   -0.006744|
|          26|   -3.900817|   -3.332690|    0.056127|   -0.006485|
|          27|   -3.923086|   -3.354839|    0.057934|   -0.005779|
|          28|   -3.947305|   -3.379272|    0.059833|   -0.004702|
|          29|   -3.972955|   -3.405557|    0.061705|   -0.003363|
|          30|   -4.000217|   -3.434002|    0.063429|   -0.001879|
|          31|   -4.029659|   -3.464979|    0.064871|   -0.000357|
|          32|   -4.060993|   -3.497782|    0.065937|    0.001115|
|          33|   -4.093732|   -3.531648|    0.066554|    0.002467|
|          34|   -4.127371|   -3.565848|    0.066776|    0.003655|
|          35|   -4.161264|   -3.599714|    0.066707|    0.004653|
|          36|   -4.194891|   -3.632911|    0.066437|    0.005439|
|          37|   -4.227666|   -3.665181|    0.066010|    0.005995|
|          38|   -4.258991|   -3.696207|    0.065470|    0.006316|
|          39|   -4.288492|   -3.725751|    0.064880|    0.006410|
|          40|   -4.316046|   -3.753744|    0.064308|    0.006298|
|          41|   -4.341777|   -3.780281|    0.063810|    0.006009|
|          42|   -4.365855|   -3.805413|    0.063429|    0.005579|
|          43|   -4.388531|   -3.829214|    0.063189|    0.005045|
|          44|   -4.410025|   -3.851751|    0.063096|    0.004446|
|          45|   -4.430348|   -3.872920|    0.063145|    0.003815|
|          46|   -4.449336|   -3.892506|    0.063330|    0.003184|
|          47|   -4.466767|   -3.910303|    0.063641|    0.002580|
|          48|   -4.482344|   -3.926061|    0.064061|    0.002028|
|          49|   -4.496027|   -3.939820|    0.064580|    0.001543|
|          50|   -4.508074|   -3.951930|    0.065187|    0.001138|
|          51|   -4.518969|   -3.962973|    0.065876|    0.000820|
|          52|   -4.529297|   -3.973581|    0.066646|    0.000591|
|          53|   -4.539456|   -3.984120|    0.067488|    0.000449|
|          54|   -4.549916|   -3.995014|    0.068385|    0.000390|
|          55|   -4.561297|   -4.006845|    0.069307|    0.000402|
|          56|   -4.574266|   -4.020214|    0.070227|    0.000473|
|          57|   -4.589113|   -4.035407|    0.071132|    0.000590|
|          58|   -4.606043|   -4.052679|    0.072011|    0.000741|
|          59|   -4.625044|   -4.072079|    0.072842|    0.000912|
|          60|   -4.645879|   -4.093424|    0.073610|    0.001089|
|          61|   -4.668256|   -4.116419|    0.074309|    0.001261|
|          62|   -4.691859|   -4.140715|    0.074940|    0.001419|
|          63|   -4.716069|   -4.165617|    0.075500|    0.001554|
|          64|   -4.740207|   -4.190394|    0.075986|    0.001663|
|          65|   -4.763787|   -4.214471|    0.076399|    0.001741|
|          66|   -4.786421|   -4.237394|    0.076740|    0.001790|
|          67|   -4.807929|   -4.258978|    0.077006|    0.001809|
|          68|   -4.828424|   -4.279344|    0.077203|    0.001801|
|          69|   -4.848270|   -4.298872|    0.077338|    0.001770|
|          70|   -4.867755|   -4.317911|    0.077423|    0.001720|
|          71|   -4.887138|   -4.336767|    0.077469|    0.001655|
|          72|   -4.906627|   -4.355715|    0.077485|    0.001580|
|          73|   -4.926402|   -4.375002|    0.077476|    0.001500|
|          74|   -4.946580|   -4.394778|    0.077451|    0.001418|
|          75|   -4.967249|   -4.415143|    0.077417|    0.001339|
|          76|   -4.988309|   -4.435999|    0.077384|    0.001264|
|          77|   -5.009590|   -4.457167|    0.077356|    0.001197|
|          78|   -5.030853|   -4.478386|    0.077341|    0.001139|
|          79|   -5.051882|   -4.499420|    0.077339|    0.001092|
|          80|   -5.072563|   -4.520138|    0.077353|    0.001054|
|          81|   -5.092751|   -4.540379|    0.077388|    0.001026|
|          82|   -5.112387|   -4.560105|    0.077442|    0.001007|
|          83|   -5.131518|   -4.579405|    0.077516|    0.000997|
|          84|   -5.150213|   -4.598362|    0.077610|    0.000993|
|          85|   -5.168620|   -4.617126|    0.077723|    0.000995|
|          86|   -5.186845|   -4.635786|    0.077853|    0.001001|
|          87|   -5.204947|   -4.654384|    0.077997|    0.001011|
|          88|   -5.222986|   -4.672964|    0.078151|    0.001023|
|          89|   -5.240972|   -4.691486|    0.078311|    0.001036|
|          90|   -5.258853|   -4.709857|    0.078475|    0.001049|
|          91|   -5.276519|   -4.727941|    0.078638|    0.001062|
|          92|   -5.293939|   -4.745688|    0.078798|    0.001074|
|          93|   -5.311107|   -4.763064|    0.078954|    0.001084|
|          94|   -5.328024|   -4.780044|    0.079103|    0.001092|
|          95|   -5.344598|   -4.796532|    0.079244|    0.001099|
|          96|   -5.360713|   -4.812423|    0.079378|    0.001104|
|          97|   -5.376355|   -4.827730|    0.079502|    0.001107|
|          98|   -5.391644|   -4.842624|    0.079618|    0.001109|
|          99|   -5.406654|   -4.857223|    0.079725|    0.001109|
|         100|   -5.421467|   -4.871635|    0.079824|    0.001108|
|         101|   -5.436187|   -4.885987|    0.079916|    0.001107|
|         102|   -5.450883|   -4.900364|    0.080002|    0.001105|
|         103|   -5.465596|   -4.914814|    0.080082|    0.001102|
|         104|   -5.480346|   -4.929352|    0.080158|    0.001100|
|         105|   -5.495143|   -4.943992|    0.080229|    0.001097|
|         106|   -5.509932|   -4.958674|    0.080297|    0.001095|
|         107|   -5.524712|   -4.973382|    0.080362|    0.001094|
|         108|   -5.539450|   -4.988069|    0.080425|    0.001092|
|         109|   -5.554109|   -5.002680|    0.080485|    0.001092|
|         110|   -5.568730|   -5.017255|    0.080544|    0.001091|
|         111|   -5.583286|   -5.031756|    0.080600|    0.001091|
|         112|   -5.597843|   -5.046261|    0.080655|    0.001091|
|         113|   -5.612418|   -5.060800|    0.080709|    0.001092|
|         114|   -5.627106|   -5.075474|    0.080761|    0.001092|
|         115|   -5.641925|   -5.090302|    0.080812|    0.001093|
|         116|   -5.656848|   -5.105252|    0.080862|    0.001094|
|         117|   -5.671938|   -5.120394|    0.080909|    0.001094|
|         118|   -5.687247|   -5.135777|    0.080955|    0.001095|
|         119|   -5.702748|   -5.151377|    0.080998|    0.001095|
|         120|   -5.718405|   -5.167159|    0.081039|    0.001095|
|         121|   -5.734221|   -5.183121|    0.081077|    0.001095|
|         122|   -5.750169|   -5.199224|    0.081112|    0.001095|
|         123|   -5.766239|   -5.215457|    0.081145|    0.001095|
|         124|   -5.782388|   -5.231776|    0.081174|    0.001095|
|         125|   -5.798549|   -5.248108|    0.081200|    0.001095|
|         126|   -5.814706|   -5.264436|    0.081222|    0.001094|
|         127|   -5.830835|   -5.280724|    0.081241|    0.001094|
|         128|   -5.846877|   -5.296918|    0.081257|    0.001093|
|         129|   -5.862739|   -5.312925|    0.081270|    0.001093|
|         130|   -5.878383|   -5.328698|    0.081281|    0.001092|
|         131|   -5.893808|   -5.344228|    0.081288|    0.001092|
|         132|   -5.908963|   -5.359461|    0.081294|    0.001092|
|         133|   -5.923765|   -5.374322|    0.081297|    0.001091|
|         134|   -5.938170|   -5.388765|    0.081298|    0.001091|
|         135|   -5.952182|   -5.402795|    0.081297|    0.001091|
|         136|   -5.965812|   -5.416414|    0.081295|    0.001091|
|         137|   -5.979058|   -5.429625|    0.081291|    0.001090|
|         138|   -5.991932|   -5.442438|    0.081286|    0.001090|
|         139|   -6.004496|   -5.454918|    0.081280|    0.001090|
|         140|   -6.016800|   -5.467111|    0.081273|    0.001090|
|         141|   -6.028927|   -5.479100|    0.081265|    0.001090|
|         142|   -6.040948|   -5.490961|    0.081257|    0.001089|
|         143|   -6.052908|   -5.502745|    0.081248|    0.001089|
|         144|   -6.064855|   -5.514499|    0.081240|    0.001089|
|         145|   -6.076877|   -5.526322|    0.081231|    0.001088|
|         146|   -6.089014|   -5.538260|    0.081223|    0.001088|
|         147|   -6.101321|   -5.550375|    0.081214|    0.001087|
|         148|   -6.113834|   -5.562704|    0.081206|    0.001087|
|         149|   -6.126570|   -5.575264|    0.081198|    0.001086|
|         150|   -6.139559|   -5.588094|    0.081191|    0.001086|
|         151|   -6.152821|   -5.601220|    0.081184|    0.001085|
|         152|   -6.166343|   -5.614631|    0.081177|    0.001085|
|         153|   -6.180125|   -5.628328|    0.081171|    0.001085|
|         154|   -6.194162|   -5.642304|    0.081165|    0.001084|
|         155|   -6.208413|   -5.656526|    0.081160|    0.001084|
|         156|   -6.222851|   -5.670970|    0.081155|    0.001084|
|         157|   -6.237403|   -5.685563|    0.081151|    0.001083|
|         158|   -6.252029|   -5.700262|    0.081147|    0.001083|
|         159|   -6.266680|   -5.715015|    0.081143|    0.001083|
|         160|   -6.281294|   -5.729757|    0.081141|    0.001083|
|         161|   -6.295802|   -5.744416|    0.081138|    0.001083|
|         162|   -6.310162|   -5.758946|    0.081136|    0.001083|
|         163|   -6.324325|   -5.773291|    0.081134|    0.001083|
|         164|   -6.338231|   -5.787387|    0.081133|    0.001083|
|         165|   -6.351850|   -5.801204|    0.081132|    0.001083|
|         166|   -6.365170|   -5.814731|    0.081131|    0.001083|
|         167|   -6.378186|   -5.827952|    0.081130|    0.001083|
|         168|   -6.390929|   -5.840892|    0.081130|    0.001083|
|         169|   -6.403414|   -5.853559|    0.081130|    0.001083|
|         170|   -6.415666|   -5.865975|    0.081131|    0.001083|
|         171|   -6.427701|   -5.878153|    0.081131|    0.001083|
|         172|   -6.439573|   -5.890146|    0.081132|    0.001083|
|         173|   -6.451343|   -5.902012|    0.081133|    0.001083|
|         174|   -6.463062|   -5.913801|    0.081134|    0.001083|
|         175|   -6.474770|   -5.925552|    0.081135|    0.001083|
|         176|   -6.486488|   -5.937287|    0.081136|    0.001084|
|         177|   -6.498260|   -5.949053|    0.081138|    0.001084|
|         178|   -6.510123|   -5.960887|    0.081139|    0.001084|
|         179|   -6.522115|   -5.972830|    0.081141|    0.001084|
|         180|   -6.534248|   -5.984889|    0.081142|    0.001084|
|         181|   -6.546576|   -5.997122|    0.081143|    0.001084|
|         182|   -6.559084|   -6.009518|    0.081145|    0.001083|
|         183|   -6.571756|   -6.022067|    0.081146|    0.001083|
|         184|   -6.584591|   -6.034772|    0.081147|    0.001083|
|         185|   -6.597565|   -6.047602|    0.081149|    0.001083|
|         186|   -6.610709|   -6.060597|    0.081150|    0.001083|
|         187|   -6.623994|   -6.073735|    0.081150|    0.001083|
|         188|   -6.637374|   -6.086969|    0.081151|    0.001083|
|         189|   -6.650807|   -6.100259|    0.081152|    0.001083|
|         190|   -6.664279|   -6.113594|    0.081152|    0.001083|
|         191|   -6.677763|   -6.126948|    0.081152|    0.001083|
|         192|   -6.691238|   -6.140300|    0.081152|    0.001083|
|         193|   -6.704692|   -6.153641|    0.081152|    0.001083|
|         194|   -6.718112|   -6.166961|    0.081152|    0.001083|
|         195|   -6.731479|   -6.180238|    0.081151|    0.001083|
|         196|   -6.744765|   -6.193451|    0.081150|    0.001083|
|         197|   -6.757958|   -6.206586|    0.081149|    0.001083|
|         198|   -6.771087|   -6.219674|    0.081148|    0.001083|
|         199|   -6.784159|   -6.232715|    0.081146|    0.001083|
|         200|   -6.797185|   -6.245719|    0.081145|    0.001082|
|         201|   -6.810192|   -6.258716|    0.081143|    0.001082|
|         202|   -6.823197|   -6.271724|    0.081141|    0.001082|
|         203|   -6.836228|   -6.284770|    0.081139|    0.001082|
|         204|   -6.849316|   -6.297883|    0.081137|    0.001082|
|         205|   -6.862507|   -6.311108|    0.081135|    0.001082|
|         206|   -6.875798|   -6.324435|    0.081132|    0.001082|
|         207|   -6.889197|   -6.337876|    0.081130|    0.001082|
|         208|   -6.902719|   -6.351443|    0.081127|    0.001082|
|         209|   -6.916381|   -6.365153|    0.081125|    0.001082|
|         210|   -6.930198|   -6.379020|    0.081122|    0.001082|
|         211|   -6.944177|   -6.393050|    0.081120|    0.001082|
|         212|   -6.958314|   -6.407239|    0.081117|    0.001082|
|         213|   -6.972609|   -6.421587|    0.081115|    0.001082|
|         214|   -6.987060|   -6.436092|    0.081112|    0.001082|
|         215|   -7.001642|   -6.450732|    0.081110|    0.001082|
|         216|   -7.016334|   -6.465483|    0.081107|    0.001082|
|         217|   -7.031113|   -6.480323|    0.081105|    0.001082|
|         218|   -7.045940|   -6.495214|    0.081103|    0.001082|
|         219|   -7.060772|   -6.510111|    0.081101|    0.001082|
|         220|   -7.075579|   -6.524987|    0.081099|    0.001082|
|         221|   -7.090318|   -6.539795|    0.081097|    0.001082|
|         222|   -7.104934|   -6.554480|    0.081095|    0.001082|
|         223|   -7.119399|   -6.569013|    0.081093|    0.001082|
|         224|   -7.133671|   -6.583354|    0.081092|    0.001082|
|         225|   -7.147715|   -6.597461|    0.081090|    0.001082|
|         226|   -7.161504|   -6.611310|    0.081089|    0.001082|
|         227|   -7.175018|   -6.624880|    0.081088|    0.001082|
|         228|   -7.188223|   -6.638133|    0.081087|    0.001082|
|         229|   -7.201136|   -6.651087|    0.081085|    0.001082|
|         230|   -7.213770|   -6.663753|    0.081084|    0.001082|
|         231|   -7.226148|   -6.676151|    0.081084|    0.001082|
|         232|   -7.238294|   -6.688302|    0.081083|    0.001082|
|         233|   -7.250239|   -6.700239|    0.081082|    0.001082|
|         234|   -7.262023|   -6.712001|    0.081081|    0.001082|
|         235|   -7.273692|   -6.723637|    0.081081|    0.001082|
|         236|   -7.285296|   -6.735194|    0.081080|    0.001082|
|         237|   -7.296886|   -6.746725|    0.081080|    0.001082|
|         238|   -7.308511|   -6.758281|    0.081079|    0.001082|
|         239|   -7.320221|   -6.769914|    0.081079|    0.001082|
|         240|   -7.332060|   -6.781668|    0.081079|    0.001082|
|         241|   -7.344068|   -6.793585|    0.081079|    0.001082|
|         242|   -7.356279|   -6.805702|    0.081078|    0.001082|
|         243|   -7.368723|   -6.818049|    0.081078|    0.001082|
|         244|   -7.381422|   -6.830651|    0.081078|    0.001082|
|         245|   -7.394393|   -6.843527|    0.081078|    0.001082|
|         246|   -7.407645|   -6.856687|    0.081078|    0.001082|
|         247|   -7.421183|   -6.870137|    0.081078|    0.001082|
|         248|   -7.435003|   -6.883876|    0.081078|    0.001082|
|         249|   -7.449097|   -6.897896|    0.081077|    0.001082|
|         250|   -7.463449|   -6.912185|    0.081077|    0.001082|
+-----------------------------------------------------------------------+
|        File Writing Summary       |              Filename             |
+-----------------------------------------------------------------------+
|SU2 binary restart                 |restart_flow.dat                   |
|Paraview                           |flow.vtu                           |
|Paraview surface                   |surface_flow.vtu                   |
|CSV file                           |surface_flow.csv                   |
+-----------------------------------------------------------------------+
+----------------------------------------------------------------+
|  Inner_Iter|    rms[Rho]|   rms[RhoE]|          CL|          CD|
+----------------------------------------------------------------+
|         251|   -7.478042|   -6.926723|    0.081077|    0.001082|
|         252|   -7.492849|   -6.941485|    0.081077|    0.001082|
|         253|   -7.507840|   -6.956444|    0.081077|    0.001082|
|         254|   -7.522983|   -6.971567|    0.081077|    0.001082|
|         255|   -7.538243|   -6.986818|    0.081077|    0.001082|
|         256|   -7.553583|   -7.002161|    0.081077|    0.001082|
|         257|   -7.568965|   -7.017557|    0.081077|    0.001082|
|         258|   -7.584351|   -7.032968|    0.081077|    0.001082|
|         259|   -7.599706|   -7.048356|    0.081077|    0.001082|
|         260|   -7.614996|   -7.063689|    0.081077|    0.001082|
|         261|   -7.630192|   -7.078933|    0.081077|    0.001082|
|         262|   -7.645268|   -7.094062|    0.081077|    0.001082|
|         263|   -7.660206|   -7.109056|    0.081077|    0.001082|
|         264|   -7.674990|   -7.123898|    0.081077|    0.001082|
|         265|   -7.689614|   -7.138579|    0.081077|    0.001082|
|         266|   -7.704077|   -7.153095|    0.081077|    0.001082|
|         267|   -7.718383|   -7.167452|    0.081077|    0.001082|
|         268|   -7.732542|   -7.181657|    0.081077|    0.001082|
|         269|   -7.746571|   -7.195724|    0.081077|    0.001082|
|         270|   -7.760487|   -7.209672|    0.081077|    0.001082|
|         271|   -7.774311|   -7.223521|    0.081077|    0.001082|
|         272|   -7.788068|   -7.237294|    0.081077|    0.001082|
|         273|   -7.801781|   -7.251017|    0.081077|    0.001082|
|         274|   -7.815472|   -7.264712|    0.081077|    0.001082|
|         275|   -7.829164|   -7.278401|    0.081077|    0.001082|
|         276|   -7.842875|   -7.292105|    0.081077|    0.001082|
|         277|   -7.856622|   -7.305841|    0.081077|    0.001082|
|         278|   -7.870416|   -7.319623|    0.081077|    0.001082|
|         279|   -7.884267|   -7.333460|    0.081077|    0.001082|
|         280|   -7.898178|   -7.347358|    0.081077|    0.001082|
|         281|   -7.912149|   -7.361319|    0.081077|    0.001082|
|         282|   -7.926176|   -7.375338|    0.081077|    0.001082|
|         283|   -7.940250|   -7.389409|    0.081077|    0.001082|
|         284|   -7.954359|   -7.403520|    0.081077|    0.001082|
|         285|   -7.968489|   -7.417659|    0.081077|    0.001082|
|         286|   -7.982623|   -7.431809|    0.081077|    0.001082|
|         287|   -7.996742|   -7.445950|    0.081077|    0.001082|
|         288|   -8.010827|   -7.460065|    0.081078|    0.001082|
|         289|   -8.024859|   -7.474133|    0.081078|    0.001082|
|         290|   -8.038819|   -7.488136|    0.081078|    0.001082|
|         291|   -8.052693|   -7.502056|    0.081078|    0.001082|
|         292|   -8.066466|   -7.515880|    0.081078|    0.001082|
|         293|   -8.080128|   -7.529595|    0.081078|    0.001082|
|         294|   -8.093673|   -7.543193|    0.081078|    0.001082|
|         295|   -8.107097|   -7.556670|    0.081079|    0.001082|
|         296|   -8.120403|   -7.570027|    0.081079|    0.001082|
|         297|   -8.133596|   -7.583266|    0.081079|    0.001082|
|         298|   -8.146686|   -7.596396|    0.081079|    0.001082|
|         299|   -8.159685|   -7.609429|    0.081079|    0.001082|
|         300|   -8.172610|   -7.622380|    0.081079|    0.001082|
|         301|   -8.185478|   -7.635265|    0.081079|    0.001082|
|         302|   -8.198310|   -7.648103|    0.081080|    0.001082|
|         303|   -8.211124|   -7.660915|    0.081080|    0.001082|
|         304|   -8.223940|   -7.673719|    0.081080|    0.001082|
|         305|   -8.236777|   -7.686534|    0.081080|    0.001082|
|         306|   -8.249653|   -7.699379|    0.081080|    0.001082|
|         307|   -8.262582|   -7.712268|    0.081080|    0.001082|
|         308|   -8.275576|   -7.725216|    0.081080|    0.001082|
|         309|   -8.288644|   -7.738232|    0.081080|    0.001082|
|         310|   -8.301794|   -7.751325|    0.081081|    0.001082|
|         311|   -8.315026|   -7.764497|    0.081081|    0.001082|
|         312|   -8.328339|   -7.777749|    0.081081|    0.001082|
|         313|   -8.341730|   -7.791080|    0.081081|    0.001082|
|         314|   -8.355191|   -7.804482|    0.081081|    0.001082|
|         315|   -8.368711|   -7.817948|    0.081081|    0.001082|
|         316|   -8.382277|   -7.831465|    0.081081|    0.001082|
|         317|   -8.395875|   -7.845021|    0.081081|    0.001082|
|         318|   -8.409486|   -7.858600|    0.081081|    0.001082|
|         319|   -8.423096|   -7.872186|    0.081081|    0.001082|
|         320|   -8.436685|   -7.885762|    0.081081|    0.001082|
|         321|   -8.450237|   -7.899313|    0.081081|    0.001082|
|         322|   -8.463735|   -7.912823|    0.081081|    0.001082|
|         323|   -8.477167|   -7.926278|    0.081081|    0.001082|
|         324|   -8.490519|   -7.939666|    0.081081|    0.001082|
|         325|   -8.503783|   -7.952976|    0.081081|    0.001082|
|         326|   -8.516953|   -7.966202|    0.081081|    0.001082|
|         327|   -8.530025|   -7.979340|    0.081081|    0.001082|
|         328|   -8.542999|   -7.992389|    0.081081|    0.001082|
|         329|   -8.555880|   -8.005350|    0.081081|    0.001082|
|         330|   -8.568673|   -8.018229|    0.081081|    0.001082|
|         331|   -8.581388|   -8.031032|    0.081081|    0.001082|
|         332|   -8.594036|   -8.043770|    0.081081|    0.001082|
|         333|   -8.606631|   -8.056454|    0.081081|    0.001082|
|         334|   -8.619185|   -8.069096|    0.081081|    0.001082|
|         335|   -8.631715|   -8.081708|    0.081081|    0.001082|
|         336|   -8.644233|   -8.094305|    0.081081|    0.001082|
|         337|   -8.656755|   -8.106898|    0.081081|    0.001082|
|         338|   -8.669292|   -8.119499|    0.081080|    0.001082|
|         339|   -8.681854|   -8.132117|    0.081080|    0.001082|
|         340|   -8.694451|   -8.144761|    0.081080|    0.001082|
|         341|   -8.707089|   -8.157436|    0.081080|    0.001082|
|         342|   -8.719769|   -8.170145|    0.081080|    0.001082|
|         343|   -8.732494|   -8.182889|    0.081080|    0.001082|
|         344|   -8.745261|   -8.195666|    0.081080|    0.001082|
|         345|   -8.758064|   -8.208472|    0.081080|    0.001082|
|         346|   -8.770897|   -8.221299|    0.081080|    0.001082|
|         347|   -8.783751|   -8.234140|    0.081080|    0.001082|
|         348|   -8.796614|   -8.246985|    0.081080|    0.001082|
|         349|   -8.809475|   -8.259821|    0.081080|    0.001082|
|         350|   -8.822320|   -8.272639|    0.081080|    0.001082|
|         351|   -8.835137|   -8.285424|    0.081080|    0.001082|
|         352|   -8.847913|   -8.298168|    0.081080|    0.001082|
|         353|   -8.860638|   -8.310858|    0.081080|    0.001082|
|         354|   -8.873302|   -8.323487|    0.081080|    0.001082|
|         355|   -8.885897|   -8.336049|    0.081080|    0.001082|
|         356|   -8.898419|   -8.348538|    0.081080|    0.001082|
|         357|   -8.910867|   -8.360954|    0.081080|    0.001082|
|         358|   -8.923241|   -8.373298|    0.081080|    0.001082|
|         359|   -8.935545|   -8.385576|    0.081080|    0.001082|
|         360|   -8.947788|   -8.397794|    0.081080|    0.001082|
|         361|   -8.959981|   -8.409964|    0.081080|    0.001082|
|         362|   -8.972135|   -8.422099|    0.081080|    0.001082|
|         363|   -8.984267|   -8.434213|    0.081080|    0.001082|
|         364|   -8.996394|   -8.446324|    0.081080|    0.001082|
|         365|   -9.008534|   -8.458450|    0.081080|    0.001082|
|         366|   -9.020707|   -8.470609|    0.081080|    0.001082|
|         367|   -9.032932|   -8.482821|    0.081080|    0.001082|
|         368|   -9.045227|   -8.495105|    0.081080|    0.001082|
|         369|   -9.057611|   -8.507476|    0.081080|    0.001082|
|         370|   -9.070099|   -8.519952|    0.081080|    0.001082|
|         371|   -9.082706|   -8.532547|    0.081080|    0.001082|
|         372|   -9.095444|   -8.545271|    0.081080|    0.001082|
|         373|   -9.108321|   -8.558134|    0.081080|    0.001082|
|         374|   -9.121343|   -8.571142|    0.081080|    0.001082|
|         375|   -9.134513|   -8.584297|    0.081080|    0.001082|
|         376|   -9.147831|   -8.597598|    0.081080|    0.001082|
|         377|   -9.161291|   -8.611043|    0.081080|    0.001082|
|         378|   -9.174886|   -8.624622|    0.081080|    0.001082|
|         379|   -9.188606|   -8.638326|    0.081080|    0.001082|
|         380|   -9.202435|   -8.652141|    0.081080|    0.001082|
|         381|   -9.216357|   -8.666050|    0.081080|    0.001082|
|         382|   -9.230352|   -8.680033|    0.081080|    0.001082|
|         383|   -9.244399|   -8.694070|    0.081080|    0.001082|
|         384|   -9.258473|   -8.708138|    0.081080|    0.001082|
|         385|   -9.272550|   -8.722213|    0.081080|    0.001082|
|         386|   -9.286606|   -8.736270|    0.081080|    0.001082|
|         387|   -9.300617|   -8.750286|    0.081080|    0.001082|
|         388|   -9.314558|   -8.764237|    0.081080|    0.001082|
|         389|   -9.328408|   -8.778102|    0.081080|    0.001082|
|         390|   -9.342147|   -8.791861|    0.081080|    0.001082|
|         391|   -9.355758|   -8.805498|    0.081080|    0.001082|
|         392|   -9.369229|   -8.818999|    0.081080|    0.001082|
|         393|   -9.382550|   -8.832354|    0.081080|    0.001082|
|         394|   -9.395714|   -8.845558|    0.081080|    0.001082|
|         395|   -9.408722|   -8.858607|    0.081080|    0.001082|
|         396|   -9.421576|   -8.871506|    0.081080|    0.001082|
|         397|   -9.434282|   -8.884258|    0.081080|    0.001082|
|         398|   -9.446852|   -8.896875|    0.081080|    0.001082|
|         399|   -9.459298|   -8.909369|    0.081080|    0.001082|
|         400|   -9.471637|   -8.921754|    0.081080|    0.001082|
|         401|   -9.483888|   -8.934050|    0.081080|    0.001082|
|         402|   -9.496069|   -8.946274|    0.081080|    0.001082|
|         403|   -9.508202|   -8.958446|    0.081080|    0.001082|
|         404|   -9.520307|   -8.970586|    0.081080|    0.001082|
|         405|   -9.532404|   -8.982713|    0.081080|    0.001082|
|         406|   -9.544511|   -8.994847|    0.081080|    0.001082|
|         407|   -9.556646|   -9.007003|    0.081080|    0.001082|
|         408|   -9.568824|   -9.019198|    0.081080|    0.001082|
|         409|   -9.581058|   -9.031443|    0.081080|    0.001082|
|         410|   -9.593359|   -9.043750|    0.081080|    0.001082|
|         411|   -9.605734|   -9.056126|    0.081080|    0.001082|
|         412|   -9.618189|   -9.068578|    0.081080|    0.001082|
|         413|   -9.630726|   -9.081106|    0.081080|    0.001082|
|         414|   -9.643345|   -9.093713|    0.081080|    0.001082|
|         415|   -9.656043|   -9.106395|    0.081080|    0.001082|
|         416|   -9.668817|   -9.119148|    0.081080|    0.001082|
|         417|   -9.681659|   -9.131967|    0.081080|    0.001082|
|         418|   -9.694562|   -9.144843|    0.081080|    0.001082|
|         419|   -9.707516|   -9.157768|    0.081080|    0.001082|
|         420|   -9.720511|   -9.170731|    0.081080|    0.001082|
|         421|   -9.733537|   -9.183723|    0.081080|    0.001082|
|         422|   -9.746582|   -9.196733|    0.081080|    0.001082|
|         423|   -9.759636|   -9.209749|    0.081080|    0.001082|
|         424|   -9.772689|   -9.222764|    0.081080|    0.001082|
|         425|   -9.785733|   -9.235768|    0.081080|    0.001082|
|         426|   -9.798758|   -9.248753|    0.081080|    0.001082|
|         427|   -9.811759|   -9.261713|    0.081080|    0.001082|
|         428|   -9.824730|   -9.274644|    0.081080|    0.001082|
|         429|   -9.837669|   -9.287542|    0.081080|    0.001082|
|         430|   -9.850573|   -9.300406|    0.081080|    0.001082|
|         431|   -9.863443|   -9.313236|    0.081080|    0.001082|
|         432|   -9.876280|   -9.326034|    0.081080|    0.001082|
|         433|   -9.889086|   -9.338804|    0.081080|    0.001082|
|         434|   -9.901864|   -9.351548|    0.081080|    0.001082|
|         435|   -9.914621|   -9.364273|    0.081080|    0.001082|
|         436|   -9.927359|   -9.376983|    0.081080|    0.001082|
|         437|   -9.940085|   -9.389685|    0.081080|    0.001082|
|         438|   -9.952803|   -9.402384|    0.081080|    0.001082|
|         439|   -9.965518|   -9.415084|    0.081080|    0.001082|
|         440|   -9.978233|   -9.427791|    0.081080|    0.001082|
|         441|   -9.990952|   -9.440508|    0.081080|    0.001082|
|         442|  -10.003676|   -9.453237|    0.081080|    0.001082|
|         443|  -10.016405|   -9.465979|    0.081080|    0.001082|
|         444|  -10.029138|   -9.478733|    0.081080|    0.001082|
|         445|  -10.041872|   -9.491498|    0.081080|    0.001082|
|         446|  -10.054603|   -9.504269|    0.081080|    0.001082|
|         447|  -10.067327|   -9.517040|    0.081080|    0.001082|
|         448|  -10.080035|   -9.529806|    0.081080|    0.001082|
|         449|  -10.092720|   -9.542558|    0.081080|    0.001082|
|         450|  -10.105373|   -9.555287|    0.081080|    0.001082|
|         451|  -10.117986|   -9.567983|    0.081080|    0.001082|
|         452|  -10.130548|   -9.580636|    0.081080|    0.001082|
|         453|  -10.143050|   -9.593235|    0.081080|    0.001082|
|         454|  -10.155483|   -9.605770|    0.081080|    0.001082|
|         455|  -10.167837|   -9.618230|    0.081080|    0.001082|
|         456|  -10.180107|   -9.630608|    0.081080|    0.001082|
|         457|  -10.192286|   -9.642895|    0.081080|    0.001082|
|         458|  -10.204369|   -9.655084|    0.081080|    0.001082|
|         459|  -10.216353|   -9.667172|    0.081080|    0.001082|
|         460|  -10.228239|   -9.679155|    0.081080|    0.001082|
|         461|  -10.240026|   -9.691032|    0.081080|    0.001082|
|         462|  -10.251719|   -9.702806|    0.081080|    0.001082|
|         463|  -10.263322|   -9.714480|    0.081080|    0.001082|
|         464|  -10.274844|   -9.726059|    0.081080|    0.001082|
|         465|  -10.286291|   -9.737551|    0.081080|    0.001082|
|         466|  -10.297676|   -9.748966|    0.081080|    0.001082|
|         467|  -10.309009|   -9.760315|    0.081080|    0.001082|
|         468|  -10.320303|   -9.771609|    0.081080|    0.001082|
|         469|  -10.331571|   -9.782862|    0.081080|    0.001082|
|         470|  -10.342826|   -9.794087|    0.081080|    0.001082|
|         471|  -10.354082|   -9.805299|    0.081080|    0.001082|
|         472|  -10.365351|   -9.816511|    0.081080|    0.001082|
|         473|  -10.376647|   -9.827736|    0.081080|    0.001082|
|         474|  -10.387980|   -9.838989|    0.081080|    0.001082|
|         475|  -10.399362|   -9.850280|    0.081080|    0.001082|
|         476|  -10.410802|   -9.861622|    0.081080|    0.001082|
|         477|  -10.422309|   -9.873024|    0.081080|    0.001082|
|         478|  -10.433889|   -9.884495|    0.081080|    0.001082|
|         479|  -10.445548|   -9.896043|    0.081080|    0.001082|
|         480|  -10.457291|   -9.907674|    0.081080|    0.001082|
|         481|  -10.469120|   -9.919393|    0.081080|    0.001082|
|         482|  -10.481037|   -9.931203|    0.081080|    0.001082|
|         483|  -10.493043|   -9.943107|    0.081080|    0.001082|
|         484|  -10.505135|   -9.955104|    0.081080|    0.001082|
|         485|  -10.517313|   -9.967194|    0.081080|    0.001082|
|         486|  -10.529574|   -9.979377|    0.081080|    0.001082|
|         487|  -10.541913|   -9.991649|    0.081080|    0.001082|
|         488|  -10.554326|  -10.004008|    0.081080|    0.001082|
|         489|  -10.566809|  -10.016447|    0.081080|    0.001082|
|         490|  -10.579355|  -10.028964|    0.081080|    0.001082|
|         491|  -10.591958|  -10.041551|    0.081080|    0.001082|
|         492|  -10.604613|  -10.054203|    0.081080|    0.001082|
|         493|  -10.617313|  -10.066914|    0.081080|    0.001082|
|         494|  -10.630051|  -10.079676|    0.081080|    0.001082|
|         495|  -10.642821|  -10.092482|    0.081080|    0.001082|
|         496|  -10.655617|  -10.105325|    0.081080|    0.001082|
|         497|  -10.668431|  -10.118197|    0.081080|    0.001082|
|         498|  -10.681257|  -10.131091|    0.081080|    0.001082|
|         499|  -10.694090|  -10.143999|    0.081080|    0.001082|
|         500|  -10.706922|  -10.156914|    0.081080|    0.001082|
+-----------------------------------------------------------------------+
|        File Writing Summary       |              Filename             |
+-----------------------------------------------------------------------+
|SU2 binary restart                 |restart_flow.dat                   |
|Paraview                           |flow.vtu                           |
|Paraview surface                   |surface_flow.vtu                   |
|CSV file                           |surface_flow.csv                   |
+-----------------------------------------------------------------------+
+----------------------------------------------------------------+
|  Inner_Iter|    rms[Rho]|   rms[RhoE]|          CL|          CD|
+----------------------------------------------------------------+
|         501|  -10.719748|  -10.169828|    0.081080|    0.001082|
|         502|  -10.732563|  -10.182733|    0.081080|    0.001082|
|         503|  -10.745359|  -10.195622|    0.081080|    0.001082|
|         504|  -10.758132|  -10.208488|    0.081080|    0.001082|
|         505|  -10.770876|  -10.221323|    0.081080|    0.001082|
|         506|  -10.783586|  -10.234122|    0.081080|    0.001082|
|         507|  -10.796257|  -10.246877|    0.081080|    0.001082|
|         508|  -10.808884|  -10.259582|    0.081080|    0.001082|
|         509|  -10.821462|  -10.272232|    0.081080|    0.001082|
|         510|  -10.833989|  -10.284821|    0.081080|    0.001082|
|         511|  -10.846459|  -10.297347|    0.081080|    0.001082|
|         512|  -10.858871|  -10.309804|    0.081080|    0.001082|
|         513|  -10.871221|  -10.322190|    0.081080|    0.001082|
|         514|  -10.883509|  -10.334503|    0.081080|    0.001082|
|         515|  -10.895733|  -10.346743|    0.081080|    0.001082|
|         516|  -10.907894|  -10.358910|    0.081080|    0.001082|
|         517|  -10.919993|  -10.371005|    0.081080|    0.001082|
|         518|  -10.932032|  -10.383031|    0.081080|    0.001082|
|         519|  -10.944014|  -10.394992|    0.081080|    0.001082|
|         520|  -10.955945|  -10.406893|    0.081080|    0.001082|
|         521|  -10.967830|  -10.418741|    0.081080|    0.001082|
|         522|  -10.979675|  -10.430543|    0.081080|    0.001082|
|         523|  -10.991489|  -10.442309|    0.081080|    0.001082|
|         524|  -11.003281|  -10.454048|    0.081080|    0.001082|
|         525|  -11.015060|  -10.465770|    0.081080|    0.001082|
|         526|  -11.026837|  -10.477488|    0.081080|    0.001082|
|         527|  -11.038624|  -10.489212|    0.081080|    0.001082|
|         528|  -11.050430|  -10.500956|    0.081080|    0.001082|
|         529|  -11.062269|  -10.512731|    0.081080|    0.001082|
|         530|  -11.074151|  -10.524551|    0.081080|    0.001082|
|         531|  -11.086088|  -10.536425|    0.081080|    0.001082|
|         532|  -11.098091|  -10.548367|    0.081080|    0.001082|
|         533|  -11.110170|  -10.560387|    0.081080|    0.001082|
|         534|  -11.122334|  -10.572494|    0.081080|    0.001082|
|         535|  -11.134592|  -10.584697|    0.081080|    0.001082|
|         536|  -11.146952|  -10.597004|    0.081080|    0.001082|
|         537|  -11.159418|  -10.609421|    0.081080|    0.001082|
|         538|  -11.171996|  -10.621954|    0.081080|    0.001082|
|         539|  -11.184688|  -10.634604|    0.081080|    0.001082|
|         540|  -11.197497|  -10.647375|    0.081080|    0.001082|
|         541|  -11.210423|  -10.660265|    0.081080|    0.001082|
|         542|  -11.223463|  -10.673274|    0.081080|    0.001082|
|         543|  -11.236614|  -10.686398|    0.081080|    0.001082|
|         544|  -11.249871|  -10.699632|    0.081080|    0.001082|
|         545|  -11.263228|  -10.712970|    0.081080|    0.001082|
|         546|  -11.276676|  -10.726403|    0.081080|    0.001082|
|         547|  -11.290206|  -10.739923|    0.081080|    0.001082|
|         548|  -11.303807|  -10.753517|    0.081080|    0.001082|
|         549|  -11.317467|  -10.767175|    0.081080|    0.001082|
|         550|  -11.331173|  -10.780884|    0.081080|    0.001082|
|         551|  -11.344911|  -10.794628|    0.081080|    0.001082|
|         552|  -11.358667|  -10.808396|    0.081080|    0.001082|
|         553|  -11.372427|  -10.822171|    0.081080|    0.001082|
|         554|  -11.386176|  -10.835939|    0.081080|    0.001082|
|         555|  -11.399899|  -10.849687|    0.081080|    0.001082|
|         556|  -11.413584|  -10.863399|    0.081080|    0.001082|
|         557|  -11.427216|  -10.877064|    0.081080|    0.001082|
|         558|  -11.440785|  -10.890668|    0.081080|    0.001082|
|         559|  -11.454280|  -10.904202|    0.081080|    0.001082|
|         560|  -11.467692|  -10.917655|    0.081080|    0.001082|
|         561|  -11.481012|  -10.931020|    0.081080|    0.001082|
|         562|  -11.494237|  -10.944291|    0.081080|    0.001082|
|         563|  -11.507361|  -10.957463|    0.081080|    0.001082|
|         564|  -11.520384|  -10.970534|    0.081080|    0.001082|
|         565|  -11.533304|  -10.983504|    0.081080|    0.001082|
|         566|  -11.546124|  -10.996373|    0.081080|    0.001082|
|         567|  -11.558847|  -11.009145|    0.081080|    0.001082|
|         568|  -11.571479|  -11.021824|    0.081080|    0.001082|
|         569|  -11.584025|  -11.034415|    0.081080|    0.001082|
|         570|  -11.596492|  -11.046925|    0.081080|    0.001082|
|         571|  -11.608890|  -11.059362|    0.081080|    0.001082|
|         572|  -11.621227|  -11.071734|    0.081080|    0.001082|
|         573|  -11.633512|  -11.084052|    0.081080|    0.001082|
|         574|  -11.645756|  -11.096323|    0.081080|    0.001082|
|         575|  -11.657968|  -11.108557|    0.081080|    0.001082|
|         576|  -11.670157|  -11.120765|    0.081080|    0.001082|
|         577|  -11.682334|  -11.132954|    0.081080|    0.001082|
|         578|  -11.694507|  -11.145134|    0.081080|    0.001082|
|         579|  -11.706683|  -11.157312|    0.081080|    0.001082|
|         580|  -11.718871|  -11.169496|    0.081080|    0.001082|
|         581|  -11.731077|  -11.181694|    0.081080|    0.001082|
|         582|  -11.743308|  -11.193911|    0.081080|    0.001082|
|         583|  -11.755569|  -11.206152|    0.081080|    0.001082|
|         584|  -11.767863|  -11.218422|    0.081080|    0.001082|
|         585|  -11.780194|  -11.230726|    0.081080|    0.001082|
|         586|  -11.792566|  -11.243065|    0.081080|    0.001082|
|         587|  -11.804981|  -11.255443|    0.081080|    0.001082|
|         588|  -11.817439|  -11.267861|    0.081080|    0.001082|
|         589|  -11.829942|  -11.280320|    0.081080|    0.001082|
|         590|  -11.842490|  -11.292822|    0.081080|    0.001082|
|         591|  -11.855083|  -11.305368|    0.081080|    0.001082|
|         592|  -11.867722|  -11.317955|    0.081080|    0.001082|
|         593|  -11.880404|  -11.330586|    0.081080|    0.001082|
|         594|  -11.893129|  -11.343259|    0.081080|    0.001082|
|         595|  -11.905896|  -11.355973|    0.081080|    0.001082|
|         596|  -11.918703|  -11.368728|    0.081080|    0.001082|
|         597|  -11.931549|  -11.381522|    0.081080|    0.001082|
|         598|  -11.944431|  -11.394355|    0.081080|    0.001082|
|         599|  -11.957349|  -11.407224|    0.081080|    0.001082|
|         600|  -11.970299|  -11.420130|    0.081080|    0.001082|
|         601|  -11.983280|  -11.433069|    0.081080|    0.001082|
|         602|  -11.996289|  -11.446040|    0.081080|    0.001082|
|         603|  -12.009322|  -11.459041|    0.081080|    0.001082|
|         604|  -12.022378|  -11.472069|    0.081080|    0.001082|
|         605|  -12.035453|  -11.485122|    0.081080|    0.001082|
|         606|  -12.048543|  -11.498196|    0.081080|    0.001082|
|         607|  -12.061644|  -11.511288|    0.081080|    0.001082|
|         608|  -12.074752|  -11.524393|    0.081080|    0.001082|
|         609|  -12.087862|  -11.537508|    0.081080|    0.001082|
|         610|  -12.100969|  -11.550628|    0.081080|    0.001082|
|         611|  -12.114068|  -11.563747|    0.081080|    0.001082|
|         612|  -12.127152|  -11.576860|    0.081080|    0.001082|
|         613|  -12.140216|  -11.589960|    0.081080|    0.001082|
|         614|  -12.153253|  -11.603041|    0.081080|    0.001082|
|         615|  -12.166258|  -11.616097|    0.081080|    0.001082|
|         616|  -12.179223|  -11.629120|    0.081080|    0.001082|
|         617|  -12.192143|  -11.642105|    0.081080|    0.001082|
|         618|  -12.205012|  -11.655044|    0.081080|    0.001082|
|         619|  -12.217823|  -11.667930|    0.081080|    0.001082|
|         620|  -12.230572|  -11.680758|    0.081080|    0.001082|
|         621|  -12.243253|  -11.693521|    0.081080|    0.001082|
|         622|  -12.255863|  -11.706215|    0.081080|    0.001082|
|         623|  -12.268399|  -11.718834|    0.081080|    0.001082|
|         624|  -12.280857|  -11.731377|    0.081080|    0.001082|
|         625|  -12.293237|  -11.743838|    0.081080|    0.001082|
|         626|  -12.305538|  -11.756217|    0.081080|    0.001082|
|         627|  -12.317760|  -11.768514|    0.081080|    0.001082|
|         628|  -12.329905|  -11.780728|    0.081080|    0.001082|
|         629|  -12.341977|  -11.792861|    0.081080|    0.001082|
|         630|  -12.353978|  -11.804917|    0.081080|    0.001082|
|         631|  -12.365914|  -11.816899|    0.081080|    0.001082|
|         632|  -12.377791|  -11.828812|    0.081080|    0.001082|
|         633|  -12.389614|  -11.840663|    0.081080|    0.001082|
|         634|  -12.401392|  -11.852458|    0.081080|    0.001082|
|         635|  -12.413132|  -11.864205|    0.081080|    0.001082|
|         636|  -12.424842|  -11.875911|    0.081080|    0.001082|
|         637|  -12.436531|  -11.887586|    0.081080|    0.001082|
|         638|  -12.448209|  -11.899241|    0.081080|    0.001082|
|         639|  -12.459883|  -11.910882|    0.081080|    0.001082|
|         640|  -12.471564|  -11.922521|    0.081080|    0.001082|
|         641|  -12.483260|  -11.934166|    0.081080|    0.001082|
|         642|  -12.494977|  -11.945827|    0.081080|    0.001082|
|         643|  -12.506727|  -11.957513|    0.081080|    0.001082|
|         644|  -12.518514|  -11.969231|    0.081080|    0.001082|
|         645|  -12.530346|  -11.980990|    0.081080|    0.001082|
|         646|  -12.542230|  -11.992798|    0.081080|    0.001082|
|         647|  -12.554170|  -12.004660|    0.081080|    0.001082|
|         648|  -12.566173|  -12.016583|    0.081080|    0.001082|
|         649|  -12.578242|  -12.028573|    0.081080|    0.001082|
|         650|  -12.590379|  -12.040632|    0.081080|    0.001082|
|         651|  -12.602588|  -12.052766|    0.081080|    0.001082|
|         652|  -12.614869|  -12.064974|    0.081080|    0.001082|
|         653|  -12.627225|  -12.077262|    0.081080|    0.001082|
|         654|  -12.639655|  -12.089629|    0.081080|    0.001082|
|         655|  -12.652158|  -12.102074|    0.081080|    0.001082|
|         656|  -12.664734|  -12.114599|    0.081080|    0.001082|
|         657|  -12.677380|  -12.127201|    0.081080|    0.001082|
|         658|  -12.690093|  -12.139877|    0.081080|    0.001082|
|         659|  -12.702869|  -12.152624|    0.081080|    0.001082|
|         660|  -12.715704|  -12.165440|    0.081080|    0.001082|
|         661|  -12.728596|  -12.178320|    0.081080|    0.001082|
|         662|  -12.741536|  -12.191257|    0.081080|    0.001082|
|         663|  -12.754520|  -12.204245|    0.081080|    0.001082|
|         664|  -12.767541|  -12.217280|    0.081080|    0.001082|
|         665|  -12.780593|  -12.230353|    0.081080|    0.001082|
|         666|  -12.793668|  -12.243457|    0.081080|    0.001082|
|         667|  -12.806760|  -12.256587|    0.081080|    0.001082|
|         668|  -12.819857|  -12.269726|    0.081080|    0.001082|
|         669|  -12.832957|  -12.282874|    0.081080|    0.001082|
|         670|  -12.846046|  -12.296018|    0.081080|    0.001082|
|         671|  -12.859119|  -12.309151|    0.081080|    0.001082|
|         672|  -12.872166|  -12.322262|    0.081080|    0.001082|
|         673|  -12.885181|  -12.335342|    0.081080|    0.001082|
|         674|  -12.898155|  -12.348386|    0.081080|    0.001082|
|         675|  -12.911080|  -12.361379|    0.081080|    0.001082|
|         676|  -12.923950|  -12.374317|    0.081080|    0.001082|
|         677|  -12.936761|  -12.387198|    0.081080|    0.001082|
|         678|  -12.949500|  -12.400004|    0.081080|    0.001082|
|         679|  -12.962171|  -12.412740|    0.081080|    0.001082|
|         680|  -12.974768|  -12.425397|    0.081080|    0.001082|
|         681|  -12.987284|  -12.437969|    0.081080|    0.001082|
|         682|  -12.999720|  -12.450459|    0.081080|    0.001082|
|         683|  -13.012081|  -12.462867|    0.081080|    0.001082|

----------------------------- Solver Exit -------------------------------
All convergence criteria satisfied.
+-----------------------------------------------------------------------+
|      Convergence Field     |     Value    |   Criterion  |  Converged |
+-----------------------------------------------------------------------+
|                    rms[Rho]|      -13.0121|         < -13|         Yes|
+-----------------------------------------------------------------------+
-------------------------------------------------------------------------
+-----------------------------------------------------------------------+
|        File Writing Summary       |              Filename             |
+-----------------------------------------------------------------------+
|SU2 binary restart                 |restart_flow.dat                   |
|Paraview                           |flow.vtu                           |
|Paraview surface                   |surface_flow.vtu                   |
|CSV file                           |surface_flow.csv                   |
+-----------------------------------------------------------------------+

--------------------------- Finalizing Solver ---------------------------
Deleted CNumerics container.
Deleted CIntegration container.
Deleted CSolver container.
Deleted CIteration container.
Deleted CInterface container.
Deleted CGeometry container.
Deleted CFreeFormDefBox class.
Deleted CSurfaceMovement class.
Deleted CVolumetricMovement class.
Deleted CConfig container.
Deleted nInst container.
Deleted COutput class.
-------------------------------------------------------------------------

------------------------- Exit Success (SU2_CFD) ------------------------

