
-------------------------------------------------------------------------
|    ___ _   _ ___                                                      |
|   / __| | | |_  )   Release 8.3.0 "Harrier"                           |
|   \__ \ |_| |/ /                                                      |
|   |___/\___//___|   Suite (Computational Fluid Dynamics Code)         |
|                                                                       |
-------------------------------------------------------------------------
| SU2 Project Website: https://su2code.github.io                        |
|                                                                       |
| The SU2 Project is maintained by the SU2 Foundation                   |
| (http://su2foundation.org)                                            |
-------------------------------------------------------------------------
| Copyright 2012-2025, SU2 Contributors                                 |
|                                                                       |
| SU2 is free software; you can redistribute it and/or                  |
| modify it under the terms of the GNU Lesser General Public            |
| License as published by the Free Software Foundation; either          |
| version 2.1 of the License, or (at your option) any later version.    |
|                                                                       |
| SU2 is distributed in the hope that it will be useful,                |
| but WITHOUT ANY WARRANTY; without even the implied warranty of        |
| MERCHANTABILITY or FITNESS FOR A PARTICULAR PURPOSE. See the GNU      |
| Lesser General Public License for more details.                       |
|                                                                       |
| You should have received a copy of the GNU Lesser General Public      |
| License along with SU2. If not, see <http://www.gnu.org/licenses/>.   |
-------------------------------------------------------------------------

Parsing config file for zone 0

----------------- Physical Case Definition ( Zone 0 ) -------------------
Compressible Euler equations.
Mach number: 0.8.
Angle of attack (AoA): 1.25 deg, and angle of sideslip (AoS): 0 deg.
No restart solution, use the values at infinity (freestream).
Non-Dimensional simulation (P=1.0, Rho=1.0, T=1.0 at the farfield).
The reference area is 1 m^2.
The semi-span will be computed using the max y(3D) value.
The reference length is 1 m.
Reference origin for moment evaluation is (0.25, 0, 0).
Surface(s) where the force coefficients are evaluated: airfoil.

Surface(s) plotted in the output file: airfoil.
Surface(s) affected by the design variables: airfoil.
Input mesh file name: mesh_NACA0012_inv_deform.su2

--------------- Space Numerical Integration ( Zone 0 ) ------------------
Jameson-Schmidt-Turkel scheme (2nd order in space) for the flow inviscid terms.
JST viscous coefficients (2nd & 4th): 0.5, 0.02.
The method includes a grid stretching correction (p = 0.3).
Gradient for viscous and source terms: Green-Gauss.

--------------- Time Numerical Integration  ( Zone 0 ) ------------------
Local time stepping (steady state simulation).
Euler implicit method for the flow equations.
FGMRES is used for solving the linear system.
Using a LU-SGS preconditioning.
Convergence criteria of the linear solver: 0.0001.
Max number of linear iterations: 2.
V Multigrid Cycle, with 2 multigrid levels.
Damping factor for the residual restriction: 1.
Damping factor for the correction prolongation: 1.
No CFL adaptation.
+-------------------------------------------+
|  MG Level| Presmooth|PostSmooth|CorrectSmo|
+-------------------------------------------+
|         0|         1|         0|         0|
|         1|         2|         0|         0|
|         2|         3|         0|         0|
+-------------------------------------------+
Courant-Friedrichs-Lewy number:       10

------------------ Convergence Criteria  ( Zone 0 ) ---------------------
Maximum number of solver subiterations: 1000.
Begin convergence monitoring at iteration 10.
Residual minimum value: 1e-13.
Cauchy series min. value: 1e-06.
Number of Cauchy elements: 100.
Begin windowed time average at iteration 0.

-------------------- Output Information ( Zone 0 ) ----------------------
File writing frequency: 
+------------------------------------+
|                     File| Frequency|
+------------------------------------+
|                  RESTART|       250|
|                 PARAVIEW|       250|
|         SURFACE_PARAVIEW|       250|
|              SURFACE_CSV|       250|
+------------------------------------+
Writing the convergence history file every 1 inner iterations.
Writing the screen convergence history every 1 inner iterations.
The tabular file format is CSV (.csv).
Convergence history file name: history_direct.
Forces breakdown file name: forces_breakdown.dat.
Surface file name: surface_flow.
Volume file name: flow.
Restart file name: restart_flow.

------------- Config File Boundary Information ( Zone 0 ) ---------------
+-----------------------------------------------------------------------+
|                        Marker Type|                        Marker Name|
+-----------------------------------------------------------------------+
|                         Euler wall|                            airfoil|
+-----------------------------------------------------------------------+
|                          Far-field|                           farfield|
+-----------------------------------------------------------------------+

-------------------- Output Preprocessing ( Zone 0 ) --------------------

WARNING: SURFACE_PRESSURE_DROP can only be computed for at least 2 surfaces (outlet, inlet, ...)

Screen output fields: INNER_ITER, RMS_DENSITY, RMS_ENERGY, LIFT, DRAG
History output group(s): ITER, RMS_RES, AERO_COEFF
Convergence field(s): RMS_DENSITY
Warning: No (valid) fields chosen for time convergence monitoring. Time convergence monitoring inactive.
Volume output fields: COORDINATES, SOLUTION, PRIMITIVE

------------------- Geometry Preprocessing ( Zone 0 ) -------------------
Two dimensional problem.
5233 grid points.
10216 volume elements.
2 surface markers.
200 boundary elements in index 0 (Marker = airfoil).
50 boundary elements in index 1 (Marker = farfield).
10216 triangles.
Setting point connectivity.
Renumbering points (Reverse Cuthill McKee Ordering).
Recomputing point connectivity.
Setting element connectivity.
Checking the numerical grid orientation.
All volume elements are correctly oriented.
All surface elements are correctly oriented.
Identifying edges and vertices.
Setting the control volume structure.
Area of the computational grid: 1253.24.
Searching for the closest normal neighbors to the surfaces.
Storing a mapping from global to local point index.
Compute the surface curvature.
Max K: 7835.1. Mean K: 34.9281. Standard deviation K: 494.386.
Checking for periodicity.
Computing mesh quality statistics for the dual control volumes.
+--------------------------------------------------------------+
|           Mesh Quality Metric|        Minimum|        Maximum|
+--------------------------------------------------------------+
|    Orthogonality Angle (deg.)|        62.8505|        89.5625|
|     CV Face Area Aspect Ratio|        1.00799|        7.20973|
|           CV Sub-Volume Ratio|        1.00189|        6.47487|
+--------------------------------------------------------------+
Setting the multigrid structure.
+-------------------------------------------+
|  MG Level|       CVs|Aggl. Rate|       CFL|
+-------------------------------------------+
|         0|      5233|    1/1.00|        10|
|         1|      1690|     1/3.1|   8.52431|
|         2|       649|     1/2.6|   7.92373|
+-------------------------------------------+
Finding max control volume width.
Wetted area = 2.05579 m.
Area projection in the x-plane = 0.132311 m, y-plane = 0.999845 m.
Max. coordinate in the x-direction = 1 m, y-direction = 0.0622003 m.
Min. coordinate in the x-direction = 0 m, y-direction = -0.0696059 m.
Computing wall distances.

-------------------- Solver Preprocessing ( Zone 0 ) --------------------
Inviscid flow: Computing density based on free-stream
temperature and pressure using the ideal gas law.
Force coefficients computed using free-stream values.

-- Models:
+------------------------------------------------------------------------------+
|          Viscosity Model|        Conductivity Model|              Fluid Model|
+------------------------------------------------------------------------------+
|                        -|                         -|             STANDARD_AIR|
+------------------------------------------------------------------------------+
-- Fluid properties:
+------------------------------------------------------------------------------+
|                  Name|    Dim. value|    Ref. value|      Unit|Non-dim. value|
+------------------------------------------------------------------------------+
|          Gas Constant|       287.058|       287.058|  N.m/kg.K|             1|
|      Spec. Heat Ratio|             -|             -|         -|           1.4|
+------------------------------------------------------------------------------+
-- Initial and free-stream conditions:
+------------------------------------------------------------------------------+
|                  Name|    Dim. value|    Ref. value|      Unit|Non-dim. value|
+------------------------------------------------------------------------------+
|       Static Pressure|        101325|        101325|        Pa|             1|
|               Density|       1.29225|       1.29225|    kg/m^3|             1|
|           Temperature|        273.15|        273.15|         K|             1|
|          Total Energy|        231152|       78409.9|   m^2/s^2|         2.948|
|            Velocity-X|       264.994|       280.018|       m/s|      0.946348|
|            Velocity-Y|       5.78219|       280.018|       m/s|     0.0206494|
|    Velocity Magnitude|       265.057|       280.018|       m/s|      0.946573|
+------------------------------------------------------------------------------+
|           Mach Number|             -|             -|         -|           0.8|
+------------------------------------------------------------------------------+
Initialize Jacobian structure (Euler). MG level: 0.
Initialize Jacobian structure (Euler). MG level: 1.
Initialize Jacobian structure (Euler). MG level: 2.

------------------- Numerics Preprocessing ( Zone 0 ) -------------------

----------------- Integration Preprocessing ( Zone 0 ) ------------------

------------------- Iteration Preprocessing ( Zone 0 ) ------------------
Euler/Navier-Stokes/RANS fluid iteration.

------------------------------ Begin Solver -----------------------------

Simulation Run using the Single-zone Driver
WARNING: SU2 was not compiled for an AVX-capable architecture. Performance could be better,
         see https://su2code.github.io/docs_v7/Build-SU2-Linux-MacOS/#compiler-optimizations
WARNING: SU2 was not compiled for an AVX-capable architecture. Performance could be better,
         see https://su2code.github.io/docs_v7/Build-SU2-Linux-MacOS/#compiler-optimizations
WARNING: SU2 was not compiled for an AVX-capable architecture. Performance could be better,
         see https://su2code.github.io/docs_v7/Build-SU2-Linux-MacOS/#compiler-optimizations
+----------------------------------------------------------------+
|  Inner_Iter|    rms[Rho]|   rms[RhoE]|          CL|          CD|
+----------------------------------------------------------------+
|           0|   -3.507348|   -2.910971|    0.108948|    0.312110|
|           1|   -3.783686|   -3.172783|    0.006482|    0.119875|
|           2|   -3.710405|   -3.111801|    0.021823|    0.091854|
|           3|   -3.657833|   -3.065997|    0.046819|    0.105456|
|           4|   -3.599296|   -3.010422|    0.035251|    0.080532|
|           5|   -3.591644|   -3.006639|    0.025904|    0.067581|
|           6|   -3.591656|   -3.013959|    0.018079|    0.063581|
|           7|   -3.594471|   -3.018697|    0.009054|    0.058633|
|           8|   -3.574383|   -2.996763|    0.001460|    0.053191|
|           9|   -3.591680|   -3.017385|   -0.005517|    0.048965|
|          10|   -3.601659|   -3.031585|   -0.012413|    0.045907|
|          11|   -3.610274|   -3.042713|   -0.018956|    0.042915|
|          12|   -3.615500|   -3.048273|   -0.025723|    0.039627|
|          13|   -3.618321|   -3.049351|   -0.032907|    0.036369|
|          14|   -3.628725|   -3.057547|   -0.039996|    0.033282|
|          15|   -3.642389|   -3.069627|   -0.046712|    0.030250|
|          16|   -3.655618|   -3.082857|   -0.053156|    0.027121|
|          17|   -3.669289|   -3.098063|   -0.059615|    0.023786|
|          18|   -3.684720|   -3.115514|   -0.066123|    0.020260|
|          19|   -3.703601|   -3.135958|   -0.072685|    0.016658|
|          20|   -3.725826|   -3.159044|   -0.078991|    0.013180|
|          21|   -3.748087|   -3.181704|   -0.084354|    0.010049|
|          22|   -3.768236|   -3.202198|   -0.089002|    0.007294|
|          23|   -3.787613|   -3.221954|   -0.093218|    0.004955|
|          24|   -3.807602|   -3.241984|   -0.096203|    0.003230|
|          25|   -3.827256|   -3.261184|   -0.098591|    0.002047|
|          26|   -3.847328|   -3.280571|   -0.099979|    0.001467|
|          27|   -3.870080|   -3.303003|   -0.100217|    0.001410|
|          28|   -3.896375|   -3.329485|   -0.099488|    0.001800|
|          29|   -3.924122|   -3.357909|   -0.097694|    0.002633|
|          30|   -3.951490|   -3.386556|   -0.095672|    0.003720|
|          31|   -3.980115|   -3.417079|   -0.093751|    0.004950|
|          32|   -4.012270|   -3.451461|   -0.091998|    0.006243|
|          33|   -4.049454|   -3.490425|   -0.090707|    0.007500|
|          34|   -4.091053|   -3.532646|   -0.089535|    0.008744|
|          35|   -4.133556|   -3.574577|   -0.088492|    0.009919|
|          36|   -4.174166|   -3.614001|   -0.087814|    0.010938|
|          37|   -4.211451|   -3.650051|   -0.087518|    0.011762|
|          38|   -4.245211|   -3.682966|   -0.087624|    0.012365|
|          39|   -4.276005|   -3.713541|   -0.088134|    0.012739|
|          40|   -4.303968|   -3.741958|   -0.088978|    0.012897|
|          41|   -4.328987|   -3.768012|   -0.090107|    0.012864|
|          42|   -4.350833|   -3.791283|   -0.091442|    0.012676|
|          43|   -4.369454|   -3.811475|   -0.092880|    0.012372|
|          44|   -4.385423|   -3.828880|   -0.094344|    0.011988|
|          45|   -4.399872|   -3.844389|   -0.095733|    0.011564|
|          46|   -4.414250|   -3.859310|   -0.097085|    0.011116|
|          47|   -4.429081|   -3.874107|   -0.098328|    0.010669|
|          48|   -4.444731|   -3.889288|   -0.099439|    0.010247|
|          49|   -4.460961|   -3.904893|   -0.100387|    0.009875|
|          50|   -4.477760|   -3.920965|   -0.101198|    0.009565|
|          51|   -4.495239|   -3.937747|   -0.101936|    0.009322|
|          52|   -4.515439|   -3.957507|   -0.102592|    0.009156|
|          53|   -4.538317|   -3.980202|   -0.103069|    0.009075|
|          54|   -4.564106|   -4.005953|   -0.103406|    0.009069|
|          55|   -4.592075|   -4.034262|   -0.103671|    0.009120|
|          56|   -4.619918|   -4.062694|   -0.103904|    0.009216|
|          57|   -4.647303|   -4.090899|   -0.104151|    0.009335|
|          58|   -4.673695|   -4.118217|   -0.104415|    0.009466|
|          59|   -4.699250|   -4.144644|   -0.104700|    0.009603|
|          60|   -4.724461|   -4.170514|   -0.105018|    0.009741|
|          61|   -4.750033|   -4.196423|   -0.105367|    0.009870|
|          62|   -4.776321|   -4.222698|   -0.105753|    0.009986|
|          63|   -4.803230|   -4.249275|   -0.106161|    0.010082|
|          64|   -4.830641|   -4.276125|   -0.106595|    0.010155|
|          65|   -4.858493|   -4.303340|   -0.107065|    0.010201|
|          66|   -4.886718|   -4.330995|   -0.107567|    0.010222|
|          67|   -4.915521|   -4.359370|   -0.108080|    0.010221|
|          68|   -4.944534|   -4.388135|   -0.108619|    0.010199|
|          69|   -4.973467|   -4.417056|   -0.109181|    0.010159|
|          70|   -5.001971|   -4.445775|   -0.109769|    0.010107|
|          71|   -5.029716|   -4.473873|   -0.110380|    0.010046|
|          72|   -5.056240|   -4.500769|   -0.111005|    0.009981|
|          73|   -5.081165|   -4.526002|   -0.111641|    0.009916|
|          74|   -5.104249|   -4.549270|   -0.112287|    0.009854|
|          75|   -5.125296|   -4.570355|   -0.112939|    0.009796|
|          76|   -5.144323|   -4.589333|   -0.113594|    0.009745|
|          77|   -5.161711|   -4.606659|   -0.114248|    0.009702|
|          78|   -5.177723|   -4.622626|   -0.114897|    0.009666|
|          79|   -5.192419|   -4.637346|   -0.115537|    0.009638|
|          80|   -5.205771|   -4.650815|   -0.116163|    0.009616|
|          81|   -5.217632|   -4.662883|   -0.116772|    0.009599|
|          82|   -5.227847|   -4.673367|   -0.117362|    0.009586|
|          83|   -5.236279|   -4.682052|   -0.117930|    0.009575|
|          84|   -5.242890|   -4.688882|   -0.118478|    0.009566|
|          85|   -5.247815|   -4.693972|   -0.119007|    0.009557|
|          86|   -5.251210|   -4.697451|   -0.119512|    0.009548|
|          87|   -5.253315|   -4.699585|   -0.119992|    0.009537|
|          88|   -5.254585|   -4.700816|   -0.120450|    0.009524|
|          89|   -5.255323|   -4.701419|   -0.120886|    0.009509|
|          90|   -5.255897|   -4.701780|   -0.121299|    0.009491|
|          91|   -5.256712|   -4.702318|   -0.121688|    0.009471|
|          92|   -5.258028|   -4.703325|   -0.122057|    0.009449|
|          93|   -5.259923|   -4.704921|   -0.122407|    0.009425|
|          94|   -5.262264|   -4.706988|   -0.122738|    0.009399|
|          95|   -5.265091|   -4.709567|   -0.123047|    0.009373|
|          96|   -5.268157|   -4.712409|   -0.123339|    0.009346|
|          97|   -5.272051|   -4.716209|   -0.123612|    0.009319|
|          98|   -5.276534|   -4.720667|   -0.123869|    0.009292|
|          99|   -5.281472|   -4.725597|   -0.124113|    0.009265|
|         100|   -5.286845|   -4.731016|   -0.124344|    0.009239|
|         101|   -5.293007|   -4.737357|   -0.124563|    0.009214|
|         102|   -5.299526|   -4.744118|   -0.124773|    0.009190|
|         103|   -5.305917|   -4.750763|   -0.124973|    0.009168|
|         104|   -5.312220|   -4.757354|   -0.125159|    0.009146|
|         105|   -5.318523|   -4.763947|   -0.125332|    0.009126|
|         106|   -5.325198|   -4.770934|   -0.125492|    0.009107|
|         107|   -5.331987|   -4.778064|   -0.125645|    0.009090|
|         108|   -5.338172|   -4.784558|   -0.125792|    0.009073|
|         109|   -5.343568|   -4.790207|   -0.125933|    0.009058|
|         110|   -5.348399|   -4.795232|   -0.126066|    0.009043|
|         111|   -5.353000|   -4.799956|   -0.126194|    0.009029|
|         112|   -5.357658|   -4.804692|   -0.126318|    0.009016|
|         113|   -5.362601|   -4.809674|   -0.126437|    0.009003|
|         114|   -5.367720|   -4.814761|   -0.126551|    0.008990|
|         115|   -5.373237|   -4.820208|   -0.126660|    0.008979|
|         116|   -5.378980|   -4.825865|   -0.126762|    0.008967|
|         117|   -5.385641|   -4.832456|   -0.126858|    0.008956|
|         118|   -5.393427|   -4.840081|   -0.126946|    0.008945|
|         119|   -5.402426|   -4.848865|   -0.127028|    0.008935|
|         120|   -5.412474|   -4.858689|   -0.127102|    0.008924|
|         121|   -5.423358|   -4.869345|   -0.127169|    0.008915|
|         122|   -5.435250|   -4.880969|   -0.127230|    0.008905|
|         123|   -5.448497|   -4.893889|   -0.127282|    0.008897|
|         124|   -5.463032|   -4.908045|   -0.127328|    0.008888|
|         125|   -5.478818|   -4.923438|   -0.127365|    0.008880|
|         126|   -5.495803|   -4.940023|   -0.127393|    0.008873|
|         127|   -5.513964|   -4.957805|   -0.127413|    0.008866|
|         128|   -5.533273|   -4.976769|   -0.127424|    0.008859|
|         129|   -5.553953|   -4.997051|   -0.127429|    0.008853|
|         130|   -5.576127|   -5.018782|   -0.127428|    0.008847|
|         131|   -5.599559|   -5.041781|   -0.127420|    0.008842|
|         132|   -5.624053|   -5.065859|   -0.127408|    0.008838|
|         133|   -5.649605|   -5.091006|   -0.127392|    0.008834|
|         134|   -5.676599|   -5.117663|   -0.127373|    0.008830|
|         135|   -5.704645|   -5.145420|   -0.127352|    0.008827|
|         136|   -5.733875|   -5.174313|   -0.127328|    0.008825|
|         137|   -5.764244|   -5.204308|   -0.127302|    0.008823|
|         138|   -5.795790|   -5.235461|   -0.127274|    0.008821|
|         139|   -5.828527|   -5.267815|   -0.127244|    0.008820|
|         140|   -5.862464|   -5.301394|   -0.127213|    0.008819|
|         141|   -5.897600|   -5.336204|   -0.127182|    0.008818|
|         142|   -5.933916|   -5.372237|   -0.127151|    0.008818|
|         143|   -5.971360|   -5.409454|   -0.127119|    0.008818|
|         144|   -6.009831|   -5.447769|   -0.127089|    0.008818|
|         145|   -6.049155|   -5.487026|   -0.127060|    0.008818|
|         146|   -6.089064|   -5.526984|   -0.127033|    0.008819|
|         147|   -6.129156|   -5.567272|   -0.127007|    0.008820|
|         148|   -6.168992|   -5.607488|   -0.126983|    0.008821|
|         149|   -6.207762|   -5.646842|   -0.126962|    0.008822|
|         150|   -6.244454|   -5.684321|   -0.126943|    0.008824|
|         151|   -6.277879|   -5.718732|   -0.126927|    0.008825|
|         152|   -6.306839|   -5.748835|   -0.126913|    0.008827|
|         153|   -6.330306|   -5.773519|   -0.126901|    0.008828|
|         154|   -6.347620|   -5.792023|   -0.126893|    0.008830|
|         155|   -6.358617|   -5.804081|   -0.126887|    0.008832|
|         156|   -6.363760|   -5.810072|   -0.126883|    0.008834|
|         157|   -6.364005|   -5.810918|   -0.126882|    0.008836|
|         158|   -6.360552|   -5.807823|   -0.126883|    0.008838|
|         159|   -6.354632|   -5.802054|   -0.126886|    0.008840|
|         160|   -6.347345|   -5.794758|   -0.126891|    0.008842|
|         161|   -6.339565|   -5.786854|   -0.126899|    0.008844|
|         162|   -6.331959|   -5.779052|   -0.126908|    0.008846|
|         163|   -6.325006|   -5.771864|   -0.126919|    0.008848|
|         164|   -6.319043|   -5.765644|   -0.126931|    0.008850|
|         165|   -6.314291|   -5.760629|   -0.126945|    0.008851|
|         166|   -6.310891|   -5.756967|   -0.126960|    0.008853|
|         167|   -6.308930|   -5.754749|   -0.126975|    0.008855|
|         168|   -6.308455|   -5.754024|   -0.126992|    0.008857|
|         169|   -6.309542|   -5.754875|   -0.127010|    0.008858|
|         170|   -6.312208|   -5.757314|   -0.127028|    0.008860|
|         171|   -6.316385|   -5.761269|   -0.127046|    0.008861|
|         172|   -6.322072|   -5.766746|   -0.127065|    0.008863|
|         173|   -6.329290|   -5.773756|   -0.127084|    0.008864|
|         174|   -6.338045|   -5.782301|   -0.127103|    0.008865|
|         175|   -6.348332|   -5.792378|   -0.127122|    0.008866|
|         176|   -6.360146|   -5.803979|   -0.127142|    0.008867|
|         177|   -6.373483|   -5.817100|   -0.127161|    0.008868|
|         178|   -6.388352|   -5.831751|   -0.127180|    0.008869|
|         179|   -6.404753|   -5.847929|   -0.127199|    0.008870|
|         180|   -6.422696|   -5.865645|   -0.127217|    0.008871|
|         181|   -6.442185|   -5.884902|   -0.127235|    0.008872|
|         182|   -6.463211|   -5.905694|   -0.127253|    0.008873|
|         183|   -6.485754|   -5.928001|   -0.127271|    0.008873|
|         184|   -6.509768|   -5.951784|   -0.127289|    0.008874|
|         185|   -6.535176|   -5.976968|   -0.127306|    0.008875|
|         186|   -6.561849|   -6.003434|   -0.127322|    0.008875|
|         187|   -6.589588|   -6.030996|   -0.127338|    0.008876|
|         188|   -6.618099|   -6.059377|   -0.127354|    0.008876|
|         189|   -6.646963|   -6.088178|   -0.127369|    0.008877|
|         190|   -6.675603|   -6.116853|   -0.127384|    0.008877|
|         191|   -6.703275|   -6.144685|   -0.127398|    0.008878|
|         192|   -6.729055|   -6.170780|   -0.127412|    0.008878|
|         193|   -6.751876|   -6.194091|   -0.127425|    0.008878|
|         194|   -6.770659|   -6.213544|   -0.127438|    0.008879|
|         195|   -6.784487|   -6.228192|   -0.127450|    0.008879|
|         196|   -6.792784|   -6.237404|   -0.127462|    0.008879|
|         197|   -6.795465|   -6.241016|   -0.127474|    0.008879|
|         198|   -6.792978|   -6.239393|   -0.127484|    0.008880|
|         199|   -6.786172|   -6.233320|   -0.127495|    0.008880|
|         200|   -6.776111|   -6.223826|   -0.127505|    0.008880|
|         201|   -6.763880|   -6.211990|   -0.127514|    0.008880|
|         202|   -6.750448|   -6.198797|   -0.127523|    0.008880|
|         203|   -6.736603|   -6.185061|   -0.127532|    0.008880|
|         204|   -6.722947|   -6.171410|   -0.127540|    0.008880|
|         205|   -6.709915|   -6.158306|   -0.127547|    0.008880|
|         206|   -6.697801|   -6.146063|   -0.127554|    0.008880|
|         207|   -6.686799|   -6.134891|   -0.127561|    0.008880|
|         208|   -6.677028|   -6.124924|   -0.127567|    0.008880|
|         209|   -6.668557|   -6.116236|   -0.127573|    0.008880|
|         210|   -6.661415|   -6.108866|   -0.127579|    0.008880|
|         211|   -6.655607|   -6.102821|   -0.127584|    0.008880|
|         212|   -6.651121|   -6.098095|   -0.127589|    0.008880|
|         213|   -6.647939|   -6.094670|   -0.127593|    0.008880|
|         214|   -6.646037|   -6.092525|   -0.127597|    0.008880|
|         215|   -6.645375|   -6.091621|   -0.127601|    0.008879|
|         216|   -6.645924|   -6.091930|   -0.127605|    0.008879|
|         217|   -6.647656|   -6.093424|   -0.127608|    0.008879|
|         218|   -6.650542|   -6.096074|   -0.127611|    0.008879|
|         219|   -6.654554|   -6.099853|   -0.127613|    0.008879|
|         220|   -6.659663|   -6.104733|   -0.127616|    0.008879|
|         221|   -6.665847|   -6.110690|   -0.127618|    0.008878|
|         222|   -6.673081|   -6.117700|   -0.127620|    0.008878|
|         223|   -6.681344|   -6.125744|   -0.127621|    0.008878|
|         224|   -6.690618|   -6.134801|   -0.127623|    0.008878|
|         225|   -6.700887|   -6.144856|   -0.127624|    0.008877|
|         226|   -6.712134|   -6.155892|   -0.127625|    0.008877|
|         227|   -6.724345|   -6.167896|   -0.127626|    0.008877|
|         228|   -6.737507|   -6.180855|   -0.127627|    0.008877|
|         229|   -6.751610|   -6.194758|   -0.127628|    0.008877|
|         230|   -6.766642|   -6.209594|   -0.127628|    0.008876|
|         231|   -6.782592|   -6.225353|   -0.127629|    0.008876|
|         232|   -6.799409|   -6.241976|   -0.127629|    0.008876|
|         233|   -6.817145|   -6.259528|   -0.127630|    0.008876|
|         234|   -6.835814|   -6.278007|   -0.127630|    0.008875|
|         235|   -6.855375|   -6.297377|   -0.127630|    0.008875|
|         236|   -6.875782|   -6.317602|   -0.127630|    0.008875|
|         237|   -6.897031|   -6.338679|   -0.127631|    0.008875|
|         238|   -6.919128|   -6.360613|   -0.127631|    0.008874|
|         239|   -6.942056|   -6.383392|   -0.127631|    0.008874|
|         240|   -6.965776|   -6.406977|   -0.127631|    0.008874|
|         241|   -6.990234|   -6.431315|   -0.127631|    0.008874|
|         242|   -7.015365|   -6.456346|   -0.127631|    0.008873|
|         243|   -7.041096|   -6.481997|   -0.127631|    0.008873|
|         244|   -7.067339|   -6.508184|   -0.127632|    0.008873|
|         245|   -7.093980|   -6.534797|   -0.127632|    0.008873|
|         246|   -7.120884|   -6.561706|   -0.127632|    0.008872|
|         247|   -7.147896|   -6.588759|   -0.127632|    0.008872|
|         248|   -7.174832|   -6.615777|   -0.127633|    0.008872|
|         249|   -7.201484|   -6.642552|   -0.127633|    0.008872|
|         250|   -7.227624|   -6.668858|   -0.127634|    0.008871|
+-----------------------------------------------------------------------+
|        File Writing Summary       |              Filename             |
+-----------------------------------------------------------------------+
|SU2 binary restart                 |restart_flow.dat                   |
|Paraview                           |flow.vtu                           |
|Paraview surface                   |surface_flow.vtu                   |
|CSV file                           |surface_flow.csv                   |
+-----------------------------------------------------------------------+
+----------------------------------------------------------------+
|  Inner_Iter|    rms[Rho]|   rms[RhoE]|          CL|          CD|
+----------------------------------------------------------------+
|         251|   -7.253007|   -6.694450|   -0.127634|    0.008871|
|         252|   -7.277390|   -6.719081|   -0.127635|    0.008871|
|         253|   -7.300537|   -6.742510|   -0.127635|    0.008871|
|         254|   -7.322242|   -6.764520|   -0.127636|    0.008871|
|         255|   -7.342342|   -6.784940|   -0.127636|    0.008870|
|         256|   -7.360736|   -6.803655|   -0.127637|    0.008870|
|         257|   -7.377394|   -6.820620|   -0.127638|    0.008870|
|         258|   -7.392361|   -6.835869|   -0.127639|    0.008870|
|         259|   -7.405755|   -6.849507|   -0.127639|    0.008869|
|         260|   -7.417754|   -6.861707|   -0.127640|    0.008869|
|         261|   -7.428583|   -6.872687|   -0.127641|    0.008869|
|         262|   -7.438496|   -6.882700|   -0.127642|    0.008869|
|         263|   -7.447755|   -6.892009|   -0.127643|    0.008869|
|         264|   -7.456617|   -6.900875|   -0.127644|    0.008869|
|         265|   -7.465325|   -6.909546|   -0.127645|    0.008868|
|         266|   -7.474098|   -6.918247|   -0.127645|    0.008868|
|         267|   -7.483131|   -6.927177|   -0.127646|    0.008868|
|         268|   -7.492589|   -6.936510|   -0.127647|    0.008868|
|         269|   -7.502614|   -6.946392|   -0.127648|    0.008868|
|         270|   -7.513322|   -6.956943|   -0.127649|    0.008868|
|         271|   -7.524809|   -6.968264|   -0.127650|    0.008867|
|         272|   -7.537153|   -6.980436|   -0.127650|    0.008867|
|         273|   -7.550412|   -6.993521|   -0.127651|    0.008867|
|         274|   -7.564630|   -7.007567|   -0.127652|    0.008867|
|         275|   -7.579842|   -7.022609|   -0.127653|    0.008867|
|         276|   -7.596063|   -7.038668|   -0.127653|    0.008867|
|         277|   -7.613296|   -7.055749|   -0.127654|    0.008867|
|         278|   -7.631533|   -7.073847|   -0.127654|    0.008867|
|         279|   -7.650749|   -7.092941|   -0.127655|    0.008867|
|         280|   -7.670901|   -7.112992|   -0.127656|    0.008867|
|         281|   -7.691925|   -7.133943|   -0.127656|    0.008866|
|         282|   -7.713728|   -7.155705|   -0.127657|    0.008866|
|         283|   -7.736188|   -7.178163|   -0.127657|    0.008866|
|         284|   -7.759141|   -7.201160|   -0.127657|    0.008866|
|         285|   -7.782381|   -7.224499|   -0.127658|    0.008866|
|         286|   -7.805654|   -7.247930|   -0.127658|    0.008866|
|         287|   -7.828651|   -7.271155|   -0.127658|    0.008866|
|         288|   -7.851020|   -7.293821|   -0.127659|    0.008866|
|         289|   -7.872366|   -7.315535|   -0.127659|    0.008866|
|         290|   -7.892279|   -7.335881|   -0.127659|    0.008866|
|         291|   -7.910357|   -7.354444|   -0.127659|    0.008866|
|         292|   -7.926250|   -7.370852|   -0.127659|    0.008866|
|         293|   -7.939694|   -7.384817|   -0.127659|    0.008866|
|         294|   -7.950550|   -7.396171|   -0.127659|    0.008866|
|         295|   -7.958824|   -7.404890|   -0.127659|    0.008866|
|         296|   -7.964663|   -7.411099|   -0.127659|    0.008866|
|         297|   -7.968338|   -7.415053|   -0.127659|    0.008866|
|         298|   -7.970208|   -7.417104|   -0.127659|    0.008866|
|         299|   -7.970677|   -7.417658|   -0.127659|    0.008866|
|         300|   -7.970159|   -7.417138|   -0.127659|    0.008866|
|         301|   -7.969051|   -7.415948|   -0.127658|    0.008866|
|         302|   -7.967705|   -7.414457|   -0.127658|    0.008866|
|         303|   -7.966429|   -7.412983|   -0.127658|    0.008866|
|         304|   -7.965478|   -7.411794|   -0.127658|    0.008866|
|         305|   -7.965060|   -7.411107|   -0.127658|    0.008867|
|         306|   -7.965339|   -7.411095|   -0.127657|    0.008867|
|         307|   -7.966444|   -7.411894|   -0.127657|    0.008867|
|         308|   -7.968473|   -7.413606|   -0.127657|    0.008867|
|         309|   -7.971503|   -7.416311|   -0.127657|    0.008867|
|         310|   -7.975587|   -7.420067|   -0.127656|    0.008867|
|         311|   -7.980769|   -7.424917|   -0.127656|    0.008867|
|         312|   -7.987077|   -7.430894|   -0.127656|    0.008867|
|         313|   -7.994534|   -7.438018|   -0.127655|    0.008867|
|         314|   -8.003154|   -7.446307|   -0.127655|    0.008867|
|         315|   -8.012948|   -7.455770|   -0.127655|    0.008867|
|         316|   -8.023922|   -7.466415|   -0.127654|    0.008867|
|         317|   -8.036079|   -7.478244|   -0.127654|    0.008867|
|         318|   -8.049418|   -7.491258|   -0.127654|    0.008867|
|         319|   -8.063938|   -7.505455|   -0.127654|    0.008867|
|         320|   -8.079631|   -7.520829|   -0.127653|    0.008867|
|         321|   -8.096486|   -7.537371|   -0.127653|    0.008867|
|         322|   -8.114488|   -7.555066|   -0.127653|    0.008867|
|         323|   -8.133612|   -7.573892|   -0.127653|    0.008868|
|         324|   -8.153825|   -7.593818|   -0.127652|    0.008868|
|         325|   -8.175079|   -7.614802|   -0.127652|    0.008868|
|         326|   -8.197311|   -7.636785|   -0.127652|    0.008868|
|         327|   -8.220433|   -7.659688|   -0.127652|    0.008868|
|         328|   -8.244332|   -7.683404|   -0.127652|    0.008868|
|         329|   -8.268859|   -7.707796|   -0.127652|    0.008868|
|         330|   -8.293823|   -7.732685|   -0.127651|    0.008868|
|         331|   -8.318986|   -7.757847|   -0.127651|    0.008868|
|         332|   -8.344054|   -7.783004|   -0.127651|    0.008868|
|         333|   -8.368681|   -7.807827|   -0.127651|    0.008868|
|         334|   -8.392468|   -7.831931|   -0.127651|    0.008868|
|         335|   -8.414983|   -7.854893|   -0.127651|    0.008868|
|         336|   -8.435780|   -7.876270|   -0.127651|    0.008868|
|         337|   -8.454444|   -7.895635|   -0.127651|    0.008868|
|         338|   -8.470630|   -7.912621|   -0.127651|    0.008868|
|         339|   -8.484114|   -7.926964|   -0.127651|    0.008868|
|         340|   -8.494824|   -7.938546|   -0.127651|    0.008868|
|         341|   -8.502853|   -7.947412|   -0.127651|    0.008868|
|         342|   -8.508444|   -7.953762|   -0.127651|    0.008868|
|         343|   -8.511958|   -7.957924|   -0.127651|    0.008868|
|         344|   -8.513827|   -7.960310|   -0.127651|    0.008868|
|         345|   -8.514504|   -7.961368|   -0.127651|    0.008868|
|         346|   -8.514430|   -7.961543|   -0.127651|    0.008868|
|         347|   -8.514007|   -7.961248|   -0.127651|    0.008868|
|         348|   -8.513582|   -7.960846|   -0.127651|    0.008868|
|         349|   -8.513444|   -7.960640|   -0.127652|    0.008868|
|         350|   -8.513828|   -7.960883|   -0.127652|    0.008868|
|         351|   -8.514918|   -7.961771|   -0.127652|    0.008868|
|         352|   -8.516858|   -7.963458|   -0.127652|    0.008868|
|         353|   -8.519752|   -7.966062|   -0.127652|    0.008868|
|         354|   -8.523679|   -7.969666|   -0.127652|    0.008868|
|         355|   -8.528693|   -7.974332|   -0.127652|    0.008868|
|         356|   -8.534828|   -7.980098|   -0.127652|    0.008868|
|         357|   -8.542102|   -7.986988|   -0.127653|    0.008868|
|         358|   -8.550521|   -7.995008|   -0.127653|    0.008868|
|         359|   -8.560076|   -8.004154|   -0.127653|    0.008868|
|         360|   -8.570747|   -8.014408|   -0.127653|    0.008868|
|         361|   -8.582501|   -8.025738|   -0.127653|    0.008868|
|         362|   -8.595289|   -8.038099|   -0.127653|    0.008868|
|         363|   -8.609048|   -8.051428|   -0.127654|    0.008868|
|         364|   -8.623691|   -8.065645|   -0.127654|    0.008868|
|         365|   -8.639112|   -8.080647|   -0.127654|    0.008868|
|         366|   -8.655175|   -8.096303|   -0.127654|    0.008868|
|         367|   -8.671712|   -8.112454|   -0.127654|    0.008868|
|         368|   -8.688521|   -8.128906|   -0.127654|    0.008868|
|         369|   -8.705363|   -8.145432|   -0.127654|    0.008868|
|         370|   -8.721960|   -8.161767|   -0.127655|    0.008868|
|         371|   -8.738007|   -8.177618|   -0.127655|    0.008868|
|         372|   -8.753174|   -8.192670|   -0.127655|    0.008868|
|         373|   -8.767128|   -8.206599|   -0.127655|    0.008868|
|         374|   -8.779551|   -8.219099|   -0.127655|    0.008868|
|         375|   -8.790168|   -8.229896|   -0.127655|    0.008868|
|         376|   -8.798773|   -8.238780|   -0.127655|    0.008868|
|         377|   -8.805249|   -8.245624|   -0.127655|    0.008868|
|         378|   -8.809585|   -8.250397|   -0.127655|    0.008868|
|         379|   -8.811876|   -8.253171|   -0.127656|    0.008868|
|         380|   -8.812312|   -8.254113|   -0.127656|    0.008868|
|         381|   -8.811161|   -8.253462|   -0.127656|    0.008868|
|         382|   -8.808734|   -8.251512|   -0.127656|    0.008868|
|         383|   -8.805363|   -8.248578|   -0.127656|    0.008868|
|         384|   -8.801377|   -8.244977|   -0.127656|    0.008868|
|         385|   -8.797079|   -8.241011|   -0.127656|    0.008868|
|         386|   -8.792744|   -8.236949|   -0.127656|    0.008868|
|         387|   -8.788605|   -8.233030|   -0.127656|    0.008868|
|         388|   -8.784861|   -8.229454|   -0.127656|    0.008868|
|         389|   -8.781674|   -8.226388|   -0.127656|    0.008868|
|         390|   -8.779176|   -8.223969|   -0.127656|    0.008868|
|         391|   -8.777469|   -8.222304|   -0.127656|    0.008868|
|         392|   -8.776637|   -8.221481|   -0.127656|    0.008868|
|         393|   -8.776744|   -8.221569|   -0.127656|    0.008868|
|         394|   -8.777840|   -8.222620|   -0.127656|    0.008868|
|         395|   -8.779963|   -8.224676|   -0.127656|    0.008868|
|         396|   -8.783144|   -8.227772|   -0.127656|    0.008868|
|         397|   -8.787407|   -8.231932|   -0.127656|    0.008868|
|         398|   -8.792772|   -8.237179|   -0.127656|    0.008868|
|         399|   -8.799254|   -8.243530|   -0.127656|    0.008868|
|         400|   -8.806869|   -8.251002|   -0.127656|    0.008868|
|         401|   -8.815630|   -8.259609|   -0.127656|    0.008868|
|         402|   -8.825551|   -8.269366|   -0.127656|    0.008868|
|         403|   -8.836645|   -8.280288|   -0.127656|    0.008868|
|         404|   -8.848928|   -8.292388|   -0.127656|    0.008868|
|         405|   -8.862414|   -8.305685|   -0.127656|    0.008868|
|         406|   -8.877122|   -8.320195|   -0.127656|    0.008868|
|         407|   -8.893069|   -8.335937|   -0.127656|    0.008868|
|         408|   -8.910275|   -8.352932|   -0.127656|    0.008868|
|         409|   -8.928761|   -8.371200|   -0.127656|    0.008868|
|         410|   -8.948547|   -8.390762|   -0.127656|    0.008868|
|         411|   -8.969652|   -8.411639|   -0.127656|    0.008868|
|         412|   -8.992089|   -8.433844|   -0.127656|    0.008868|
|         413|   -9.015863|   -8.457387|   -0.127655|    0.008868|
|         414|   -9.040966|   -8.482259|   -0.127655|    0.008868|
|         415|   -9.067362|   -8.508432|   -0.127655|    0.008868|
|         416|   -9.094979|   -8.535841|   -0.127655|    0.008868|
|         417|   -9.123694|   -8.564371|   -0.127655|    0.008868|
|         418|   -9.153307|   -8.593836|   -0.127655|    0.008868|
|         419|   -9.183518|   -8.623955|   -0.127655|    0.008868|
|         420|   -9.213903|   -8.654325|   -0.127655|    0.008868|
|         421|   -9.243884|   -8.684394|   -0.127655|    0.008868|
|         422|   -9.272714|   -8.713443|   -0.127655|    0.008868|
|         423|   -9.299490|   -8.740589|   -0.127655|    0.008868|
|         424|   -9.323200|   -8.764833|   -0.127655|    0.008868|
|         425|   -9.342835|   -8.785157|   -0.127655|    0.008868|
|         426|   -9.357551|   -8.800683|   -0.127655|    0.008868|
|         427|   -9.366850|   -8.810854|   -0.127655|    0.008868|
|         428|   -9.370702|   -8.815570|   -0.127655|    0.008868|
|         429|   -9.369564|   -8.815215|   -0.127655|    0.008868|
|         430|   -9.364265|   -8.810568|   -0.127655|    0.008868|
|         431|   -9.355831|   -8.802628|   -0.127655|    0.008868|
|         432|   -9.345301|   -8.792434|   -0.127655|    0.008868|
|         433|   -9.333608|   -8.780934|   -0.127655|    0.008868|
|         434|   -9.321519|   -8.768920|   -0.127655|    0.008868|
|         435|   -9.309620|   -8.757004|   -0.127655|    0.008868|
|         436|   -9.298342|   -8.745641|   -0.127655|    0.008868|
|         437|   -9.287984|   -8.735148|   -0.127655|    0.008868|
|         438|   -9.278747|   -8.725741|   -0.127655|    0.008868|
|         439|   -9.270760|   -8.717561|   -0.127655|    0.008868|
|         440|   -9.264098|   -8.710691|   -0.127655|    0.008868|
|         441|   -9.258804|   -8.705179|   -0.127655|    0.008868|
|         442|   -9.254893|   -8.701045|   -0.127655|    0.008868|
|         443|   -9.252368|   -8.698293|   -0.127655|    0.008868|
|         444|   -9.251218|   -8.696916|   -0.127655|    0.008868|
|         445|   -9.251430|   -8.696900|   -0.127655|    0.008868|
|         446|   -9.252987|   -8.698229|   -0.127655|    0.008868|
|         447|   -9.255869|   -8.700885|   -0.127655|    0.008868|
|         448|   -9.260060|   -8.704852|   -0.127655|    0.008868|
|         449|   -9.265544|   -8.710112|   -0.127655|    0.008868|
|         450|   -9.272307|   -8.716653|   -0.127655|    0.008868|
|         451|   -9.280339|   -8.724463|   -0.127655|    0.008868|
|         452|   -9.289630|   -8.733534|   -0.127655|    0.008868|
|         453|   -9.300176|   -8.743860|   -0.127655|    0.008868|
|         454|   -9.311975|   -8.755441|   -0.127655|    0.008868|
|         455|   -9.325030|   -8.768277|   -0.127655|    0.008868|
|         456|   -9.339345|   -8.782374|   -0.127655|    0.008868|
|         457|   -9.354928|   -8.797740|   -0.127655|    0.008868|
|         458|   -9.371792|   -8.814386|   -0.127655|    0.008868|
|         459|   -9.389950|   -8.832328|   -0.127655|    0.008868|
|         460|   -9.409420|   -8.851584|   -0.127655|    0.008868|
|         461|   -9.430223|   -8.872174|   -0.127655|    0.008868|
|         462|   -9.452378|   -8.894119|   -0.127655|    0.008868|
|         463|   -9.475905|   -8.917443|   -0.127655|    0.008868|
|         464|   -9.500819|   -8.942163|   -0.127655|    0.008868|
|         465|   -9.527129|   -8.968289|   -0.127655|    0.008868|
|         466|   -9.554826|   -8.995821|   -0.127655|    0.008868|
|         467|   -9.583874|   -9.024729|   -0.127655|    0.008868|
|         468|   -9.614199|   -9.054951|   -0.127655|    0.008868|
|         469|   -9.645667|   -9.086367|   -0.127655|    0.008868|
|         470|   -9.678062|   -9.118780|   -0.127655|    0.008868|
|         471|   -9.711055|   -9.151885|   -0.127655|    0.008868|
|         472|   -9.744175|   -9.185237|   -0.127655|    0.008868|
|         473|   -9.776774|   -9.218220|   -0.127655|    0.008868|
|         474|   -9.808006|   -9.250011|   -0.127655|    0.008868|
|         475|   -9.836842|   -9.279596|   -0.127655|    0.008868|
|         476|   -9.862129|   -9.305813|   -0.127655|    0.008868|
|         477|   -9.882743|   -9.327494|   -0.127655|    0.008868|
|         478|   -9.897794|   -9.343675|   -0.127655|    0.008868|
|         479|   -9.906847|   -9.353819|   -0.127655|    0.008868|
|         480|   -9.910044|   -9.357970|   -0.127655|    0.008868|
|         481|   -9.908075|   -9.356746|   -0.127655|    0.008868|
|         482|   -9.901992|   -9.351168|   -0.127655|    0.008868|
|         483|   -9.892984|   -9.342435|   -0.127655|    0.008868|
|         484|   -9.882179|   -9.331708|   -0.127655|    0.008868|
|         485|   -9.870533|   -9.319987|   -0.127655|    0.008868|
|         486|   -9.858796|   -9.308064|   -0.127655|    0.008868|
|         487|   -9.847515|   -9.296524|   -0.127655|    0.008868|
|         488|   -9.837075|   -9.285778|   -0.127655|    0.008868|
|         489|   -9.827732|   -9.276104|   -0.127655|    0.008868|
|         490|   -9.819648|   -9.267678|   -0.127655|    0.008868|
|         491|   -9.812920|   -9.260605|   -0.127655|    0.008868|
|         492|   -9.807598|   -9.254941|   -0.127655|    0.008868|
|         493|   -9.803703|   -9.250710|   -0.127655|    0.008868|
|         494|   -9.801234|   -9.247913|   -0.127655|    0.008868|
|         495|   -9.800178|   -9.246540|   -0.127655|    0.008868|
|         496|   -9.800517|   -9.246571|   -0.127655|    0.008868|
|         497|   -9.802226|   -9.247982|   -0.127655|    0.008868|
|         498|   -9.805282|   -9.250748|   -0.127655|    0.008868|
|         499|   -9.809659|   -9.254845|   -0.127655|    0.008868|
|         500|   -9.815335|   -9.260248|   -0.127655|    0.008868|
+-----------------------------------------------------------------------+
|        File Writing Summary       |              Filename             |
+-----------------------------------------------------------------------+
|SU2 binary restart                 |restart_flow.dat                   |
|Paraview                           |flow.vtu                           |
|Paraview surface                   |surface_flow.vtu                   |
|CSV file                           |surface_flow.csv                   |
+-----------------------------------------------------------------------+
+----------------------------------------------------------------+
|  Inner_Iter|    rms[Rho]|   rms[RhoE]|          CL|          CD|
+----------------------------------------------------------------+
|         501|   -9.822289|   -9.266936|   -0.127655|    0.008868|
|         502|   -9.830501|   -9.274891|   -0.127655|    0.008868|
|         503|   -9.839958|   -9.284095|   -0.127655|    0.008868|
|         504|   -9.850645|   -9.294536|   -0.127655|    0.008868|
|         505|   -9.862552|   -9.306202|   -0.127655|    0.008868|
|         506|   -9.875671|   -9.319086|   -0.127655|    0.008868|
|         507|   -9.889999|   -9.333183|   -0.127655|    0.008868|
|         508|   -9.905531|   -9.348490|   -0.127655|    0.008868|
|         509|   -9.922269|   -9.365006|   -0.127655|    0.008868|
|         510|   -9.940211|   -9.382734|   -0.127655|    0.008868|
|         511|   -9.959360|   -9.401675|   -0.127655|    0.008868|
|         512|   -9.979718|   -9.421832|   -0.127655|    0.008868|
|         513|  -10.001284|   -9.443206|   -0.127655|    0.008868|
|         514|  -10.024055|   -9.465797|   -0.127655|    0.008868|
|         515|  -10.048020|   -9.489595|   -0.127655|    0.008868|
|         516|  -10.073160|   -9.514587|   -0.127655|    0.008868|
|         517|  -10.099438|   -9.540739|   -0.127655|    0.008868|
|         518|  -10.126796|   -9.568001|   -0.127655|    0.008868|
|         519|  -10.155142|   -9.596290|   -0.127655|    0.008868|
|         520|  -10.184343|   -9.625483|   -0.127655|    0.008868|
|         521|  -10.214208|   -9.655402|   -0.127655|    0.008868|
|         522|  -10.244474|   -9.685799|   -0.127655|    0.008868|
|         523|  -10.274793|   -9.716341|   -0.127655|    0.008868|
|         524|  -10.304715|   -9.746595|   -0.127655|    0.008868|
|         525|  -10.333685|   -9.776018|   -0.127655|    0.008868|
|         526|  -10.361054|   -9.803965|   -0.127655|    0.008868|
|         527|  -10.386109|   -9.829720|   -0.127655|    0.008868|
|         528|  -10.408140|   -9.852548|   -0.127655|    0.008868|
|         529|  -10.426528|   -9.871792|   -0.127655|    0.008868|
|         530|  -10.440851|   -9.886977|   -0.127655|    0.008868|
|         531|  -10.450967|   -9.897899|   -0.127655|    0.008868|
|         532|  -10.457047|   -9.904675|   -0.127655|    0.008868|
|         533|  -10.459541|   -9.907716|   -0.127655|    0.008868|
|         534|  -10.459092|   -9.907651|   -0.127655|    0.008868|
|         535|  -10.456435|   -9.905213|   -0.127655|    0.008868|
|         536|  -10.452294|   -9.901148|   -0.127655|    0.008868|
|         537|  -10.447325|   -9.896134|   -0.127655|    0.008868|
|         538|  -10.442078|   -9.890751|   -0.127655|    0.008868|
|         539|  -10.436994|   -9.885462|   -0.127655|    0.008868|
|         540|  -10.432411|   -9.880626|   -0.127655|    0.008868|
|         541|  -10.428577|   -9.876509|   -0.127655|    0.008868|
|         542|  -10.425674|   -9.873303|   -0.127655|    0.008868|
|         543|  -10.423825|   -9.871142|   -0.127655|    0.008868|
|         544|  -10.423117|   -9.870117|   -0.127655|    0.008868|
|         545|  -10.423602|   -9.870287|   -0.127655|    0.008868|
|         546|  -10.425313|   -9.871686|   -0.127655|    0.008868|
|         547|  -10.428268|   -9.874335|   -0.127655|    0.008868|
|         548|  -10.432474|   -9.878240|   -0.127655|    0.008868|
|         549|  -10.437929|   -9.883403|   -0.127655|    0.008868|
|         550|  -10.444629|   -9.889817|   -0.127655|    0.008868|
|         551|  -10.452567|   -9.897477|   -0.127655|    0.008868|
|         552|  -10.461732|   -9.906372|   -0.127655|    0.008868|
|         553|  -10.472116|   -9.916494|   -0.127655|    0.008868|
|         554|  -10.483708|   -9.927831|   -0.127655|    0.008868|
|         555|  -10.496498|   -9.940375|   -0.127655|    0.008868|
|         556|  -10.510477|   -9.954116|   -0.127655|    0.008868|
|         557|  -10.525635|   -9.969043|   -0.127655|    0.008868|
|         558|  -10.541961|   -9.985149|   -0.127655|    0.008868|
|         559|  -10.559445|  -10.002422|   -0.127655|    0.008868|
|         560|  -10.578070|  -10.020848|   -0.127655|    0.008868|
|         561|  -10.597821|  -10.040412|   -0.127655|    0.008868|
|         562|  -10.618673|  -10.061092|   -0.127655|    0.008868|
|         563|  -10.640594|  -10.082859|   -0.127655|    0.008868|
|         564|  -10.663540|  -10.105672|   -0.127655|    0.008868|
|         565|  -10.687449|  -10.129474|   -0.127655|    0.008868|
|         566|  -10.712241|  -10.154189|   -0.127655|    0.008868|
|         567|  -10.737804|  -10.179712|   -0.127655|    0.008868|
|         568|  -10.763993|  -10.205906|   -0.127655|    0.008868|
|         569|  -10.790619|  -10.232590|   -0.127655|    0.008868|
|         570|  -10.817444|  -10.259533|   -0.127655|    0.008868|
|         571|  -10.844171|  -10.286448|   -0.127655|    0.008868|
|         572|  -10.870447|  -10.312989|   -0.127655|    0.008868|
|         573|  -10.895863|  -10.338749|   -0.127655|    0.008868|
|         574|  -10.919972|  -10.363281|   -0.127655|    0.008868|
|         575|  -10.942309|  -10.386110|   -0.127655|    0.008868|
|         576|  -10.962434|  -10.406781|   -0.127655|    0.008868|
|         577|  -10.979975|  -10.424899|   -0.127655|    0.008868|
|         578|  -10.994683|  -10.440184|   -0.127655|    0.008868|
|         579|  -11.006462|  -10.452507|   -0.127655|    0.008868|
|         580|  -11.015390|  -10.461915|   -0.127655|    0.008868|
|         581|  -11.021707|  -10.468627|   -0.127655|    0.008868|
|         582|  -11.025779|  -10.472992|   -0.127655|    0.008868|
|         583|  -11.028052|  -10.475455|   -0.127655|    0.008868|
|         584|  -11.029002|  -10.476493|   -0.127655|    0.008868|
|         585|  -11.029091|  -10.476580|   -0.127655|    0.008868|
|         586|  -11.028740|  -10.476152|   -0.127655|    0.008868|
|         587|  -11.028317|  -10.475589|   -0.127655|    0.008868|
|         588|  -11.028125|  -10.475210|   -0.127655|    0.008868|
|         589|  -11.028412|  -10.475275|   -0.127655|    0.008868|
|         590|  -11.029372|  -10.475987|   -0.127655|    0.008868|
|         591|  -11.031158|  -10.477506|   -0.127655|    0.008868|
|         592|  -11.033884|  -10.479954|   -0.127655|    0.008868|
|         593|  -11.037636|  -10.483421|   -0.127655|    0.008868|
|         594|  -11.042478|  -10.487976|   -0.127655|    0.008868|
|         595|  -11.048458|  -10.493667|   -0.127655|    0.008868|
|         596|  -11.055610|  -10.500530|   -0.127655|    0.008868|
|         597|  -11.063958|  -10.508593|   -0.127655|    0.008868|
|         598|  -11.073520|  -10.517873|   -0.127655|    0.008868|
|         599|  -11.084309|  -10.528385|   -0.127655|    0.008868|
|         600|  -11.096334|  -10.540138|   -0.127655|    0.008868|
|         601|  -11.109601|  -10.553138|   -0.127655|    0.008868|
|         602|  -11.124113|  -10.567391|   -0.127655|    0.008868|
|         603|  -11.139871|  -10.582898|   -0.127655|    0.008868|
|         604|  -11.156876|  -10.599660|   -0.127655|    0.008868|
|         605|  -11.175120|  -10.617674|   -0.127655|    0.008868|
|         606|  -11.194596|  -10.636931|   -0.127655|    0.008868|
|         607|  -11.215286|  -10.657418|   -0.127655|    0.008868|
|         608|  -11.237163|  -10.679113|   -0.127655|    0.008868|
|         609|  -11.260187|  -10.701977|   -0.127655|    0.008868|
|         610|  -11.284297|  -10.725958|   -0.127655|    0.008868|
|         611|  -11.309406|  -10.750975|   -0.127655|    0.008868|
|         612|  -11.335391|  -10.776914|   -0.127655|    0.008868|
|         613|  -11.362086|  -10.803620|   -0.127655|    0.008868|
|         614|  -11.389267|  -10.830881|   -0.127655|    0.008868|
|         615|  -11.416643|  -10.858418|   -0.127655|    0.008868|
|         616|  -11.443846|  -10.885878|   -0.127655|    0.008868|
|         617|  -11.470429|  -10.912824|   -0.127655|    0.008868|
|         618|  -11.495870|  -10.938741|   -0.127655|    0.008868|
|         619|  -11.519597|  -10.963052|   -0.127655|    0.008868|
|         620|  -11.541026|  -10.985162|   -0.127655|    0.008868|
|         621|  -11.559625|  -11.004510|   -0.127655|    0.008868|
|         622|  -11.574986|  -11.020647|   -0.127655|    0.008868|
|         623|  -11.586892|  -11.033304|   -0.127655|    0.008868|
|         624|  -11.595354|  -11.042445|   -0.127655|    0.008868|
|         625|  -11.600612|  -11.048268|   -0.127655|    0.008868|
|         626|  -11.603095|  -11.051177|   -0.127655|    0.008868|
|         627|  -11.603351|  -11.051709|   -0.127655|    0.008868|
|         628|  -11.601974|  -11.050465|   -0.127655|    0.008868|
|         629|  -11.599543|  -11.048040|   -0.127655|    0.008868|
|         630|  -11.596581|  -11.044978|   -0.127655|    0.008868|
|         631|  -11.593533|  -11.041745|   -0.127655|    0.008868|
|         632|  -11.590763|  -11.038726|   -0.127655|    0.008868|
|         633|  -11.588557|  -11.036224|   -0.127655|    0.008868|
|         634|  -11.587133|  -11.034472|   -0.127655|    0.008868|
|         635|  -11.586656|  -11.033645|   -0.127655|    0.008868|
|         636|  -11.587246|  -11.033871|   -0.127655|    0.008868|
|         637|  -11.588989|  -11.035241|   -0.127655|    0.008868|
|         638|  -11.591945|  -11.037821|   -0.127655|    0.008868|
|         639|  -11.596158|  -11.041655|   -0.127655|    0.008868|
|         640|  -11.601653|  -11.046773|   -0.127655|    0.008868|
|         641|  -11.608449|  -11.053193|   -0.127655|    0.008868|
|         642|  -11.616558|  -11.060928|   -0.127655|    0.008868|
|         643|  -11.625983|  -11.069982|   -0.127655|    0.008868|
|         644|  -11.636728|  -11.080358|   -0.127655|    0.008868|
|         645|  -11.648789|  -11.092054|   -0.127655|    0.008868|
|         646|  -11.662164|  -11.105066|   -0.127655|    0.008868|
|         647|  -11.676843|  -11.119386|   -0.127655|    0.008868|
|         648|  -11.692815|  -11.135003|   -0.127655|    0.008868|
|         649|  -11.710061|  -11.151901|   -0.127655|    0.008868|
|         650|  -11.728557|  -11.170054|   -0.127655|    0.008868|
|         651|  -11.748262|  -11.189428|   -0.127655|    0.008868|
|         652|  -11.769124|  -11.209973|   -0.127655|    0.008868|
|         653|  -11.791068|  -11.231618|   -0.127655|    0.008868|
|         654|  -11.813989|  -11.254266|   -0.127655|    0.008868|
|         655|  -11.837743|  -11.277784|   -0.127655|    0.008868|
|         656|  -11.862144|  -11.301994|   -0.127655|    0.008868|
|         657|  -11.886942|  -11.326663|   -0.127655|    0.008868|
|         658|  -11.911823|  -11.351493|   -0.127655|    0.008868|
|         659|  -11.936397|  -11.376113|   -0.127655|    0.008868|
|         660|  -11.960202|  -11.400081|   -0.127655|    0.008868|
|         661|  -11.982712|  -11.422886|   -0.127655|    0.008868|
|         662|  -12.003363|  -11.443977|   -0.127655|    0.008868|
|         663|  -12.021606|  -11.462802|   -0.127655|    0.008868|
|         664|  -12.036960|  -11.478865|   -0.127655|    0.008868|
|         665|  -12.049085|  -11.491794|   -0.127655|    0.008868|
|         666|  -12.057843|  -11.501400|   -0.127655|    0.008868|
|         667|  -12.063315|  -11.507713|   -0.127655|    0.008868|
|         668|  -12.065794|  -11.510976|   -0.127655|    0.008868|
|         669|  -12.065739|  -11.511603|   -0.127655|    0.008868|
|         670|  -12.063695|  -11.510119|   -0.127655|    0.008868|
|         671|  -12.060238|  -11.507089|   -0.127655|    0.008868|
|         672|  -12.055916|  -11.503064|   -0.127655|    0.008868|
|         673|  -12.051213|  -11.498542|   -0.127655|    0.008868|
|         674|  -12.046539|  -11.493948|   -0.127655|    0.008868|
|         675|  -12.042224|  -11.489629|   -0.127655|    0.008868|
|         676|  -12.038528|  -11.485860|   -0.127655|    0.008868|
|         677|  -12.035650|  -11.482854|   -0.127655|    0.008868|
|         678|  -12.033738|  -11.480772|   -0.127655|    0.008868|
|         679|  -12.032900|  -11.479730|   -0.127655|    0.008868|
|         680|  -12.033215|  -11.479815|   -0.127655|    0.008868|
|         681|  -12.034736|  -11.481086|   -0.127655|    0.008868|
|         682|  -12.037502|  -11.483587|   -0.127655|    0.008868|
|         683|  -12.041540|  -11.487348|   -0.127655|    0.008868|
|         684|  -12.046866|  -11.492387|   -0.127655|    0.008868|
|         685|  -12.053493|  -11.498719|   -0.127655|    0.008868|
|         686|  -12.061426|  -11.506351|   -0.127655|    0.008868|
|         687|  -12.070671|  -11.515291|   -0.127655|    0.008868|
|         688|  -12.081233|  -11.525542|   -0.127655|    0.008868|
|         689|  -12.093112|  -11.537106|   -0.127655|    0.008868|
|         690|  -12.106309|  -11.549985|   -0.127655|    0.008868|
|         691|  -12.120824|  -11.564178|   -0.127655|    0.008868|
|         692|  -12.136653|  -11.579683|   -0.127655|    0.008868|
|         693|  -12.153790|  -11.596493|   -0.127655|    0.008868|
|         694|  -12.172222|  -11.614597|   -0.127655|    0.008868|
|         695|  -12.191923|  -11.633971|   -0.127655|    0.008868|
|         696|  -12.212857|  -11.654581|   -0.127655|    0.008868|
|         697|  -12.234965|  -11.676371|   -0.127655|    0.008868|
|         698|  -12.258156|  -11.699257|   -0.127655|    0.008868|
|         699|  -12.282303|  -11.723120|   -0.127655|    0.008868|
|         700|  -12.307224|  -11.747784|   -0.127655|    0.008868|
|         701|  -12.332667|  -11.773014|   -0.127655|    0.008868|
|         702|  -12.358304|  -11.798498|   -0.127655|    0.008868|
|         703|  -12.383710|  -11.823830|   -0.127655|    0.008868|
|         704|  -12.408364|  -11.848510|   -0.127655|    0.008868|
|         705|  -12.431649|  -11.871943|   -0.127655|    0.008868|
|         706|  -12.452895|  -11.893474|   -0.127655|    0.008868|
|         707|  -12.471419|  -11.912429|   -0.127655|    0.008868|
|         708|  -12.486609|  -11.928187|   -0.127655|    0.008868|
|         709|  -12.498017|  -11.940276|   -0.127655|    0.008868|
|         710|  -12.505437|  -11.948448|   -0.127655|    0.008868|
|         711|  -12.508962|  -11.952744|   -0.127655|    0.008868|
|         712|  -12.508949|  -11.953465|   -0.127655|    0.008868|
|         713|  -12.505964|  -11.951135|   -0.127655|    0.008868|
|         714|  -12.500686|  -11.946404|   -0.127655|    0.008868|
|         715|  -12.493812|  -11.939960|   -0.127655|    0.008868|
|         716|  -12.485990|  -11.932451|   -0.127655|    0.008868|
|         717|  -12.477788|  -11.924450|   -0.127655|    0.008868|
|         718|  -12.469661|  -11.916436|   -0.127655|    0.008868|
|         719|  -12.461967|  -11.908778|   -0.127655|    0.008868|
|         720|  -12.454976|  -11.901761|   -0.127655|    0.008868|
|         721|  -12.448884|  -11.895596|   -0.127655|    0.008868|
|         722|  -12.443835|  -11.890436|   -0.127655|    0.008868|
|         723|  -12.439926|  -11.886386|   -0.127655|    0.008868|
|         724|  -12.437221|  -11.883518|   -0.127655|    0.008868|
|         725|  -12.435766|  -11.881882|   -0.127655|    0.008868|
|         726|  -12.435584|  -11.881507|   -0.127655|    0.008868|
|         727|  -12.436690|  -11.882410|   -0.127655|    0.008868|
|         728|  -12.439091|  -11.884600|   -0.127655|    0.008868|
|         729|  -12.442788|  -11.888079|   -0.127655|    0.008868|
|         730|  -12.447781|  -11.892850|   -0.127655|    0.008868|
|         731|  -12.454070|  -11.898912|   -0.127655|    0.008868|
|         732|  -12.461652|  -11.906263|   -0.127655|    0.008868|
|         733|  -12.470527|  -11.914906|   -0.127655|    0.008868|
|         734|  -12.480695|  -11.924839|   -0.127655|    0.008868|
|         735|  -12.492161|  -11.936067|   -0.127655|    0.008868|
|         736|  -12.504931|  -11.948597|   -0.127655|    0.008868|
|         737|  -12.519011|  -11.962435|   -0.127655|    0.008868|
|         738|  -12.534414|  -11.977594|   -0.127655|    0.008868|
|         739|  -12.551150|  -11.994085|   -0.127655|    0.008868|
|         740|  -12.569234|  -12.011922|   -0.127655|    0.008868|
|         741|  -12.588686|  -12.031126|   -0.127655|    0.008868|
|         742|  -12.609516|  -12.051710|   -0.127655|    0.008868|
|         743|  -12.631741|  -12.073690|   -0.127655|    0.008868|
|         744|  -12.655366|  -12.097076|   -0.127655|    0.008868|
|         745|  -12.680388|  -12.121867|   -0.127655|    0.008868|
|         746|  -12.706778|  -12.148039|   -0.127655|    0.008868|
|         747|  -12.734480|  -12.175542|   -0.127655|    0.008868|
|         748|  -12.763396|  -12.204289|   -0.127655|    0.008868|
|         749|  -12.793351|  -12.234124|   -0.127655|    0.008868|
|         750|  -12.824079|  -12.264794|   -0.127655|    0.008868|
+-----------------------------------------------------------------------+
|        File Writing Summary       |              Filename             |
+-----------------------------------------------------------------------+
|SU2 binary restart                 |restart_flow.dat                   |
|Paraview                           |flow.vtu                           |
|Paraview surface                   |surface_flow.vtu                   |
|CSV file                           |surface_flow.csv                   |
+-----------------------------------------------------------------------+
+----------------------------------------------------------------+
|  Inner_Iter|    rms[Rho]|   rms[RhoE]|          CL|          CD|
+----------------------------------------------------------------+
|         751|  -12.855211|  -12.295951|   -0.127655|    0.008868|
|         752|  -12.886206|  -12.327084|   -0.127655|    0.008868|
|         753|  -12.916372|  -12.357529|   -0.127655|    0.008868|
|         754|  -12.944824|  -12.386422|   -0.127655|    0.008868|
|         755|  -12.970543|  -12.412761|   -0.127655|    0.008868|
|         756|  -12.992465|  -12.435472|   -0.127655|    0.008868|
|         757|  -13.009617|  -12.453546|   -0.127655|    0.008868|

----------------------------- Solver Exit -------------------------------
All convergence criteria satisfied.
+-----------------------------------------------------------------------+
|      Convergence Field     |     Value    |   Criterion  |  Converged |
+-----------------------------------------------------------------------+
|                    rms[Rho]|      -13.0096|         < -13|         Yes|
+-----------------------------------------------------------------------+
-------------------------------------------------------------------------
+-----------------------------------------------------------------------+
|        File Writing Summary       |              Filename             |
+-----------------------------------------------------------------------+
|SU2 binary restart                 |restart_flow.dat                   |
|Paraview                           |flow.vtu                           |
|Paraview surface                   |surface_flow.vtu                   |
|CSV file                           |surface_flow.csv                   |
+-----------------------------------------------------------------------+

--------------------------- Finalizing Solver ---------------------------
Deleted CNumerics container.
Deleted CIntegration container.
Deleted CSolver container.
Deleted CIteration container.
Deleted CInterface container.
Deleted CGeometry container.
Deleted CFreeFormDefBox class.
Deleted CSurfaceMovement class.
Deleted CVolumetricMovement class.
Deleted CConfig container.
Deleted nInst container.
Deleted COutput class.
-------------------------------------------------------------------------

------------------------- Exit Success (SU2_CFD) ------------------------

