
-------------------------------------------------------------------------
|    ___ _   _ ___                                                      |
|   / __| | | |_  )   Release 8.3.0 "Harrier"                           |
|   \__ \ |_| |/ /                                                      |
|   |___/\___//___|   Suite (Computational Fluid Dynamics Code)         |
|                                                                       |
-------------------------------------------------------------------------
| SU2 Project Website: https://su2code.github.io                        |
|                                                                       |
| The SU2 Project is maintained by the SU2 Foundation                   |
| (http://su2foundation.org)                                            |
-------------------------------------------------------------------------
| Copyright 2012-2025, SU2 Contributors                                 |
|                                                                       |
| SU2 is free software; you can redistribute it and/or                  |
| modify it under the terms of the GNU Lesser General Public            |
| License as published by the Free Software Foundation; either          |
| version 2.1 of the License, or (at your option) any later version.    |
|                                                                       |
| SU2 is distributed in the hope that it will be useful,                |
| but WITHOUT ANY WARRANTY; without even the implied warranty of        |
| MERCHANTABILITY or FITNESS FOR A PARTICULAR PURPOSE. See the GNU      |
| Lesser General Public License for more details.                       |
|                                                                       |
| You should have received a copy of the GNU Lesser General Public      |
| License along with SU2. If not, see <http://www.gnu.org/licenses/>.   |
-------------------------------------------------------------------------

Parsing config file for zone 0

----------------- Physical Case Definition ( Zone 0 ) -------------------
Compressible Euler equations.
Mach number: 0.8.
Angle of attack (AoA): 1.25 deg, and angle of sideslip (AoS): 0 deg.
No restart solution, use the values at infinity (freestream).
Non-Dimensional simulation (P=1.0, Rho=1.0, T=1.0 at the farfield).
The reference area is 1 m^2.
The semi-span will be computed using the max y(3D) value.
The reference length is 1 m.
Reference origin for moment evaluation is (0.25, 0, 0).
Surface(s) where the force coefficients are evaluated: airfoil.

Surface(s) plotted in the output file: airfoil.
Surface(s) affected by the design variables: airfoil.
Input mesh file name: mesh_NACA0012_inv_deform.su2

--------------- Space Numerical Integration ( Zone 0 ) ------------------
Jameson-Schmidt-Turkel scheme (2nd order in space) for the flow inviscid terms.
JST viscous coefficients (2nd & 4th): 0.5, 0.02.
The method includes a grid stretching correction (p = 0.3).
Gradient for viscous and source terms: Green-Gauss.

--------------- Time Numerical Integration  ( Zone 0 ) ------------------
Local time stepping (steady state simulation).
Euler implicit method for the flow equations.
FGMRES is used for solving the linear system.
Using a LU-SGS preconditioning.
Convergence criteria of the linear solver: 0.0001.
Max number of linear iterations: 2.
V Multigrid Cycle, with 2 multigrid levels.
Damping factor for the residual restriction: 1.
Damping factor for the correction prolongation: 1.
No CFL adaptation.
+-------------------------------------------+
|  MG Level| Presmooth|PostSmooth|CorrectSmo|
+-------------------------------------------+
|         0|         1|         0|         0|
|         1|         2|         0|         0|
|         2|         3|         0|         0|
+-------------------------------------------+
Courant-Friedrichs-Lewy number:       10

------------------ Convergence Criteria  ( Zone 0 ) ---------------------
Maximum number of solver subiterations: 1000.
Begin convergence monitoring at iteration 10.
Residual minimum value: 1e-13.
Cauchy series min. value: 1e-06.
Number of Cauchy elements: 100.
Begin windowed time average at iteration 0.

-------------------- Output Information ( Zone 0 ) ----------------------
File writing frequency: 
+------------------------------------+
|                     File| Frequency|
+------------------------------------+
|                  RESTART|       250|
|                 PARAVIEW|       250|
|         SURFACE_PARAVIEW|       250|
|              SURFACE_CSV|       250|
+------------------------------------+
Writing the convergence history file every 1 inner iterations.
Writing the screen convergence history every 1 inner iterations.
The tabular file format is CSV (.csv).
Convergence history file name: history_direct.
Forces breakdown file name: forces_breakdown.dat.
Surface file name: surface_flow.
Volume file name: flow.
Restart file name: restart_flow.

------------- Config File Boundary Information ( Zone 0 ) ---------------
+-----------------------------------------------------------------------+
|                        Marker Type|                        Marker Name|
+-----------------------------------------------------------------------+
|                         Euler wall|                            airfoil|
+-----------------------------------------------------------------------+
|                          Far-field|                           farfield|
+-----------------------------------------------------------------------+

-------------------- Output Preprocessing ( Zone 0 ) --------------------

WARNING: SURFACE_PRESSURE_DROP can only be computed for at least 2 surfaces (outlet, inlet, ...)

Screen output fields: INNER_ITER, RMS_DENSITY, RMS_ENERGY, LIFT, DRAG
History output group(s): ITER, RMS_RES, AERO_COEFF
Convergence field(s): RMS_DENSITY
Warning: No (valid) fields chosen for time convergence monitoring. Time convergence monitoring inactive.
Volume output fields: COORDINATES, SOLUTION, PRIMITIVE

------------------- Geometry Preprocessing ( Zone 0 ) -------------------
Two dimensional problem.
5233 grid points.
10216 volume elements.
2 surface markers.
200 boundary elements in index 0 (Marker = airfoil).
50 boundary elements in index 1 (Marker = farfield).
10216 triangles.
Setting point connectivity.
Renumbering points (Reverse Cuthill McKee Ordering).
Recomputing point connectivity.
Setting element connectivity.
Checking the numerical grid orientation.
All volume elements are correctly oriented.
All surface elements are correctly oriented.
Identifying edges and vertices.
Setting the control volume structure.
Area of the computational grid: 1253.24.
Searching for the closest normal neighbors to the surfaces.
Storing a mapping from global to local point index.
Compute the surface curvature.
Max K: 7835.1. Mean K: 34.8702. Standard deviation K: 494.381.
Checking for periodicity.
Computing mesh quality statistics for the dual control volumes.
+--------------------------------------------------------------+
|           Mesh Quality Metric|        Minimum|        Maximum|
+--------------------------------------------------------------+
|    Orthogonality Angle (deg.)|        62.8513|        89.5115|
|     CV Face Area Aspect Ratio|        1.00709|        7.21568|
|           CV Sub-Volume Ratio|        1.00212|        6.47413|
+--------------------------------------------------------------+
Setting the multigrid structure.
+-------------------------------------------+
|  MG Level|       CVs|Aggl. Rate|       CFL|
+-------------------------------------------+
|         0|      5233|    1/1.00|        10|
|         1|      1690|     1/3.1|   8.52431|
|         2|       649|     1/2.6|   7.92373|
+-------------------------------------------+
Finding max control volume width.
Wetted area = 2.05978 m.
Area projection in the x-plane = 0.135061 m, y-plane = 0.999845 m.
Max. coordinate in the x-direction = 1 m, y-direction = 0.0628192 m.
Min. coordinate in the x-direction = 0 m, y-direction = -0.0714224 m.
Computing wall distances.

-------------------- Solver Preprocessing ( Zone 0 ) --------------------
Inviscid flow: Computing density based on free-stream
temperature and pressure using the ideal gas law.
Force coefficients computed using free-stream values.

-- Models:
+------------------------------------------------------------------------------+
|          Viscosity Model|        Conductivity Model|              Fluid Model|
+------------------------------------------------------------------------------+
|                        -|                         -|             STANDARD_AIR|
+------------------------------------------------------------------------------+
-- Fluid properties:
+------------------------------------------------------------------------------+
|                  Name|    Dim. value|    Ref. value|      Unit|Non-dim. value|
+------------------------------------------------------------------------------+
|          Gas Constant|       287.058|       287.058|  N.m/kg.K|             1|
|      Spec. Heat Ratio|             -|             -|         -|           1.4|
+------------------------------------------------------------------------------+
-- Initial and free-stream conditions:
+------------------------------------------------------------------------------+
|                  Name|    Dim. value|    Ref. value|      Unit|Non-dim. value|
+------------------------------------------------------------------------------+
|       Static Pressure|        101325|        101325|        Pa|             1|
|               Density|       1.29225|       1.29225|    kg/m^3|             1|
|           Temperature|        273.15|        273.15|         K|             1|
|          Total Energy|        231152|       78409.9|   m^2/s^2|         2.948|
|            Velocity-X|       264.994|       280.018|       m/s|      0.946348|
|            Velocity-Y|       5.78219|       280.018|       m/s|     0.0206494|
|    Velocity Magnitude|       265.057|       280.018|       m/s|      0.946573|
+------------------------------------------------------------------------------+
|           Mach Number|             -|             -|         -|           0.8|
+------------------------------------------------------------------------------+
Initialize Jacobian structure (Euler). MG level: 0.
Initialize Jacobian structure (Euler). MG level: 1.
Initialize Jacobian structure (Euler). MG level: 2.

------------------- Numerics Preprocessing ( Zone 0 ) -------------------

----------------- Integration Preprocessing ( Zone 0 ) ------------------

------------------- Iteration Preprocessing ( Zone 0 ) ------------------
Euler/Navier-Stokes/RANS fluid iteration.

------------------------------ Begin Solver -----------------------------

Simulation Run using the Single-zone Driver
WARNING: SU2 was not compiled for an AVX-capable architecture. Performance could be better,
         see https://su2code.github.io/docs_v7/Build-SU2-Linux-MacOS/#compiler-optimizations
WARNING: SU2 was not compiled for an AVX-capable architecture. Performance could be better,
         see https://su2code.github.io/docs_v7/Build-SU2-Linux-MacOS/#compiler-optimizations
WARNING: SU2 was not compiled for an AVX-capable architecture. Performance could be better,
         see https://su2code.github.io/docs_v7/Build-SU2-Linux-MacOS/#compiler-optimizations
+----------------------------------------------------------------+
|  Inner_Iter|    rms[Rho]|   rms[RhoE]|          CL|          CD|
+----------------------------------------------------------------+
|           0|   -3.491797|   -2.895420|    0.105965|    0.331233|
|           1|   -3.773906|   -3.162955|    0.002591|    0.127209|
|           2|   -3.697307|   -3.098578|    0.017275|    0.097822|
|           3|   -3.644724|   -3.052871|    0.041139|    0.110576|
|           4|   -3.584450|   -2.995547|    0.027709|    0.084273|
|           5|   -3.575866|   -2.990707|    0.016824|    0.071420|
|           6|   -3.576656|   -2.998999|    0.007740|    0.067418|
|           7|   -3.579501|   -3.003714|   -0.002409|    0.062399|
|           8|   -3.558497|   -2.980668|   -0.010962|    0.057092|
|           9|   -3.576851|   -3.002333|   -0.018860|    0.053019|
|          10|   -3.587708|   -3.017471|   -0.026667|    0.050043|
|          11|   -3.596799|   -3.029105|   -0.034157|    0.047090|
|          12|   -3.601971|   -3.034589|   -0.041952|    0.043822|
|          13|   -3.604784|   -3.035590|   -0.050175|    0.040586|
|          14|   -3.615688|   -3.044264|   -0.058267|    0.037515|
|          15|   -3.629896|   -3.056975|   -0.066002|    0.034456|
|          16|   -3.643687|   -3.070950|   -0.073659|    0.031204|
|          17|   -3.658441|   -3.087371|   -0.081369|    0.027688|
|          18|   -3.675416|   -3.106317|   -0.089042|    0.023949|
|          19|   -3.695069|   -3.127334|   -0.096400|    0.020164|
|          20|   -3.715964|   -3.148883|   -0.103020|    0.016557|
|          21|   -3.736131|   -3.169470|   -0.109115|    0.013188|
|          22|   -3.755715|   -3.189669|   -0.114894|    0.010118|
|          23|   -3.775430|   -3.210030|   -0.119525|    0.007568|
|          24|   -3.794711|   -3.229595|   -0.123448|    0.005505|
|          25|   -3.814257|   -3.248849|   -0.126384|    0.004067|
|          26|   -3.836426|   -3.270438|   -0.128525|    0.003273|
|          27|   -3.861597|   -3.294990|   -0.129964|    0.003062|
|          28|   -3.886403|   -3.319520|   -0.130136|    0.003421|
|          29|   -3.909402|   -3.343230|   -0.129470|    0.004094|
|          30|   -3.933783|   -3.369488|   -0.128246|    0.004970|
|          31|   -3.962854|   -3.401060|   -0.126876|    0.005964|
|          32|   -3.997997|   -3.438293|   -0.125637|    0.007007|
|          33|   -4.036995|   -3.478243|   -0.124394|    0.008114|
|          34|   -4.076373|   -3.517588|   -0.123375|    0.009208|
|          35|   -4.114677|   -3.555317|   -0.122770|    0.010218|
|          36|   -4.151008|   -3.590984|   -0.122605|    0.011103|
|          37|   -4.185351|   -3.624933|   -0.122937|    0.011813|
|          38|   -4.217724|   -3.657297|   -0.123822|    0.012303|
|          39|   -4.247340|   -3.687367|   -0.125164|    0.012570|
|          40|   -4.273710|   -3.714571|   -0.126800|    0.012628|
|          41|   -4.297002|   -3.738828|   -0.128629|    0.012495|
|          42|   -4.318677|   -3.761322|   -0.130612|    0.012207|
|          43|   -4.340237|   -3.783423|   -0.132652|    0.011802|
|          44|   -4.361673|   -3.805166|   -0.134678|    0.011320|
|          45|   -4.382201|   -3.825936|   -0.136664|    0.010799|
|          46|   -4.400684|   -3.844669|   -0.138600|    0.010265|
|          47|   -4.416724|   -3.860988|   -0.140449|    0.009743|
|          48|   -4.430793|   -3.875321|   -0.142154|    0.009260|
|          49|   -4.443446|   -3.888081|   -0.143683|    0.008834|
|          50|   -4.455819|   -3.900364|   -0.145060|    0.008476|
|          51|   -4.469096|   -3.913430|   -0.146279|    0.008197|
|          52|   -4.484515|   -3.928651|   -0.147323|    0.008008|
|          53|   -4.502574|   -3.946565|   -0.148201|    0.007906|
|          54|   -4.523305|   -3.967266|   -0.148924|    0.007884|
|          55|   -4.546439|   -3.990355|   -0.149532|    0.007932|
|          56|   -4.571921|   -4.015883|   -0.150064|    0.008033|
|          57|   -4.598143|   -4.042432|   -0.150573|    0.008165|
|          58|   -4.623116|   -4.067985|   -0.151111|    0.008314|
|          59|   -4.645786|   -4.091308|   -0.151734|    0.008466|
|          60|   -4.665516|   -4.111553|   -0.152477|    0.008613|
|          61|   -4.682672|   -4.128982|   -0.153351|    0.008746|
|          62|   -4.698380|   -4.144645|   -0.154317|    0.008861|
|          63|   -4.714528|   -4.160480|   -0.155369|    0.008953|
|          64|   -4.732246|   -4.177575|   -0.156501|    0.009018|
|          65|   -4.751953|   -4.196396|   -0.157685|    0.009054|
|          66|   -4.774287|   -4.217906|   -0.158881|    0.009062|
|          67|   -4.798838|   -4.241984|   -0.160055|    0.009047|
|          68|   -4.823876|   -4.266988|   -0.161199|    0.009012|
|          69|   -4.847700|   -4.291023|   -0.162302|    0.008961|
|          70|   -4.868695|   -4.312438|   -0.163350|    0.008899|
|          71|   -4.885759|   -4.330106|   -0.164342|    0.008832|
|          72|   -4.899199|   -4.344202|   -0.165279|    0.008765|
|          73|   -4.909863|   -4.355406|   -0.166153|    0.008702|
|          74|   -4.919012|   -4.364882|   -0.166959|    0.008646|
|          75|   -4.928204|   -4.374224|   -0.167692|    0.008601|
|          76|   -4.938498|   -4.384392|   -0.168369|    0.008565|
|          77|   -4.951297|   -4.396831|   -0.168990|    0.008539|
|          78|   -4.965246|   -4.410290|   -0.169562|    0.008523|
|          79|   -4.980057|   -4.424548|   -0.170090|    0.008516|
|          80|   -4.995392|   -4.439340|   -0.170569|    0.008519|
|          81|   -5.010262|   -4.453742|   -0.171010|    0.008529|
|          82|   -5.024336|   -4.467450|   -0.171425|    0.008545|
|          83|   -5.037026|   -4.479806|   -0.171814|    0.008565|
|          84|   -5.047606|   -4.490055|   -0.172174|    0.008588|
|          85|   -5.056524|   -4.498644|   -0.172524|    0.008612|
|          86|   -5.064922|   -4.506602|   -0.172875|    0.008637|
|          87|   -5.073734|   -4.514994|   -0.173236|    0.008660|
|          88|   -5.083520|   -4.524514|   -0.173615|    0.008683|
|          89|   -5.095488|   -4.536425|   -0.174009|    0.008703|
|          90|   -5.109504|   -4.550670|   -0.174410|    0.008720|
|          91|   -5.126894|   -4.568844|   -0.174812|    0.008736|
|          92|   -5.145969|   -4.589122|   -0.175225|    0.008749|
|          93|   -5.164604|   -4.608873|   -0.175659|    0.008759|
|          94|   -5.181420|   -4.626605|   -0.176110|    0.008767|
|          95|   -5.195492|   -4.641513|   -0.176573|    0.008773|
|          96|   -5.206927|   -4.653556|   -0.177055|    0.008779|
|          97|   -5.215743|   -4.662734|   -0.177544|    0.008783|
|          98|   -5.222397|   -4.669566|   -0.178032|    0.008786|
|          99|   -5.228114|   -4.675270|   -0.178516|    0.008788|
|         100|   -5.233444|   -4.680439|   -0.178991|    0.008790|
|         101|   -5.238742|   -4.685499|   -0.179453|    0.008793|
|         102|   -5.244120|   -4.690586|   -0.179903|    0.008795|
|         103|   -5.250120|   -4.696290|   -0.180337|    0.008798|
|         104|   -5.257018|   -4.702873|   -0.180748|    0.008801|
|         105|   -5.265118|   -4.710668|   -0.181138|    0.008804|
|         106|   -5.274284|   -4.719536|   -0.181510|    0.008806|
|         107|   -5.284286|   -4.729181|   -0.181866|    0.008808|
|         108|   -5.294940|   -4.739538|   -0.182206|    0.008810|
|         109|   -5.305519|   -4.749793|   -0.182530|    0.008811|
|         110|   -5.316258|   -4.760168|   -0.182839|    0.008811|
|         111|   -5.326955|   -4.770492|   -0.183131|    0.008811|
|         112|   -5.337429|   -4.780602|   -0.183407|    0.008810|
|         113|   -5.347571|   -4.790427|   -0.183667|    0.008808|
|         114|   -5.357444|   -4.800037|   -0.183913|    0.008805|
|         115|   -5.367779|   -4.810199|   -0.184145|    0.008801|
|         116|   -5.378712|   -4.821029|   -0.184361|    0.008797|
|         117|   -5.389395|   -4.831562|   -0.184564|    0.008793|
|         118|   -5.399595|   -4.841559|   -0.184756|    0.008788|
|         119|   -5.409756|   -4.851600|   -0.184938|    0.008783|
|         120|   -5.420084|   -4.861920|   -0.185112|    0.008778|
|         121|   -5.430158|   -4.872006|   -0.185276|    0.008772|
|         122|   -5.440519|   -4.882466|   -0.185427|    0.008766|
|         123|   -5.450549|   -4.892624|   -0.185568|    0.008760|
|         124|   -5.460228|   -4.902391|   -0.185702|    0.008754|
|         125|   -5.469520|   -4.911874|   -0.185830|    0.008747|
|         126|   -5.478285|   -4.920900|   -0.185953|    0.008741|
|         127|   -5.486898|   -4.929783|   -0.186072|    0.008735|
|         128|   -5.495478|   -4.938687|   -0.186187|    0.008728|
|         129|   -5.503794|   -4.947332|   -0.186299|    0.008722|
|         130|   -5.512002|   -4.955801|   -0.186408|    0.008716|
|         131|   -5.520300|   -4.964312|   -0.186514|    0.008709|
|         132|   -5.528743|   -4.972943|   -0.186617|    0.008703|
|         133|   -5.537422|   -4.981784|   -0.186719|    0.008696|
|         134|   -5.546494|   -4.991005|   -0.186818|    0.008690|
|         135|   -5.555843|   -5.000476|   -0.186916|    0.008683|
|         136|   -5.565499|   -5.010199|   -0.187012|    0.008677|
|         137|   -5.575006|   -5.019760|   -0.187103|    0.008671|
|         138|   -5.584615|   -5.029491|   -0.187193|    0.008665|
|         139|   -5.594774|   -5.039670|   -0.187279|    0.008658|
|         140|   -5.605584|   -5.050417|   -0.187361|    0.008652|
|         141|   -5.616916|   -5.061662|   -0.187441|    0.008645|
|         142|   -5.628737|   -5.073386|   -0.187517|    0.008638|
|         143|   -5.641112|   -5.085657|   -0.187589|    0.008631|
|         144|   -5.653941|   -5.098389|   -0.187658|    0.008624|
|         145|   -5.667251|   -5.111625|   -0.187724|    0.008618|
|         146|   -5.681096|   -5.125371|   -0.187787|    0.008611|
|         147|   -5.695502|   -5.139638|   -0.187846|    0.008604|
|         148|   -5.710417|   -5.154389|   -0.187900|    0.008597|
|         149|   -5.725779|   -5.169574|   -0.187950|    0.008590|
|         150|   -5.741591|   -5.185216|   -0.187996|    0.008583|
|         151|   -5.757997|   -5.201461|   -0.188039|    0.008576|
|         152|   -5.774955|   -5.218247|   -0.188078|    0.008569|
|         153|   -5.792319|   -5.235444|   -0.188112|    0.008562|
|         154|   -5.810021|   -5.252983|   -0.188143|    0.008555|
|         155|   -5.828090|   -5.270887|   -0.188171|    0.008549|
|         156|   -5.846538|   -5.289171|   -0.188195|    0.008542|
|         157|   -5.865412|   -5.307906|   -0.188214|    0.008536|
|         158|   -5.884824|   -5.327193|   -0.188232|    0.008530|
|         159|   -5.905156|   -5.347324|   -0.188246|    0.008524|
|         160|   -5.926346|   -5.368281|   -0.188257|    0.008518|
|         161|   -5.948041|   -5.389768|   -0.188266|    0.008512|
|         162|   -5.970075|   -5.411626|   -0.188273|    0.008507|
|         163|   -5.992484|   -5.433876|   -0.188277|    0.008502|
|         164|   -6.015354|   -5.456595|   -0.188281|    0.008496|
|         165|   -6.038752|   -5.479848|   -0.188282|    0.008491|
|         166|   -6.062723|   -5.503678|   -0.188282|    0.008487|
|         167|   -6.087291|   -5.528116|   -0.188281|    0.008482|
|         168|   -6.112471|   -5.553176|   -0.188279|    0.008478|
|         169|   -6.138270|   -5.578864|   -0.188276|    0.008473|
|         170|   -6.164711|   -5.605205|   -0.188272|    0.008469|
|         171|   -6.192264|   -5.632715|   -0.188268|    0.008465|
|         172|   -6.220400|   -5.660800|   -0.188265|    0.008462|
|         173|   -6.249359|   -5.689613|   -0.188261|    0.008459|
|         174|   -6.279153|   -5.719205|   -0.188257|    0.008455|
|         175|   -6.309644|   -5.749493|   -0.188253|    0.008452|
|         176|   -6.340790|   -5.780450|   -0.188249|    0.008449|
|         177|   -6.372597|   -5.812084|   -0.188246|    0.008447|
|         178|   -6.405022|   -5.844354|   -0.188244|    0.008444|
|         179|   -6.437961|   -5.877158|   -0.188242|    0.008442|
|         180|   -6.471262|   -5.910349|   -0.188240|    0.008440|
|         181|   -6.504736|   -5.943745|   -0.188239|    0.008438|
|         182|   -6.538144|   -5.977117|   -0.188238|    0.008436|
|         183|   -6.571182|   -6.010174|   -0.188238|    0.008435|
|         184|   -6.603475|   -6.042552|   -0.188238|    0.008433|
|         185|   -6.634573|   -6.073815|   -0.188239|    0.008432|
|         186|   -6.663973|   -6.103475|   -0.188240|    0.008431|
|         187|   -6.691150|   -6.131014|   -0.188242|    0.008430|
|         188|   -6.715602|   -6.155932|   -0.188244|    0.008429|
|         189|   -6.736904|   -6.177793|   -0.188247|    0.008428|
|         190|   -6.754769|   -6.196290|   -0.188249|    0.008427|
|         191|   -6.769096|   -6.211287|   -0.188253|    0.008426|
|         192|   -6.779982|   -6.222843|   -0.188256|    0.008426|
|         193|   -6.787717|   -6.231209|   -0.188260|    0.008425|
|         194|   -6.792729|   -6.236783|   -0.188264|    0.008425|
|         195|   -6.795532|   -6.240057|   -0.188268|    0.008425|
|         196|   -6.796660|   -6.241559|   -0.188272|    0.008424|
|         197|   -6.796626|   -6.241801|   -0.188277|    0.008424|
|         198|   -6.795877|   -6.241236|   -0.188281|    0.008424|
|         199|   -6.794801|   -6.240266|   -0.188286|    0.008424|
|         200|   -6.793705|   -6.239210|   -0.188291|    0.008424|
|         201|   -6.792830|   -6.238321|   -0.188296|    0.008424|
|         202|   -6.792357|   -6.237789|   -0.188302|    0.008424|
|         203|   -6.792415|   -6.237757|   -0.188307|    0.008425|
|         204|   -6.793098|   -6.238324|   -0.188312|    0.008425|
|         205|   -6.794469|   -6.239559|   -0.188318|    0.008425|
|         206|   -6.796564|   -6.241505|   -0.188323|    0.008426|
|         207|   -6.799402|   -6.244186|   -0.188329|    0.008426|
|         208|   -6.802990|   -6.247610|   -0.188335|    0.008426|
|         209|   -6.807322|   -6.251775|   -0.188340|    0.008427|
|         210|   -6.812388|   -6.256673|   -0.188346|    0.008427|
|         211|   -6.818175|   -6.262291|   -0.188352|    0.008428|
|         212|   -6.824657|   -6.268605|   -0.188358|    0.008429|
|         213|   -6.831811|   -6.275594|   -0.188364|    0.008429|
|         214|   -6.839612|   -6.283230|   -0.188369|    0.008430|
|         215|   -6.848028|   -6.291486|   -0.188375|    0.008430|
|         216|   -6.857032|   -6.300333|   -0.188381|    0.008431|
|         217|   -6.866595|   -6.309742|   -0.188387|    0.008432|
|         218|   -6.876683|   -6.319683|   -0.188393|    0.008432|
|         219|   -6.887265|   -6.330122|   -0.188399|    0.008433|
|         220|   -6.898305|   -6.341025|   -0.188404|    0.008434|
|         221|   -6.909768|   -6.352359|   -0.188410|    0.008435|
|         222|   -6.921618|   -6.364087|   -0.188416|    0.008435|
|         223|   -6.933816|   -6.376172|   -0.188422|    0.008436|
|         224|   -6.946325|   -6.388577|   -0.188427|    0.008437|
|         225|   -6.959103|   -6.401262|   -0.188433|    0.008437|
|         226|   -6.972110|   -6.414188|   -0.188438|    0.008438|
|         227|   -6.985302|   -6.427312|   -0.188444|    0.008439|
|         228|   -6.998637|   -6.440592|   -0.188449|    0.008440|
|         229|   -7.012068|   -6.453984|   -0.188454|    0.008440|
|         230|   -7.025552|   -6.467445|   -0.188459|    0.008441|
|         231|   -7.039043|   -6.480929|   -0.188464|    0.008442|
|         232|   -7.052494|   -6.494391|   -0.188469|    0.008442|
|         233|   -7.065862|   -6.507788|   -0.188474|    0.008443|
|         234|   -7.079101|   -6.521075|   -0.188479|    0.008444|
|         235|   -7.092170|   -6.534210|   -0.188483|    0.008444|
|         236|   -7.105029|   -6.547153|   -0.188488|    0.008445|
|         237|   -7.117640|   -6.559865|   -0.188492|    0.008445|
|         238|   -7.129970|   -6.572312|   -0.188496|    0.008446|
|         239|   -7.141990|   -6.584464|   -0.188500|    0.008447|
|         240|   -7.153675|   -6.596294|   -0.188504|    0.008447|
|         241|   -7.165007|   -6.607782|   -0.188508|    0.008448|
|         242|   -7.175971|   -6.618910|   -0.188512|    0.008448|
|         243|   -7.186560|   -6.629670|   -0.188515|    0.008449|
|         244|   -7.196771|   -6.640054|   -0.188519|    0.008449|
|         245|   -7.206607|   -6.650064|   -0.188522|    0.008450|
|         246|   -7.216075|   -6.659705|   -0.188525|    0.008450|
|         247|   -7.225189|   -6.668986|   -0.188528|    0.008451|
|         248|   -7.233964|   -6.677923|   -0.188531|    0.008451|
|         249|   -7.242420|   -6.686533|   -0.188534|    0.008451|
|         250|   -7.250581|   -6.694836|   -0.188536|    0.008452|
+-----------------------------------------------------------------------+
|        File Writing Summary       |              Filename             |
+-----------------------------------------------------------------------+
|SU2 binary restart                 |restart_flow.dat                   |
|Paraview                           |flow.vtu                           |
|Paraview surface                   |surface_flow.vtu                   |
|CSV file                           |surface_flow.csv                   |
+-----------------------------------------------------------------------+
+----------------------------------------------------------------+
|  Inner_Iter|    rms[Rho]|   rms[RhoE]|          CL|          CD|
+----------------------------------------------------------------+
|         251|   -7.258470|   -6.702856|   -0.188539|    0.008452|
|         252|   -7.266112|   -6.710617|   -0.188541|    0.008452|
|         253|   -7.273536|   -6.718146|   -0.188544|    0.008453|
|         254|   -7.280767|   -6.725468|   -0.188546|    0.008453|
|         255|   -7.287834|   -6.732611|   -0.188548|    0.008453|
|         256|   -7.294761|   -6.739600|   -0.188550|    0.008454|
|         257|   -7.301574|   -6.746461|   -0.188552|    0.008454|
|         258|   -7.308297|   -6.753218|   -0.188554|    0.008454|
|         259|   -7.314954|   -6.759896|   -0.188556|    0.008454|
|         260|   -7.321566|   -6.766517|   -0.188557|    0.008454|
|         261|   -7.328154|   -6.773100|   -0.188559|    0.008455|
|         262|   -7.334737|   -6.779668|   -0.188560|    0.008455|
|         263|   -7.341334|   -6.786240|   -0.188562|    0.008455|
|         264|   -7.347960|   -6.792831|   -0.188563|    0.008455|
|         265|   -7.354632|   -6.799457|   -0.188565|    0.008455|
|         266|   -7.361363|   -6.806136|   -0.188566|    0.008455|
|         267|   -7.368167|   -6.812881|   -0.188567|    0.008455|
|         268|   -7.375058|   -6.819705|   -0.188568|    0.008455|
|         269|   -7.382047|   -6.826622|   -0.188569|    0.008456|
|         270|   -7.389146|   -6.833644|   -0.188570|    0.008456|
|         271|   -7.396365|   -6.840781|   -0.188571|    0.008456|
|         272|   -7.403714|   -6.848044|   -0.188572|    0.008456|
|         273|   -7.411203|   -6.855445|   -0.188573|    0.008456|
|         274|   -7.418842|   -6.862992|   -0.188574|    0.008456|
|         275|   -7.426640|   -6.870695|   -0.188575|    0.008456|
|         276|   -7.434604|   -6.878563|   -0.188576|    0.008456|
|         277|   -7.442744|   -6.886606|   -0.188576|    0.008456|
|         278|   -7.451067|   -6.894830|   -0.188577|    0.008456|
|         279|   -7.459581|   -6.903245|   -0.188578|    0.008456|
|         280|   -7.468294|   -6.911858|   -0.188578|    0.008456|
|         281|   -7.477213|   -6.920678|   -0.188579|    0.008456|
|         282|   -7.486346|   -6.929710|   -0.188579|    0.008455|
|         283|   -7.495698|   -6.938962|   -0.188580|    0.008455|
|         284|   -7.505277|   -6.948442|   -0.188581|    0.008455|
|         285|   -7.515090|   -6.958156|   -0.188581|    0.008455|
|         286|   -7.525143|   -6.968111|   -0.188582|    0.008455|
|         287|   -7.535442|   -6.978312|   -0.188582|    0.008455|
|         288|   -7.545994|   -6.988767|   -0.188583|    0.008455|
|         289|   -7.556804|   -6.999481|   -0.188583|    0.008455|
|         290|   -7.567880|   -7.010461|   -0.188583|    0.008455|
|         291|   -7.579226|   -7.021713|   -0.188584|    0.008455|
|         292|   -7.590850|   -7.033242|   -0.188584|    0.008455|
|         293|   -7.602756|   -7.045055|   -0.188585|    0.008455|
|         294|   -7.614951|   -7.057158|   -0.188585|    0.008455|
|         295|   -7.627441|   -7.069556|   -0.188585|    0.008454|
|         296|   -7.640232|   -7.082255|   -0.188586|    0.008454|
|         297|   -7.653329|   -7.095262|   -0.188586|    0.008454|
|         298|   -7.666740|   -7.108582|   -0.188586|    0.008454|
|         299|   -7.680470|   -7.122222|   -0.188587|    0.008454|
|         300|   -7.694524|   -7.136187|   -0.188587|    0.008454|
|         301|   -7.708911|   -7.150484|   -0.188587|    0.008454|
|         302|   -7.723635|   -7.165119|   -0.188588|    0.008454|
|         303|   -7.738703|   -7.180098|   -0.188588|    0.008454|
|         304|   -7.754122|   -7.195428|   -0.188588|    0.008453|
|         305|   -7.769899|   -7.211115|   -0.188588|    0.008453|
|         306|   -7.786039|   -7.227166|   -0.188589|    0.008453|
|         307|   -7.802550|   -7.243587|   -0.188589|    0.008453|
|         308|   -7.819439|   -7.260386|   -0.188589|    0.008453|
|         309|   -7.836711|   -7.277569|   -0.188589|    0.008453|
|         310|   -7.854375|   -7.295142|   -0.188590|    0.008453|
|         311|   -7.872435|   -7.313113|   -0.188590|    0.008453|
|         312|   -7.890899|   -7.331486|   -0.188590|    0.008453|
|         313|   -7.909774|   -7.350270|   -0.188590|    0.008453|
|         314|   -7.929063|   -7.369469|   -0.188591|    0.008453|
|         315|   -7.948774|   -7.389089|   -0.188591|    0.008452|
|         316|   -7.968911|   -7.409135|   -0.188591|    0.008452|
|         317|   -7.989476|   -7.429611|   -0.188591|    0.008452|
|         318|   -8.010474|   -7.450519|   -0.188591|    0.008452|
|         319|   -8.031905|   -7.471862|   -0.188592|    0.008452|
|         320|   -8.053769|   -7.493638|   -0.188592|    0.008452|
|         321|   -8.076062|   -7.515847|   -0.188592|    0.008452|
|         322|   -8.098781|   -7.538482|   -0.188592|    0.008452|
|         323|   -8.121915|   -7.561535|   -0.188592|    0.008452|
|         324|   -8.145451|   -7.584994|   -0.188592|    0.008452|
|         325|   -8.169371|   -7.608842|   -0.188593|    0.008452|
|         326|   -8.193650|   -7.633055|   -0.188593|    0.008452|
|         327|   -8.218257|   -7.657602|   -0.188593|    0.008452|
|         328|   -8.243149|   -7.682444|   -0.188593|    0.008452|
|         329|   -8.268275|   -7.707529|   -0.188593|    0.008452|
|         330|   -8.293570|   -7.732795|   -0.188593|    0.008452|
|         331|   -8.318953|   -7.758165|   -0.188593|    0.008451|
|         332|   -8.344328|   -7.783545|   -0.188593|    0.008451|
|         333|   -8.369581|   -7.808822|   -0.188594|    0.008451|
|         334|   -8.394575|   -7.833867|   -0.188594|    0.008451|
|         335|   -8.419156|   -7.858525|   -0.188594|    0.008451|
|         336|   -8.443149|   -7.882628|   -0.188594|    0.008451|
|         337|   -8.466364|   -7.905987|   -0.188594|    0.008451|
|         338|   -8.488597|   -7.928402|   -0.188594|    0.008451|
|         339|   -8.509645|   -7.949670|   -0.188594|    0.008451|
|         340|   -8.529312|   -7.969594|   -0.188594|    0.008451|
|         341|   -8.547422|   -7.987996|   -0.188594|    0.008451|
|         342|   -8.563837|   -8.004731|   -0.188594|    0.008451|
|         343|   -8.578462|   -8.019697|   -0.188594|    0.008451|
|         344|   -8.591263|   -8.032850|   -0.188594|    0.008451|
|         345|   -8.602265|   -8.044203|   -0.188594|    0.008451|
|         346|   -8.611552|   -8.053831|   -0.188594|    0.008451|
|         347|   -8.619259|   -8.061857|   -0.188595|    0.008451|
|         348|   -8.625562|   -8.068451|   -0.188595|    0.008451|
|         349|   -8.630663|   -8.073807|   -0.188595|    0.008451|
|         350|   -8.634775|   -8.078136|   -0.188595|    0.008451|
|         351|   -8.638114|   -8.081653|   -0.188595|    0.008451|
|         352|   -8.640885|   -8.084562|   -0.188595|    0.008451|
|         353|   -8.643277|   -8.087056|   -0.188595|    0.008451|
|         354|   -8.645462|   -8.089308|   -0.188595|    0.008451|
|         355|   -8.647587|   -8.091469|   -0.188595|    0.008451|
|         356|   -8.649780|   -8.093670|   -0.188595|    0.008451|
|         357|   -8.652148|   -8.096021|   -0.188595|    0.008451|
|         358|   -8.654779|   -8.098616|   -0.188595|    0.008451|
|         359|   -8.657744|   -8.101528|   -0.188595|    0.008451|
|         360|   -8.661103|   -8.104820|   -0.188595|    0.008451|
|         361|   -8.664902|   -8.108539|   -0.188595|    0.008451|
|         362|   -8.669176|   -8.112724|   -0.188595|    0.008451|
|         363|   -8.673953|   -8.117405|   -0.188595|    0.008451|
|         364|   -8.679255|   -8.122605|   -0.188595|    0.008451|
|         365|   -8.685097|   -8.128341|   -0.188595|    0.008451|
|         366|   -8.691492|   -8.134625|   -0.188595|    0.008451|
|         367|   -8.698446|   -8.141467|   -0.188595|    0.008451|
|         368|   -8.705967|   -8.148873|   -0.188595|    0.008451|
|         369|   -8.714057|   -8.156846|   -0.188595|    0.008451|
|         370|   -8.722718|   -8.165391|   -0.188595|    0.008451|
|         371|   -8.731952|   -8.174507|   -0.188595|    0.008451|
|         372|   -8.741758|   -8.184194|   -0.188595|    0.008451|
|         373|   -8.752136|   -8.194454|   -0.188595|    0.008451|
|         374|   -8.763085|   -8.205284|   -0.188595|    0.008451|
|         375|   -8.774603|   -8.216684|   -0.188595|    0.008451|
|         376|   -8.786690|   -8.228653|   -0.188595|    0.008451|
|         377|   -8.799344|   -8.241188|   -0.188595|    0.008451|
|         378|   -8.812563|   -8.254289|   -0.188595|    0.008451|
|         379|   -8.826346|   -8.267953|   -0.188595|    0.008451|
|         380|   -8.840690|   -8.282179|   -0.188595|    0.008451|
|         381|   -8.855593|   -8.296965|   -0.188596|    0.008451|
|         382|   -8.871051|   -8.312307|   -0.188596|    0.008451|
|         383|   -8.887063|   -8.328201|   -0.188596|    0.008451|
|         384|   -8.903621|   -8.344645|   -0.188596|    0.008451|
|         385|   -8.920721|   -8.361630|   -0.188596|    0.008451|
|         386|   -8.938355|   -8.379152|   -0.188596|    0.008451|
|         387|   -8.956512|   -8.397198|   -0.188596|    0.008451|
|         388|   -8.975179|   -8.415759|   -0.188596|    0.008451|
|         389|   -8.994341|   -8.434816|   -0.188596|    0.008451|
|         390|   -9.013976|   -8.454352|   -0.188596|    0.008451|
|         391|   -9.034057|   -8.474340|   -0.188596|    0.008451|
|         392|   -9.054552|   -8.494748|   -0.188596|    0.008451|
|         393|   -9.075420|   -8.515538|   -0.188596|    0.008451|
|         394|   -9.096610|   -8.536662|   -0.188596|    0.008451|
|         395|   -9.118062|   -8.558060|   -0.188596|    0.008451|
|         396|   -9.139701|   -8.579661|   -0.188596|    0.008451|
|         397|   -9.161439|   -8.601380|   -0.188596|    0.008451|
|         398|   -9.183171|   -8.623116|   -0.188596|    0.008451|
|         399|   -9.204778|   -8.644751|   -0.188596|    0.008451|
|         400|   -9.226120|   -8.666150|   -0.188596|    0.008451|
|         401|   -9.247041|   -8.687161|   -0.188596|    0.008451|
|         402|   -9.267370|   -8.707615|   -0.188596|    0.008451|
|         403|   -9.286922|   -8.727330|   -0.188596|    0.008451|
|         404|   -9.305506|   -8.746117|   -0.188596|    0.008451|
|         405|   -9.322935|   -8.763788|   -0.188596|    0.008451|
|         406|   -9.339030|   -8.780163|   -0.188596|    0.008451|
|         407|   -9.353639|   -8.795083|   -0.188596|    0.008451|
|         408|   -9.366641|   -8.808424|   -0.188596|    0.008451|
|         409|   -9.377963|   -8.820102|   -0.188596|    0.008451|
|         410|   -9.387583|   -8.830086|   -0.188596|    0.008451|
|         411|   -9.395535|   -8.838397|   -0.188596|    0.008451|
|         412|   -9.401902|   -8.845110|   -0.188596|    0.008451|
|         413|   -9.406813|   -8.850345|   -0.188596|    0.008451|
|         414|   -9.410431|   -8.854258|   -0.188596|    0.008451|
|         415|   -9.412942|   -8.857029|   -0.188596|    0.008451|
|         416|   -9.414542|   -8.858851|   -0.188596|    0.008451|
|         417|   -9.415425|   -8.859918|   -0.188596|    0.008451|
|         418|   -9.415779|   -8.860418|   -0.188596|    0.008451|
|         419|   -9.415778|   -8.860526|   -0.188596|    0.008451|
|         420|   -9.415577|   -8.860401|   -0.188596|    0.008451|
|         421|   -9.415312|   -8.860182|   -0.188596|    0.008451|
|         422|   -9.415101|   -8.859990|   -0.188596|    0.008451|
|         423|   -9.415043|   -8.859927|   -0.188596|    0.008451|
|         424|   -9.415221|   -8.860079|   -0.188596|    0.008451|
|         425|   -9.415700|   -8.860517|   -0.188596|    0.008451|
|         426|   -9.416536|   -8.861296|   -0.188596|    0.008451|
|         427|   -9.417772|   -8.862463|   -0.188596|    0.008451|
|         428|   -9.419440|   -8.864053|   -0.188596|    0.008451|
|         429|   -9.421568|   -8.866094|   -0.188596|    0.008451|
|         430|   -9.424173|   -8.868607|   -0.188596|    0.008451|
|         431|   -9.427271|   -8.871606|   -0.188596|    0.008451|
|         432|   -9.430870|   -8.875103|   -0.188596|    0.008451|
|         433|   -9.434976|   -8.879104|   -0.188596|    0.008451|
|         434|   -9.439594|   -8.883615|   -0.188596|    0.008451|
|         435|   -9.444725|   -8.888636|   -0.188596|    0.008451|
|         436|   -9.450368|   -8.894169|   -0.188596|    0.008451|
|         437|   -9.456523|   -8.900212|   -0.188596|    0.008451|
|         438|   -9.463186|   -8.906764|   -0.188596|    0.008451|
|         439|   -9.470356|   -8.913821|   -0.188596|    0.008451|
|         440|   -9.478028|   -8.921381|   -0.188596|    0.008451|
|         441|   -9.486200|   -8.929440|   -0.188596|    0.008451|
|         442|   -9.494867|   -8.937995|   -0.188596|    0.008451|
|         443|   -9.504026|   -8.947043|   -0.188596|    0.008451|
|         444|   -9.513674|   -8.956579|   -0.188596|    0.008451|
|         445|   -9.523808|   -8.966602|   -0.188596|    0.008451|
|         446|   -9.534425|   -8.977107|   -0.188596|    0.008451|
|         447|   -9.545522|   -8.988093|   -0.188596|    0.008451|
|         448|   -9.557098|   -8.999557|   -0.188596|    0.008451|
|         449|   -9.569150|   -9.011498|   -0.188596|    0.008451|
|         450|   -9.581677|   -9.023914|   -0.188596|    0.008451|
|         451|   -9.594678|   -9.036803|   -0.188596|    0.008451|
|         452|   -9.608153|   -9.050167|   -0.188596|    0.008451|
|         453|   -9.622102|   -9.064004|   -0.188597|    0.008451|
|         454|   -9.636525|   -9.078315|   -0.188597|    0.008451|
|         455|   -9.651422|   -9.093100|   -0.188597|    0.008451|
|         456|   -9.666797|   -9.108361|   -0.188597|    0.008451|
|         457|   -9.682649|   -9.124100|   -0.188597|    0.008451|
|         458|   -9.698982|   -9.140318|   -0.188597|    0.008451|
|         459|   -9.715797|   -9.157018|   -0.188597|    0.008451|
|         460|   -9.733097|   -9.174203|   -0.188597|    0.008451|
|         461|   -9.750886|   -9.191875|   -0.188597|    0.008451|
|         462|   -9.769166|   -9.210038|   -0.188597|    0.008451|
|         463|   -9.787940|   -9.228695|   -0.188597|    0.008451|
|         464|   -9.807213|   -9.247849|   -0.188597|    0.008451|
|         465|   -9.826987|   -9.267503|   -0.188597|    0.008451|
|         466|   -9.847264|   -9.287660|   -0.188597|    0.008451|
|         467|   -9.868047|   -9.308322|   -0.188597|    0.008451|
|         468|   -9.889337|   -9.329491|   -0.188597|    0.008451|
|         469|   -9.911133|   -9.351167|   -0.188597|    0.008451|
|         470|   -9.933436|   -9.373349|   -0.188597|    0.008451|
|         471|   -9.956239|   -9.396033|   -0.188597|    0.008451|
|         472|   -9.979538|   -9.419213|   -0.188597|    0.008451|
|         473|  -10.003321|   -9.442881|   -0.188597|    0.008451|
|         474|  -10.027574|   -9.467021|   -0.188597|    0.008451|
|         475|  -10.052276|   -9.491614|   -0.188597|    0.008451|
|         476|  -10.077399|   -9.516634|   -0.188597|    0.008451|
|         477|  -10.102906|   -9.542046|   -0.188597|    0.008451|
|         478|  -10.128749|   -9.567803|   -0.188597|    0.008451|
|         479|  -10.154868|   -9.593847|   -0.188597|    0.008451|
|         480|  -10.181185|   -9.620104|   -0.188597|    0.008451|
|         481|  -10.207604|   -9.646483|   -0.188597|    0.008451|
|         482|  -10.234011|   -9.672871|   -0.188597|    0.008451|
|         483|  -10.260265|   -9.699133|   -0.188597|    0.008451|
|         484|  -10.286202|   -9.725109|   -0.188597|    0.008451|
|         485|  -10.311629|   -9.750612|   -0.188597|    0.008451|
|         486|  -10.336332|   -9.775433|   -0.188597|    0.008451|
|         487|  -10.360072|   -9.799339|   -0.188597|    0.008451|
|         488|  -10.382599|   -9.822081|   -0.188597|    0.008451|
|         489|  -10.403659|   -9.843409|   -0.188597|    0.008451|
|         490|  -10.423012|   -9.863081|   -0.188597|    0.008451|
|         491|  -10.440450|   -9.880883|   -0.188597|    0.008451|
|         492|  -10.455819|   -9.896652|   -0.188597|    0.008451|
|         493|  -10.469031|   -9.910288|   -0.188597|    0.008451|
|         494|  -10.480081|   -9.921772|   -0.188597|    0.008451|
|         495|  -10.489046|   -9.931163|   -0.188597|    0.008451|
|         496|  -10.496074|   -9.938597|   -0.188597|    0.008451|
|         497|  -10.501375|   -9.944270|   -0.188597|    0.008451|
|         498|  -10.505196|   -9.948421|   -0.188597|    0.008451|
|         499|  -10.507806|   -9.951313|   -0.188597|    0.008451|
|         500|  -10.509471|   -9.953212|   -0.188597|    0.008451|
+-----------------------------------------------------------------------+
|        File Writing Summary       |              Filename             |
+-----------------------------------------------------------------------+
|SU2 binary restart                 |restart_flow.dat                   |
|Paraview                           |flow.vtu                           |
|Paraview surface                   |surface_flow.vtu                   |
|CSV file                           |surface_flow.csv                   |
+-----------------------------------------------------------------------+
+----------------------------------------------------------------+
|  Inner_Iter|    rms[Rho]|   rms[RhoE]|          CL|          CD|
+----------------------------------------------------------------+
|         501|  -10.510447|   -9.954373|   -0.188597|    0.008451|
|         502|  -10.510967|   -9.955031|   -0.188597|    0.008451|
|         503|  -10.511237|   -9.955397|   -0.188597|    0.008451|
|         504|  -10.511432|   -9.955650|   -0.188597|    0.008451|
|         505|  -10.511700|   -9.955943|   -0.188597|    0.008451|
|         506|  -10.512162|   -9.956402|   -0.188597|    0.008451|
|         507|  -10.512917|   -9.957129|   -0.188597|    0.008451|
|         508|  -10.514041|   -9.958205|   -0.188597|    0.008451|
|         509|  -10.515595|   -9.959695|   -0.188597|    0.008451|
|         510|  -10.517625|   -9.961647|   -0.188597|    0.008451|
|         511|  -10.520166|   -9.964099|   -0.188597|    0.008451|
|         512|  -10.523242|   -9.967078|   -0.188597|    0.008451|
|         513|  -10.526873|   -9.970605|   -0.188597|    0.008451|
|         514|  -10.531069|   -9.974692|   -0.188597|    0.008451|
|         515|  -10.535839|   -9.979349|   -0.188597|    0.008451|
|         516|  -10.541187|   -9.984581|   -0.188597|    0.008451|
|         517|  -10.547113|   -9.990390|   -0.188597|    0.008451|
|         518|  -10.553618|   -9.996776|   -0.188597|    0.008451|
|         519|  -10.560700|  -10.003738|   -0.188597|    0.008451|
|         520|  -10.568355|  -10.011273|   -0.188597|    0.008451|
|         521|  -10.576581|  -10.019378|   -0.188597|    0.008451|
|         522|  -10.585373|  -10.028050|   -0.188597|    0.008451|
|         523|  -10.594727|  -10.037284|   -0.188597|    0.008451|
|         524|  -10.604640|  -10.047077|   -0.188597|    0.008451|
|         525|  -10.615108|  -10.057425|   -0.188597|    0.008451|
|         526|  -10.626127|  -10.068325|   -0.188597|    0.008451|
|         527|  -10.637694|  -10.079773|   -0.188597|    0.008451|
|         528|  -10.649806|  -10.091766|   -0.188597|    0.008451|
|         529|  -10.662459|  -10.104302|   -0.188597|    0.008451|
|         530|  -10.675653|  -10.117377|   -0.188597|    0.008451|
|         531|  -10.689383|  -10.130990|   -0.188597|    0.008451|
|         532|  -10.703650|  -10.145140|   -0.188597|    0.008451|
|         533|  -10.718450|  -10.159823|   -0.188597|    0.008451|
|         534|  -10.733781|  -10.175038|   -0.188597|    0.008451|
|         535|  -10.749643|  -10.190783|   -0.188597|    0.008451|
|         536|  -10.766031|  -10.207057|   -0.188597|    0.008451|
|         537|  -10.782945|  -10.223856|   -0.188597|    0.008451|
|         538|  -10.800380|  -10.241177|   -0.188597|    0.008451|
|         539|  -10.818332|  -10.259016|   -0.188597|    0.008451|
|         540|  -10.836795|  -10.277368|   -0.188597|    0.008451|
|         541|  -10.855761|  -10.296225|   -0.188597|    0.008451|
|         542|  -10.875221|  -10.315578|   -0.188597|    0.008451|
|         543|  -10.895161|  -10.335415|   -0.188597|    0.008451|
|         544|  -10.915565|  -10.355720|   -0.188597|    0.008451|
|         545|  -10.936412|  -10.376472|   -0.188597|    0.008451|
|         546|  -10.957674|  -10.397646|   -0.188597|    0.008451|
|         547|  -10.979318|  -10.419211|   -0.188597|    0.008451|
|         548|  -11.001304|  -10.441126|   -0.188597|    0.008451|
|         549|  -11.023580|  -10.463342|   -0.188597|    0.008451|
|         550|  -11.046083|  -10.485799|   -0.188597|    0.008451|
|         551|  -11.068739|  -10.508426|   -0.188597|    0.008451|
|         552|  -11.091459|  -10.531135|   -0.188597|    0.008451|
|         553|  -11.114136|  -10.553825|   -0.188597|    0.008451|
|         554|  -11.136650|  -10.576375|   -0.188597|    0.008451|
|         555|  -11.158858|  -10.598650|   -0.188597|    0.008451|
|         556|  -11.180603|  -10.620494|   -0.188597|    0.008451|
|         557|  -11.201712|  -10.641736|   -0.188597|    0.008451|
|         558|  -11.221998|  -10.662194|   -0.188597|    0.008451|
|         559|  -11.241270|  -10.681677|   -0.188597|    0.008451|
|         560|  -11.259338|  -10.699993|   -0.188597|    0.008451|
|         561|  -11.276023|  -10.716963|   -0.188597|    0.008451|
|         562|  -11.291174|  -10.732430|   -0.188597|    0.008451|
|         563|  -11.304673|  -10.746270|   -0.188597|    0.008451|
|         564|  -11.316453|  -10.758406|   -0.188597|    0.008451|
|         565|  -11.326497|  -10.768812|   -0.188597|    0.008451|
|         566|  -11.334847|  -10.777518|   -0.188597|    0.008451|
|         567|  -11.341593|  -10.784605|   -0.188597|    0.008451|
|         568|  -11.346873|  -10.790202|   -0.188597|    0.008451|
|         569|  -11.350859|  -10.794473|   -0.188597|    0.008451|
|         570|  -11.353739|  -10.797603|   -0.188597|    0.008451|
|         571|  -11.355715|  -10.799791|   -0.188597|    0.008451|
|         572|  -11.356984|  -10.801234|   -0.188597|    0.008451|
|         573|  -11.357737|  -10.802122|   -0.188597|    0.008451|
|         574|  -11.358145|  -10.802630|   -0.188597|    0.008451|
|         575|  -11.358366|  -10.802918|   -0.188597|    0.008451|
|         576|  -11.358534|  -10.803123|   -0.188597|    0.008451|
|         577|  -11.358766|  -10.803366|   -0.188597|    0.008451|
|         578|  -11.359159|  -10.803748|   -0.188597|    0.008451|
|         579|  -11.359796|  -10.804353|   -0.188597|    0.008451|
|         580|  -11.360741|  -10.805250|   -0.188597|    0.008451|
|         581|  -11.362048|  -10.806495|   -0.188597|    0.008451|
|         582|  -11.363759|  -10.808133|   -0.188597|    0.008451|
|         583|  -11.365907|  -10.810199|   -0.188597|    0.008451|
|         584|  -11.368518|  -10.812720|   -0.188597|    0.008451|
|         585|  -11.371610|  -10.815716|   -0.188597|    0.008451|
|         586|  -11.375197|  -10.819203|   -0.188597|    0.008451|
|         587|  -11.379289|  -10.823191|   -0.188597|    0.008451|
|         588|  -11.383893|  -10.827687|   -0.188597|    0.008451|
|         589|  -11.389011|  -10.832697|   -0.188597|    0.008451|
|         590|  -11.394647|  -10.838222|   -0.188597|    0.008451|
|         591|  -11.400799|  -10.844263|   -0.188597|    0.008451|
|         592|  -11.407469|  -10.850821|   -0.188597|    0.008451|
|         593|  -11.414654|  -10.857893|   -0.188597|    0.008451|
|         594|  -11.422351|  -10.865478|   -0.188597|    0.008451|
|         595|  -11.430559|  -10.873574|   -0.188597|    0.008451|
|         596|  -11.439276|  -10.882178|   -0.188597|    0.008451|
|         597|  -11.448497|  -10.891288|   -0.188597|    0.008451|
|         598|  -11.458222|  -10.900900|   -0.188597|    0.008451|
|         599|  -11.468447|  -10.911014|   -0.188597|    0.008451|
|         600|  -11.479172|  -10.921627|   -0.188597|    0.008451|
|         601|  -11.490393|  -10.932737|   -0.188597|    0.008451|
|         602|  -11.502110|  -10.944342|   -0.188597|    0.008451|
|         603|  -11.514322|  -10.956443|   -0.188597|    0.008451|
|         604|  -11.527028|  -10.969037|   -0.188597|    0.008451|
|         605|  -11.540228|  -10.982126|   -0.188597|    0.008451|
|         606|  -11.553922|  -10.995708|   -0.188597|    0.008451|
|         607|  -11.568112|  -11.009786|   -0.188597|    0.008451|
|         608|  -11.582798|  -11.024360|   -0.188597|    0.008451|
|         609|  -11.597983|  -11.039431|   -0.188597|    0.008451|
|         610|  -11.613667|  -11.055002|   -0.188597|    0.008451|
|         611|  -11.629854|  -11.071074|   -0.188597|    0.008451|
|         612|  -11.646545|  -11.087650|   -0.188597|    0.008451|
|         613|  -11.663744|  -11.104734|   -0.188597|    0.008451|
|         614|  -11.681454|  -11.122327|   -0.188597|    0.008451|
|         615|  -11.699677|  -11.140434|   -0.188597|    0.008451|
|         616|  -11.718417|  -11.159056|   -0.188597|    0.008451|
|         617|  -11.737676|  -11.178196|   -0.188597|    0.008451|
|         618|  -11.757456|  -11.197857|   -0.188597|    0.008451|
|         619|  -11.777759|  -11.218041|   -0.188597|    0.008451|
|         620|  -11.798585|  -11.238748|   -0.188597|    0.008451|
|         621|  -11.819933|  -11.259977|   -0.188597|    0.008451|
|         622|  -11.841800|  -11.281725|   -0.188597|    0.008451|
|         623|  -11.864180|  -11.303987|   -0.188597|    0.008451|
|         624|  -11.887064|  -11.326756|   -0.188597|    0.008451|
|         625|  -11.910439|  -11.350018|   -0.188597|    0.008451|
|         626|  -11.934286|  -11.373756|   -0.188597|    0.008451|
|         627|  -11.958580|  -11.397946|   -0.188597|    0.008451|
|         628|  -11.983286|  -11.422556|   -0.188597|    0.008451|
|         629|  -12.008361|  -11.447542|   -0.188597|    0.008451|
|         630|  -12.033748|  -11.472851|   -0.188597|    0.008451|
|         631|  -12.059377|  -11.498416|   -0.188597|    0.008451|
|         632|  -12.085157|  -11.524150|   -0.188597|    0.008451|
|         633|  -12.110979|  -11.549947|   -0.188597|    0.008451|
|         634|  -12.136713|  -11.575680|   -0.188597|    0.008451|
|         635|  -12.162199|  -11.601196|   -0.188597|    0.008451|
|         636|  -12.187254|  -11.626317|   -0.188597|    0.008451|
|         637|  -12.211671|  -11.650839|   -0.188597|    0.008451|
|         638|  -12.235218|  -11.674536|   -0.188597|    0.008451|
|         639|  -12.257641|  -11.697161|   -0.188597|    0.008451|
|         640|  -12.278689|  -11.718463|   -0.188597|    0.008451|
|         641|  -12.298108|  -11.738185|   -0.188597|    0.008451|
|         642|  -12.315679|  -11.756110|   -0.188597|    0.008451|
|         643|  -12.331223|  -11.772045|   -0.188597|    0.008451|
|         644|  -12.344631|  -11.785873|   -0.188597|    0.008451|
|         645|  -12.355866|  -11.797541|   -0.188597|    0.008451|
|         646|  -12.364980|  -11.807088|   -0.188597|    0.008451|
|         647|  -12.372103|  -11.814626|   -0.188597|    0.008451|
|         648|  -12.377422|  -11.820329|   -0.188597|    0.008451|
|         649|  -12.381182|  -11.824433|   -0.188597|    0.008451|
|         650|  -12.383643|  -11.827194|   -0.188597|    0.008451|
|         651|  -12.385079|  -11.828879|   -0.188597|    0.008451|
|         652|  -12.385748|  -11.829748|   -0.188597|    0.008451|
|         653|  -12.385895|  -11.830050|   -0.188597|    0.008451|
|         654|  -12.385734|  -11.829998|   -0.188597|    0.008451|
|         655|  -12.385450|  -11.829785|   -0.188597|    0.008451|
|         656|  -12.385201|  -11.829569|   -0.188597|    0.008451|
|         657|  -12.385116|  -11.829490|   -0.188597|    0.008451|
|         658|  -12.385298|  -11.829652|   -0.188597|    0.008451|
|         659|  -12.385831|  -11.830145|   -0.188597|    0.008451|
|         660|  -12.386782|  -11.831036|   -0.188597|    0.008451|
|         661|  -12.388201|  -11.832381|   -0.188597|    0.008451|
|         662|  -12.390123|  -11.834218|   -0.188597|    0.008451|
|         663|  -12.392576|  -11.836579|   -0.188597|    0.008451|
|         664|  -12.395584|  -11.839484|   -0.188597|    0.008451|
|         665|  -12.399155|  -11.842949|   -0.188597|    0.008451|
|         666|  -12.403301|  -11.846984|   -0.188597|    0.008451|
|         667|  -12.408024|  -11.851592|   -0.188597|    0.008451|
|         668|  -12.413328|  -11.856780|   -0.188597|    0.008451|
|         669|  -12.419211|  -11.862545|   -0.188597|    0.008451|
|         670|  -12.425671|  -11.868887|   -0.188597|    0.008451|
|         671|  -12.432707|  -11.875803|   -0.188597|    0.008451|
|         672|  -12.440314|  -11.883290|   -0.188597|    0.008451|
|         673|  -12.448488|  -11.891343|   -0.188597|    0.008451|
|         674|  -12.457224|  -11.899960|   -0.188597|    0.008451|
|         675|  -12.466520|  -11.909136|   -0.188597|    0.008451|
|         676|  -12.476369|  -11.918866|   -0.188597|    0.008451|
|         677|  -12.486770|  -11.929148|   -0.188597|    0.008451|
|         678|  -12.497717|  -11.939976|   -0.188597|    0.008451|
|         679|  -12.509209|  -11.951350|   -0.188597|    0.008451|
|         680|  -12.521243|  -11.963265|   -0.188597|    0.008451|
|         681|  -12.533815|  -11.975719|   -0.188597|    0.008451|
|         682|  -12.546925|  -11.988710|   -0.188597|    0.008451|
|         683|  -12.560569|  -12.002237|   -0.188597|    0.008451|
|         684|  -12.574748|  -12.016298|   -0.188597|    0.008451|
|         685|  -12.589461|  -12.030892|   -0.188597|    0.008451|
|         686|  -12.604707|  -12.046020|   -0.188597|    0.008451|
|         687|  -12.620486|  -12.061681|   -0.188597|    0.008451|
|         688|  -12.636795|  -12.077872|   -0.188597|    0.008451|
|         689|  -12.653638|  -12.094597|   -0.188597|    0.008451|
|         690|  -12.671011|  -12.111852|   -0.188597|    0.008451|
|         691|  -12.688911|  -12.129635|   -0.188597|    0.008451|
|         692|  -12.707336|  -12.147943|   -0.188597|    0.008451|
|         693|  -12.726292|  -12.166780|   -0.188597|    0.008451|
|         694|  -12.745764|  -12.186138|   -0.188597|    0.008451|
|         695|  -12.765748|  -12.206009|   -0.188597|    0.008451|
|         696|  -12.786232|  -12.226381|   -0.188597|    0.008451|
|         697|  -12.807212|  -12.247250|   -0.188597|    0.008451|
|         698|  -12.828665|  -12.268601|   -0.188597|    0.008451|
|         699|  -12.850566|  -12.290399|   -0.188597|    0.008451|
|         700|  -12.872895|  -12.312636|   -0.188597|    0.008451|
|         701|  -12.895610|  -12.335264|   -0.188597|    0.008451|
|         702|  -12.918677|  -12.358259|   -0.188597|    0.008451|
|         703|  -12.942028|  -12.381540|   -0.188597|    0.008451|
|         704|  -12.965607|  -12.405073|   -0.188597|    0.008451|
|         705|  -12.989317|  -12.428750|   -0.188597|    0.008451|
|         706|  -13.013074|  -12.452495|   -0.188597|    0.008451|

----------------------------- Solver Exit -------------------------------
All convergence criteria satisfied.
+-----------------------------------------------------------------------+
|      Convergence Field     |     Value    |   Criterion  |  Converged |
+-----------------------------------------------------------------------+
|                    rms[Rho]|      -13.0131|         < -13|         Yes|
+-----------------------------------------------------------------------+
-------------------------------------------------------------------------
+-----------------------------------------------------------------------+
|        File Writing Summary       |              Filename             |
+-----------------------------------------------------------------------+
|SU2 binary restart                 |restart_flow.dat                   |
|Paraview                           |flow.vtu                           |
|Paraview surface                   |surface_flow.vtu                   |
|CSV file                           |surface_flow.csv                   |
+-----------------------------------------------------------------------+

--------------------------- Finalizing Solver ---------------------------
Deleted CNumerics container.
Deleted CIntegration container.
Deleted CSolver container.
Deleted CIteration container.
Deleted CInterface container.
Deleted CGeometry container.
Deleted CFreeFormDefBox class.
Deleted CSurfaceMovement class.
Deleted CVolumetricMovement class.
Deleted CConfig container.
Deleted nInst container.
Deleted COutput class.
-------------------------------------------------------------------------

------------------------- Exit Success (SU2_CFD) ------------------------

