
-------------------------------------------------------------------------
|    ___ _   _ ___                                                      |
|   / __| | | |_  )   Release 8.3.0 "Harrier"                           |
|   \__ \ |_| |/ /                                                      |
|   |___/\___//___|   Suite (Computational Fluid Dynamics Code)         |
|                                                                       |
-------------------------------------------------------------------------
| SU2 Project Website: https://su2code.github.io                        |
|                                                                       |
| The SU2 Project is maintained by the SU2 Foundation                   |
| (http://su2foundation.org)                                            |
-------------------------------------------------------------------------
| Copyright 2012-2025, SU2 Contributors                                 |
|                                                                       |
| SU2 is free software; you can redistribute it and/or                  |
| modify it under the terms of the GNU Lesser General Public            |
| License as published by the Free Software Foundation; either          |
| version 2.1 of the License, or (at your option) any later version.    |
|                                                                       |
| SU2 is distributed in the hope that it will be useful,                |
| but WITHOUT ANY WARRANTY; without even the implied warranty of        |
| MERCHANTABILITY or FITNESS FOR A PARTICULAR PURPOSE. See the GNU      |
| Lesser General Public License for more details.                       |
|                                                                       |
| You should have received a copy of the GNU Lesser General Public      |
| License along with SU2. If not, see <http://www.gnu.org/licenses/>.   |
-------------------------------------------------------------------------

Parsing config file for zone 0

----------------- Physical Case Definition ( Zone 0 ) -------------------
Compressible Euler equations.
Mach number: 0.8.
Angle of attack (AoA): 1.25 deg, and angle of sideslip (AoS): 0 deg.
No restart solution, use the values at infinity (freestream).
Non-Dimensional simulation (P=1.0, Rho=1.0, T=1.0 at the farfield).
The reference area is 1 m^2.
The semi-span will be computed using the max y(3D) value.
The reference length is 1 m.
Reference origin for moment evaluation is (0.25, 0, 0).
Surface(s) where the force coefficients are evaluated: airfoil.

Surface(s) plotted in the output file: airfoil.
Surface(s) affected by the design variables: airfoil.
Input mesh file name: mesh_NACA0012_inv_deform.su2

--------------- Space Numerical Integration ( Zone 0 ) ------------------
Jameson-Schmidt-Turkel scheme (2nd order in space) for the flow inviscid terms.
JST viscous coefficients (2nd & 4th): 0.5, 0.02.
The method includes a grid stretching correction (p = 0.3).
Gradient for viscous and source terms: Green-Gauss.

--------------- Time Numerical Integration  ( Zone 0 ) ------------------
Local time stepping (steady state simulation).
Euler implicit method for the flow equations.
FGMRES is used for solving the linear system.
Using a LU-SGS preconditioning.
Convergence criteria of the linear solver: 0.0001.
Max number of linear iterations: 2.
V Multigrid Cycle, with 2 multigrid levels.
Damping factor for the residual restriction: 1.
Damping factor for the correction prolongation: 1.
No CFL adaptation.
+-------------------------------------------+
|  MG Level| Presmooth|PostSmooth|CorrectSmo|
+-------------------------------------------+
|         0|         1|         0|         0|
|         1|         2|         0|         0|
|         2|         3|         0|         0|
+-------------------------------------------+
Courant-Friedrichs-Lewy number:       10

------------------ Convergence Criteria  ( Zone 0 ) ---------------------
Maximum number of solver subiterations: 1000.
Begin convergence monitoring at iteration 10.
Residual minimum value: 1e-13.
Cauchy series min. value: 1e-06.
Number of Cauchy elements: 100.
Begin windowed time average at iteration 0.

-------------------- Output Information ( Zone 0 ) ----------------------
File writing frequency: 
+------------------------------------+
|                     File| Frequency|
+------------------------------------+
|                  RESTART|       250|
|                 PARAVIEW|       250|
|         SURFACE_PARAVIEW|       250|
|              SURFACE_CSV|       250|
+------------------------------------+
Writing the convergence history file every 1 inner iterations.
Writing the screen convergence history every 1 inner iterations.
The tabular file format is CSV (.csv).
Convergence history file name: history_direct.
Forces breakdown file name: forces_breakdown.dat.
Surface file name: surface_flow.
Volume file name: flow.
Restart file name: restart_flow.

------------- Config File Boundary Information ( Zone 0 ) ---------------
+-----------------------------------------------------------------------+
|                        Marker Type|                        Marker Name|
+-----------------------------------------------------------------------+
|                         Euler wall|                            airfoil|
+-----------------------------------------------------------------------+
|                          Far-field|                           farfield|
+-----------------------------------------------------------------------+

-------------------- Output Preprocessing ( Zone 0 ) --------------------

WARNING: SURFACE_PRESSURE_DROP can only be computed for at least 2 surfaces (outlet, inlet, ...)

Screen output fields: INNER_ITER, RMS_DENSITY, RMS_ENERGY, LIFT, DRAG
History output group(s): ITER, RMS_RES, AERO_COEFF
Convergence field(s): RMS_DENSITY
Warning: No (valid) fields chosen for time convergence monitoring. Time convergence monitoring inactive.
Volume output fields: COORDINATES, SOLUTION, PRIMITIVE

------------------- Geometry Preprocessing ( Zone 0 ) -------------------
Two dimensional problem.
5233 grid points.
10216 volume elements.
2 surface markers.
200 boundary elements in index 0 (Marker = airfoil).
50 boundary elements in index 1 (Marker = farfield).
10216 triangles.
Setting point connectivity.
Renumbering points (Reverse Cuthill McKee Ordering).
Recomputing point connectivity.
Setting element connectivity.
Checking the numerical grid orientation.
All volume elements are correctly oriented.
All surface elements are correctly oriented.
Identifying edges and vertices.
Setting the control volume structure.
Area of the computational grid: 1253.24.
Searching for the closest normal neighbors to the surfaces.
Storing a mapping from global to local point index.
Compute the surface curvature.
Max K: 7835.1. Mean K: 34.4996. Standard deviation K: 494.424.
Checking for periodicity.
Computing mesh quality statistics for the dual control volumes.
+--------------------------------------------------------------+
|           Mesh Quality Metric|        Minimum|        Maximum|
+--------------------------------------------------------------+
|    Orthogonality Angle (deg.)|         62.603|        89.5683|
|     CV Face Area Aspect Ratio|        1.00701|        7.20116|
|           CV Sub-Volume Ratio|        1.00254|        6.47724|
+--------------------------------------------------------------+
Setting the multigrid structure.
+-------------------------------------------+
|  MG Level|       CVs|Aggl. Rate|       CFL|
+-------------------------------------------+
|         0|      5233|    1/1.00|        10|
|         1|      1690|     1/3.1|   8.52431|
|         2|       649|     1/2.6|   7.92373|
+-------------------------------------------+
Finding max control volume width.
Wetted area = 2.04929 m.
Area projection in the x-plane = 0.134887 m, y-plane = 0.999845 m.
Max. coordinate in the x-direction = 1 m, y-direction = 0.0720451 m.
Min. coordinate in the x-direction = 0 m, y-direction = -0.062883 m.
Computing wall distances.

-------------------- Solver Preprocessing ( Zone 0 ) --------------------
Inviscid flow: Computing density based on free-stream
temperature and pressure using the ideal gas law.
Force coefficients computed using free-stream values.

-- Models:
+------------------------------------------------------------------------------+
|          Viscosity Model|        Conductivity Model|              Fluid Model|
+------------------------------------------------------------------------------+
|                        -|                         -|             STANDARD_AIR|
+------------------------------------------------------------------------------+
-- Fluid properties:
+------------------------------------------------------------------------------+
|                  Name|    Dim. value|    Ref. value|      Unit|Non-dim. value|
+------------------------------------------------------------------------------+
|          Gas Constant|       287.058|       287.058|  N.m/kg.K|             1|
|      Spec. Heat Ratio|             -|             -|         -|           1.4|
+------------------------------------------------------------------------------+
-- Initial and free-stream conditions:
+------------------------------------------------------------------------------+
|                  Name|    Dim. value|    Ref. value|      Unit|Non-dim. value|
+------------------------------------------------------------------------------+
|       Static Pressure|        101325|        101325|        Pa|             1|
|               Density|       1.29225|       1.29225|    kg/m^3|             1|
|           Temperature|        273.15|        273.15|         K|             1|
|          Total Energy|        231152|       78409.9|   m^2/s^2|         2.948|
|            Velocity-X|       264.994|       280.018|       m/s|      0.946348|
|            Velocity-Y|       5.78219|       280.018|       m/s|     0.0206494|
|    Velocity Magnitude|       265.057|       280.018|       m/s|      0.946573|
+------------------------------------------------------------------------------+
|           Mach Number|             -|             -|         -|           0.8|
+------------------------------------------------------------------------------+
Initialize Jacobian structure (Euler). MG level: 0.
Initialize Jacobian structure (Euler). MG level: 1.
Initialize Jacobian structure (Euler). MG level: 2.

------------------- Numerics Preprocessing ( Zone 0 ) -------------------

----------------- Integration Preprocessing ( Zone 0 ) ------------------

------------------- Iteration Preprocessing ( Zone 0 ) ------------------
Euler/Navier-Stokes/RANS fluid iteration.

------------------------------ Begin Solver -----------------------------

Simulation Run using the Single-zone Driver
WARNING: SU2 was not compiled for an AVX-capable architecture. Performance could be better,
         see https://su2code.github.io/docs_v7/Build-SU2-Linux-MacOS/#compiler-optimizations
WARNING: SU2 was not compiled for an AVX-capable architecture. Performance could be better,
         see https://su2code.github.io/docs_v7/Build-SU2-Linux-MacOS/#compiler-optimizations
WARNING: SU2 was not compiled for an AVX-capable architecture. Performance could be better,
         see https://su2code.github.io/docs_v7/Build-SU2-Linux-MacOS/#compiler-optimizations
+----------------------------------------------------------------+
|  Inner_Iter|    rms[Rho]|   rms[RhoE]|          CL|          CD|
+----------------------------------------------------------------+
|           0|   -3.526616|   -2.930239|    0.158476|    0.291344|
|           1|   -3.775296|   -3.164713|    0.070040|    0.113147|
|           2|   -3.711085|   -3.112924|    0.088897|    0.086878|
|           3|   -3.658807|   -3.066360|    0.123900|    0.104021|
|           4|   -3.605376|   -3.016351|    0.127393|    0.080028|
|           5|   -3.599559|   -3.015060|    0.130985|    0.067492|
|           6|   -3.595310|   -3.017457|    0.139021|    0.065334|
|           7|   -3.595966|   -3.019649|    0.147139|    0.061811|
|           8|   -3.579324|   -3.002259|    0.154130|    0.057523|
|           9|   -3.594251|   -3.021098|    0.159793|    0.054642|
|          10|   -3.604241|   -3.034912|    0.165160|    0.052928|
|          11|   -3.613075|   -3.045538|    0.170615|    0.051287|
|          12|   -3.619814|   -3.052615|    0.175796|    0.049463|
|          13|   -3.624147|   -3.055617|    0.180744|    0.047713|
|          14|   -3.633484|   -3.063050|    0.185732|    0.046102|
|          15|   -3.645563|   -3.073663|    0.190638|    0.044487|
|          16|   -3.659702|   -3.087689|    0.195189|    0.042717|
|          17|   -3.677017|   -3.106252|    0.199476|    0.040752|
|          18|   -3.696918|   -3.127818|    0.203400|    0.038610|
|          19|   -3.719187|   -3.151308|    0.206836|    0.036379|
|          20|   -3.743078|   -3.175902|    0.209854|    0.034187|
|          21|   -3.766068|   -3.199580|    0.212617|    0.032162|
|          22|   -3.785755|   -3.220356|    0.215190|    0.030389|
|          23|   -3.801407|   -3.237256|    0.217602|    0.028938|
|          24|   -3.813683|   -3.250312|    0.219894|    0.027877|
|          25|   -3.824317|   -3.260991|    0.221851|    0.027220|
|          26|   -3.836371|   -3.272677|    0.223747|    0.027021|
|          27|   -3.853400|   -3.289464|    0.225703|    0.027278|
|          28|   -3.876301|   -3.312369|    0.227243|    0.027862|
|          29|   -3.903159|   -3.339213|    0.228967|    0.028787|
|          30|   -3.929648|   -3.365623|    0.230563|    0.029919|
|          31|   -3.953191|   -3.389526|    0.231406|    0.031073|
|          32|   -3.975808|   -3.413502|    0.231633|    0.032202|
|          33|   -4.003220|   -3.443128|    0.231772|    0.033320|
|          34|   -4.038292|   -3.480142|    0.231614|    0.034342|
|          35|   -4.081121|   -3.523518|    0.231409|    0.035261|
|          36|   -4.128840|   -3.569901|    0.231315|    0.036061|
|          37|   -4.177750|   -3.616321|    0.231365|    0.036722|
|          38|   -4.221978|   -3.658526|    0.231343|    0.037195|
|          39|   -4.254120|   -3.690585|    0.231231|    0.037475|
|          40|   -4.269748|   -3.708171|    0.231029|    0.037571|
|          41|   -4.271880|   -3.712994|    0.230761|    0.037499|
|          42|   -4.267115|   -3.710371|    0.230481|    0.037289|
|          43|   -4.260488|   -3.704829|    0.230246|    0.036973|
|          44|   -4.257162|   -3.701301|    0.230090|    0.036581|
|          45|   -4.262604|   -3.705642|    0.229876|    0.036122|
|          46|   -4.280013|   -3.721636|    0.229672|    0.035629|
|          47|   -4.307551|   -3.747705|    0.229642|    0.035153|
|          48|   -4.342735|   -3.781419|    0.229759|    0.034715|
|          49|   -4.382938|   -3.820396|    0.229930|    0.034322|
|          50|   -4.425532|   -3.862435|    0.230175|    0.033996|
|          51|   -4.467952|   -3.905463|    0.230486|    0.033744|
|          52|   -4.504541|   -3.943844|    0.230854|    0.033573|
|          53|   -4.531880|   -3.973641|    0.231284|    0.033482|
|          54|   -4.549955|   -3.994101|    0.231728|    0.033460|
|          55|   -4.561091|   -4.006956|    0.232156|    0.033497|
|          56|   -4.568847|   -4.015525|    0.232553|    0.033583|
|          57|   -4.576618|   -4.023314|    0.232884|    0.033706|
|          58|   -4.587375|   -4.033603|    0.233138|    0.033853|
|          59|   -4.602771|   -4.048354|    0.233325|    0.034014|
|          60|   -4.623273|   -4.068257|    0.233446|    0.034180|
|          61|   -4.648078|   -4.092585|    0.233498|    0.034343|
|          62|   -4.676478|   -4.120731|    0.233480|    0.034493|
|          63|   -4.707312|   -4.151640|    0.233393|    0.034623|
|          64|   -4.738449|   -4.183174|    0.233252|    0.034729|
|          65|   -4.768216|   -4.213732|    0.233069|    0.034808|
|          66|   -4.795267|   -4.241915|    0.232854|    0.034858|
|          67|   -4.818826|   -4.266774|    0.232619|    0.034880|
|          68|   -4.838782|   -4.287973|    0.232376|    0.034878|
|          69|   -4.855770|   -4.305933|    0.232139|    0.034855|
|          70|   -4.871059|   -4.321755|    0.231916|    0.034813|
|          71|   -4.886146|   -4.336913|    0.231713|    0.034757|
|          72|   -4.902101|   -4.352590|    0.231538|    0.034691|
|          73|   -4.919588|   -4.369596|    0.231393|    0.034617|
|          74|   -4.938626|   -4.388099|    0.231285|    0.034541|
|          75|   -4.958911|   -4.407888|    0.231216|    0.034467|
|          76|   -4.979598|   -4.428202|    0.231179|    0.034396|
|          77|   -4.999355|   -4.447715|    0.231172|    0.034333|
|          78|   -5.017463|   -4.465722|    0.231196|    0.034278|
|          79|   -5.033404|   -4.481633|    0.231247|    0.034233|
|          80|   -5.047221|   -4.495421|    0.231321|    0.034199|
|          81|   -5.059537|   -4.507683|    0.231411|    0.034176|
|          82|   -5.071365|   -4.519448|    0.231516|    0.034163|
|          83|   -5.083651|   -4.531690|    0.231629|    0.034159|
|          84|   -5.096993|   -4.545037|    0.231747|    0.034164|
|          85|   -5.111901|   -4.560071|    0.231862|    0.034175|
|          86|   -5.128578|   -4.577038|    0.231973|    0.034192|
|          87|   -5.146753|   -4.595640|    0.232074|    0.034213|
|          88|   -5.166186|   -4.615675|    0.232161|    0.034236|
|          89|   -5.186285|   -4.636539|    0.232232|    0.034259|
|          90|   -5.206469|   -4.657602|    0.232286|    0.034283|
|          91|   -5.226252|   -4.678300|    0.232323|    0.034305|
|          92|   -5.245195|   -4.698075|    0.232340|    0.034326|
|          93|   -5.263067|   -4.716594|    0.232338|    0.034344|
|          94|   -5.279838|   -4.733756|    0.232318|    0.034359|
|          95|   -5.295725|   -4.749742|    0.232281|    0.034372|
|          96|   -5.311062|   -4.764896|    0.232231|    0.034381|
|          97|   -5.326278|   -4.779676|    0.232170|    0.034387|
|          98|   -5.341612|   -4.794377|    0.232098|    0.034390|
|          99|   -5.357407|   -4.809414|    0.232020|    0.034390|
|         100|   -5.373914|   -4.825100|    0.231937|    0.034388|
|         101|   -5.391215|   -4.841578|    0.231853|    0.034384|
|         102|   -5.409314|   -4.858914|    0.231769|    0.034378|
|         103|   -5.428027|   -4.876973|    0.231688|    0.034371|
|         104|   -5.447087|   -4.895522|    0.231611|    0.034363|
|         105|   -5.466170|   -4.914262|    0.231541|    0.034354|
|         106|   -5.484977|   -4.932901|    0.231478|    0.034346|
|         107|   -5.503268|   -4.951185|    0.231423|    0.034337|
|         108|   -5.521020|   -4.969087|    0.231376|    0.034329|
|         109|   -5.538202|   -4.986530|    0.231338|    0.034322|
|         110|   -5.554913|   -5.003563|    0.231308|    0.034315|
|         111|   -5.571354|   -5.020344|    0.231286|    0.034310|
|         112|   -5.587668|   -5.037002|    0.231271|    0.034305|
|         113|   -5.604025|   -5.053711|    0.231263|    0.034301|
|         114|   -5.620580|   -5.070610|    0.231261|    0.034298|
|         115|   -5.637434|   -5.087788|    0.231263|    0.034295|
|         116|   -5.654671|   -5.105331|    0.231270|    0.034294|
|         117|   -5.672290|   -5.123245|    0.231280|    0.034292|
|         118|   -5.690200|   -5.141448|    0.231292|    0.034292|
|         119|   -5.708286|   -5.159826|    0.231306|    0.034292|
|         120|   -5.726406|   -5.178220|    0.231321|    0.034292|
|         121|   -5.744394|   -5.196451|    0.231337|    0.034292|
|         122|   -5.762083|   -5.214331|    0.231352|    0.034292|
|         123|   -5.779353|   -5.231730|    0.231368|    0.034293|
|         124|   -5.796070|   -5.248494|    0.231383|    0.034293|
|         125|   -5.812213|   -5.264599|    0.231398|    0.034294|
|         126|   -5.827775|   -5.280042|    0.231413|    0.034294|
|         127|   -5.842700|   -5.294766|    0.231426|    0.034295|
|         128|   -5.857063|   -5.308858|    0.231439|    0.034295|
|         129|   -5.871024|   -5.322497|    0.231450|    0.034296|
|         130|   -5.884676|   -5.335801|    0.231461|    0.034296|
|         131|   -5.898154|   -5.348926|    0.231472|    0.034297|
|         132|   -5.911615|   -5.362043|    0.231481|    0.034297|
|         133|   -5.925186|   -5.375296|    0.231490|    0.034297|
|         134|   -5.938969|   -5.388801|    0.231499|    0.034297|
|         135|   -5.953018|   -5.402630|    0.231506|    0.034297|
|         136|   -5.967365|   -5.416826|    0.231514|    0.034297|
|         137|   -5.982042|   -5.431435|    0.231520|    0.034297|
|         138|   -5.997054|   -5.446459|    0.231527|    0.034297|
|         139|   -6.012379|   -5.461862|    0.231532|    0.034298|
|         140|   -6.027975|   -5.477588|    0.231537|    0.034298|
|         141|   -6.043804|   -5.493607|    0.231542|    0.034298|
|         142|   -6.059805|   -5.509870|    0.231546|    0.034298|
|         143|   -6.075934|   -5.526313|    0.231549|    0.034298|
|         144|   -6.092148|   -5.542877|    0.231552|    0.034299|
|         145|   -6.108405|   -5.559508|    0.231554|    0.034299|
|         146|   -6.124625|   -5.576110|    0.231556|    0.034299|
|         147|   -6.140756|   -5.592622|    0.231557|    0.034300|
|         148|   -6.156726|   -5.608957|    0.231557|    0.034300|
|         149|   -6.172522|   -5.625078|    0.231557|    0.034301|
|         150|   -6.188070|   -5.640900|    0.231557|    0.034301|
|         151|   -6.203315|   -5.656355|    0.231556|    0.034301|
|         152|   -6.218215|   -5.671391|    0.231555|    0.034302|
|         153|   -6.232777|   -5.686005|    0.231553|    0.034302|
|         154|   -6.247026|   -5.700219|    0.231551|    0.034302|
|         155|   -6.260977|   -5.714052|    0.231548|    0.034303|
|         156|   -6.274640|   -5.727520|    0.231546|    0.034303|
|         157|   -6.288032|   -5.740646|    0.231543|    0.034303|
|         158|   -6.301275|   -5.753577|    0.231540|    0.034303|
|         159|   -6.314419|   -5.766381|    0.231537|    0.034303|
|         160|   -6.327563|   -5.779171|    0.231534|    0.034303|
|         161|   -6.340778|   -5.792031|    0.231531|    0.034303|
|         162|   -6.354155|   -5.805072|    0.231527|    0.034303|
|         163|   -6.367775|   -5.818391|    0.231524|    0.034303|
|         164|   -6.381683|   -5.832042|    0.231521|    0.034303|
|         165|   -6.395933|   -5.846083|    0.231518|    0.034303|
|         166|   -6.410537|   -5.860528|    0.231515|    0.034303|
|         167|   -6.425501|   -5.875391|    0.231512|    0.034303|
|         168|   -6.440820|   -5.890664|    0.231510|    0.034303|
|         169|   -6.456485|   -5.906339|    0.231508|    0.034303|
|         170|   -6.472468|   -5.922386|    0.231505|    0.034303|
|         171|   -6.488711|   -5.938747|    0.231503|    0.034302|
|         172|   -6.505152|   -5.955347|    0.231502|    0.034302|
|         173|   -6.521727|   -5.972117|    0.231500|    0.034302|
|         174|   -6.538363|   -5.988971|    0.231499|    0.034302|
|         175|   -6.554938|   -6.005769|    0.231497|    0.034302|
|         176|   -6.571399|   -6.022464|    0.231496|    0.034301|
|         177|   -6.587704|   -6.039007|    0.231496|    0.034301|
|         178|   -6.603835|   -6.055361|    0.231495|    0.034301|
|         179|   -6.619709|   -6.071426|    0.231495|    0.034301|
|         180|   -6.635374|   -6.087255|    0.231494|    0.034301|
|         181|   -6.650821|   -6.102826|    0.231494|    0.034301|
|         182|   -6.666080|   -6.118166|    0.231494|    0.034300|
|         183|   -6.681154|   -6.133273|    0.231494|    0.034300|
|         184|   -6.696021|   -6.148127|    0.231494|    0.034300|
|         185|   -6.710701|   -6.162745|    0.231495|    0.034300|
|         186|   -6.725221|   -6.177162|    0.231495|    0.034300|
|         187|   -6.739628|   -6.191425|    0.231496|    0.034300|
|         188|   -6.753957|   -6.205580|    0.231496|    0.034300|
|         189|   -6.768196|   -6.219621|    0.231497|    0.034300|
|         190|   -6.782389|   -6.233600|    0.231497|    0.034300|
|         191|   -6.796584|   -6.247572|    0.231498|    0.034300|
|         192|   -6.810857|   -6.261629|    0.231498|    0.034300|
|         193|   -6.825254|   -6.275819|    0.231499|    0.034300|
|         194|   -6.839828|   -6.290200|    0.231499|    0.034300|
|         195|   -6.854603|   -6.304800|    0.231500|    0.034300|
|         196|   -6.869605|   -6.319654|    0.231500|    0.034300|
|         197|   -6.884851|   -6.334784|    0.231500|    0.034300|
|         198|   -6.900345|   -6.350197|    0.231501|    0.034300|
|         199|   -6.916087|   -6.365892|    0.231501|    0.034300|
|         200|   -6.932056|   -6.381849|    0.231501|    0.034300|
|         201|   -6.948237|   -6.398051|    0.231501|    0.034300|
|         202|   -6.964604|   -6.414475|    0.231501|    0.034300|
|         203|   -6.981128|   -6.431089|    0.231501|    0.034300|
|         204|   -6.997766|   -6.447844|    0.231501|    0.034300|
|         205|   -7.014478|   -6.464695|    0.231501|    0.034300|
|         206|   -7.031227|   -6.481602|    0.231500|    0.034300|
|         207|   -7.047975|   -6.498521|    0.231500|    0.034300|
|         208|   -7.064675|   -6.515397|    0.231500|    0.034300|
|         209|   -7.081279|   -6.532173|    0.231499|    0.034300|
|         210|   -7.097734|   -6.548789|    0.231499|    0.034300|
|         211|   -7.114015|   -6.565217|    0.231498|    0.034300|
|         212|   -7.130098|   -6.581425|    0.231498|    0.034300|
|         213|   -7.145968|   -6.597393|    0.231497|    0.034300|
|         214|   -7.161616|   -6.613105|    0.231497|    0.034300|
|         215|   -7.177042|   -6.628559|    0.231496|    0.034300|
|         216|   -7.192254|   -6.643764|    0.231496|    0.034300|
|         217|   -7.207270|   -6.658738|    0.231495|    0.034300|
|         218|   -7.222109|   -6.673502|    0.231494|    0.034300|
|         219|   -7.236812|   -6.688100|    0.231494|    0.034300|
|         220|   -7.251421|   -6.702582|    0.231493|    0.034300|
|         221|   -7.265977|   -6.716990|    0.231492|    0.034300|
|         222|   -7.280529|   -6.731379|    0.231492|    0.034300|
|         223|   -7.295121|   -6.745802|    0.231491|    0.034300|
|         224|   -7.309793|   -6.760304|    0.231491|    0.034300|
|         225|   -7.324593|   -6.774938|    0.231490|    0.034300|
|         226|   -7.339566|   -6.789756|    0.231490|    0.034300|
|         227|   -7.354723|   -6.804772|    0.231489|    0.034300|
|         228|   -7.370077|   -6.820002|    0.231489|    0.034300|
|         229|   -7.385638|   -6.835462|    0.231488|    0.034300|
|         230|   -7.401415|   -6.851163|    0.231488|    0.034300|
|         231|   -7.417405|   -6.867103|    0.231487|    0.034300|
|         232|   -7.433598|   -6.883274|    0.231487|    0.034299|
|         233|   -7.449981|   -6.899663|    0.231487|    0.034299|
|         234|   -7.466536|   -6.916251|    0.231487|    0.034299|
|         235|   -7.483238|   -6.933010|    0.231486|    0.034299|
|         236|   -7.500060|   -6.949911|    0.231486|    0.034299|
|         237|   -7.516971|   -6.966919|    0.231486|    0.034299|
|         238|   -7.533936|   -6.983997|    0.231486|    0.034299|
|         239|   -7.550921|   -7.001105|    0.231486|    0.034299|
|         240|   -7.567891|   -7.018204|    0.231486|    0.034299|
|         241|   -7.584812|   -7.035256|    0.231486|    0.034299|
|         242|   -7.601654|   -7.052223|    0.231486|    0.034299|
|         243|   -7.618388|   -7.069074|    0.231486|    0.034299|
|         244|   -7.634994|   -7.085782|    0.231486|    0.034299|
|         245|   -7.651478|   -7.102354|    0.231486|    0.034299|
|         246|   -7.667828|   -7.118769|    0.231486|    0.034299|
|         247|   -7.683999|   -7.134981|    0.231486|    0.034299|
|         248|   -7.699986|   -7.150982|    0.231486|    0.034299|
|         249|   -7.715805|   -7.166790|    0.231487|    0.034299|
|         250|   -7.731472|   -7.182420|    0.231487|    0.034299|
+-----------------------------------------------------------------------+
|        File Writing Summary       |              Filename             |
+-----------------------------------------------------------------------+
|SU2 binary restart                 |restart_flow.dat                   |
|Paraview                           |flow.vtu                           |
|Paraview surface                   |surface_flow.vtu                   |
|CSV file                           |surface_flow.csv                   |
+-----------------------------------------------------------------------+
+----------------------------------------------------------------+
|  Inner_Iter|    rms[Rho]|   rms[RhoE]|          CL|          CD|
+----------------------------------------------------------------+
|         251|   -7.747009|   -7.197896|    0.231487|    0.034299|
|         252|   -7.762442|   -7.213248|    0.231487|    0.034299|
|         253|   -7.777804|   -7.228511|    0.231487|    0.034299|
|         254|   -7.793127|   -7.243723|    0.231487|    0.034299|
|         255|   -7.808446|   -7.258923|    0.231487|    0.034299|
|         256|   -7.823796|   -7.274150|    0.231487|    0.034299|
|         257|   -7.839207|   -7.289440|    0.231487|    0.034299|
|         258|   -7.854706|   -7.304824|    0.231487|    0.034299|
|         259|   -7.870320|   -7.320334|    0.231487|    0.034299|
|         260|   -7.886070|   -7.335994|    0.231488|    0.034299|
|         261|   -7.901968|   -7.351818|    0.231488|    0.034299|
|         262|   -7.918027|   -7.367823|    0.231488|    0.034299|
|         263|   -7.934252|   -7.384016|    0.231488|    0.034299|
|         264|   -7.950641|   -7.400396|    0.231488|    0.034299|
|         265|   -7.967186|   -7.416954|    0.231488|    0.034299|
|         266|   -7.983876|   -7.433677|    0.231488|    0.034299|
|         267|   -8.000690|   -7.450546|    0.231488|    0.034299|
|         268|   -8.017605|   -7.467533|    0.231488|    0.034299|
|         269|   -8.034595|   -7.484610|    0.231488|    0.034299|
|         270|   -8.051629|   -7.501743|    0.231488|    0.034299|
|         271|   -8.068673|   -7.518895|    0.231488|    0.034299|
|         272|   -8.085699|   -7.536031|    0.231488|    0.034299|
|         273|   -8.102673|   -7.553116|    0.231488|    0.034299|
|         274|   -8.119567|   -7.570115|    0.231488|    0.034299|
|         275|   -8.136354|   -7.586998|    0.231488|    0.034299|
|         276|   -8.153013|   -7.603737|    0.231487|    0.034299|
|         277|   -8.169524|   -7.620312|    0.231487|    0.034299|
|         278|   -8.185876|   -7.636710|    0.231487|    0.034299|
|         279|   -8.202065|   -7.652922|    0.231487|    0.034299|
|         280|   -8.218092|   -7.668950|    0.231487|    0.034299|
|         281|   -8.233964|   -7.684800|    0.231487|    0.034299|
|         282|   -8.249695|   -7.700489|    0.231487|    0.034299|
|         283|   -8.265305|   -7.716038|    0.231487|    0.034299|
|         284|   -8.280818|   -7.731473|    0.231487|    0.034299|
|         285|   -8.296261|   -7.746825|    0.231487|    0.034299|
|         286|   -8.311665|   -7.762128|    0.231487|    0.034299|
|         287|   -8.327060|   -7.777417|    0.231487|    0.034299|
|         288|   -8.342477|   -7.792726|    0.231487|    0.034299|
|         289|   -8.357945|   -7.808089|    0.231487|    0.034299|
|         290|   -8.373492|   -7.823537|    0.231487|    0.034299|
|         291|   -8.389143|   -7.839097|    0.231487|    0.034299|
|         292|   -8.404917|   -7.854793|    0.231487|    0.034299|
|         293|   -8.420831|   -7.870644|    0.231487|    0.034299|
|         294|   -8.436898|   -7.886662|    0.231487|    0.034299|
|         295|   -8.453123|   -7.902855|    0.231487|    0.034299|
|         296|   -8.469509|   -7.919227|    0.231486|    0.034299|
|         297|   -8.486053|   -7.935773|    0.231486|    0.034299|
|         298|   -8.502748|   -7.952486|    0.231486|    0.034299|
|         299|   -8.519581|   -7.969353|    0.231486|    0.034299|
|         300|   -8.536536|   -7.986354|    0.231486|    0.034299|
|         301|   -8.553593|   -8.003469|    0.231486|    0.034299|
|         302|   -8.570730|   -8.020672|    0.231486|    0.034299|
|         303|   -8.587921|   -8.037935|    0.231486|    0.034299|
|         304|   -8.605140|   -8.055230|    0.231486|    0.034299|
|         305|   -8.622359|   -8.072525|    0.231486|    0.034299|
|         306|   -8.639554|   -8.089791|    0.231486|    0.034299|
|         307|   -8.656697|   -8.107002|    0.231486|    0.034299|
|         308|   -8.673767|   -8.124131|    0.231486|    0.034299|
|         309|   -8.690744|   -8.141158|    0.231486|    0.034299|
|         310|   -8.707611|   -8.158063|    0.231486|    0.034299|
|         311|   -8.724358|   -8.174836|    0.231486|    0.034299|
|         312|   -8.740978|   -8.191469|    0.231487|    0.034299|
|         313|   -8.757469|   -8.207959|    0.231487|    0.034299|
|         314|   -8.773835|   -8.224311|    0.231487|    0.034299|
|         315|   -8.790084|   -8.240533|    0.231487|    0.034299|
|         316|   -8.806227|   -8.256641|    0.231487|    0.034299|
|         317|   -8.822282|   -8.272651|    0.231487|    0.034299|
|         318|   -8.838268|   -8.288584|    0.231487|    0.034299|
|         319|   -8.854206|   -8.304466|    0.231487|    0.034299|
|         320|   -8.870119|   -8.320320|    0.231487|    0.034299|
|         321|   -8.886029|   -8.336172|    0.231487|    0.034299|
|         322|   -8.901960|   -8.352046|    0.231487|    0.034299|
|         323|   -8.917932|   -8.367967|    0.231487|    0.034299|
|         324|   -8.933965|   -8.383954|    0.231487|    0.034299|
|         325|   -8.950075|   -8.400025|    0.231487|    0.034299|
|         326|   -8.966276|   -8.416197|    0.231487|    0.034299|
|         327|   -8.982578|   -8.432479|    0.231487|    0.034299|
|         328|   -8.998989|   -8.448879|    0.231487|    0.034299|
|         329|   -9.015510|   -8.465400|    0.231487|    0.034299|
|         330|   -9.032141|   -8.482040|    0.231487|    0.034299|
|         331|   -9.048878|   -8.498795|    0.231487|    0.034299|
|         332|   -9.065713|   -8.515656|    0.231487|    0.034299|
|         333|   -9.082633|   -8.532609|    0.231487|    0.034299|
|         334|   -9.099624|   -8.549639|    0.231487|    0.034299|
|         335|   -9.116670|   -8.566727|    0.231487|    0.034299|
|         336|   -9.133751|   -8.583854|    0.231487|    0.034299|
|         337|   -9.150848|   -8.600997|    0.231487|    0.034299|
|         338|   -9.167940|   -8.618134|    0.231487|    0.034299|
|         339|   -9.185007|   -8.635243|    0.231487|    0.034299|
|         340|   -9.202028|   -8.652303|    0.231487|    0.034299|
|         341|   -9.218987|   -8.669296|    0.231487|    0.034299|
|         342|   -9.235867|   -8.686205|    0.231487|    0.034299|
|         343|   -9.252656|   -8.703015|    0.231487|    0.034299|
|         344|   -9.269344|   -8.719716|    0.231487|    0.034299|
|         345|   -9.285923|   -8.736303|    0.231487|    0.034299|
|         346|   -9.302393|   -8.752772|    0.231487|    0.034299|
|         347|   -9.318753|   -8.769125|    0.231487|    0.034299|
|         348|   -9.335008|   -8.785366|    0.231487|    0.034299|
|         349|   -9.351167|   -8.801506|    0.231487|    0.034299|
|         350|   -9.367240|   -8.817555|    0.231487|    0.034299|
|         351|   -9.383242|   -8.833528|    0.231487|    0.034299|
|         352|   -9.399187|   -8.849443|    0.231487|    0.034299|
|         353|   -9.415094|   -8.865317|    0.231487|    0.034299|
|         354|   -9.430979|   -8.881171|    0.231487|    0.034299|
|         355|   -9.446862|   -8.897023|    0.231487|    0.034299|
|         356|   -9.462760|   -8.912892|    0.231487|    0.034299|
|         357|   -9.478691|   -8.928796|    0.231487|    0.034299|
|         358|   -9.494669|   -8.944752|    0.231487|    0.034299|
|         359|   -9.510709|   -8.960773|    0.231487|    0.034299|
|         360|   -9.526823|   -8.976873|    0.231487|    0.034299|
|         361|   -9.543020|   -8.993060|    0.231487|    0.034299|
|         362|   -9.559307|   -9.009343|    0.231487|    0.034299|
|         363|   -9.575689|   -9.025723|    0.231487|    0.034299|
|         364|   -9.592166|   -9.042204|    0.231487|    0.034299|
|         365|   -9.608737|   -9.058782|    0.231487|    0.034299|
|         366|   -9.625398|   -9.075453|    0.231487|    0.034299|
|         367|   -9.642141|   -9.092209|    0.231487|    0.034299|
|         368|   -9.658956|   -9.109041|    0.231487|    0.034299|
|         369|   -9.675834|   -9.125935|    0.231487|    0.034299|
|         370|   -9.692758|   -9.142878|    0.231487|    0.034299|
|         371|   -9.709715|   -9.159854|    0.231487|    0.034299|
|         372|   -9.726689|   -9.176847|    0.231487|    0.034299|
|         373|   -9.743662|   -9.193839|    0.231487|    0.034299|
|         374|   -9.760618|   -9.210816|    0.231487|    0.034299|
|         375|   -9.777542|   -9.227759|    0.231487|    0.034299|
|         376|   -9.794418|   -9.244654|    0.231487|    0.034299|
|         377|   -9.811233|   -9.261486|    0.231487|    0.034299|
|         378|   -9.827974|   -9.278245|    0.231487|    0.034299|
|         379|   -9.844631|   -9.294919|    0.231487|    0.034299|
|         380|   -9.861199|   -9.311503|    0.231487|    0.034299|
|         381|   -9.877671|   -9.327990|    0.231487|    0.034299|
|         382|   -9.894047|   -9.344379|    0.231487|    0.034299|
|         383|   -9.910327|   -9.360672|    0.231487|    0.034299|
|         384|   -9.926517|   -9.376871|    0.231487|    0.034299|
|         385|   -9.942622|   -9.392985|    0.231487|    0.034299|
|         386|   -9.958653|   -9.409022|    0.231487|    0.034299|
|         387|   -9.974620|   -9.424994|    0.231487|    0.034299|
|         388|   -9.990536|   -9.440913|    0.231487|    0.034299|
|         389|  -10.006416|   -9.456794|    0.231487|    0.034299|
|         390|  -10.022276|   -9.472652|    0.231487|    0.034299|
|         391|  -10.038130|   -9.488502|    0.231487|    0.034299|
|         392|  -10.053993|   -9.504360|    0.231487|    0.034299|
|         393|  -10.069882|   -9.520242|    0.231487|    0.034299|
|         394|  -10.085809|   -9.536160|    0.231487|    0.034299|
|         395|  -10.101786|   -9.552127|    0.231487|    0.034299|
|         396|  -10.117824|   -9.568155|    0.231487|    0.034299|
|         397|  -10.133932|   -9.584251|    0.231487|    0.034299|
|         398|  -10.150115|   -9.600422|    0.231487|    0.034299|
|         399|  -10.166377|   -9.616672|    0.231487|    0.034299|
|         400|  -10.182717|   -9.633001|    0.231487|    0.034299|
|         401|  -10.199134|   -9.649408|    0.231487|    0.034299|
|         402|  -10.215623|   -9.665888|    0.231487|    0.034299|
|         403|  -10.232177|   -9.682434|    0.231487|    0.034299|
|         404|  -10.248785|   -9.699038|    0.231487|    0.034299|
|         405|  -10.265436|   -9.715687|    0.231487|    0.034299|
|         406|  -10.282115|   -9.732368|    0.231487|    0.034299|
|         407|  -10.298808|   -9.749067|    0.231487|    0.034299|
|         408|  -10.315498|   -9.765767|    0.231487|    0.034299|
|         409|  -10.332170|   -9.782454|    0.231487|    0.034299|
|         410|  -10.348806|   -9.799109|    0.231487|    0.034299|
|         411|  -10.365390|   -9.815717|    0.231487|    0.034299|
|         412|  -10.381908|   -9.832263|    0.231487|    0.034299|
|         413|  -10.398347|   -9.848733|    0.231487|    0.034299|
|         414|  -10.414695|   -9.865115|    0.231487|    0.034299|
|         415|  -10.430943|   -9.881399|    0.231487|    0.034299|
|         416|  -10.447087|   -9.897579|    0.231487|    0.034299|
|         417|  -10.463124|   -9.913651|    0.231487|    0.034299|
|         418|  -10.479053|   -9.929614|    0.231487|    0.034299|
|         419|  -10.494880|   -9.945472|    0.231487|    0.034299|
|         420|  -10.510612|   -9.961230|    0.231487|    0.034299|
|         421|  -10.526258|   -9.976898|    0.231487|    0.034299|
|         422|  -10.541832|   -9.992487|    0.231487|    0.034299|
|         423|  -10.557348|  -10.008013|    0.231487|    0.034299|
|         424|  -10.572824|  -10.023491|    0.231487|    0.034299|
|         425|  -10.588277|  -10.038941|    0.231487|    0.034299|
|         426|  -10.603726|  -10.054379|    0.231487|    0.034299|
|         427|  -10.619190|  -10.069827|    0.231487|    0.034299|
|         428|  -10.634686|  -10.085301|    0.231487|    0.034299|
|         429|  -10.650232|  -10.100820|    0.231487|    0.034299|
|         430|  -10.665843|  -10.116400|    0.231487|    0.034299|
|         431|  -10.681531|  -10.132055|    0.231487|    0.034299|
|         432|  -10.697307|  -10.147795|    0.231487|    0.034299|
|         433|  -10.713177|  -10.163631|    0.231487|    0.034299|
|         434|  -10.729148|  -10.179566|    0.231487|    0.034299|
|         435|  -10.745218|  -10.195604|    0.231487|    0.034299|
|         436|  -10.761385|  -10.211743|    0.231487|    0.034299|
|         437|  -10.777644|  -10.227978|    0.231487|    0.034299|
|         438|  -10.793985|  -10.244301|    0.231487|    0.034299|
|         439|  -10.810396|  -10.260701|    0.231487|    0.034299|
|         440|  -10.826863|  -10.277165|    0.231487|    0.034299|
|         441|  -10.843368|  -10.293675|    0.231487|    0.034299|
|         442|  -10.859892|  -10.310214|    0.231487|    0.034299|
|         443|  -10.876416|  -10.326762|    0.231487|    0.034299|
|         444|  -10.892919|  -10.343297|    0.231487|    0.034299|
|         445|  -10.909381|  -10.359800|    0.231487|    0.034299|
|         446|  -10.925782|  -10.376248|    0.231487|    0.034299|
|         447|  -10.942105|  -10.392624|    0.231487|    0.034299|
|         448|  -10.958332|  -10.408909|    0.231487|    0.034299|
|         449|  -10.974451|  -10.425088|    0.231487|    0.034299|
|         450|  -10.990453|  -10.441149|    0.231487|    0.034299|
|         451|  -11.006331|  -10.457085|    0.231487|    0.034299|
|         452|  -11.022084|  -10.472892|    0.231487|    0.034299|
|         453|  -11.037713|  -10.488568|    0.231487|    0.034299|
|         454|  -11.053224|  -10.504120|    0.231487|    0.034299|
|         455|  -11.068628|  -10.519556|    0.231487|    0.034299|
|         456|  -11.083939|  -10.534888|    0.231487|    0.034299|
|         457|  -11.099173|  -10.550132|    0.231487|    0.034299|
|         458|  -11.114350|  -10.565308|    0.231487|    0.034299|
|         459|  -11.129490|  -10.580437|    0.231487|    0.034299|
|         460|  -11.144616|  -10.595541|    0.231487|    0.034299|
|         461|  -11.159749|  -10.610643|    0.231487|    0.034299|
|         462|  -11.174912|  -10.625767|    0.231487|    0.034299|
|         463|  -11.190124|  -10.640933|    0.231487|    0.034299|
|         464|  -11.205405|  -10.656164|    0.231487|    0.034299|
|         465|  -11.220771|  -10.671475|    0.231487|    0.034299|
|         466|  -11.236233|  -10.686883|    0.231487|    0.034299|
|         467|  -11.251802|  -10.702398|    0.231487|    0.034299|
|         468|  -11.267484|  -10.718028|    0.231487|    0.034299|
|         469|  -11.283279|  -10.733777|    0.231487|    0.034299|
|         470|  -11.299187|  -10.749644|    0.231487|    0.034299|
|         471|  -11.315201|  -10.765625|    0.231487|    0.034299|
|         472|  -11.331311|  -10.781712|    0.231487|    0.034299|
|         473|  -11.347504|  -10.797892|    0.231487|    0.034299|
|         474|  -11.363763|  -10.814150|    0.231487|    0.034299|
|         475|  -11.380070|  -10.830467|    0.231487|    0.034299|
|         476|  -11.396402|  -10.846822|    0.231487|    0.034299|
|         477|  -11.412738|  -10.863191|    0.231487|    0.034299|
|         478|  -11.429054|  -10.879552|    0.231487|    0.034299|
|         479|  -11.445327|  -10.895879|    0.231487|    0.034299|
|         480|  -11.461535|  -10.912149|    0.231487|    0.034299|
|         481|  -11.477657|  -10.928339|    0.231487|    0.034299|
|         482|  -11.493676|  -10.944429|    0.231487|    0.034299|
|         483|  -11.509576|  -10.960402|    0.231487|    0.034299|
|         484|  -11.525349|  -10.976244|    0.231487|    0.034299|
|         485|  -11.540986|  -10.991947|    0.231487|    0.034299|
|         486|  -11.556486|  -11.007506|    0.231487|    0.034299|
|         487|  -11.571853|  -11.022922|    0.231487|    0.034299|
|         488|  -11.587095|  -11.038201|    0.231487|    0.034299|
|         489|  -11.602223|  -11.053354|    0.231487|    0.034299|
|         490|  -11.617253|  -11.068397|    0.231487|    0.034299|
|         491|  -11.632206|  -11.083348|    0.231487|    0.034299|
|         492|  -11.647104|  -11.098230|    0.231487|    0.034299|
|         493|  -11.661969|  -11.113068|    0.231487|    0.034299|
|         494|  -11.676829|  -11.127887|    0.231487|    0.034299|
|         495|  -11.691706|  -11.142714|    0.231487|    0.034299|
|         496|  -11.706626|  -11.157576|    0.231487|    0.034299|
|         497|  -11.721610|  -11.172497|    0.231487|    0.034299|
|         498|  -11.736680|  -11.187498|    0.231487|    0.034299|
|         499|  -11.751851|  -11.202600|    0.231487|    0.034299|
|         500|  -11.767138|  -11.217818|    0.231487|    0.034299|
+-----------------------------------------------------------------------+
|        File Writing Summary       |              Filename             |
+-----------------------------------------------------------------------+
|SU2 binary restart                 |restart_flow.dat                   |
|Paraview                           |flow.vtu                           |
|Paraview surface                   |surface_flow.vtu                   |
|CSV file                           |surface_flow.csv                   |
+-----------------------------------------------------------------------+
+----------------------------------------------------------------+
|  Inner_Iter|    rms[Rho]|   rms[RhoE]|          CL|          CD|
+----------------------------------------------------------------+
|         501|  -11.782549|  -11.233164|    0.231487|    0.034299|
|         502|  -11.798092|  -11.248647|    0.231487|    0.034299|
|         503|  -11.813766|  -11.264269|    0.231487|    0.034299|
|         504|  -11.829568|  -11.280028|    0.231487|    0.034299|
|         505|  -11.845491|  -11.295920|    0.231487|    0.034299|
|         506|  -11.861523|  -11.311932|    0.231487|    0.034299|
|         507|  -11.877648|  -11.328051|    0.231487|    0.034299|
|         508|  -11.893849|  -11.344259|    0.231487|    0.034299|
|         509|  -11.910102|  -11.360533|    0.231487|    0.034299|
|         510|  -11.926385|  -11.376850|    0.231487|    0.034299|
|         511|  -11.942672|  -11.393184|    0.231487|    0.034299|
|         512|  -11.958938|  -11.409508|    0.231487|    0.034299|
|         513|  -11.975158|  -11.425795|    0.231487|    0.034299|
|         514|  -11.991307|  -11.442018|    0.231487|    0.034299|
|         515|  -12.007365|  -11.458154|    0.231487|    0.034299|
|         516|  -12.023311|  -11.474180|    0.231487|    0.034299|
|         517|  -12.039132|  -11.490079|    0.231487|    0.034299|
|         518|  -12.054817|  -11.505837|    0.231487|    0.034299|
|         519|  -12.070359|  -11.521446|    0.231487|    0.034299|
|         520|  -12.085758|  -11.536901|    0.231487|    0.034299|
|         521|  -12.101020|  -11.552206|    0.231487|    0.034299|
|         522|  -12.116152|  -11.567368|    0.231487|    0.034299|
|         523|  -12.131170|  -11.582401|    0.231487|    0.034299|
|         524|  -12.146091|  -11.597322|    0.231487|    0.034299|
|         525|  -12.160938|  -11.612154|    0.231487|    0.034299|
|         526|  -12.175735|  -11.626921|    0.231487|    0.034299|
|         527|  -12.190507|  -11.641650|    0.231487|    0.034299|
|         528|  -12.205280|  -11.656369|    0.231487|    0.034299|
|         529|  -12.220082|  -11.671108|    0.231487|    0.034299|
|         530|  -12.234937|  -11.685892|    0.231487|    0.034299|
|         531|  -12.249868|  -11.700748|    0.231487|    0.034299|
|         532|  -12.264894|  -11.715698|    0.231487|    0.034299|
|         533|  -12.280033|  -11.730761|    0.231487|    0.034299|
|         534|  -12.295298|  -11.745953|    0.231487|    0.034299|
|         535|  -12.310697|  -11.761285|    0.231487|    0.034299|
|         536|  -12.326234|  -11.776764|    0.231487|    0.034299|
|         537|  -12.341909|  -11.792390|    0.231487|    0.034299|
|         538|  -12.357717|  -11.808160|    0.231487|    0.034299|
|         539|  -12.373648|  -11.824066|    0.231487|    0.034299|
|         540|  -12.389688|  -11.840096|    0.231487|    0.034299|
|         541|  -12.405821|  -11.856232|    0.231487|    0.034299|
|         542|  -12.422026|  -11.872454|    0.231487|    0.034299|
|         543|  -12.438279|  -11.888739|    0.231487|    0.034299|
|         544|  -12.454554|  -11.905059|    0.231487|    0.034299|
|         545|  -12.470826|  -11.921387|    0.231487|    0.034299|
|         546|  -12.487069|  -11.937696|    0.231487|    0.034299|
|         547|  -12.503256|  -11.953956|    0.231487|    0.034299|
|         548|  -12.519363|  -11.970142|    0.231487|    0.034299|
|         549|  -12.535370|  -11.986229|    0.231487|    0.034299|
|         550|  -12.551259|  -12.002197|    0.231487|    0.034299|
|         551|  -12.567015|  -12.018029|    0.231487|    0.034299|
|         552|  -12.582629|  -12.033710|    0.231487|    0.034299|
|         553|  -12.598099|  -12.049239|    0.231487|    0.034299|
|         554|  -12.613426|  -12.064611|    0.231487|    0.034299|
|         555|  -12.628615|  -12.079833|    0.231487|    0.034299|
|         556|  -12.643680|  -12.094915|    0.231487|    0.034299|
|         557|  -12.658637|  -12.109874|    0.231487|    0.034299|
|         558|  -12.673507|  -12.124730|    0.231487|    0.034299|
|         559|  -12.688312|  -12.139506|    0.231487|    0.034299|
|         560|  -12.703078|  -12.154229|    0.231487|    0.034299|
|         561|  -12.717833|  -12.168930|    0.231487|    0.034299|
|         562|  -12.732604|  -12.183636|    0.231487|    0.034299|
|         563|  -12.747415|  -12.198376|    0.231487|    0.034299|
|         564|  -12.762293|  -12.213179|    0.231487|    0.034299|
|         565|  -12.777262|  -12.228068|    0.231487|    0.034299|
|         566|  -12.792337|  -12.243065|    0.231487|    0.034299|
|         567|  -12.807536|  -12.258189|    0.231487|    0.034299|
|         568|  -12.822868|  -12.273450|    0.231487|    0.034299|
|         569|  -12.838341|  -12.288861|    0.231487|    0.034299|
|         570|  -12.853959|  -12.304427|    0.231487|    0.034299|
|         571|  -12.869718|  -12.320143|    0.231487|    0.034299|
|         572|  -12.885610|  -12.336008|    0.231487|    0.034299|
|         573|  -12.901623|  -12.352007|    0.231487|    0.034299|
|         574|  -12.917745|  -12.368127|    0.231487|    0.034299|
|         575|  -12.933953|  -12.384346|    0.231487|    0.034299|
|         576|  -12.950228|  -12.400649|    0.231487|    0.034299|
|         577|  -12.966541|  -12.417003|    0.231487|    0.034299|
|         578|  -12.982869|  -12.433384|    0.231487|    0.034299|
|         579|  -12.999186|  -12.449761|    0.231487|    0.034299|
|         580|  -13.015464|  -12.466112|    0.231487|    0.034299|

----------------------------- Solver Exit -------------------------------
All convergence criteria satisfied.
+-----------------------------------------------------------------------+
|      Convergence Field     |     Value    |   Criterion  |  Converged |
+-----------------------------------------------------------------------+
|                    rms[Rho]|      -13.0155|         < -13|         Yes|
+-----------------------------------------------------------------------+
-------------------------------------------------------------------------
+-----------------------------------------------------------------------+
|        File Writing Summary       |              Filename             |
+-----------------------------------------------------------------------+
|SU2 binary restart                 |restart_flow.dat                   |
|Paraview                           |flow.vtu                           |
|Paraview surface                   |surface_flow.vtu                   |
|CSV file                           |surface_flow.csv                   |
+-----------------------------------------------------------------------+

--------------------------- Finalizing Solver ---------------------------
Deleted CNumerics container.
Deleted CIntegration container.
Deleted CSolver container.
Deleted CIteration container.
Deleted CInterface container.
Deleted CGeometry container.
Deleted CFreeFormDefBox class.
Deleted CSurfaceMovement class.
Deleted CVolumetricMovement class.
Deleted CConfig container.
Deleted nInst container.
Deleted COutput class.
-------------------------------------------------------------------------

------------------------- Exit Success (SU2_CFD) ------------------------

