
-------------------------------------------------------------------------
|    ___ _   _ ___                                                      |
|   / __| | | |_  )   Release 8.3.0 "Harrier"                           |
|   \__ \ |_| |/ /                                                      |
|   |___/\___//___|   Suite (Computational Fluid Dynamics Code)         |
|                                                                       |
-------------------------------------------------------------------------
| SU2 Project Website: https://su2code.github.io                        |
|                                                                       |
| The SU2 Project is maintained by the SU2 Foundation                   |
| (http://su2foundation.org)                                            |
-------------------------------------------------------------------------
| Copyright 2012-2025, SU2 Contributors                                 |
|                                                                       |
| SU2 is free software; you can redistribute it and/or                  |
| modify it under the terms of the GNU Lesser General Public            |
| License as published by the Free Software Foundation; either          |
| version 2.1 of the License, or (at your option) any later version.    |
|                                                                       |
| SU2 is distributed in the hope that it will be useful,                |
| but WITHOUT ANY WARRANTY; without even the implied warranty of        |
| MERCHANTABILITY or FITNESS FOR A PARTICULAR PURPOSE. See the GNU      |
| Lesser General Public License for more details.                       |
|                                                                       |
| You should have received a copy of the GNU Lesser General Public      |
| License along with SU2. If not, see <http://www.gnu.org/licenses/>.   |
-------------------------------------------------------------------------

Parsing config file for zone 0

----------------- Physical Case Definition ( Zone 0 ) -------------------
Compressible Euler equations.
Mach number: 0.8.
Angle of attack (AoA): 1.25 deg, and angle of sideslip (AoS): 0 deg.
No restart solution, use the values at infinity (freestream).
Non-Dimensional simulation (P=1.0, Rho=1.0, T=1.0 at the farfield).
The reference area is 1 m^2.
The semi-span will be computed using the max y(3D) value.
The reference length is 1 m.
Reference origin for moment evaluation is (0.25, 0, 0).
Surface(s) where the force coefficients are evaluated: airfoil.

Surface(s) plotted in the output file: airfoil.
Surface(s) affected by the design variables: airfoil.
Input mesh file name: mesh_NACA0012_inv_deform.su2

--------------- Space Numerical Integration ( Zone 0 ) ------------------
Jameson-Schmidt-Turkel scheme (2nd order in space) for the flow inviscid terms.
JST viscous coefficients (2nd & 4th): 0.5, 0.02.
The method includes a grid stretching correction (p = 0.3).
Gradient for viscous and source terms: Green-Gauss.

--------------- Time Numerical Integration  ( Zone 0 ) ------------------
Local time stepping (steady state simulation).
Euler implicit method for the flow equations.
FGMRES is used for solving the linear system.
Using a LU-SGS preconditioning.
Convergence criteria of the linear solver: 0.0001.
Max number of linear iterations: 2.
V Multigrid Cycle, with 2 multigrid levels.
Damping factor for the residual restriction: 1.
Damping factor for the correction prolongation: 1.
No CFL adaptation.
+-------------------------------------------+
|  MG Level| Presmooth|PostSmooth|CorrectSmo|
+-------------------------------------------+
|         0|         1|         0|         0|
|         1|         2|         0|         0|
|         2|         3|         0|         0|
+-------------------------------------------+
Courant-Friedrichs-Lewy number:       10

------------------ Convergence Criteria  ( Zone 0 ) ---------------------
Maximum number of solver subiterations: 1000.
Begin convergence monitoring at iteration 10.
Residual minimum value: 1e-13.
Cauchy series min. value: 1e-06.
Number of Cauchy elements: 100.
Begin windowed time average at iteration 0.

-------------------- Output Information ( Zone 0 ) ----------------------
File writing frequency: 
+------------------------------------+
|                     File| Frequency|
+------------------------------------+
|                  RESTART|       250|
|                 PARAVIEW|       250|
|         SURFACE_PARAVIEW|       250|
|              SURFACE_CSV|       250|
+------------------------------------+
Writing the convergence history file every 1 inner iterations.
Writing the screen convergence history every 1 inner iterations.
The tabular file format is CSV (.csv).
Convergence history file name: history_direct.
Forces breakdown file name: forces_breakdown.dat.
Surface file name: surface_flow.
Volume file name: flow.
Restart file name: restart_flow.

------------- Config File Boundary Information ( Zone 0 ) ---------------
+-----------------------------------------------------------------------+
|                        Marker Type|                        Marker Name|
+-----------------------------------------------------------------------+
|                         Euler wall|                            airfoil|
+-----------------------------------------------------------------------+
|                          Far-field|                           farfield|
+-----------------------------------------------------------------------+

-------------------- Output Preprocessing ( Zone 0 ) --------------------

WARNING: SURFACE_PRESSURE_DROP can only be computed for at least 2 surfaces (outlet, inlet, ...)

Screen output fields: INNER_ITER, RMS_DENSITY, RMS_ENERGY, LIFT, DRAG
History output group(s): ITER, RMS_RES, AERO_COEFF
Convergence field(s): RMS_DENSITY
Warning: No (valid) fields chosen for time convergence monitoring. Time convergence monitoring inactive.
Volume output fields: COORDINATES, SOLUTION, PRIMITIVE

------------------- Geometry Preprocessing ( Zone 0 ) -------------------
Two dimensional problem.
5233 grid points.
10216 volume elements.
2 surface markers.
200 boundary elements in index 0 (Marker = airfoil).
50 boundary elements in index 1 (Marker = farfield).
10216 triangles.
Setting point connectivity.
Renumbering points (Reverse Cuthill McKee Ordering).
Recomputing point connectivity.
Setting element connectivity.
Checking the numerical grid orientation.
All volume elements are correctly oriented.
All surface elements are correctly oriented.
Identifying edges and vertices.
Setting the control volume structure.
Area of the computational grid: 1253.25.
Searching for the closest normal neighbors to the surfaces.
Storing a mapping from global to local point index.
Compute the surface curvature.
Max K: 7835.1. Mean K: 35.0737. Standard deviation K: 494.416.
Checking for periodicity.
Computing mesh quality statistics for the dual control volumes.
+--------------------------------------------------------------+
|           Mesh Quality Metric|        Minimum|        Maximum|
+--------------------------------------------------------------+
|    Orthogonality Angle (deg.)|        62.8748|        89.7318|
|     CV Face Area Aspect Ratio|        1.01411|        7.18682|
|           CV Sub-Volume Ratio|        1.00273|        6.47639|
+--------------------------------------------------------------+
Setting the multigrid structure.
+-------------------------------------------+
|  MG Level|       CVs|Aggl. Rate|       CFL|
+-------------------------------------------+
|         0|      5233|    1/1.00|        10|
|         1|      1690|     1/3.1|   8.52431|
|         2|       649|     1/2.6|   7.92373|
+-------------------------------------------+
Finding max control volume width.
Wetted area = 2.04152 m.
Area projection in the x-plane = 0.117116 m, y-plane = 0.999845 m.
Max. coordinate in the x-direction = 1 m, y-direction = 0.0529413 m.
Min. coordinate in the x-direction = 0 m, y-direction = -0.0641923 m.
Computing wall distances.

-------------------- Solver Preprocessing ( Zone 0 ) --------------------
Inviscid flow: Computing density based on free-stream
temperature and pressure using the ideal gas law.
Force coefficients computed using free-stream values.

-- Models:
+------------------------------------------------------------------------------+
|          Viscosity Model|        Conductivity Model|              Fluid Model|
+------------------------------------------------------------------------------+
|                        -|                         -|             STANDARD_AIR|
+------------------------------------------------------------------------------+
-- Fluid properties:
+------------------------------------------------------------------------------+
|                  Name|    Dim. value|    Ref. value|      Unit|Non-dim. value|
+------------------------------------------------------------------------------+
|          Gas Constant|       287.058|       287.058|  N.m/kg.K|             1|
|      Spec. Heat Ratio|             -|             -|         -|           1.4|
+------------------------------------------------------------------------------+
-- Initial and free-stream conditions:
+------------------------------------------------------------------------------+
|                  Name|    Dim. value|    Ref. value|      Unit|Non-dim. value|
+------------------------------------------------------------------------------+
|       Static Pressure|        101325|        101325|        Pa|             1|
|               Density|       1.29225|       1.29225|    kg/m^3|             1|
|           Temperature|        273.15|        273.15|         K|             1|
|          Total Energy|        231152|       78409.9|   m^2/s^2|         2.948|
|            Velocity-X|       264.994|       280.018|       m/s|      0.946348|
|            Velocity-Y|       5.78219|       280.018|       m/s|     0.0206494|
|    Velocity Magnitude|       265.057|       280.018|       m/s|      0.946573|
+------------------------------------------------------------------------------+
|           Mach Number|             -|             -|         -|           0.8|
+------------------------------------------------------------------------------+
Initialize Jacobian structure (Euler). MG level: 0.
Initialize Jacobian structure (Euler). MG level: 1.
Initialize Jacobian structure (Euler). MG level: 2.

------------------- Numerics Preprocessing ( Zone 0 ) -------------------

----------------- Integration Preprocessing ( Zone 0 ) ------------------

------------------- Iteration Preprocessing ( Zone 0 ) ------------------
Euler/Navier-Stokes/RANS fluid iteration.

------------------------------ Begin Solver -----------------------------

Simulation Run using the Single-zone Driver
WARNING: SU2 was not compiled for an AVX-capable architecture. Performance could be better,
         see https://su2code.github.io/docs_v7/Build-SU2-Linux-MacOS/#compiler-optimizations
WARNING: SU2 was not compiled for an AVX-capable architecture. Performance could be better,
         see https://su2code.github.io/docs_v7/Build-SU2-Linux-MacOS/#compiler-optimizations
WARNING: SU2 was not compiled for an AVX-capable architecture. Performance could be better,
         see https://su2code.github.io/docs_v7/Build-SU2-Linux-MacOS/#compiler-optimizations
+----------------------------------------------------------------+
|  Inner_Iter|    rms[Rho]|   rms[RhoE]|          CL|          CD|
+----------------------------------------------------------------+
|           0|   -3.581347|   -2.984969|    0.140174|    0.240716|
|           1|   -3.833736|   -3.222810|    0.030093|    0.092452|
|           2|   -3.768591|   -3.170203|    0.038724|    0.068115|
|           3|   -3.714040|   -3.121669|    0.071325|    0.082996|
|           4|   -3.663354|   -3.074184|    0.066829|    0.062731|
|           5|   -3.658610|   -3.073536|    0.062483|    0.049484|
|           6|   -3.655040|   -3.076450|    0.061219|    0.045477|
|           7|   -3.659256|   -3.082863|    0.058446|    0.040950|
|           8|   -3.642208|   -3.064820|    0.056182|    0.035242|
|           9|   -3.656734|   -3.082887|    0.054734|    0.030542|
|          10|   -3.663400|   -3.093558|    0.053771|    0.027242|
|          11|   -3.669557|   -3.102033|    0.053059|    0.024213|
|          12|   -3.674696|   -3.107705|    0.052173|    0.020963|
|          13|   -3.677928|   -3.109536|    0.051313|    0.017767|
|          14|   -3.686049|   -3.115520|    0.050929|    0.014812|
|          15|   -3.696328|   -3.123934|    0.050943|    0.012041|
|          16|   -3.707334|   -3.134402|    0.051091|    0.009355|
|          17|   -3.720091|   -3.148208|    0.051304|    0.006714|
|          18|   -3.734900|   -3.164924|    0.051564|    0.004123|
|          19|   -3.752613|   -3.184472|    0.051705|    0.001619|
|          20|   -3.773972|   -3.207071|    0.051639|   -0.000729|
|          21|   -3.797421|   -3.231044|    0.051559|   -0.002811|
|          22|   -3.820311|   -3.253908|    0.051711|   -0.004520|
|          23|   -3.841581|   -3.274826|    0.052206|   -0.005780|
|          24|   -3.861341|   -3.294081|    0.053267|   -0.006519|
|          25|   -3.880643|   -3.312888|    0.054691|   -0.006744|
|          26|   -3.900886|   -3.332758|    0.056313|   -0.006484|
|          27|   -3.923150|   -3.354901|    0.058120|   -0.005778|
|          28|   -3.947363|   -3.379328|    0.060018|   -0.004700|
|          29|   -3.973008|   -3.405607|    0.061887|   -0.003360|
|          30|   -4.000265|   -3.434047|    0.063609|   -0.001877|
|          31|   -4.029700|   -3.465017|    0.065049|   -0.000355|
|          32|   -4.061028|   -3.497816|    0.066112|    0.001117|
|          33|   -4.093762|   -3.531678|    0.066726|    0.002468|
|          34|   -4.127399|   -3.565876|    0.066945|    0.003656|
|          35|   -4.161288|   -3.599739|    0.066875|    0.004654|
|          36|   -4.194911|   -3.632930|    0.066603|    0.005439|
|          37|   -4.227678|   -3.665193|    0.066176|    0.005994|
|          38|   -4.258994|   -3.696209|    0.065636|    0.006315|
|          39|   -4.288486|   -3.725745|    0.065046|    0.006409|
|          40|   -4.316032|   -3.753730|    0.064475|    0.006296|
|          41|   -4.341758|   -3.780262|    0.063978|    0.006006|
|          42|   -4.365834|   -3.805391|    0.063600|    0.005576|
|          43|   -4.388508|   -3.829191|    0.063361|    0.005042|
|          44|   -4.410002|   -3.851729|    0.063270|    0.004443|
|          45|   -4.430325|   -3.872897|    0.063321|    0.003812|
|          46|   -4.449313|   -3.892482|    0.063508|    0.003181|
|          47|   -4.466739|   -3.910274|    0.063821|    0.002577|
|          48|   -4.482308|   -3.926023|    0.064243|    0.002025|
|          49|   -4.495980|   -3.939770|    0.064765|    0.001540|
|          50|   -4.508016|   -3.951869|    0.065373|    0.001135|
|          51|   -4.518902|   -3.962906|    0.066064|    0.000817|
|          52|   -4.529231|   -3.973518|    0.066836|    0.000588|
|          53|   -4.539399|   -3.984066|    0.067679|    0.000447|
|          54|   -4.549869|   -3.994970|    0.068577|    0.000387|
|          55|   -4.561263|   -4.006811|    0.069499|    0.000399|
|          56|   -4.574242|   -4.020187|    0.070419|    0.000470|
|          57|   -4.589098|   -4.035388|    0.071323|    0.000588|
|          58|   -4.606032|   -4.052665|    0.072201|    0.000739|
|          59|   -4.625036|   -4.072071|    0.073032|    0.000911|
|          60|   -4.645864|   -4.093413|    0.073799|    0.001088|
|          61|   -4.668229|   -4.116399|    0.074498|    0.001260|
|          62|   -4.691814|   -4.140679|    0.075128|    0.001418|
|          63|   -4.716000|   -4.165558|    0.075688|    0.001553|
|          64|   -4.740118|   -4.190314|    0.076173|    0.001662|
|          65|   -4.763680|   -4.214371|    0.076586|    0.001740|
|          66|   -4.786305|   -4.237283|    0.076927|    0.001789|
|          67|   -4.807816|   -4.258866|    0.077192|    0.001808|
|          68|   -4.828317|   -4.279234|    0.077388|    0.001800|
|          69|   -4.848179|   -4.298774|    0.077523|    0.001769|
|          70|   -4.867678|   -4.317823|    0.077608|    0.001719|
|          71|   -4.887074|   -4.336690|    0.077654|    0.001654|
|          72|   -4.906576|   -4.355650|    0.077669|    0.001580|
|          73|   -4.926366|   -4.374951|    0.077660|    0.001499|
|          74|   -4.946561|   -4.394745|    0.077635|    0.001417|
|          75|   -4.967246|   -4.415128|    0.077602|    0.001338|
|          76|   -4.988319|   -4.436000|    0.077568|    0.001263|
|          77|   -5.009612|   -4.457182|    0.077541|    0.001196|
|          78|   -5.030878|   -4.478407|    0.077526|    0.001138|
|          79|   -5.051903|   -4.499439|    0.077524|    0.001090|
|          80|   -5.072571|   -4.520148|    0.077540|    0.001053|
|          81|   -5.092740|   -4.540372|    0.077575|    0.001025|
|          82|   -5.112355|   -4.560082|    0.077630|    0.001006|
|          83|   -5.131465|   -4.579365|    0.077705|    0.000995|
|          84|   -5.150142|   -4.598309|    0.077800|    0.000991|
|          85|   -5.168537|   -4.617065|    0.077913|    0.000994|
|          86|   -5.186757|   -4.635722|    0.078044|    0.001000|
|          87|   -5.204859|   -4.654320|    0.078189|    0.001010|
|          88|   -5.222902|   -4.672904|    0.078343|    0.001022|
|          89|   -5.240895|   -4.691428|    0.078503|    0.001035|
|          90|   -5.258781|   -4.709801|    0.078667|    0.001048|
|          91|   -5.276454|   -4.727885|    0.078830|    0.001061|
|          92|   -5.293876|   -4.745628|    0.078991|    0.001073|
|          93|   -5.311055|   -4.763007|    0.079147|    0.001083|
|          94|   -5.327983|   -4.779990|    0.079296|    0.001092|
|          95|   -5.344565|   -4.796479|    0.079438|    0.001098|
|          96|   -5.360683|   -4.812367|    0.079571|    0.001103|
|          97|   -5.376338|   -4.827682|    0.079695|    0.001106|
|          98|   -5.391644|   -4.842591|    0.079811|    0.001108|
|          99|   -5.406677|   -4.857213|    0.079918|    0.001108|
|         100|   -5.421515|   -4.871651|    0.080017|    0.001108|
|         101|   -5.436265|   -4.886035|    0.080109|    0.001106|
|         102|   -5.450990|   -4.900443|    0.080194|    0.001104|
|         103|   -5.465735|   -4.914927|    0.080275|    0.001102|
|         104|   -5.480521|   -4.929504|    0.080351|    0.001099|
|         105|   -5.495350|   -4.944180|    0.080422|    0.001097|
|         106|   -5.510174|   -4.958901|    0.080490|    0.001095|
|         107|   -5.524990|   -4.973649|    0.080554|    0.001093|
|         108|   -5.539757|   -4.988367|    0.080617|    0.001092|
|         109|   -5.554441|   -5.003007|    0.080677|    0.001091|
|         110|   -5.569085|   -5.017606|    0.080735|    0.001090|
|         111|   -5.583664|   -5.032130|    0.080792|    0.001090|
|         112|   -5.598246|   -5.046664|    0.080847|    0.001091|
|         113|   -5.612844|   -5.061230|    0.080900|    0.001091|
|         114|   -5.627557|   -5.075932|    0.080952|    0.001092|
|         115|   -5.642401|   -5.090784|    0.081003|    0.001092|
|         116|   -5.657347|   -5.105758|    0.081052|    0.001093|
|         117|   -5.672471|   -5.120930|    0.081100|    0.001093|
|         118|   -5.687810|   -5.136346|    0.081145|    0.001094|
|         119|   -5.703334|   -5.151972|    0.081188|    0.001094|
|         120|   -5.719020|   -5.167782|    0.081229|    0.001095|
|         121|   -5.734871|   -5.183776|    0.081267|    0.001095|
|         122|   -5.750859|   -5.199919|    0.081302|    0.001095|
|         123|   -5.766966|   -5.216191|    0.081334|    0.001094|
|         124|   -5.783144|   -5.232539|    0.081363|    0.001094|
|         125|   -5.799355|   -5.248923|    0.081388|    0.001094|
|         126|   -5.815556|   -5.265292|    0.081411|    0.001093|
|         127|   -5.831717|   -5.281609|    0.081430|    0.001093|
|         128|   -5.847770|   -5.297816|    0.081445|    0.001092|
|         129|   -5.863633|   -5.313823|    0.081458|    0.001092|
|         130|   -5.879282|   -5.329596|    0.081469|    0.001092|
|         131|   -5.894715|   -5.345128|    0.081476|    0.001091|
|         132|   -5.909868|   -5.360358|    0.081481|    0.001091|
|         133|   -5.924661|   -5.375209|    0.081484|    0.001091|
|         134|   -5.939052|   -5.389637|    0.081485|    0.001090|
|         135|   -5.953050|   -5.403649|    0.081484|    0.001090|
|         136|   -5.966666|   -5.417252|    0.081481|    0.001090|
|         137|   -5.979894|   -5.430443|    0.081477|    0.001090|
|         138|   -5.992756|   -5.443243|    0.081472|    0.001089|
|         139|   -6.005310|   -5.455712|    0.081466|    0.001089|
|         140|   -6.017609|   -5.467899|    0.081459|    0.001089|
|         141|   -6.029740|   -5.479891|    0.081451|    0.001089|
|         142|   -6.041770|   -5.491761|    0.081443|    0.001088|
|         143|   -6.053740|   -5.503555|    0.081434|    0.001088|
|         144|   -6.065705|   -5.515329|    0.081426|    0.001088|
|         145|   -6.077749|   -5.527176|    0.081417|    0.001087|
|         146|   -6.089915|   -5.539146|    0.081408|    0.001087|
|         147|   -6.102258|   -5.551299|    0.081400|    0.001086|
|         148|   -6.114811|   -5.563670|    0.081392|    0.001086|
|         149|   -6.127582|   -5.576268|    0.081384|    0.001086|
|         150|   -6.140615|   -5.589144|    0.081377|    0.001085|
|         151|   -6.153913|   -5.602309|    0.081370|    0.001085|
|         152|   -6.167478|   -5.615766|    0.081363|    0.001084|
|         153|   -6.181302|   -5.629511|    0.081357|    0.001084|
|         154|   -6.195350|   -5.643506|    0.081351|    0.001083|
|         155|   -6.209615|   -5.657745|    0.081346|    0.001083|
|         156|   -6.224079|   -5.672215|    0.081341|    0.001083|
|         157|   -6.238657|   -5.686832|    0.081337|    0.001082|
|         158|   -6.253309|   -5.701559|    0.081333|    0.001082|
|         159|   -6.267984|   -5.716338|    0.081330|    0.001082|
|         160|   -6.282604|   -5.731086|    0.081327|    0.001082|
|         161|   -6.297132|   -5.745765|    0.081324|    0.001082|
|         162|   -6.311513|   -5.760318|    0.081322|    0.001082|
|         163|   -6.325688|   -5.774678|    0.081320|    0.001082|
|         164|   -6.339588|   -5.788769|    0.081319|    0.001082|
|         165|   -6.353189|   -5.802570|    0.081318|    0.001082|
|         166|   -6.366481|   -5.816066|    0.081317|    0.001082|
|         167|   -6.379470|   -5.829256|    0.081317|    0.001082|
|         168|   -6.392188|   -5.842168|    0.081317|    0.001082|
|         169|   -6.404652|   -5.854810|    0.081317|    0.001082|
|         170|   -6.416881|   -5.867199|    0.081317|    0.001082|
|         171|   -6.428904|   -5.879362|    0.081318|    0.001082|
|         172|   -6.440770|   -5.891346|    0.081318|    0.001083|
|         173|   -6.452542|   -5.903210|    0.081319|    0.001083|
|         174|   -6.464269|   -5.915003|    0.081320|    0.001083|
|         175|   -6.475989|   -5.926763|    0.081322|    0.001083|
|         176|   -6.487724|   -5.938511|    0.081323|    0.001083|
|         177|   -6.499518|   -5.950297|    0.081324|    0.001083|
|         178|   -6.511410|   -5.962158|    0.081326|    0.001083|
|         179|   -6.523396|   -5.974086|    0.081327|    0.001083|
|         180|   -6.535536|   -5.986146|    0.081329|    0.001083|
|         181|   -6.547878|   -5.998392|    0.081330|    0.001083|
|         182|   -6.560407|   -6.010808|    0.081332|    0.001083|
|         183|   -6.573115|   -6.023392|    0.081333|    0.001083|
|         184|   -6.586007|   -6.036155|    0.081334|    0.001083|
|         185|   -6.599062|   -6.049073|    0.081336|    0.001083|
|         186|   -6.612274|   -6.062142|    0.081337|    0.001083|
|         187|   -6.625616|   -6.075337|    0.081337|    0.001083|
|         188|   -6.639033|   -6.088609|    0.081338|    0.001082|
|         189|   -6.652490|   -6.101924|    0.081339|    0.001082|
|         190|   -6.665978|   -6.115276|    0.081339|    0.001082|
|         191|   -6.679479|   -6.128648|    0.081339|    0.001082|
|         192|   -6.692972|   -6.142022|    0.081339|    0.001082|
|         193|   -6.706441|   -6.155381|    0.081339|    0.001082|
|         194|   -6.719873|   -6.168715|    0.081338|    0.001082|
|         195|   -6.733246|   -6.182002|    0.081338|    0.001082|
|         196|   -6.746533|   -6.195219|    0.081337|    0.001082|
|         197|   -6.759729|   -6.208361|    0.081336|    0.001082|
|         198|   -6.772861|   -6.221456|    0.081335|    0.001082|
|         199|   -6.785933|   -6.234498|    0.081333|    0.001082|
|         200|   -6.798961|   -6.247507|    0.081332|    0.001082|
|         201|   -6.811972|   -6.260510|    0.081330|    0.001082|
|         202|   -6.824984|   -6.273527|    0.081328|    0.001082|
|         203|   -6.838024|   -6.286584|    0.081326|    0.001081|
|         204|   -6.851128|   -6.299713|    0.081324|    0.001081|
|         205|   -6.864341|   -6.312960|    0.081321|    0.001081|
|         206|   -6.877653|   -6.326308|    0.081319|    0.001081|
|         207|   -6.891076|   -6.339772|    0.081317|    0.001081|
|         208|   -6.904627|   -6.353367|    0.081314|    0.001081|
|         209|   -6.918321|   -6.367108|    0.081312|    0.001081|
|         210|   -6.932174|   -6.381010|    0.081309|    0.001081|
|         211|   -6.946192|   -6.395079|    0.081306|    0.001081|
|         212|   -6.960367|   -6.409303|    0.081304|    0.001081|
|         213|   -6.974701|   -6.423689|    0.081301|    0.001081|
|         214|   -6.989188|   -6.438229|    0.081299|    0.001081|
|         215|   -7.003805|   -6.452900|    0.081296|    0.001081|
|         216|   -7.018529|   -6.467683|    0.081294|    0.001081|
|         217|   -7.033338|   -6.482551|    0.081292|    0.001081|
|         218|   -7.048188|   -6.497464|    0.081290|    0.001081|
|         219|   -7.063040|   -6.512380|    0.081287|    0.001081|
|         220|   -7.077862|   -6.527269|    0.081285|    0.001081|
|         221|   -7.092608|   -6.542083|    0.081284|    0.001081|
|         222|   -7.107227|   -6.556769|    0.081282|    0.001081|
|         223|   -7.121687|   -6.571298|    0.081280|    0.001081|
|         224|   -7.135949|   -6.585626|    0.081279|    0.001081|
|         225|   -7.149978|   -6.599718|    0.081277|    0.001081|
|         226|   -7.163747|   -6.613545|    0.081276|    0.001081|
|         227|   -7.177233|   -6.627085|    0.081275|    0.001081|
|         228|   -7.190412|   -6.640311|    0.081273|    0.001081|
|         229|   -7.203302|   -6.653242|    0.081272|    0.001081|
|         230|   -7.215915|   -6.665885|    0.081271|    0.001081|
|         231|   -7.228273|   -6.678261|    0.081270|    0.001081|
|         232|   -7.240404|   -6.690396|    0.081270|    0.001081|
|         233|   -7.252341|   -6.702324|    0.081269|    0.001081|
|         234|   -7.264124|   -6.714084|    0.081268|    0.001081|
|         235|   -7.275800|   -6.725725|    0.081268|    0.001081|
|         236|   -7.287419|   -6.737297|    0.081267|    0.001081|
|         237|   -7.299031|   -6.748850|    0.081267|    0.001081|
|         238|   -7.310687|   -6.760436|    0.081266|    0.001081|
|         239|   -7.322435|   -6.772106|    0.081266|    0.001081|
|         240|   -7.334319|   -6.783906|    0.081266|    0.001081|
|         241|   -7.346378|   -6.795876|    0.081266|    0.001081|
|         242|   -7.358646|   -6.808050|    0.081265|    0.001081|
|         243|   -7.371150|   -6.820459|    0.081265|    0.001081|
|         244|   -7.383913|   -6.833127|    0.081265|    0.001081|
|         245|   -7.396950|   -6.846070|    0.081265|    0.001081|
|         246|   -7.410269|   -6.859298|    0.081265|    0.001082|
|         247|   -7.423872|   -6.872817|    0.081265|    0.001082|
|         248|   -7.437756|   -6.886622|    0.081265|    0.001082|
|         249|   -7.451911|   -6.900707|    0.081265|    0.001082|
|         250|   -7.466321|   -6.915055|    0.081265|    0.001082|
+-----------------------------------------------------------------------+
|        File Writing Summary       |              Filename             |
+-----------------------------------------------------------------------+
|SU2 binary restart                 |restart_flow.dat                   |
|Paraview                           |flow.vtu                           |
|Paraview surface                   |surface_flow.vtu                   |
|CSV file                           |surface_flow.csv                   |
+-----------------------------------------------------------------------+
+----------------------------------------------------------------+
|  Inner_Iter|    rms[Rho]|   rms[RhoE]|          CL|          CD|
+----------------------------------------------------------------+
|         251|   -7.480965|   -6.929648|    0.081265|    0.001082|
|         252|   -7.495817|   -6.944459|    0.081265|    0.001082|
|         253|   -7.510847|   -6.959460|    0.081265|    0.001082|
|         254|   -7.526021|   -6.974616|    0.081264|    0.001082|
|         255|   -7.541304|   -6.989893|    0.081264|    0.001082|
|         256|   -7.556658|   -7.005253|    0.081264|    0.001082|
|         257|   -7.572046|   -7.020657|    0.081264|    0.001082|
|         258|   -7.587430|   -7.036067|    0.081264|    0.001082|
|         259|   -7.602774|   -7.051447|    0.081264|    0.001082|
|         260|   -7.618047|   -7.066763|    0.081264|    0.001082|
|         261|   -7.633219|   -7.081983|    0.081264|    0.001082|
|         262|   -7.648266|   -7.097084|    0.081264|    0.001082|
|         263|   -7.663170|   -7.112044|    0.081264|    0.001082|
|         264|   -7.677920|   -7.126849|    0.081264|    0.001082|
|         265|   -7.692508|   -7.141493|    0.081264|    0.001082|
|         266|   -7.706935|   -7.155972|    0.081264|    0.001082|
|         267|   -7.721209|   -7.170293|    0.081264|    0.001082|
|         268|   -7.735339|   -7.184465|    0.081264|    0.001082|
|         269|   -7.749344|   -7.198505|    0.081264|    0.001082|
|         270|   -7.763241|   -7.212431|    0.081264|    0.001082|
|         271|   -7.777054|   -7.226264|    0.081264|    0.001082|
|         272|   -7.790805|   -7.240028|    0.081264|    0.001082|
|         273|   -7.804519|   -7.253749|    0.081264|    0.001082|
|         274|   -7.818220|   -7.267449|    0.081264|    0.001082|
|         275|   -7.831927|   -7.281151|    0.081264|    0.001081|
|         276|   -7.845658|   -7.294873|    0.081264|    0.001081|
|         277|   -7.859431|   -7.308633|    0.081264|    0.001081|
|         278|   -7.873257|   -7.322444|    0.081264|    0.001081|
|         279|   -7.887143|   -7.336315|    0.081264|    0.001081|
|         280|   -7.901091|   -7.350250|    0.081264|    0.001081|
|         281|   -7.915100|   -7.364248|    0.081264|    0.001081|
|         282|   -7.929164|   -7.378305|    0.081264|    0.001081|
|         283|   -7.943275|   -7.392414|    0.081264|    0.001081|
|         284|   -7.957419|   -7.406562|    0.081264|    0.001081|
|         285|   -7.971581|   -7.420734|    0.081264|    0.001081|
|         286|   -7.985743|   -7.434914|    0.081265|    0.001081|
|         287|   -7.999886|   -7.449082|    0.081265|    0.001081|
|         288|   -8.013990|   -7.463218|    0.081265|    0.001081|
|         289|   -8.028036|   -7.477303|    0.081265|    0.001081|
|         290|   -8.042006|   -7.491318|    0.081265|    0.001081|
|         291|   -8.055884|   -7.505246|    0.081265|    0.001081|
|         292|   -8.069656|   -7.519072|    0.081265|    0.001081|
|         293|   -8.083313|   -7.532785|    0.081266|    0.001081|
|         294|   -8.096849|   -7.546378|    0.081266|    0.001081|
|         295|   -8.110262|   -7.559846|    0.081266|    0.001081|
|         296|   -8.123554|   -7.573191|    0.081266|    0.001081|
|         297|   -8.136732|   -7.586417|    0.081266|    0.001081|
|         298|   -8.149806|   -7.599533|    0.081266|    0.001081|
|         299|   -8.162790|   -7.612552|    0.081266|    0.001081|
|         300|   -8.175701|   -7.625489|    0.081267|    0.001081|
|         301|   -8.188556|   -7.638362|    0.081267|    0.001081|
|         302|   -8.201376|   -7.651189|    0.081267|    0.001081|
|         303|   -8.214180|   -7.663991|    0.081267|    0.001081|
|         304|   -8.226988|   -7.676787|    0.081267|    0.001081|
|         305|   -8.239820|   -7.689597|    0.081267|    0.001081|
|         306|   -8.252691|   -7.702437|    0.081267|    0.001081|
|         307|   -8.265617|   -7.715323|    0.081268|    0.001081|
|         308|   -8.278608|   -7.728268|    0.081268|    0.001082|
|         309|   -8.291674|   -7.741281|    0.081268|    0.001082|
|         310|   -8.304820|   -7.754370|    0.081268|    0.001082|
|         311|   -8.318047|   -7.767538|    0.081268|    0.001082|
|         312|   -8.331355|   -7.780784|    0.081268|    0.001082|
|         313|   -8.344736|   -7.794105|    0.081268|    0.001082|
|         314|   -8.358185|   -7.807495|    0.081268|    0.001082|
|         315|   -8.371688|   -7.820945|    0.081268|    0.001082|
|         316|   -8.385234|   -7.834442|    0.081268|    0.001082|
|         317|   -8.398806|   -7.847973|    0.081268|    0.001082|
|         318|   -8.412389|   -7.861523|    0.081268|    0.001082|
|         319|   -8.425965|   -7.875076|    0.081268|    0.001082|
|         320|   -8.439516|   -7.888616|    0.081268|    0.001082|
|         321|   -8.453027|   -7.902126|    0.081268|    0.001082|
|         322|   -8.466482|   -7.915593|    0.081268|    0.001081|
|         323|   -8.479868|   -7.929001|    0.081268|    0.001081|
|         324|   -8.493173|   -7.942342|    0.081268|    0.001081|
|         325|   -8.506391|   -7.955604|    0.081268|    0.001081|
|         326|   -8.519514|   -7.968784|    0.081268|    0.001081|
|         327|   -8.532542|   -7.981877|    0.081268|    0.001081|
|         328|   -8.545476|   -7.994884|    0.081268|    0.001081|
|         329|   -8.558321|   -8.007808|    0.081268|    0.001081|
|         330|   -8.571083|   -8.020654|    0.081268|    0.001081|
|         331|   -8.583774|   -8.033431|    0.081268|    0.001081|
|         332|   -8.596403|   -8.046148|    0.081268|    0.001081|
|         333|   -8.608986|   -8.058818|    0.081268|    0.001081|
|         334|   -8.621536|   -8.071452|    0.081268|    0.001081|
|         335|   -8.634067|   -8.084065|    0.081268|    0.001081|
|         336|   -8.646595|   -8.096668|    0.081268|    0.001081|
|         337|   -8.659131|   -8.109274|    0.081268|    0.001081|
|         338|   -8.671688|   -8.121894|    0.081268|    0.001081|
|         339|   -8.684276|   -8.134536|    0.081268|    0.001081|
|         340|   -8.696901|   -8.147207|    0.081268|    0.001081|
|         341|   -8.709570|   -8.159912|    0.081268|    0.001081|
|         342|   -8.722283|   -8.172654|    0.081268|    0.001081|
|         343|   -8.735041|   -8.185431|    0.081268|    0.001081|
|         344|   -8.747840|   -8.198241|    0.081268|    0.001081|
|         345|   -8.760674|   -8.211078|    0.081268|    0.001081|
|         346|   -8.773535|   -8.223935|    0.081268|    0.001081|
|         347|   -8.786412|   -8.236801|    0.081268|    0.001081|
|         348|   -8.799295|   -8.249667|    0.081267|    0.001081|
|         349|   -8.812169|   -8.262519|    0.081267|    0.001081|
|         350|   -8.825022|   -8.275347|    0.081267|    0.001081|
|         351|   -8.837841|   -8.288137|    0.081267|    0.001081|
|         352|   -8.850614|   -8.300879|    0.081267|    0.001081|
|         353|   -8.863329|   -8.313563|    0.081267|    0.001081|
|         354|   -8.875977|   -8.326179|    0.081267|    0.001081|
|         355|   -8.888551|   -8.338722|    0.081267|    0.001081|
|         356|   -8.901049|   -8.351188|    0.081267|    0.001081|
|         357|   -8.913467|   -8.363577|    0.081267|    0.001081|
|         358|   -8.925810|   -8.375892|    0.081267|    0.001081|
|         359|   -8.938081|   -8.388138|    0.081267|    0.001081|
|         360|   -8.950291|   -8.400324|    0.081267|    0.001081|
|         361|   -8.962450|   -8.412462|    0.081267|    0.001081|
|         362|   -8.974572|   -8.424565|    0.081267|    0.001081|
|         363|   -8.986675|   -8.436650|    0.081267|    0.001081|
|         364|   -8.998775|   -8.448734|    0.081267|    0.001081|
|         365|   -9.010892|   -8.460836|    0.081267|    0.001081|
|         366|   -9.023047|   -8.472976|    0.081267|    0.001081|
|         367|   -9.035257|   -8.485173|    0.081267|    0.001081|
|         368|   -9.047542|   -8.497445|    0.081267|    0.001081|
|         369|   -9.059921|   -8.509810|    0.081267|    0.001081|
|         370|   -9.072408|   -8.522284|    0.081267|    0.001081|
|         371|   -9.085018|   -8.534880|    0.081268|    0.001081|
|         372|   -9.097762|   -8.547609|    0.081268|    0.001081|
|         373|   -9.110649|   -8.560479|    0.081268|    0.001081|
|         374|   -9.123683|   -8.573497|    0.081268|    0.001081|
|         375|   -9.136867|   -8.586664|    0.081268|    0.001081|
|         376|   -9.150198|   -8.599978|    0.081268|    0.001081|
|         377|   -9.163673|   -8.613435|    0.081268|    0.001081|
|         378|   -9.177281|   -8.627026|    0.081268|    0.001081|
|         379|   -9.191013|   -8.640741|    0.081268|    0.001081|
|         380|   -9.204852|   -8.654564|    0.081268|    0.001081|
|         381|   -9.218780|   -8.668479|    0.081268|    0.001081|
|         382|   -9.232779|   -8.682465|    0.081268|    0.001081|
|         383|   -9.246825|   -8.696501|    0.081268|    0.001081|
|         384|   -9.260894|   -8.710564|    0.081268|    0.001081|
|         385|   -9.274963|   -8.724630|    0.081268|    0.001081|
|         386|   -9.289007|   -8.738675|    0.081268|    0.001081|
|         387|   -9.303001|   -8.752674|    0.081268|    0.001081|
|         388|   -9.316922|   -8.766606|    0.081268|    0.001081|
|         389|   -9.330750|   -8.780448|    0.081268|    0.001081|
|         390|   -9.344464|   -8.794183|    0.081268|    0.001081|
|         391|   -9.358049|   -8.807794|    0.081268|    0.001081|
|         392|   -9.371494|   -8.821268|    0.081268|    0.001081|
|         393|   -9.384788|   -8.834598|    0.081268|    0.001081|
|         394|   -9.397928|   -8.847776|    0.081268|    0.001081|
|         395|   -9.410914|   -8.860804|    0.081268|    0.001081|
|         396|   -9.423748|   -8.873683|    0.081268|    0.001081|
|         397|   -9.436439|   -8.886420|    0.081268|    0.001081|
|         398|   -9.448998|   -8.899026|    0.081268|    0.001081|
|         399|   -9.461438|   -8.911513|    0.081268|    0.001081|
|         400|   -9.473776|   -8.923897|    0.081268|    0.001081|
|         401|   -9.486030|   -8.936196|    0.081268|    0.001081|
|         402|   -9.498221|   -8.948428|    0.081268|    0.001081|
|         403|   -9.510367|   -8.960614|    0.081268|    0.001081|
|         404|   -9.522489|   -8.972771|    0.081268|    0.001081|
|         405|   -9.534607|   -8.984920|    0.081268|    0.001081|
|         406|   -9.546738|   -8.997078|    0.081268|    0.001081|
|         407|   -9.558899|   -9.009260|    0.081268|    0.001081|
|         408|   -9.571104|   -9.021482|    0.081268|    0.001081|
|         409|   -9.583366|   -9.033755|    0.081268|    0.001081|
|         410|   -9.595693|   -9.046089|    0.081268|    0.001081|
|         411|   -9.608092|   -9.058491|    0.081268|    0.001081|
|         412|   -9.620569|   -9.070965|    0.081268|    0.001081|
|         413|   -9.633124|   -9.083514|    0.081268|    0.001081|
|         414|   -9.645757|   -9.096136|    0.081268|    0.001081|
|         415|   -9.658465|   -9.108828|    0.081268|    0.001081|
|         416|   -9.671243|   -9.121587|    0.081268|    0.001081|
|         417|   -9.684084|   -9.134406|    0.081268|    0.001081|
|         418|   -9.696979|   -9.147276|    0.081268|    0.001081|
|         419|   -9.709920|   -9.160189|    0.081268|    0.001081|
|         420|   -9.722896|   -9.173134|    0.081268|    0.001081|
|         421|   -9.735896|   -9.186102|    0.081268|    0.001081|
|         422|   -9.748911|   -9.199083|    0.081268|    0.001081|
|         423|   -9.761931|   -9.212066|    0.081268|    0.001081|
|         424|   -9.774945|   -9.225042|    0.081268|    0.001081|
|         425|   -9.787947|   -9.238004|    0.081268|    0.001081|
|         426|   -9.800928|   -9.250945|    0.081268|    0.001081|
|         427|   -9.813883|   -9.263860|    0.081268|    0.001081|
|         428|   -9.826808|   -9.276744|    0.081268|    0.001081|
|         429|   -9.839701|   -9.289595|    0.081268|    0.001081|
|         430|   -9.852561|   -9.302414|    0.081268|    0.001081|
|         431|   -9.865389|   -9.315201|    0.081268|    0.001081|
|         432|   -9.878185|   -9.327959|    0.081268|    0.001081|
|         433|   -9.890955|   -9.340691|    0.081268|    0.001081|
|         434|   -9.903702|   -9.353402|    0.081268|    0.001081|
|         435|   -9.916430|   -9.366097|    0.081268|    0.001081|
|         436|   -9.929146|   -9.378783|    0.081268|    0.001081|
|         437|   -9.941853|   -9.391464|    0.081268|    0.001081|
|         438|   -9.954557|   -9.404147|    0.081268|    0.001081|
|         439|   -9.967262|   -9.416837|    0.081268|    0.001081|
|         440|   -9.979972|   -9.429537|    0.081268|    0.001081|
|         441|   -9.992689|   -9.442251|    0.081268|    0.001081|
|         442|  -10.005414|   -9.454980|    0.081268|    0.001081|
|         443|  -10.018146|   -9.467725|    0.081268|    0.001081|
|         444|  -10.030884|   -9.480485|    0.081268|    0.001081|
|         445|  -10.043625|   -9.493256|    0.081268|    0.001081|
|         446|  -10.056365|   -9.506035|    0.081268|    0.001081|
|         447|  -10.069096|   -9.518814|    0.081268|    0.001081|
|         448|  -10.081811|   -9.531588|    0.081268|    0.001081|
|         449|  -10.094503|   -9.544347|    0.081268|    0.001081|
|         450|  -10.107162|   -9.557082|    0.081268|    0.001081|
|         451|  -10.119778|   -9.569783|    0.081268|    0.001081|
|         452|  -10.132342|   -9.582439|    0.081268|    0.001081|
|         453|  -10.144844|   -9.595039|    0.081268|    0.001081|
|         454|  -10.157275|   -9.607573|    0.081268|    0.001081|
|         455|  -10.169627|   -9.620031|    0.081268|    0.001081|
|         456|  -10.181892|   -9.632404|    0.081268|    0.001081|
|         457|  -10.194064|   -9.644685|    0.081268|    0.001081|
|         458|  -10.206140|   -9.656867|    0.081268|    0.001081|
|         459|  -10.218117|   -9.668947|    0.081268|    0.001081|
|         460|  -10.229994|   -9.680922|    0.081268|    0.001081|
|         461|  -10.241774|   -9.692791|    0.081268|    0.001081|
|         462|  -10.253460|   -9.704557|    0.081268|    0.001081|
|         463|  -10.265057|   -9.716224|    0.081268|    0.001081|
|         464|  -10.276574|   -9.727797|    0.081268|    0.001081|
|         465|  -10.288019|   -9.739286|    0.081268|    0.001081|
|         466|  -10.299404|   -9.750699|    0.081268|    0.001081|
|         467|  -10.310738|   -9.762047|    0.081268|    0.001081|
|         468|  -10.322036|   -9.773344|    0.081268|    0.001081|
|         469|  -10.333310|   -9.784601|    0.081268|    0.001081|
|         470|  -10.344573|   -9.795833|    0.081268|    0.001081|
|         471|  -10.355839|   -9.807053|    0.081268|    0.001081|
|         472|  -10.367121|   -9.818275|    0.081268|    0.001081|
|         473|  -10.378430|   -9.829513|    0.081268|    0.001081|
|         474|  -10.389778|   -9.840779|    0.081268|    0.001081|
|         475|  -10.401175|   -9.852086|    0.081268|    0.001081|
|         476|  -10.412632|   -9.863443|    0.081268|    0.001081|
|         477|  -10.424155|   -9.874862|    0.081268|    0.001081|
|         478|  -10.435751|   -9.886349|    0.081268|    0.001081|
|         479|  -10.447426|   -9.897914|    0.081268|    0.001081|
|         480|  -10.459184|   -9.909561|    0.081268|    0.001081|
|         481|  -10.471028|   -9.921295|    0.081268|    0.001081|
|         482|  -10.482958|   -9.933120|    0.081268|    0.001081|
|         483|  -10.494975|   -9.945037|    0.081268|    0.001081|
|         484|  -10.507079|   -9.957047|    0.081268|    0.001081|
|         485|  -10.519266|   -9.969149|    0.081268|    0.001081|
|         486|  -10.531535|   -9.981342|    0.081268|    0.001081|
|         487|  -10.543881|   -9.993623|    0.081268|    0.001081|
|         488|  -10.556301|  -10.005990|    0.081268|    0.001081|
|         489|  -10.568789|  -10.018437|    0.081268|    0.001081|
|         490|  -10.581340|  -10.030960|    0.081268|    0.001081|
|         491|  -10.593948|  -10.043554|    0.081268|    0.001081|
|         492|  -10.606607|  -10.056212|    0.081268|    0.001081|
|         493|  -10.619312|  -10.068928|    0.081268|    0.001081|
|         494|  -10.632056|  -10.081696|    0.081268|    0.001081|
|         495|  -10.644832|  -10.094509|    0.081268|    0.001081|
|         496|  -10.657634|  -10.107360|    0.081268|    0.001081|
|         497|  -10.670457|  -10.120240|    0.081268|    0.001081|
|         498|  -10.683293|  -10.133144|    0.081268|    0.001081|
|         499|  -10.696137|  -10.146063|    0.081268|    0.001081|
|         500|  -10.708983|  -10.158990|    0.081268|    0.001081|
+-----------------------------------------------------------------------+
|        File Writing Summary       |              Filename             |
+-----------------------------------------------------------------------+
|SU2 binary restart                 |restart_flow.dat                   |
|Paraview                           |flow.vtu                           |
|Paraview surface                   |surface_flow.vtu                   |
|CSV file                           |surface_flow.csv                   |
+-----------------------------------------------------------------------+
+----------------------------------------------------------------+
|  Inner_Iter|    rms[Rho]|   rms[RhoE]|          CL|          CD|
+----------------------------------------------------------------+
|         501|  -10.721824|  -10.171917|    0.081268|    0.001081|
|         502|  -10.734655|  -10.184837|    0.081268|    0.001081|
|         503|  -10.747470|  -10.197742|    0.081268|    0.001081|
|         504|  -10.760263|  -10.210625|    0.081268|    0.001081|
|         505|  -10.773029|  -10.223479|    0.081268|    0.001081|
|         506|  -10.785761|  -10.236297|    0.081268|    0.001081|
|         507|  -10.798455|  -10.249073|    0.081268|    0.001081|
|         508|  -10.811106|  -10.261799|    0.081268|    0.001081|
|         509|  -10.823709|  -10.274471|    0.081268|    0.001081|
|         510|  -10.836260|  -10.287082|    0.081268|    0.001081|
|         511|  -10.848754|  -10.299629|    0.081268|    0.001081|
|         512|  -10.861190|  -10.312108|    0.081268|    0.001081|
|         513|  -10.873564|  -10.324516|    0.081268|    0.001081|
|         514|  -10.885874|  -10.336850|    0.081268|    0.001081|
|         515|  -10.898120|  -10.349110|    0.081268|    0.001081|
|         516|  -10.910301|  -10.361297|    0.081268|    0.001081|
|         517|  -10.922419|  -10.373411|    0.081268|    0.001081|
|         518|  -10.934477|  -10.385455|    0.081268|    0.001081|
|         519|  -10.946477|  -10.397434|    0.081268|    0.001081|
|         520|  -10.958425|  -10.409353|    0.081268|    0.001081|
|         521|  -10.970326|  -10.421218|    0.081268|    0.001081|
|         522|  -10.982187|  -10.433037|    0.081268|    0.001081|
|         523|  -10.994017|  -10.444820|    0.081268|    0.001081|
|         524|  -11.005824|  -10.456576|    0.081268|    0.001081|
|         525|  -11.017619|  -10.468316|    0.081268|    0.001081|
|         526|  -11.029413|  -10.480052|    0.081268|    0.001081|
|         527|  -11.041216|  -10.491795|    0.081268|    0.001081|
|         528|  -11.053041|  -10.503559|    0.081268|    0.001081|
|         529|  -11.064898|  -10.515355|    0.081268|    0.001081|
|         530|  -11.076800|  -10.527196|    0.081268|    0.001081|
|         531|  -11.088758|  -10.539094|    0.081268|    0.001081|
|         532|  -11.100783|  -10.551060|    0.081268|    0.001081|
|         533|  -11.112885|  -10.563104|    0.081268|    0.001081|
|         534|  -11.125073|  -10.575237|    0.081268|    0.001081|
|         535|  -11.137356|  -10.587467|    0.081268|    0.001081|
|         536|  -11.149741|  -10.599801|    0.081268|    0.001081|
|         537|  -11.162233|  -10.612245|    0.081268|    0.001081|
|         538|  -11.174836|  -10.624804|    0.081268|    0.001081|
|         539|  -11.187555|  -10.637481|    0.081268|    0.001081|
|         540|  -11.200389|  -10.650278|    0.081268|    0.001081|
|         541|  -11.213338|  -10.663193|    0.081268|    0.001081|
|         542|  -11.226401|  -10.676225|    0.081268|    0.001081|
|         543|  -11.239574|  -10.689371|    0.081268|    0.001081|
|         544|  -11.252851|  -10.702625|    0.081268|    0.001081|
|         545|  -11.266226|  -10.715980|    0.081268|    0.001081|
|         546|  -11.279690|  -10.729428|    0.081268|    0.001081|
|         547|  -11.293232|  -10.742960|    0.081268|    0.001081|
|         548|  -11.306844|  -10.756564|    0.081268|    0.001081|
|         549|  -11.320511|  -10.770229|    0.081268|    0.001081|
|         550|  -11.334221|  -10.783941|    0.081268|    0.001081|
|         551|  -11.347961|  -10.797686|    0.081268|    0.001081|
|         552|  -11.361716|  -10.811451|    0.081268|    0.001081|
|         553|  -11.375472|  -10.825221|    0.081268|    0.001081|
|         554|  -11.389215|  -10.838983|    0.081268|    0.001081|
|         555|  -11.402930|  -10.852721|    0.081268|    0.001081|
|         556|  -11.416605|  -10.866423|    0.081268|    0.001081|
|         557|  -11.430227|  -10.880075|    0.081268|    0.001081|
|         558|  -11.443784|  -10.893667|    0.081268|    0.001081|
|         559|  -11.457267|  -10.907187|    0.081268|    0.001081|
|         560|  -11.470667|  -10.920627|    0.081268|    0.001081|
|         561|  -11.483977|  -10.933981|    0.081268|    0.001081|
|         562|  -11.497191|  -10.947241|    0.081268|    0.001081|
|         563|  -11.510308|  -10.960404|    0.081268|    0.001081|
|         564|  -11.523324|  -10.973469|    0.081268|    0.001081|
|         565|  -11.536241|  -10.986434|    0.081268|    0.001081|
|         566|  -11.549060|  -10.999302|    0.081268|    0.001081|
|         567|  -11.561785|  -11.012075|    0.081268|    0.001081|
|         568|  -11.574421|  -11.024758|    0.081268|    0.001081|
|         569|  -11.586974|  -11.037356|    0.081268|    0.001081|
|         570|  -11.599451|  -11.049877|    0.081268|    0.001081|
|         571|  -11.611862|  -11.062327|    0.081268|    0.001081|
|         572|  -11.624213|  -11.074715|    0.081268|    0.001081|
|         573|  -11.636516|  -11.087049|    0.081268|    0.001081|
|         574|  -11.648778|  -11.099340|    0.081268|    0.001081|
|         575|  -11.661009|  -11.111595|    0.081268|    0.001081|
|         576|  -11.673219|  -11.123823|    0.081268|    0.001081|
|         577|  -11.685416|  -11.136034|    0.081268|    0.001081|
|         578|  -11.697608|  -11.148235|    0.081268|    0.001081|
|         579|  -11.709804|  -11.160434|    0.081268|    0.001081|
|         580|  -11.722010|  -11.172638|    0.081268|    0.001081|
|         581|  -11.734232|  -11.184853|    0.081268|    0.001081|
|         582|  -11.746478|  -11.197086|    0.081268|    0.001081|
|         583|  -11.758750|  -11.209341|    0.081268|    0.001081|
|         584|  -11.771053|  -11.221622|    0.081268|    0.001081|
|         585|  -11.783392|  -11.233933|    0.081268|    0.001081|
|         586|  -11.795767|  -11.246277|    0.081268|    0.001081|
|         587|  -11.808182|  -11.258657|    0.081268|    0.001081|
|         588|  -11.820638|  -11.271074|    0.081268|    0.001081|
|         589|  -11.833136|  -11.283530|    0.081268|    0.001081|
|         590|  -11.845677|  -11.296025|    0.081268|    0.001081|
|         591|  -11.858259|  -11.308560|    0.081268|    0.001081|
|         592|  -11.870885|  -11.321135|    0.081268|    0.001081|
|         593|  -11.883551|  -11.333751|    0.081268|    0.001081|
|         594|  -11.896260|  -11.346407|    0.081268|    0.001081|
|         595|  -11.909008|  -11.359103|    0.081268|    0.001081|
|         596|  -11.921795|  -11.371838|    0.081268|    0.001081|
|         597|  -11.934620|  -11.384611|    0.081268|    0.001081|
|         598|  -11.947481|  -11.397422|    0.081268|    0.001081|
|         599|  -11.960377|  -11.410270|    0.081268|    0.001081|
|         600|  -11.973306|  -11.423153|    0.081268|    0.001081|
|         601|  -11.986265|  -11.436071|    0.081268|    0.001081|
|         602|  -11.999254|  -11.449021|    0.081268|    0.001081|
|         603|  -12.012267|  -11.462001|    0.081268|    0.001081|
|         604|  -12.025305|  -11.475009|    0.081268|    0.001081|
|         605|  -12.038362|  -11.488044|    0.081268|    0.001081|
|         606|  -12.051435|  -11.501100|    0.081268|    0.001081|
|         607|  -12.064521|  -11.514176|    0.081268|    0.001081|
|         608|  -12.077615|  -11.527267|    0.081268|    0.001081|
|         609|  -12.090712|  -11.540369|    0.081268|    0.001081|
|         610|  -12.103807|  -11.553477|    0.081268|    0.001081|
|         611|  -12.116895|  -11.566585|    0.081268|    0.001081|
|         612|  -12.129970|  -11.579688|    0.081268|    0.001081|
|         613|  -12.143026|  -11.592780|    0.081268|    0.001081|
|         614|  -12.156056|  -11.605854|    0.081268|    0.001081|
|         615|  -12.169054|  -11.618903|    0.081268|    0.001081|
|         616|  -12.182014|  -11.631921|    0.081268|    0.001081|
|         617|  -12.194930|  -11.644901|    0.081268|    0.001081|
|         618|  -12.207794|  -11.657835|    0.081268|    0.001081|
|         619|  -12.220602|  -11.670717|    0.081268|    0.001081|
|         620|  -12.233348|  -11.683542|    0.081268|    0.001081|
|         621|  -12.246027|  -11.696303|    0.081268|    0.001081|
|         622|  -12.258635|  -11.708994|    0.081268|    0.001081|
|         623|  -12.271169|  -11.721612|    0.081268|    0.001081|
|         624|  -12.283626|  -11.734152|    0.081268|    0.001081|
|         625|  -12.296004|  -11.746612|    0.081268|    0.001081|
|         626|  -12.308305|  -11.758991|    0.081268|    0.001081|
|         627|  -12.320528|  -11.771288|    0.081268|    0.001081|
|         628|  -12.332674|  -11.783502|    0.081268|    0.001081|
|         629|  -12.344748|  -11.795637|    0.081268|    0.001081|
|         630|  -12.356751|  -11.807694|    0.081268|    0.001081|
|         631|  -12.368689|  -11.819678|    0.081268|    0.001081|
|         632|  -12.380569|  -11.831594|    0.081268|    0.001081|
|         633|  -12.392397|  -11.843449|    0.081268|    0.001081|
|         634|  -12.404179|  -11.855247|    0.081268|    0.001081|
|         635|  -12.415924|  -11.866998|    0.081268|    0.001081|
|         636|  -12.427640|  -11.878711|    0.081268|    0.001081|
|         637|  -12.439335|  -11.890391|    0.081268|    0.001081|
|         638|  -12.451018|  -11.902051|    0.081268|    0.001081|
|         639|  -12.462700|  -11.913699|    0.081268|    0.001081|
|         640|  -12.474387|  -11.925344|    0.081268|    0.001081|
|         641|  -12.486088|  -11.936995|    0.081268|    0.001081|
|         642|  -12.497812|  -11.948663|    0.081268|    0.001081|
|         643|  -12.509567|  -11.960354|    0.081268|    0.001081|
|         644|  -12.521360|  -11.972078|    0.081268|    0.001081|
|         645|  -12.533197|  -11.983844|    0.081268|    0.001081|
|         646|  -12.545085|  -11.995656|    0.081268|    0.001081|
|         647|  -12.557031|  -12.007524|    0.081268|    0.001081|
|         648|  -12.569037|  -12.019452|    0.081268|    0.001081|
|         649|  -12.581107|  -12.031444|    0.081268|    0.001081|
|         650|  -12.593247|  -12.043506|    0.081268|    0.001081|
|         651|  -12.605458|  -12.055643|    0.081268|    0.001081|
|         652|  -12.617740|  -12.067854|    0.081268|    0.001081|
|         653|  -12.630097|  -12.080143|    0.081268|    0.001081|
|         654|  -12.642527|  -12.092512|    0.081268|    0.001081|
|         655|  -12.655030|  -12.104957|    0.081268|    0.001081|
|         656|  -12.667606|  -12.117483|    0.081268|    0.001081|
|         657|  -12.680251|  -12.130086|    0.081268|    0.001081|
|         658|  -12.692963|  -12.142761|    0.081268|    0.001081|
|         659|  -12.705738|  -12.155508|    0.081268|    0.001081|
|         660|  -12.718574|  -12.168325|    0.081268|    0.001081|
|         661|  -12.731464|  -12.181202|    0.081268|    0.001081|
|         662|  -12.744404|  -12.194141|    0.081268|    0.001081|
|         663|  -12.757388|  -12.207129|    0.081268|    0.001081|
|         664|  -12.770411|  -12.220166|    0.081268|    0.001081|
|         665|  -12.783463|  -12.233238|    0.081268|    0.001081|
|         666|  -12.796541|  -12.246344|    0.081268|    0.001081|
|         667|  -12.809634|  -12.259473|    0.081268|    0.001081|
|         668|  -12.822736|  -12.272618|    0.081268|    0.001081|
|         669|  -12.835836|  -12.285766|    0.081268|    0.001081|
|         670|  -12.848929|  -12.298913|    0.081268|    0.001081|
|         671|  -12.862009|  -12.312050|    0.081268|    0.001081|
|         672|  -12.875060|  -12.325162|    0.081268|    0.001081|
|         673|  -12.888082|  -12.338251|    0.081268|    0.001081|
|         674|  -12.901059|  -12.351295|    0.081268|    0.001081|
|         675|  -12.913990|  -12.364293|    0.081268|    0.001081|
|         676|  -12.926867|  -12.377236|    0.081268|    0.001081|
|         677|  -12.939684|  -12.390121|    0.081268|    0.001081|
|         678|  -12.952430|  -12.402931|    0.081268|    0.001081|
|         679|  -12.965109|  -12.415675|    0.081268|    0.001081|
|         680|  -12.977711|  -12.428336|    0.081268|    0.001081|
|         681|  -12.990235|  -12.440915|    0.081268|    0.001081|
|         682|  -13.002681|  -12.453411|    0.081268|    0.001081|

----------------------------- Solver Exit -------------------------------
All convergence criteria satisfied.
+-----------------------------------------------------------------------+
|      Convergence Field     |     Value    |   Criterion  |  Converged |
+-----------------------------------------------------------------------+
|                    rms[Rho]|      -13.0027|         < -13|         Yes|
+-----------------------------------------------------------------------+
-------------------------------------------------------------------------
+-----------------------------------------------------------------------+
|        File Writing Summary       |              Filename             |
+-----------------------------------------------------------------------+
|SU2 binary restart                 |restart_flow.dat                   |
|Paraview                           |flow.vtu                           |
|Paraview surface                   |surface_flow.vtu                   |
|CSV file                           |surface_flow.csv                   |
+-----------------------------------------------------------------------+

--------------------------- Finalizing Solver ---------------------------
Deleted CNumerics container.
Deleted CIntegration container.
Deleted CSolver container.
Deleted CIteration container.
Deleted CInterface container.
Deleted CGeometry container.
Deleted CFreeFormDefBox class.
Deleted CSurfaceMovement class.
Deleted CVolumetricMovement class.
Deleted CConfig container.
Deleted nInst container.
Deleted COutput class.
-------------------------------------------------------------------------

------------------------- Exit Success (SU2_CFD) ------------------------

