
-------------------------------------------------------------------------
|    ___ _   _ ___                                                      |
|   / __| | | |_  )   Release 8.3.0 "Harrier"                           |
|   \__ \ |_| |/ /                                                      |
|   |___/\___//___|   Suite (Computational Fluid Dynamics Code)         |
|                                                                       |
-------------------------------------------------------------------------
| SU2 Project Website: https://su2code.github.io                        |
|                                                                       |
| The SU2 Project is maintained by the SU2 Foundation                   |
| (http://su2foundation.org)                                            |
-------------------------------------------------------------------------
| Copyright 2012-2025, SU2 Contributors                                 |
|                                                                       |
| SU2 is free software; you can redistribute it and/or                  |
| modify it under the terms of the GNU Lesser General Public            |
| License as published by the Free Software Foundation; either          |
| version 2.1 of the License, or (at your option) any later version.    |
|                                                                       |
| SU2 is distributed in the hope that it will be useful,                |
| but WITHOUT ANY WARRANTY; without even the implied warranty of        |
| MERCHANTABILITY or FITNESS FOR A PARTICULAR PURPOSE. See the GNU      |
| Lesser General Public License for more details.                       |
|                                                                       |
| You should have received a copy of the GNU Lesser General Public      |
| License along with SU2. If not, see <http://www.gnu.org/licenses/>.   |
-------------------------------------------------------------------------

Parsing config file for zone 0

----------------- Physical Case Definition ( Zone 0 ) -------------------
Compressible Euler equations.
Mach number: 0.8.
Angle of attack (AoA): 1.25 deg, and angle of sideslip (AoS): 0 deg.
No restart solution, use the values at infinity (freestream).
Non-Dimensional simulation (P=1.0, Rho=1.0, T=1.0 at the farfield).
The reference area is 1 m^2.
The semi-span will be computed using the max y(3D) value.
The reference length is 1 m.
Reference origin for moment evaluation is (0.25, 0, 0).
Surface(s) where the force coefficients are evaluated: airfoil.

Surface(s) plotted in the output file: airfoil.
Surface(s) affected by the design variables: airfoil.
Input mesh file name: mesh_NACA0012_inv_deform.su2

--------------- Space Numerical Integration ( Zone 0 ) ------------------
Jameson-Schmidt-Turkel scheme (2nd order in space) for the flow inviscid terms.
JST viscous coefficients (2nd & 4th): 0.5, 0.02.
The method includes a grid stretching correction (p = 0.3).
Gradient for viscous and source terms: Green-Gauss.

--------------- Time Numerical Integration  ( Zone 0 ) ------------------
Local time stepping (steady state simulation).
Euler implicit method for the flow equations.
FGMRES is used for solving the linear system.
Using a LU-SGS preconditioning.
Convergence criteria of the linear solver: 0.0001.
Max number of linear iterations: 2.
V Multigrid Cycle, with 2 multigrid levels.
Damping factor for the residual restriction: 1.
Damping factor for the correction prolongation: 1.
No CFL adaptation.
+-------------------------------------------+
|  MG Level| Presmooth|PostSmooth|CorrectSmo|
+-------------------------------------------+
|         0|         1|         0|         0|
|         1|         2|         0|         0|
|         2|         3|         0|         0|
+-------------------------------------------+
Courant-Friedrichs-Lewy number:       10

------------------ Convergence Criteria  ( Zone 0 ) ---------------------
Maximum number of solver subiterations: 1000.
Begin convergence monitoring at iteration 10.
Residual minimum value: 1e-13.
Cauchy series min. value: 1e-06.
Number of Cauchy elements: 100.
Begin windowed time average at iteration 0.

-------------------- Output Information ( Zone 0 ) ----------------------
File writing frequency: 
+------------------------------------+
|                     File| Frequency|
+------------------------------------+
|                  RESTART|       250|
|                 PARAVIEW|       250|
|         SURFACE_PARAVIEW|       250|
|              SURFACE_CSV|       250|
+------------------------------------+
Writing the convergence history file every 1 inner iterations.
Writing the screen convergence history every 1 inner iterations.
The tabular file format is CSV (.csv).
Convergence history file name: history_direct.
Forces breakdown file name: forces_breakdown.dat.
Surface file name: surface_flow.
Volume file name: flow.
Restart file name: restart_flow.

------------- Config File Boundary Information ( Zone 0 ) ---------------
+-----------------------------------------------------------------------+
|                        Marker Type|                        Marker Name|
+-----------------------------------------------------------------------+
|                         Euler wall|                            airfoil|
+-----------------------------------------------------------------------+
|                          Far-field|                           farfield|
+-----------------------------------------------------------------------+

-------------------- Output Preprocessing ( Zone 0 ) --------------------

WARNING: SURFACE_PRESSURE_DROP can only be computed for at least 2 surfaces (outlet, inlet, ...)

Screen output fields: INNER_ITER, RMS_DENSITY, RMS_ENERGY, LIFT, DRAG
History output group(s): ITER, RMS_RES, AERO_COEFF
Convergence field(s): RMS_DENSITY
Warning: No (valid) fields chosen for time convergence monitoring. Time convergence monitoring inactive.
Volume output fields: COORDINATES, SOLUTION, PRIMITIVE

------------------- Geometry Preprocessing ( Zone 0 ) -------------------
Two dimensional problem.
5233 grid points.
10216 volume elements.
2 surface markers.
200 boundary elements in index 0 (Marker = airfoil).
50 boundary elements in index 1 (Marker = farfield).
10216 triangles.
Setting point connectivity.
Renumbering points (Reverse Cuthill McKee Ordering).
Recomputing point connectivity.
Setting element connectivity.
Checking the numerical grid orientation.
All volume elements are correctly oriented.
All surface elements are correctly oriented.
Identifying edges and vertices.
Setting the control volume structure.
Area of the computational grid: 1253.25.
Searching for the closest normal neighbors to the surfaces.
Storing a mapping from global to local point index.
Compute the surface curvature.
Max K: 7835.1. Mean K: 35.1062. Standard deviation K: 494.421.
Checking for periodicity.
Computing mesh quality statistics for the dual control volumes.
+--------------------------------------------------------------+
|           Mesh Quality Metric|        Minimum|        Maximum|
+--------------------------------------------------------------+
|    Orthogonality Angle (deg.)|        62.8769|        89.7408|
|     CV Face Area Aspect Ratio|        1.01282|        7.18428|
|           CV Sub-Volume Ratio|        1.00282|         6.4766|
+--------------------------------------------------------------+
Setting the multigrid structure.
+-------------------------------------------+
|  MG Level|       CVs|Aggl. Rate|       CFL|
+-------------------------------------------+
|         0|      5233|    1/1.00|        10|
|         1|      1690|     1/3.1|   8.52431|
|         2|       649|     1/2.6|   7.92373|
+-------------------------------------------+
Finding max control volume width.
Wetted area = 2.04007 m.
Area projection in the x-plane = 0.115522 m, y-plane = 0.999845 m.
Max. coordinate in the x-direction = 1 m, y-direction = 0.0519126 m.
Min. coordinate in the x-direction = 0 m, y-direction = -0.063622 m.
Computing wall distances.

-------------------- Solver Preprocessing ( Zone 0 ) --------------------
Inviscid flow: Computing density based on free-stream
temperature and pressure using the ideal gas law.
Force coefficients computed using free-stream values.

-- Models:
+------------------------------------------------------------------------------+
|          Viscosity Model|        Conductivity Model|              Fluid Model|
+------------------------------------------------------------------------------+
|                        -|                         -|             STANDARD_AIR|
+------------------------------------------------------------------------------+
-- Fluid properties:
+------------------------------------------------------------------------------+
|                  Name|    Dim. value|    Ref. value|      Unit|Non-dim. value|
+------------------------------------------------------------------------------+
|          Gas Constant|       287.058|       287.058|  N.m/kg.K|             1|
|      Spec. Heat Ratio|             -|             -|         -|           1.4|
+------------------------------------------------------------------------------+
-- Initial and free-stream conditions:
+------------------------------------------------------------------------------+
|                  Name|    Dim. value|    Ref. value|      Unit|Non-dim. value|
+------------------------------------------------------------------------------+
|       Static Pressure|        101325|        101325|        Pa|             1|
|               Density|       1.29225|       1.29225|    kg/m^3|             1|
|           Temperature|        273.15|        273.15|         K|             1|
|          Total Energy|        231152|       78409.9|   m^2/s^2|         2.948|
|            Velocity-X|       264.994|       280.018|       m/s|      0.946348|
|            Velocity-Y|       5.78219|       280.018|       m/s|     0.0206494|
|    Velocity Magnitude|       265.057|       280.018|       m/s|      0.946573|
+------------------------------------------------------------------------------+
|           Mach Number|             -|             -|         -|           0.8|
+------------------------------------------------------------------------------+
Initialize Jacobian structure (Euler). MG level: 0.
Initialize Jacobian structure (Euler). MG level: 1.
Initialize Jacobian structure (Euler). MG level: 2.

------------------- Numerics Preprocessing ( Zone 0 ) -------------------

----------------- Integration Preprocessing ( Zone 0 ) ------------------

------------------- Iteration Preprocessing ( Zone 0 ) ------------------
Euler/Navier-Stokes/RANS fluid iteration.

------------------------------ Begin Solver -----------------------------

Simulation Run using the Single-zone Driver
WARNING: SU2 was not compiled for an AVX-capable architecture. Performance could be better,
         see https://su2code.github.io/docs_v7/Build-SU2-Linux-MacOS/#compiler-optimizations
WARNING: SU2 was not compiled for an AVX-capable architecture. Performance could be better,
         see https://su2code.github.io/docs_v7/Build-SU2-Linux-MacOS/#compiler-optimizations
WARNING: SU2 was not compiled for an AVX-capable architecture. Performance could be better,
         see https://su2code.github.io/docs_v7/Build-SU2-Linux-MacOS/#compiler-optimizations
+----------------------------------------------------------------+
|  Inner_Iter|    rms[Rho]|   rms[RhoE]|          CL|          CD|
+----------------------------------------------------------------+
|           0|   -3.589549|   -2.993172|    0.142974|    0.233389|
|           1|   -3.839480|   -3.228552|    0.032826|    0.089893|
|           2|   -3.775152|   -3.176785|    0.040532|    0.065942|
|           3|   -3.720511|   -3.128071|    0.073869|    0.080860|
|           4|   -3.670714|   -3.081504|    0.070263|    0.061203|
|           5|   -3.666295|   -3.081196|    0.066524|    0.047918|
|           6|   -3.662324|   -3.083590|    0.066038|    0.043881|
|           7|   -3.666653|   -3.090156|    0.064002|    0.039437|
|           8|   -3.650030|   -3.072662|    0.062372|    0.033750|
|           9|   -3.664274|   -3.090473|    0.061593|    0.029029|
|          10|   -3.670618|   -3.100781|    0.061367|    0.025741|
|          11|   -3.676513|   -3.108960|    0.061404|    0.022765|
|          12|   -3.681606|   -3.114606|    0.061230|    0.019582|
|          13|   -3.684883|   -3.116533|    0.061055|    0.016446|
|          14|   -3.692830|   -3.122362|    0.061379|    0.013551|
|          15|   -3.702797|   -3.130440|    0.062144|    0.010856|
|          16|   -3.713576|   -3.140629|    0.063029|    0.008262|
|          17|   -3.726236|   -3.154288|    0.063944|    0.005725|
|          18|   -3.741046|   -3.170978|    0.064877|    0.003250|
|          19|   -3.758742|   -3.190508|    0.065706|    0.000877|
|          20|   -3.779982|   -3.213003|    0.066318|   -0.001328|
|          21|   -3.803366|   -3.236949|    0.066790|   -0.003270|
|          22|   -3.826406|   -3.259999|    0.067356|   -0.004844|
|          23|   -3.847910|   -3.281170|    0.068151|   -0.005978|
|          24|   -3.867842|   -3.300600|    0.069392|   -0.006606|
|          25|   -3.887145|   -3.319378|    0.070954|   -0.006729|
|          26|   -3.907260|   -3.339039|    0.072659|   -0.006379|
|          27|   -3.929133|   -3.360683|    0.074436|   -0.005602|
|          28|   -3.952797|   -3.384479|    0.076212|   -0.004479|
|          29|   -3.977902|   -3.410190|    0.077909|   -0.003120|
|          30|   -4.004756|   -3.438239|    0.079397|   -0.001636|
|          31|   -4.033524|   -3.468601|    0.080594|   -0.000127|
|          32|   -4.064185|   -3.500829|    0.081383|    0.001314|
|          33|   -4.096457|   -3.534304|    0.081750|    0.002626|
|          34|   -4.129643|   -3.568098|    0.081773|    0.003770|
|          35|   -4.163163|   -3.601602|    0.081566|    0.004722|
|          36|   -4.196320|   -3.634316|    0.081198|    0.005459|
|          37|   -4.228435|   -3.665918|    0.080721|    0.005966|
|          38|   -4.258971|   -3.696148|    0.080192|    0.006243|
|          39|   -4.287674|   -3.724892|    0.079665|    0.006297|
|          40|   -4.314583|   -3.752249|    0.079206|    0.006153|
|          41|   -4.339789|   -3.778278|    0.078865|    0.005840|
|          42|   -4.363549|   -3.803112|    0.078668|    0.005392|
|          43|   -4.386038|   -3.826749|    0.078620|    0.004846|
|          44|   -4.407388|   -3.849145|    0.078724|    0.004239|
|          45|   -4.427633|   -3.870205|    0.078973|    0.003606|
|          46|   -4.446430|   -3.889549|    0.079358|    0.002976|
|          47|   -4.463384|   -3.906820|    0.079866|    0.002376|
|          48|   -4.478237|   -3.921830|    0.080486|    0.001829|
|          49|   -4.490926|   -3.934623|    0.081203|    0.001351|
|          50|   -4.502005|   -3.945874|    0.082002|    0.000955|
|          51|   -4.512273|   -3.956425|    0.082862|    0.000647|
|          52|   -4.522478|   -3.967005|    0.083761|    0.000431|
|          53|   -4.533179|   -3.978100|    0.084674|    0.000304|
|          54|   -4.544574|   -3.989842|    0.085586|    0.000261|
|          55|   -4.556904|   -4.002476|    0.086489|    0.000291|
|          56|   -4.570508|   -4.016423|    0.087367|    0.000381|
|          57|   -4.585794|   -4.032166|    0.088203|    0.000516|
|          58|   -4.602764|   -4.049722|    0.088997|    0.000684|
|          59|   -4.621281|   -4.068914|    0.089754|    0.000871|
|          60|   -4.641122|   -4.089474|    0.090461|    0.001063|
|          61|   -4.661862|   -4.110911|    0.091100|    0.001247|
|          62|   -4.683316|   -4.132995|    0.091672|    0.001415|
|          63|   -4.705296|   -4.155493|    0.092173|    0.001559|
|          64|   -4.727600|   -4.178175|    0.092597|    0.001676|
|          65|   -4.750062|   -4.200845|    0.092946|    0.001761|
|          66|   -4.772483|   -4.223262|    0.093223|    0.001814|
|          67|   -4.794602|   -4.245142|    0.093436|    0.001836|
|          68|   -4.816209|   -4.266334|    0.093591|    0.001828|
|          69|   -4.837323|   -4.286928|    0.093694|    0.001793|
|          70|   -4.858120|   -4.307173|    0.093754|    0.001737|
|          71|   -4.878825|   -4.327363|    0.093780|    0.001666|
|          72|   -4.899656|   -4.347773|    0.093783|    0.001583|
|          73|   -4.920729|   -4.368540|    0.093774|    0.001495|
|          74|   -4.942058|   -4.389702|    0.093764|    0.001406|
|          75|   -4.963546|   -4.411144|    0.093755|    0.001320|
|          76|   -4.985056|   -4.432710|    0.093756|    0.001239|
|          77|   -5.006318|   -4.454097|    0.093772|    0.001166|
|          78|   -5.026972|   -4.474910|    0.093808|    0.001104|
|          79|   -5.046795|   -4.494915|    0.093866|    0.001054|
|          80|   -5.065678|   -4.514018|    0.093947|    0.001015|
|          81|   -5.083767|   -4.532386|    0.094049|    0.000986|
|          82|   -5.101337|   -4.550280|    0.094173|    0.000968|
|          83|   -5.118667|   -4.567961|    0.094315|    0.000960|
|          84|   -5.135968|   -4.585630|    0.094472|    0.000958|
|          85|   -5.153420|   -4.603449|    0.094641|    0.000964|
|          86|   -5.171128|   -4.621479|    0.094818|    0.000975|
|          87|   -5.188999|   -4.639600|    0.094999|    0.000990|
|          88|   -5.207040|   -4.657805|    0.095182|    0.001008|
|          89|   -5.225251|   -4.676069|    0.095363|    0.001027|
|          90|   -5.243643|   -4.694386|    0.095539|    0.001047|
|          91|   -5.262119|   -4.712661|    0.095708|    0.001066|
|          92|   -5.280580|   -4.730806|    0.095869|    0.001083|
|          93|   -5.299014|   -4.748841|    0.096020|    0.001099|
|          94|   -5.317422|   -4.766809|    0.096161|    0.001112|
|          95|   -5.335812|   -4.784747|    0.096290|    0.001123|
|          96|   -5.354178|   -4.802673|    0.096408|    0.001131|
|          97|   -5.372552|   -4.820653|    0.096515|    0.001137|
|          98|   -5.390951|   -4.838712|    0.096612|    0.001140|
|          99|   -5.409460|   -4.856958|    0.096698|    0.001141|
|         100|   -5.428095|   -4.875427|    0.096775|    0.001140|
|         101|   -5.446815|   -4.894082|    0.096843|    0.001138|
|         102|   -5.465616|   -4.912920|    0.096903|    0.001135|
|         103|   -5.484491|   -4.931918|    0.096956|    0.001131|
|         104|   -5.503331|   -4.950939|    0.097004|    0.001126|
|         105|   -5.522013|   -4.969849|    0.097047|    0.001122|
|         106|   -5.540433|   -4.988527|    0.097085|    0.001117|
|         107|   -5.558559|   -5.006915|    0.097119|    0.001113|
|         108|   -5.576359|   -5.024955|    0.097151|    0.001109|
|         109|   -5.593800|   -5.042587|    0.097180|    0.001105|
|         110|   -5.610881|   -5.059800|    0.097207|    0.001102|
|         111|   -5.627610|   -5.076608|    0.097232|    0.001100|
|         112|   -5.644042|   -5.093076|    0.097257|    0.001098|
|         113|   -5.660236|   -5.109276|    0.097279|    0.001096|
|         114|   -5.676317|   -5.125348|    0.097301|    0.001094|
|         115|   -5.692385|   -5.141390|    0.097321|    0.001093|
|         116|   -5.708488|   -5.157454|    0.097339|    0.001092|
|         117|   -5.724677|   -5.173602|    0.097357|    0.001091|
|         118|   -5.741106|   -5.190017|    0.097372|    0.001091|
|         119|   -5.757738|   -5.206645|    0.097386|    0.001090|
|         120|   -5.774597|   -5.223491|    0.097397|    0.001090|
|         121|   -5.791665|   -5.240530|    0.097407|    0.001090|
|         122|   -5.808964|   -5.257782|    0.097415|    0.001089|
|         123|   -5.826451|   -5.275199|    0.097420|    0.001089|
|         124|   -5.844070|   -5.292721|    0.097422|    0.001089|
|         125|   -5.861790|   -5.310322|    0.097423|    0.001088|
|         126|   -5.879666|   -5.328071|    0.097421|    0.001088|
|         127|   -5.897591|   -5.345850|    0.097416|    0.001088|
|         128|   -5.915515|   -5.363610|    0.097410|    0.001087|
|         129|   -5.933364|   -5.381285|    0.097403|    0.001087|
|         130|   -5.951110|   -5.398857|    0.097394|    0.001087|
|         131|   -5.968756|   -5.416337|    0.097384|    0.001087|
|         132|   -5.986280|   -5.433715|    0.097373|    0.001086|
|         133|   -6.003643|   -5.450965|    0.097362|    0.001086|
|         134|   -6.020849|   -5.468092|    0.097350|    0.001086|
|         135|   -6.037905|   -5.485106|    0.097339|    0.001086|
|         136|   -6.054815|   -5.502019|    0.097327|    0.001085|
|         137|   -6.071586|   -5.518836|    0.097316|    0.001085|
|         138|   -6.088221|   -5.535558|    0.097306|    0.001085|
|         139|   -6.104720|   -5.552180|    0.097296|    0.001085|
|         140|   -6.121102|   -5.568720|    0.097287|    0.001085|
|         141|   -6.137354|   -5.585164|    0.097280|    0.001085|
|         142|   -6.153483|   -5.601515|    0.097273|    0.001085|
|         143|   -6.169487|   -5.617761|    0.097268|    0.001085|
|         144|   -6.185339|   -5.633866|    0.097264|    0.001085|
|         145|   -6.201002|   -5.649782|    0.097261|    0.001085|
|         146|   -6.216464|   -5.665496|    0.097260|    0.001085|
|         147|   -6.231700|   -5.680973|    0.097259|    0.001085|
|         148|   -6.246722|   -5.696219|    0.097260|    0.001085|
|         149|   -6.261527|   -5.711223|    0.097261|    0.001086|
|         150|   -6.276114|   -5.725982|    0.097264|    0.001086|
|         151|   -6.290512|   -5.740522|    0.097267|    0.001086|
|         152|   -6.304756|   -5.754872|    0.097271|    0.001086|
|         153|   -6.318846|   -5.769022|    0.097275|    0.001086|
|         154|   -6.332841|   -5.783038|    0.097280|    0.001087|
|         155|   -6.346794|   -5.796982|    0.097286|    0.001087|
|         156|   -6.360749|   -5.810895|    0.097291|    0.001087|
|         157|   -6.374785|   -5.824858|    0.097297|    0.001087|
|         158|   -6.388966|   -5.838936|    0.097303|    0.001088|
|         159|   -6.403321|   -5.853166|    0.097309|    0.001088|
|         160|   -6.417868|   -5.867574|    0.097315|    0.001088|
|         161|   -6.432639|   -5.882201|    0.097321|    0.001089|
|         162|   -6.447637|   -5.897053|    0.097327|    0.001089|
|         163|   -6.462861|   -5.912132|    0.097332|    0.001089|
|         164|   -6.478293|   -5.927427|    0.097337|    0.001089|
|         165|   -6.493892|   -5.942900|    0.097342|    0.001090|
|         166|   -6.509609|   -5.958510|    0.097346|    0.001090|
|         167|   -6.525412|   -5.974232|    0.097350|    0.001090|
|         168|   -6.541280|   -5.990044|    0.097354|    0.001090|
|         169|   -6.557160|   -6.005890|    0.097357|    0.001090|
|         170|   -6.573013|   -6.021733|    0.097360|    0.001090|
|         171|   -6.588801|   -6.037535|    0.097362|    0.001090|
|         172|   -6.604440|   -6.053209|    0.097364|    0.001090|
|         173|   -6.619884|   -6.068706|    0.097366|    0.001090|
|         174|   -6.635106|   -6.083997|    0.097367|    0.001089|
|         175|   -6.650090|   -6.099059|    0.097367|    0.001089|
|         176|   -6.664812|   -6.113864|    0.097367|    0.001089|
|         177|   -6.679259|   -6.128392|    0.097367|    0.001089|
|         178|   -6.693431|   -6.142644|    0.097366|    0.001089|
|         179|   -6.707342|   -6.156626|    0.097365|    0.001088|
|         180|   -6.721049|   -6.170392|    0.097364|    0.001088|
|         181|   -6.734606|   -6.183994|    0.097362|    0.001088|
|         182|   -6.748061|   -6.197478|    0.097360|    0.001088|
|         183|   -6.761464|   -6.210892|    0.097357|    0.001087|
|         184|   -6.774870|   -6.224293|    0.097354|    0.001087|
|         185|   -6.788355|   -6.237760|    0.097351|    0.001087|
|         186|   -6.801976|   -6.251347|    0.097348|    0.001087|
|         187|   -6.815762|   -6.265086|    0.097344|    0.001086|
|         188|   -6.829736|   -6.279007|    0.097340|    0.001086|
|         189|   -6.843956|   -6.293170|    0.097336|    0.001086|
|         190|   -6.858452|   -6.307604|    0.097332|    0.001086|
|         191|   -6.873236|   -6.322326|    0.097328|    0.001086|
|         192|   -6.888296|   -6.337329|    0.097324|    0.001086|
|         193|   -6.903609|   -6.352595|    0.097320|    0.001085|
|         194|   -6.919158|   -6.368107|    0.097315|    0.001085|
|         195|   -6.934912|   -6.383839|    0.097311|    0.001085|
|         196|   -6.950828|   -6.399746|    0.097307|    0.001085|
|         197|   -6.966851|   -6.415777|    0.097303|    0.001085|
|         198|   -6.982922|   -6.431874|    0.097299|    0.001085|
|         199|   -6.998980|   -6.447974|    0.097295|    0.001085|
|         200|   -7.014956|   -6.464006|    0.097291|    0.001085|
|         201|   -7.030789|   -6.479907|    0.097287|    0.001085|
|         202|   -7.046427|   -6.495623|    0.097284|    0.001085|
|         203|   -7.061810|   -6.511090|    0.097281|    0.001085|
|         204|   -7.076898|   -6.526262|    0.097278|    0.001085|
|         205|   -7.091665|   -6.541110|    0.097275|    0.001085|
|         206|   -7.106110|   -6.555629|    0.097272|    0.001085|
|         207|   -7.120218|   -6.569797|    0.097270|    0.001085|
|         208|   -7.134023|   -6.583647|    0.097268|    0.001085|
|         209|   -7.147563|   -6.597211|    0.097266|    0.001085|
|         210|   -7.160870|   -6.610519|    0.097264|    0.001085|
|         211|   -7.173989|   -6.623613|    0.097262|    0.001085|
|         212|   -7.186983|   -6.636559|    0.097261|    0.001085|
|         213|   -7.199928|   -6.649432|    0.097259|    0.001085|
|         214|   -7.212880|   -6.662292|    0.097258|    0.001086|
|         215|   -7.225895|   -6.675196|    0.097257|    0.001086|
|         216|   -7.239032|   -6.688209|    0.097257|    0.001086|
|         217|   -7.252341|   -6.701384|    0.097256|    0.001086|
|         218|   -7.265867|   -6.714771|    0.097255|    0.001086|
|         219|   -7.279646|   -6.728410|    0.097255|    0.001086|
|         220|   -7.293702|   -6.742331|    0.097255|    0.001086|
|         221|   -7.308048|   -6.756551|    0.097254|    0.001086|
|         222|   -7.322687|   -6.771078|    0.097254|    0.001086|
|         223|   -7.337611|   -6.785908|    0.097254|    0.001086|
|         224|   -7.352803|   -6.801027|    0.097254|    0.001086|
|         225|   -7.368232|   -6.816409|    0.097254|    0.001086|
|         226|   -7.383864|   -6.832020|    0.097254|    0.001086|
|         227|   -7.399652|   -6.847817|    0.097254|    0.001086|
|         228|   -7.415548|   -6.863754|    0.097254|    0.001086|
|         229|   -7.431498|   -6.879775|    0.097254|    0.001086|
|         230|   -7.447446|   -6.895824|    0.097254|    0.001086|
|         231|   -7.463332|   -6.911841|    0.097254|    0.001086|
|         232|   -7.479102|   -6.927768|    0.097255|    0.001086|
|         233|   -7.494703|   -6.943548|    0.097255|    0.001086|
|         234|   -7.510090|   -6.959132|    0.097255|    0.001086|
|         235|   -7.525228|   -6.974478|    0.097255|    0.001086|
|         236|   -7.540091|   -6.989555|    0.097255|    0.001086|
|         237|   -7.554664|   -7.004341|    0.097255|    0.001086|
|         238|   -7.568941|   -7.018823|    0.097254|    0.001086|
|         239|   -7.582927|   -7.033002|    0.097254|    0.001086|
|         240|   -7.596648|   -7.046899|    0.097254|    0.001086|
|         241|   -7.610129|   -7.060534|    0.097254|    0.001086|
|         242|   -7.623399|   -7.073932|    0.097254|    0.001086|
|         243|   -7.636497|   -7.087133|    0.097254|    0.001086|
|         244|   -7.649465|   -7.100178|    0.097254|    0.001086|
|         245|   -7.662345|   -7.113108|    0.097253|    0.001086|
|         246|   -7.675175|   -7.125964|    0.097253|    0.001086|
|         247|   -7.687992|   -7.138783|    0.097253|    0.001086|
|         248|   -7.700826|   -7.151598|    0.097253|    0.001086|
|         249|   -7.713703|   -7.164440|    0.097253|    0.001086|
|         250|   -7.726645|   -7.177331|    0.097252|    0.001086|
+-----------------------------------------------------------------------+
|        File Writing Summary       |              Filename             |
+-----------------------------------------------------------------------+
|SU2 binary restart                 |restart_flow.dat                   |
|Paraview                           |flow.vtu                           |
|Paraview surface                   |surface_flow.vtu                   |
|CSV file                           |surface_flow.csv                   |
+-----------------------------------------------------------------------+
+----------------------------------------------------------------+
|  Inner_Iter|    rms[Rho]|   rms[RhoE]|          CL|          CD|
+----------------------------------------------------------------+
|         251|   -7.739665|   -7.190290|    0.097252|    0.001086|
|         252|   -7.752771|   -7.203326|    0.097252|    0.001086|
|         253|   -7.765965|   -7.216444|    0.097252|    0.001086|
|         254|   -7.779243|   -7.229643|    0.097251|    0.001086|
|         255|   -7.792597|   -7.242918|    0.097251|    0.001086|
|         256|   -7.806016|   -7.256259|    0.097251|    0.001086|
|         257|   -7.819485|   -7.269653|    0.097251|    0.001086|
|         258|   -7.832989|   -7.283086|    0.097251|    0.001086|
|         259|   -7.846515|   -7.296543|    0.097250|    0.001086|
|         260|   -7.860046|   -7.310011|    0.097250|    0.001086|
|         261|   -7.873571|   -7.323477|    0.097250|    0.001086|
|         262|   -7.887081|   -7.336932|    0.097250|    0.001086|
|         263|   -7.900569|   -7.350368|    0.097250|    0.001086|
|         264|   -7.914033|   -7.363782|    0.097250|    0.001086|
|         265|   -7.927473|   -7.377176|    0.097250|    0.001086|
|         266|   -7.940896|   -7.390554|    0.097250|    0.001086|
|         267|   -7.954310|   -7.403925|    0.097250|    0.001086|
|         268|   -7.967726|   -7.417300|    0.097250|    0.001086|
|         269|   -7.981159|   -7.430693|    0.097250|    0.001086|
|         270|   -7.994621|   -7.444118|    0.097250|    0.001086|
|         271|   -8.008129|   -7.457591|    0.097250|    0.001086|
|         272|   -8.021695|   -7.471127|    0.097250|    0.001086|
|         273|   -8.035331|   -7.484737|    0.097250|    0.001086|
|         274|   -8.049049|   -7.498436|    0.097250|    0.001086|
|         275|   -8.062853|   -7.512229|    0.097251|    0.001086|
|         276|   -8.076746|   -7.526121|    0.097251|    0.001086|
|         277|   -8.090727|   -7.540110|    0.097251|    0.001086|
|         278|   -8.104788|   -7.554193|    0.097251|    0.001086|
|         279|   -8.118921|   -7.568359|    0.097251|    0.001086|
|         280|   -8.133109|   -7.582594|    0.097251|    0.001086|
|         281|   -8.147336|   -7.596882|    0.097251|    0.001086|
|         282|   -8.161579|   -7.611200|    0.097251|    0.001086|
|         283|   -8.175811|   -7.625519|    0.097252|    0.001086|
|         284|   -8.190004|   -7.639811|    0.097252|    0.001086|
|         285|   -8.204131|   -7.654047|    0.097252|    0.001086|
|         286|   -8.218163|   -7.668195|    0.097252|    0.001086|
|         287|   -8.232074|   -7.682227|    0.097252|    0.001086|
|         288|   -8.245839|   -7.696115|    0.097252|    0.001086|
|         289|   -8.259437|   -7.709834|    0.097252|    0.001086|
|         290|   -8.272852|   -7.723366|    0.097252|    0.001086|
|         291|   -8.286076|   -7.736697|    0.097252|    0.001086|
|         292|   -8.299102|   -7.749821|    0.097252|    0.001086|
|         293|   -8.311933|   -7.762734|    0.097252|    0.001086|
|         294|   -8.324575|   -7.775442|    0.097252|    0.001086|
|         295|   -8.337045|   -7.787962|    0.097252|    0.001086|
|         296|   -8.349366|   -7.800313|    0.097253|    0.001086|
|         297|   -8.361561|   -7.812520|    0.097253|    0.001086|
|         298|   -8.373658|   -7.824611|    0.097253|    0.001086|
|         299|   -8.385688|   -7.836617|    0.097253|    0.001086|
|         300|   -8.397681|   -7.848572|    0.097253|    0.001086|
|         301|   -8.409668|   -7.860509|    0.097253|    0.001086|
|         302|   -8.421679|   -7.872459|    0.097253|    0.001086|
|         303|   -8.433743|   -7.884454|    0.097253|    0.001086|
|         304|   -8.445884|   -7.896521|    0.097253|    0.001086|
|         305|   -8.458123|   -7.908684|    0.097253|    0.001086|
|         306|   -8.470478|   -7.920964|    0.097253|    0.001086|
|         307|   -8.482962|   -7.933376|    0.097253|    0.001086|
|         308|   -8.495584|   -7.945932|    0.097253|    0.001086|
|         309|   -8.508350|   -7.958639|    0.097253|    0.001086|
|         310|   -8.521260|   -7.971499|    0.097252|    0.001086|
|         311|   -8.534313|   -7.984511|    0.097252|    0.001086|
|         312|   -8.547500|   -7.997669|    0.097252|    0.001086|
|         313|   -8.560815|   -8.010965|    0.097252|    0.001086|
|         314|   -8.574245|   -8.024387|    0.097252|    0.001086|
|         315|   -8.587778|   -8.037922|    0.097252|    0.001086|
|         316|   -8.601399|   -8.051553|    0.097252|    0.001086|
|         317|   -8.615095|   -8.065266|    0.097252|    0.001086|
|         318|   -8.628850|   -8.079044|    0.097252|    0.001086|
|         319|   -8.642651|   -8.092872|    0.097252|    0.001086|
|         320|   -8.656486|   -8.106735|    0.097252|    0.001086|
|         321|   -8.670345|   -8.120620|    0.097252|    0.001086|
|         322|   -8.684217|   -8.134516|    0.097252|    0.001086|
|         323|   -8.698098|   -8.148416|    0.097252|    0.001086|
|         324|   -8.711982|   -8.162312|    0.097252|    0.001086|
|         325|   -8.725869|   -8.176202|    0.097252|    0.001086|
|         326|   -8.739757|   -8.190086|    0.097252|    0.001086|
|         327|   -8.753650|   -8.203964|    0.097252|    0.001086|
|         328|   -8.767551|   -8.217841|    0.097252|    0.001086|
|         329|   -8.781467|   -8.231722|    0.097252|    0.001086|
|         330|   -8.795402|   -8.245614|    0.097252|    0.001086|
|         331|   -8.809364|   -8.259524|    0.097252|    0.001086|
|         332|   -8.823359|   -8.273461|    0.097252|    0.001086|
|         333|   -8.837394|   -8.287433|    0.097252|    0.001086|
|         334|   -8.851473|   -8.301446|    0.097252|    0.001086|
|         335|   -8.865601|   -8.315507|    0.097252|    0.001086|
|         336|   -8.879781|   -8.329621|    0.097252|    0.001086|
|         337|   -8.894012|   -8.343790|    0.097252|    0.001086|
|         338|   -8.908294|   -8.358015|    0.097252|    0.001086|
|         339|   -8.922624|   -8.372294|    0.097252|    0.001086|
|         340|   -8.936996|   -8.386625|    0.097252|    0.001086|
|         341|   -8.951403|   -8.401002|    0.097252|    0.001086|
|         342|   -8.965838|   -8.415418|    0.097252|    0.001086|
|         343|   -8.980289|   -8.429863|    0.097252|    0.001086|
|         344|   -8.994746|   -8.444326|    0.097252|    0.001086|
|         345|   -9.009197|   -8.458795|    0.097252|    0.001086|
|         346|   -9.023629|   -8.473258|    0.097252|    0.001086|
|         347|   -9.038030|   -8.487702|    0.097252|    0.001086|
|         348|   -9.052387|   -8.502112|    0.097252|    0.001086|
|         349|   -9.066690|   -8.516476|    0.097252|    0.001086|
|         350|   -9.080928|   -8.530783|    0.097253|    0.001086|
|         351|   -9.095094|   -8.545023|    0.097253|    0.001086|
|         352|   -9.109181|   -8.559186|    0.097253|    0.001086|
|         353|   -9.123184|   -8.573266|    0.097253|    0.001086|
|         354|   -9.137101|   -8.587259|    0.097253|    0.001086|
|         355|   -9.150931|   -8.601162|    0.097253|    0.001086|
|         356|   -9.164676|   -8.614974|    0.097253|    0.001086|
|         357|   -9.178340|   -8.628697|    0.097253|    0.001086|
|         358|   -9.191927|   -8.642335|    0.097253|    0.001086|
|         359|   -9.205444|   -8.655894|    0.097253|    0.001086|
|         360|   -9.218900|   -8.669380|    0.097253|    0.001086|
|         361|   -9.232302|   -8.682801|    0.097253|    0.001086|
|         362|   -9.245659|   -8.696167|    0.097253|    0.001086|
|         363|   -9.258982|   -8.709486|    0.097253|    0.001086|
|         364|   -9.272278|   -8.722769|    0.097253|    0.001086|
|         365|   -9.285558|   -8.736025|    0.097253|    0.001086|
|         366|   -9.298830|   -8.749262|    0.097253|    0.001086|
|         367|   -9.312100|   -8.762491|    0.097253|    0.001086|
|         368|   -9.325377|   -8.775718|    0.097253|    0.001086|
|         369|   -9.338667|   -8.788952|    0.097253|    0.001086|
|         370|   -9.351974|   -8.802199|    0.097253|    0.001086|
|         371|   -9.365303|   -8.815465|    0.097253|    0.001086|
|         372|   -9.378658|   -8.828754|    0.097253|    0.001086|
|         373|   -9.392042|   -8.842071|    0.097253|    0.001086|
|         374|   -9.405456|   -8.855419|    0.097253|    0.001086|
|         375|   -9.418903|   -8.868800|    0.097253|    0.001086|
|         376|   -9.432383|   -8.882218|    0.097253|    0.001086|
|         377|   -9.445898|   -8.895674|    0.097253|    0.001086|
|         378|   -9.459447|   -8.909169|    0.097253|    0.001086|
|         379|   -9.473030|   -8.922704|    0.097253|    0.001086|
|         380|   -9.486648|   -8.936279|    0.097253|    0.001086|
|         381|   -9.500300|   -8.949894|    0.097253|    0.001086|
|         382|   -9.513986|   -8.963550|    0.097253|    0.001086|
|         383|   -9.527703|   -8.977246|    0.097253|    0.001086|
|         384|   -9.541451|   -8.990980|    0.097253|    0.001086|
|         385|   -9.555228|   -9.004751|    0.097253|    0.001086|
|         386|   -9.569032|   -9.018557|    0.097253|    0.001086|
|         387|   -9.582860|   -9.032395|    0.097253|    0.001086|
|         388|   -9.596709|   -9.046262|    0.097253|    0.001086|
|         389|   -9.610574|   -9.060153|    0.097253|    0.001086|
|         390|   -9.624451|   -9.074063|    0.097253|    0.001086|
|         391|   -9.638335|   -9.087986|    0.097253|    0.001086|
|         392|   -9.652219|   -9.101916|    0.097253|    0.001086|
|         393|   -9.666095|   -9.115845|    0.097253|    0.001086|
|         394|   -9.679958|   -9.129764|    0.097253|    0.001086|
|         395|   -9.693798|   -9.143666|    0.097253|    0.001086|
|         396|   -9.707608|   -9.157540|    0.097253|    0.001086|
|         397|   -9.721377|   -9.171378|    0.097253|    0.001086|
|         398|   -9.735099|   -9.185168|    0.097253|    0.001086|
|         399|   -9.748763|   -9.198902|    0.097253|    0.001086|
|         400|   -9.762362|   -9.212570|    0.097253|    0.001086|
|         401|   -9.775888|   -9.226164|    0.097253|    0.001086|
|         402|   -9.789336|   -9.239676|    0.097253|    0.001086|
|         403|   -9.802698|   -9.253100|    0.097253|    0.001086|
|         404|   -9.815971|   -9.266430|    0.097253|    0.001086|
|         405|   -9.829153|   -9.279664|    0.097253|    0.001086|
|         406|   -9.842243|   -9.292800|    0.097253|    0.001086|
|         407|   -9.855242|   -9.305838|    0.097253|    0.001086|
|         408|   -9.868153|   -9.318781|    0.097253|    0.001086|
|         409|   -9.880980|   -9.331633|    0.097253|    0.001086|
|         410|   -9.893731|   -9.344401|    0.097253|    0.001086|
|         411|   -9.906412|   -9.357094|    0.097253|    0.001086|
|         412|   -9.919035|   -9.369719|    0.097253|    0.001086|
|         413|   -9.931609|   -9.382290|    0.097253|    0.001086|
|         414|   -9.944146|   -9.394818|    0.097253|    0.001086|
|         415|   -9.956659|   -9.407316|    0.097253|    0.001086|
|         416|   -9.969160|   -9.419797|    0.097253|    0.001086|
|         417|   -9.981663|   -9.432275|    0.097253|    0.001086|
|         418|   -9.994180|   -9.444764|    0.097253|    0.001086|
|         419|  -10.006723|   -9.457276|    0.097253|    0.001086|
|         420|  -10.019303|   -9.469824|    0.097253|    0.001086|
|         421|  -10.031931|   -9.482418|    0.097253|    0.001086|
|         422|  -10.044617|   -9.495068|    0.097253|    0.001086|
|         423|  -10.057367|   -9.507784|    0.097253|    0.001086|
|         424|  -10.070190|   -9.520571|    0.097253|    0.001086|
|         425|  -10.083088|   -9.533435|    0.097253|    0.001086|
|         426|  -10.096067|   -9.546381|    0.097253|    0.001086|
|         427|  -10.109128|   -9.559410|    0.097253|    0.001086|
|         428|  -10.122272|   -9.572523|    0.097253|    0.001086|
|         429|  -10.135497|   -9.585719|    0.097253|    0.001086|
|         430|  -10.148802|   -9.598997|    0.097253|    0.001086|
|         431|  -10.162183|   -9.612352|    0.097253|    0.001086|
|         432|  -10.175636|   -9.625781|    0.097253|    0.001086|
|         433|  -10.189156|   -9.639278|    0.097253|    0.001086|
|         434|  -10.202736|   -9.652838|    0.097253|    0.001086|
|         435|  -10.216371|   -9.666452|    0.097253|    0.001086|
|         436|  -10.230053|   -9.680116|    0.097253|    0.001086|
|         437|  -10.243776|   -9.693821|    0.097253|    0.001086|
|         438|  -10.257532|   -9.707561|    0.097253|    0.001086|
|         439|  -10.271316|   -9.721329|    0.097253|    0.001086|
|         440|  -10.285120|   -9.735117|    0.097253|    0.001086|
|         441|  -10.298938|   -9.748921|    0.097253|    0.001086|
|         442|  -10.312764|   -9.762734|    0.097253|    0.001086|
|         443|  -10.326593|   -9.776552|    0.097253|    0.001086|
|         444|  -10.340420|   -9.790368|    0.097253|    0.001086|
|         445|  -10.354240|   -9.804181|    0.097253|    0.001086|
|         446|  -10.368050|   -9.817985|    0.097253|    0.001086|
|         447|  -10.381847|   -9.831778|    0.097253|    0.001086|
|         448|  -10.395627|   -9.845557|    0.097253|    0.001086|
|         449|  -10.409388|   -9.859321|    0.097253|    0.001086|
|         450|  -10.423128|   -9.873067|    0.097253|    0.001086|
|         451|  -10.436844|   -9.886793|    0.097253|    0.001086|
|         452|  -10.450535|   -9.900498|    0.097253|    0.001086|
|         453|  -10.464198|   -9.914181|    0.097253|    0.001086|
|         454|  -10.477832|   -9.927839|    0.097253|    0.001086|
|         455|  -10.491436|   -9.941471|    0.097253|    0.001086|
|         456|  -10.505007|   -9.955076|    0.097253|    0.001086|
|         457|  -10.518544|   -9.968651|    0.097253|    0.001086|
|         458|  -10.532044|   -9.982194|    0.097253|    0.001086|
|         459|  -10.545507|   -9.995703|    0.097253|    0.001086|
|         460|  -10.558929|  -10.009176|    0.097253|    0.001086|
|         461|  -10.572310|  -10.022610|    0.097253|    0.001086|
|         462|  -10.585648|  -10.036003|    0.097253|    0.001086|
|         463|  -10.598942|  -10.049353|    0.097253|    0.001086|
|         464|  -10.612190|  -10.062658|    0.097253|    0.001086|
|         465|  -10.625393|  -10.075918|    0.097253|    0.001086|
|         466|  -10.638551|  -10.089130|    0.097253|    0.001086|
|         467|  -10.651664|  -10.102295|    0.097253|    0.001086|
|         468|  -10.664733|  -10.115413|    0.097253|    0.001086|
|         469|  -10.677762|  -10.128486|    0.097253|    0.001086|
|         470|  -10.690752|  -10.141515|    0.097253|    0.001086|
|         471|  -10.703708|  -10.154503|    0.097253|    0.001086|
|         472|  -10.716634|  -10.167454|    0.097253|    0.001086|
|         473|  -10.729536|  -10.180372|    0.097253|    0.001086|
|         474|  -10.742418|  -10.193263|    0.097253|    0.001086|
|         475|  -10.755288|  -10.206133|    0.097253|    0.001086|
|         476|  -10.768152|  -10.218989|    0.097253|    0.001086|
|         477|  -10.781017|  -10.231837|    0.097253|    0.001086|
|         478|  -10.793891|  -10.244685|    0.097253|    0.001086|
|         479|  -10.806782|  -10.257542|    0.097253|    0.001086|
|         480|  -10.819696|  -10.270415|    0.097253|    0.001086|
|         481|  -10.832642|  -10.283311|    0.097253|    0.001086|
|         482|  -10.845626|  -10.296240|    0.097253|    0.001086|
|         483|  -10.858654|  -10.309208|    0.097253|    0.001086|
|         484|  -10.871734|  -10.322222|    0.097253|    0.001086|
|         485|  -10.884869|  -10.335289|    0.097253|    0.001086|
|         486|  -10.898065|  -10.348413|    0.097253|    0.001086|
|         487|  -10.911326|  -10.361602|    0.097253|    0.001086|
|         488|  -10.924653|  -10.374857|    0.097253|    0.001086|
|         489|  -10.938049|  -10.388182|    0.097253|    0.001086|
|         490|  -10.951514|  -10.401578|    0.097253|    0.001086|
|         491|  -10.965048|  -10.415048|    0.097253|    0.001086|
|         492|  -10.978650|  -10.428589|    0.097253|    0.001086|
|         493|  -10.992317|  -10.442202|    0.097253|    0.001086|
|         494|  -11.006045|  -10.455882|    0.097253|    0.001086|
|         495|  -11.019829|  -10.469627|    0.097253|    0.001086|
|         496|  -11.033665|  -10.483431|    0.097253|    0.001086|
|         497|  -11.047546|  -10.497289|    0.097253|    0.001086|
|         498|  -11.061464|  -10.511193|    0.097253|    0.001086|
|         499|  -11.075412|  -10.525136|    0.097253|    0.001086|
|         500|  -11.089380|  -10.539110|    0.097253|    0.001086|
+-----------------------------------------------------------------------+
|        File Writing Summary       |              Filename             |
+-----------------------------------------------------------------------+
|SU2 binary restart                 |restart_flow.dat                   |
|Paraview                           |flow.vtu                           |
|Paraview surface                   |surface_flow.vtu                   |
|CSV file                           |surface_flow.csv                   |
+-----------------------------------------------------------------------+
+----------------------------------------------------------------+
|  Inner_Iter|    rms[Rho]|   rms[RhoE]|          CL|          CD|
+----------------------------------------------------------------+
|         501|  -11.103360|  -10.553105|    0.097253|    0.001086|
|         502|  -11.117341|  -10.567112|    0.097253|    0.001086|
|         503|  -11.131315|  -10.581119|    0.097253|    0.001086|
|         504|  -11.145271|  -10.595118|    0.097253|    0.001086|
|         505|  -11.159199|  -10.609096|    0.097253|    0.001086|
|         506|  -11.173090|  -10.623044|    0.097253|    0.001086|
|         507|  -11.186933|  -10.636951|    0.097253|    0.001086|
|         508|  -11.200720|  -10.650807|    0.097253|    0.001086|
|         509|  -11.214443|  -10.664602|    0.097253|    0.001086|
|         510|  -11.228093|  -10.678328|    0.097253|    0.001086|
|         511|  -11.241665|  -10.691977|    0.097253|    0.001086|
|         512|  -11.255152|  -10.705542|    0.097253|    0.001086|
|         513|  -11.268550|  -10.719016|    0.097253|    0.001086|
|         514|  -11.281855|  -10.732396|    0.097253|    0.001086|
|         515|  -11.295066|  -10.745679|    0.097253|    0.001086|
|         516|  -11.308182|  -10.758862|    0.097253|    0.001086|
|         517|  -11.321202|  -10.771946|    0.097253|    0.001086|
|         518|  -11.334130|  -10.784930|    0.097253|    0.001086|
|         519|  -11.346968|  -10.797819|    0.097253|    0.001086|
|         520|  -11.359721|  -10.810615|    0.097253|    0.001086|
|         521|  -11.372395|  -10.823325|    0.097253|    0.001086|
|         522|  -11.384995|  -10.835953|    0.097253|    0.001086|
|         523|  -11.397530|  -10.848509|    0.097253|    0.001086|
|         524|  -11.410009|  -10.861000|    0.097253|    0.001086|
|         525|  -11.422440|  -10.873436|    0.097253|    0.001086|
|         526|  -11.434833|  -10.885827|    0.097253|    0.001086|
|         527|  -11.447199|  -10.898182|    0.097253|    0.001086|
|         528|  -11.459547|  -10.910514|    0.097253|    0.001086|
|         529|  -11.471889|  -10.922833|    0.097253|    0.001086|
|         530|  -11.484235|  -10.935149|    0.097253|    0.001086|
|         531|  -11.496594|  -10.947475|    0.097253|    0.001086|
|         532|  -11.508978|  -10.959819|    0.097253|    0.001086|
|         533|  -11.521395|  -10.972193|    0.097253|    0.001086|
|         534|  -11.533854|  -10.984605|    0.097253|    0.001086|
|         535|  -11.546363|  -10.997065|    0.097253|    0.001086|
|         536|  -11.558930|  -11.009580|    0.097253|    0.001086|
|         537|  -11.571560|  -11.022158|    0.097253|    0.001086|
|         538|  -11.584260|  -11.034804|    0.097253|    0.001086|
|         539|  -11.597034|  -11.047523|    0.097253|    0.001086|
|         540|  -11.609885|  -11.060321|    0.097253|    0.001086|
|         541|  -11.622815|  -11.073199|    0.097253|    0.001086|
|         542|  -11.635827|  -11.086160|    0.097253|    0.001086|
|         543|  -11.648920|  -11.099204|    0.097253|    0.001086|
|         544|  -11.662094|  -11.112331|    0.097253|    0.001086|
|         545|  -11.675347|  -11.125541|    0.097253|    0.001086|
|         546|  -11.688677|  -11.138830|    0.097253|    0.001086|
|         547|  -11.702079|  -11.152196|    0.097253|    0.001086|
|         548|  -11.715549|  -11.165635|    0.097253|    0.001086|
|         549|  -11.729083|  -11.179141|    0.097253|    0.001086|
|         550|  -11.742674|  -11.192708|    0.097253|    0.001086|
|         551|  -11.756316|  -11.206332|    0.097253|    0.001086|
|         552|  -11.770002|  -11.220005|    0.097253|    0.001086|
|         553|  -11.783725|  -11.233718|    0.097253|    0.001086|
|         554|  -11.797476|  -11.247466|    0.097253|    0.001086|
|         555|  -11.811248|  -11.261239|    0.097253|    0.001086|
|         556|  -11.825033|  -11.275030|    0.097253|    0.001086|
|         557|  -11.838823|  -11.288831|    0.097253|    0.001086|
|         558|  -11.852610|  -11.302633|    0.097253|    0.001086|
|         559|  -11.866386|  -11.316429|    0.097253|    0.001086|
|         560|  -11.880144|  -11.330210|    0.097253|    0.001086|
|         561|  -11.893877|  -11.343970|    0.097253|    0.001086|
|         562|  -11.907579|  -11.357702|    0.097253|    0.001086|
|         563|  -11.921243|  -11.371400|    0.097253|    0.001086|
|         564|  -11.934865|  -11.385058|    0.097253|    0.001086|
|         565|  -11.948440|  -11.398670|    0.097253|    0.001086|
|         566|  -11.961965|  -11.412234|    0.097253|    0.001086|
|         567|  -11.975435|  -11.425745|    0.097253|    0.001086|
|         568|  -11.988850|  -11.439201|    0.097253|    0.001086|
|         569|  -12.002207|  -11.452599|    0.097253|    0.001086|
|         570|  -12.015507|  -11.465940|    0.097253|    0.001086|
|         571|  -12.028748|  -11.479222|    0.097253|    0.001086|
|         572|  -12.041933|  -11.492446|    0.097253|    0.001086|
|         573|  -12.055062|  -11.505614|    0.097253|    0.001086|
|         574|  -12.068138|  -11.518726|    0.097253|    0.001086|
|         575|  -12.081164|  -11.531786|    0.097253|    0.001086|
|         576|  -12.094143|  -11.544796|    0.097253|    0.001086|
|         577|  -12.107079|  -11.557761|    0.097253|    0.001086|
|         578|  -12.119976|  -11.570684|    0.097253|    0.001086|
|         579|  -12.132839|  -11.583569|    0.097253|    0.001086|
|         580|  -12.145674|  -11.596421|    0.097253|    0.001086|
|         581|  -12.158486|  -11.609246|    0.097253|    0.001086|
|         582|  -12.171279|  -11.622049|    0.097253|    0.001086|
|         583|  -12.184061|  -11.634835|    0.097253|    0.001086|
|         584|  -12.196838|  -11.647611|    0.097253|    0.001086|
|         585|  -12.209613|  -11.660381|    0.097253|    0.001086|
|         586|  -12.222395|  -11.673152|    0.097253|    0.001086|
|         587|  -12.235189|  -11.685931|    0.097253|    0.001086|
|         588|  -12.248000|  -11.698721|    0.097253|    0.001086|
|         589|  -12.260835|  -11.711529|    0.097253|    0.001086|
|         590|  -12.273698|  -11.724362|    0.097253|    0.001086|
|         591|  -12.286595|  -11.737223|    0.097253|    0.001086|
|         592|  -12.299530|  -11.750117|    0.097253|    0.001086|
|         593|  -12.312508|  -11.763051|    0.097253|    0.001086|
|         594|  -12.325532|  -11.776028|    0.097253|    0.001086|
|         595|  -12.338606|  -11.789052|    0.097253|    0.001086|
|         596|  -12.351734|  -11.802126|    0.097253|    0.001086|
|         597|  -12.364917|  -11.815255|    0.097253|    0.001086|
|         598|  -12.378156|  -11.828438|    0.097253|    0.001086|
|         599|  -12.391455|  -11.841681|    0.097253|    0.001086|
|         600|  -12.404813|  -11.854983|    0.097253|    0.001086|
|         601|  -12.418229|  -11.868344|    0.097253|    0.001086|
|         602|  -12.431704|  -11.881767|    0.097253|    0.001086|
|         603|  -12.445235|  -11.895248|    0.097253|    0.001086|
|         604|  -12.458819|  -11.908787|    0.097253|    0.001086|
|         605|  -12.472456|  -11.922381|    0.097253|    0.001086|
|         606|  -12.486139|  -11.936028|    0.097253|    0.001086|
|         607|  -12.499867|  -11.949724|    0.097253|    0.001086|
|         608|  -12.513632|  -11.963464|    0.097253|    0.001086|
|         609|  -12.527430|  -11.977244|    0.097253|    0.001086|
|         610|  -12.541255|  -11.991058|    0.097253|    0.001086|
|         611|  -12.555100|  -12.004899|    0.097253|    0.001086|
|         612|  -12.568958|  -12.018760|    0.097253|    0.001086|
|         613|  -12.582822|  -12.032635|    0.097253|    0.001086|
|         614|  -12.596684|  -12.046516|    0.097253|    0.001086|
|         615|  -12.610536|  -12.060394|    0.097253|    0.001086|
|         616|  -12.624372|  -12.074261|    0.097253|    0.001086|
|         617|  -12.638182|  -12.088111|    0.097253|    0.001086|
|         618|  -12.651959|  -12.101932|    0.097253|    0.001086|
|         619|  -12.665696|  -12.115720|    0.097253|    0.001086|
|         620|  -12.679387|  -12.129465|    0.097253|    0.001086|
|         621|  -12.693025|  -12.143161|    0.097253|    0.001086|
|         622|  -12.706604|  -12.156801|    0.097253|    0.001086|
|         623|  -12.720120|  -12.170380|    0.097253|    0.001086|
|         624|  -12.733567|  -12.183890|    0.097253|    0.001086|
|         625|  -12.746945|  -12.197331|    0.097253|    0.001086|
|         626|  -12.760248|  -12.210697|    0.097253|    0.001086|
|         627|  -12.773477|  -12.223987|    0.097253|    0.001086|
|         628|  -12.786632|  -12.237201|    0.097253|    0.001086|
|         629|  -12.799714|  -12.250337|    0.097253|    0.001086|
|         630|  -12.812724|  -12.263397|    0.097253|    0.001086|
|         631|  -12.825665|  -12.276383|    0.097253|    0.001086|
|         632|  -12.838541|  -12.289300|    0.097253|    0.001086|
|         633|  -12.851356|  -12.302149|    0.097253|    0.001086|
|         634|  -12.864118|  -12.314939|    0.097253|    0.001086|
|         635|  -12.876831|  -12.327674|    0.097253|    0.001086|
|         636|  -12.889504|  -12.340362|    0.097253|    0.001086|
|         637|  -12.902142|  -12.353008|    0.097253|    0.001086|
|         638|  -12.914756|  -12.365622|    0.097253|    0.001086|
|         639|  -12.927351|  -12.378213|    0.097253|    0.001086|
|         640|  -12.939938|  -12.390786|    0.097253|    0.001086|
|         641|  -12.952523|  -12.403355|    0.097253|    0.001086|
|         642|  -12.965118|  -12.415925|    0.097253|    0.001086|
|         643|  -12.977728|  -12.428506|    0.097253|    0.001086|
|         644|  -12.990362|  -12.441104|    0.097253|    0.001086|
|         645|  -13.003028|  -12.453730|    0.097253|    0.001086|

----------------------------- Solver Exit -------------------------------
All convergence criteria satisfied.
+-----------------------------------------------------------------------+
|      Convergence Field     |     Value    |   Criterion  |  Converged |
+-----------------------------------------------------------------------+
|                    rms[Rho]|       -13.003|         < -13|         Yes|
+-----------------------------------------------------------------------+
-------------------------------------------------------------------------
+-----------------------------------------------------------------------+
|        File Writing Summary       |              Filename             |
+-----------------------------------------------------------------------+
|SU2 binary restart                 |restart_flow.dat                   |
|Paraview                           |flow.vtu                           |
|Paraview surface                   |surface_flow.vtu                   |
|CSV file                           |surface_flow.csv                   |
+-----------------------------------------------------------------------+

--------------------------- Finalizing Solver ---------------------------
Deleted CNumerics container.
Deleted CIntegration container.
Deleted CSolver container.
Deleted CIteration container.
Deleted CInterface container.
Deleted CGeometry container.
Deleted CFreeFormDefBox class.
Deleted CSurfaceMovement class.
Deleted CVolumetricMovement class.
Deleted CConfig container.
Deleted nInst container.
Deleted COutput class.
-------------------------------------------------------------------------

------------------------- Exit Success (SU2_CFD) ------------------------

