
-------------------------------------------------------------------------
|    ___ _   _ ___                                                      |
|   / __| | | |_  )   Release 8.3.0 "Harrier"                           |
|   \__ \ |_| |/ /                                                      |
|   |___/\___//___|   Suite (Computational Fluid Dynamics Code)         |
|                                                                       |
-------------------------------------------------------------------------
| SU2 Project Website: https://su2code.github.io                        |
|                                                                       |
| The SU2 Project is maintained by the SU2 Foundation                   |
| (http://su2foundation.org)                                            |
-------------------------------------------------------------------------
| Copyright 2012-2025, SU2 Contributors                                 |
|                                                                       |
| SU2 is free software; you can redistribute it and/or                  |
| modify it under the terms of the GNU Lesser General Public            |
| License as published by the Free Software Foundation; either          |
| version 2.1 of the License, or (at your option) any later version.    |
|                                                                       |
| SU2 is distributed in the hope that it will be useful,                |
| but WITHOUT ANY WARRANTY; without even the implied warranty of        |
| MERCHANTABILITY or FITNESS FOR A PARTICULAR PURPOSE. See the GNU      |
| Lesser General Public License for more details.                       |
|                                                                       |
| You should have received a copy of the GNU Lesser General Public      |
| License along with SU2. If not, see <http://www.gnu.org/licenses/>.   |
-------------------------------------------------------------------------

Parsing config file for zone 0

----------------- Physical Case Definition ( Zone 0 ) -------------------
Compressible Euler equations.
Mach number: 0.8.
Angle of attack (AoA): 1.25 deg, and angle of sideslip (AoS): 0 deg.
No restart solution, use the values at infinity (freestream).
Non-Dimensional simulation (P=1.0, Rho=1.0, T=1.0 at the farfield).
The reference area is 1 m^2.
The semi-span will be computed using the max y(3D) value.
The reference length is 1 m.
Reference origin for moment evaluation is (0.25, 0, 0).
Surface(s) where the force coefficients are evaluated: airfoil.

Surface(s) plotted in the output file: airfoil.
Surface(s) affected by the design variables: airfoil.
Input mesh file name: mesh_NACA0012_inv_deform.su2

--------------- Space Numerical Integration ( Zone 0 ) ------------------
Jameson-Schmidt-Turkel scheme (2nd order in space) for the flow inviscid terms.
JST viscous coefficients (2nd & 4th): 0.5, 0.02.
The method includes a grid stretching correction (p = 0.3).
Gradient for viscous and source terms: Green-Gauss.

--------------- Time Numerical Integration  ( Zone 0 ) ------------------
Local time stepping (steady state simulation).
Euler implicit method for the flow equations.
FGMRES is used for solving the linear system.
Using a LU-SGS preconditioning.
Convergence criteria of the linear solver: 0.0001.
Max number of linear iterations: 2.
V Multigrid Cycle, with 2 multigrid levels.
Damping factor for the residual restriction: 1.
Damping factor for the correction prolongation: 1.
No CFL adaptation.
+-------------------------------------------+
|  MG Level| Presmooth|PostSmooth|CorrectSmo|
+-------------------------------------------+
|         0|         1|         0|         0|
|         1|         2|         0|         0|
|         2|         3|         0|         0|
+-------------------------------------------+
Courant-Friedrichs-Lewy number:       10

------------------ Convergence Criteria  ( Zone 0 ) ---------------------
Maximum number of solver subiterations: 1000.
Begin convergence monitoring at iteration 10.
Residual minimum value: 1e-13.
Cauchy series min. value: 1e-06.
Number of Cauchy elements: 100.
Begin windowed time average at iteration 0.

-------------------- Output Information ( Zone 0 ) ----------------------
File writing frequency: 
+------------------------------------+
|                     File| Frequency|
+------------------------------------+
|                  RESTART|       250|
|                 PARAVIEW|       250|
|         SURFACE_PARAVIEW|       250|
|              SURFACE_CSV|       250|
+------------------------------------+
Writing the convergence history file every 1 inner iterations.
Writing the screen convergence history every 1 inner iterations.
The tabular file format is CSV (.csv).
Convergence history file name: history_direct.
Forces breakdown file name: forces_breakdown.dat.
Surface file name: surface_flow.
Volume file name: flow.
Restart file name: restart_flow.

------------- Config File Boundary Information ( Zone 0 ) ---------------
+-----------------------------------------------------------------------+
|                        Marker Type|                        Marker Name|
+-----------------------------------------------------------------------+
|                         Euler wall|                            airfoil|
+-----------------------------------------------------------------------+
|                          Far-field|                           farfield|
+-----------------------------------------------------------------------+

-------------------- Output Preprocessing ( Zone 0 ) --------------------

WARNING: SURFACE_PRESSURE_DROP can only be computed for at least 2 surfaces (outlet, inlet, ...)

Screen output fields: INNER_ITER, RMS_DENSITY, RMS_ENERGY, LIFT, DRAG
History output group(s): ITER, RMS_RES, AERO_COEFF
Convergence field(s): RMS_DENSITY
Warning: No (valid) fields chosen for time convergence monitoring. Time convergence monitoring inactive.
Volume output fields: COORDINATES, SOLUTION, PRIMITIVE

------------------- Geometry Preprocessing ( Zone 0 ) -------------------
Two dimensional problem.
5233 grid points.
10216 volume elements.
2 surface markers.
200 boundary elements in index 0 (Marker = airfoil).
50 boundary elements in index 1 (Marker = farfield).
10216 triangles.
Setting point connectivity.
Renumbering points (Reverse Cuthill McKee Ordering).
Recomputing point connectivity.
Setting element connectivity.
Checking the numerical grid orientation.
All volume elements are correctly oriented.
All surface elements are correctly oriented.
Identifying edges and vertices.
Setting the control volume structure.
Area of the computational grid: 1253.25.
Searching for the closest normal neighbors to the surfaces.
Storing a mapping from global to local point index.
Compute the surface curvature.
Max K: 7835.1. Mean K: 35.25. Standard deviation K: 494.429.
Checking for periodicity.
Computing mesh quality statistics for the dual control volumes.
+--------------------------------------------------------------+
|           Mesh Quality Metric|        Minimum|        Maximum|
+--------------------------------------------------------------+
|    Orthogonality Angle (deg.)|        62.9266|        89.7695|
|     CV Face Area Aspect Ratio|        1.01151|        7.17818|
|           CV Sub-Volume Ratio|        1.00238|        6.47674|
+--------------------------------------------------------------+
Setting the multigrid structure.
+-------------------------------------------+
|  MG Level|       CVs|Aggl. Rate|       CFL|
+-------------------------------------------+
|         0|      5233|    1/1.00|        10|
|         1|      1690|     1/3.1|   8.52431|
|         2|       649|     1/2.6|   7.92373|
+-------------------------------------------+
Finding max control volume width.
Wetted area = 2.03707 m.
Area projection in the x-plane = 0.110736 m, y-plane = 0.999845 m.
Max. coordinate in the x-direction = 1 m, y-direction = 0.0477363 m.
Min. coordinate in the x-direction = 0 m, y-direction = -0.0630288 m.
Computing wall distances.

-------------------- Solver Preprocessing ( Zone 0 ) --------------------
Inviscid flow: Computing density based on free-stream
temperature and pressure using the ideal gas law.
Force coefficients computed using free-stream values.

-- Models:
+------------------------------------------------------------------------------+
|          Viscosity Model|        Conductivity Model|              Fluid Model|
+------------------------------------------------------------------------------+
|                        -|                         -|             STANDARD_AIR|
+------------------------------------------------------------------------------+
-- Fluid properties:
+------------------------------------------------------------------------------+
|                  Name|    Dim. value|    Ref. value|      Unit|Non-dim. value|
+------------------------------------------------------------------------------+
|          Gas Constant|       287.058|       287.058|  N.m/kg.K|             1|
|      Spec. Heat Ratio|             -|             -|         -|           1.4|
+------------------------------------------------------------------------------+
-- Initial and free-stream conditions:
+------------------------------------------------------------------------------+
|                  Name|    Dim. value|    Ref. value|      Unit|Non-dim. value|
+------------------------------------------------------------------------------+
|       Static Pressure|        101325|        101325|        Pa|             1|
|               Density|       1.29225|       1.29225|    kg/m^3|             1|
|           Temperature|        273.15|        273.15|         K|             1|
|          Total Energy|        231152|       78409.9|   m^2/s^2|         2.948|
|            Velocity-X|       264.994|       280.018|       m/s|      0.946348|
|            Velocity-Y|       5.78219|       280.018|       m/s|     0.0206494|
|    Velocity Magnitude|       265.057|       280.018|       m/s|      0.946573|
+------------------------------------------------------------------------------+
|           Mach Number|             -|             -|         -|           0.8|
+------------------------------------------------------------------------------+
Initialize Jacobian structure (Euler). MG level: 0.
Initialize Jacobian structure (Euler). MG level: 1.
Initialize Jacobian structure (Euler). MG level: 2.

------------------- Numerics Preprocessing ( Zone 0 ) -------------------

----------------- Integration Preprocessing ( Zone 0 ) ------------------

------------------- Iteration Preprocessing ( Zone 0 ) ------------------
Euler/Navier-Stokes/RANS fluid iteration.

------------------------------ Begin Solver -----------------------------

Simulation Run using the Single-zone Driver
WARNING: SU2 was not compiled for an AVX-capable architecture. Performance could be better,
         see https://su2code.github.io/docs_v7/Build-SU2-Linux-MacOS/#compiler-optimizations
WARNING: SU2 was not compiled for an AVX-capable architecture. Performance could be better,
         see https://su2code.github.io/docs_v7/Build-SU2-Linux-MacOS/#compiler-optimizations
WARNING: SU2 was not compiled for an AVX-capable architecture. Performance could be better,
         see https://su2code.github.io/docs_v7/Build-SU2-Linux-MacOS/#compiler-optimizations
+----------------------------------------------------------------+
|  Inner_Iter|    rms[Rho]|   rms[RhoE]|          CL|          CD|
+----------------------------------------------------------------+
|           0|   -3.608807|   -3.012430|    0.145907|    0.216867|
|           1|   -3.856734|   -3.245801|    0.031634|    0.084247|
|           2|   -3.793008|   -3.194696|    0.035525|    0.061106|
|           3|   -3.738529|   -3.146035|    0.069938|    0.075632|
|           4|   -3.690109|   -3.100804|    0.066016|    0.057523|
|           5|   -3.686283|   -3.101073|    0.061681|    0.044355|
|           6|   -3.682020|   -3.102926|    0.061152|    0.040085|
|           7|   -3.686801|   -3.110056|    0.058498|    0.035653|
|           8|   -3.670817|   -3.093374|    0.056061|    0.029986|
|           9|   -3.684937|   -3.111056|    0.054926|    0.025230|
|          10|   -3.690517|   -3.120561|    0.054638|    0.021933|
|          11|   -3.695695|   -3.128046|    0.054578|    0.019016|
|          12|   -3.700477|   -3.133445|    0.054160|    0.015926|
|          13|   -3.703708|   -3.135409|    0.053618|    0.012865|
|          14|   -3.711417|   -3.141045|    0.053598|    0.010041|
|          15|   -3.720944|   -3.148630|    0.054130|    0.007446|
|          16|   -3.731257|   -3.158212|    0.054833|    0.004996|
|          17|   -3.743592|   -3.171390|    0.055499|    0.002633|
|          18|   -3.758297|   -3.187890|    0.056105|    0.000367|
|          19|   -3.776028|   -3.207451|    0.056668|   -0.001749|
|          20|   -3.797165|   -3.229879|    0.057145|   -0.003644|
|          21|   -3.820694|   -3.254042|    0.057457|   -0.005248|
|          22|   -3.844736|   -3.278166|    0.057672|   -0.006488|
|          23|   -3.867848|   -3.300924|    0.057978|   -0.007291|
|          24|   -3.889522|   -3.321908|    0.058504|   -0.007613|
|          25|   -3.910235|   -3.341742|    0.059389|   -0.007433|
|          26|   -3.931159|   -3.361803|    0.060531|   -0.006787|
|          27|   -3.953243|   -3.383273|    0.061736|   -0.005749|
|          28|   -3.976772|   -3.406667|    0.062943|   -0.004411|
|          29|   -4.001717|   -3.432120|    0.064054|   -0.002880|
|          30|   -4.028206|   -3.459778|    0.064963|   -0.001269|
|          31|   -4.056491|   -3.489742|    0.065633|    0.000331|
|          32|   -4.086873|   -3.521909|    0.066033|    0.001840|
|          33|   -4.119151|   -3.555582|    0.066162|    0.003206|
|          34|   -4.152538|   -3.589644|    0.066058|    0.004387|
|          35|   -4.185927|   -3.622940|    0.065779|    0.005354|
|          36|   -4.218330|   -3.654732|    0.065381|    0.006090|
|          37|   -4.248983|   -3.684670|    0.064927|    0.006588|
|          38|   -4.277520|   -3.712770|    0.064459|    0.006850|
|          39|   -4.303938|   -3.739243|    0.064024|    0.006890|
|          40|   -4.328448|   -3.764326|    0.063667|    0.006731|
|          41|   -4.351353|   -3.788203|    0.063417|    0.006405|
|          42|   -4.372939|   -3.810985|    0.063295|    0.005948|
|          43|   -4.393416|   -3.832706|    0.063314|    0.005398|
|          44|   -4.412943|   -3.853367|    0.063479|    0.004792|
|          45|   -4.431557|   -3.872910|    0.063783|    0.004165|
|          46|   -4.448814|   -3.890860|    0.064217|    0.003547|
|          47|   -4.464166|   -3.906711|    0.064771|    0.002964|
|          48|   -4.477168|   -3.920108|    0.065431|    0.002439|
|          49|   -4.487802|   -3.931140|    0.066175|    0.001985|
|          50|   -4.496561|   -3.940361|    0.066976|    0.001614|
|          51|   -4.504133|   -3.948455|    0.067811|    0.001334|
|          52|   -4.511290|   -3.956154|    0.068657|    0.001144|
|          53|   -4.519080|   -3.964490|    0.069477|    0.001040|
|          54|   -4.528652|   -3.974623|    0.070247|    0.001012|
|          55|   -4.540662|   -3.987237|    0.070957|    0.001051|
|          56|   -4.555272|   -4.002516|    0.071590|    0.001145|
|          57|   -4.571752|   -4.019628|    0.072166|    0.001281|
|          58|   -4.589338|   -4.037760|    0.072693|    0.001446|
|          59|   -4.607447|   -4.056320|    0.073182|    0.001628|
|          60|   -4.625971|   -4.075231|    0.073638|    0.001815|
|          61|   -4.644926|   -4.094505|    0.074051|    0.001994|
|          62|   -4.664274|   -4.114047|    0.074416|    0.002159|
|          63|   -4.684116|   -4.133948|    0.074731|    0.002302|
|          64|   -4.704317|   -4.154117|    0.074982|    0.002416|
|          65|   -4.725094|   -4.174813|    0.075160|    0.002495|
|          66|   -4.746510|   -4.196139|    0.075272|    0.002538|
|          67|   -4.768588|   -4.218120|    0.075332|    0.002548|
|          68|   -4.791291|   -4.240705|    0.075346|    0.002526|
|          69|   -4.814484|   -4.263773|    0.075321|    0.002477|
|          70|   -4.837968|   -4.287126|    0.075269|    0.002406|
|          71|   -4.861507|   -4.310516|    0.075204|    0.002319|
|          72|   -4.884790|   -4.333641|    0.075133|    0.002221|
|          73|   -4.907626|   -4.356341|    0.075061|    0.002117|
|          74|   -4.929966|   -4.378584|    0.074998|    0.002012|
|          75|   -4.951725|   -4.400290|    0.074950|    0.001911|
|          76|   -4.972839|   -4.421408|    0.074923|    0.001818|
|          77|   -4.993280|   -4.441897|    0.074922|    0.001734|
|          78|   -5.013044|   -4.461734|    0.074946|    0.001663|
|          79|   -5.032161|   -4.480937|    0.074995|    0.001604|
|          80|   -5.050708|   -4.499572|    0.075066|    0.001558|
|          81|   -5.068778|   -4.517727|    0.075158|    0.001524|
|          82|   -5.086462|   -4.535487|    0.075268|    0.001503|
|          83|   -5.103832|   -4.552920|    0.075391|    0.001493|
|          84|   -5.121009|   -4.570121|    0.075524|    0.001491|
|          85|   -5.138037|   -4.587139|    0.075660|    0.001498|
|          86|   -5.155026|   -4.604093|    0.075796|    0.001511|
|          87|   -5.172241|   -4.621236|    0.075928|    0.001527|
|          88|   -5.189892|   -4.638775|    0.076053|    0.001547|
|          89|   -5.208040|   -4.656785|    0.076170|    0.001568|
|          90|   -5.226676|   -4.675264|    0.076276|    0.001589|
|          91|   -5.245757|   -4.694182|    0.076368|    0.001609|
|          92|   -5.265219|   -4.713490|    0.076445|    0.001627|
|          93|   -5.284884|   -4.733013|    0.076509|    0.001643|
|          94|   -5.304569|   -4.752580|    0.076560|    0.001656|
|          95|   -5.324001|   -4.771911|    0.076598|    0.001666|
|          96|   -5.343050|   -4.790893|    0.076624|    0.001674|
|          97|   -5.361579|   -4.809405|    0.076640|    0.001678|
|          98|   -5.379505|   -4.827365|    0.076645|    0.001680|
|          99|   -5.396819|   -4.844769|    0.076643|    0.001680|
|         100|   -5.413567|   -4.861668|    0.076634|    0.001678|
|         101|   -5.429828|   -4.878135|    0.076620|    0.001674|
|         102|   -5.445657|   -4.894211|    0.076603|    0.001670|
|         103|   -5.461164|   -4.909998|    0.076584|    0.001664|
|         104|   -5.476428|   -4.925552|    0.076565|    0.001659|
|         105|   -5.491492|   -4.940882|    0.076547|    0.001654|
|         106|   -5.506441|   -4.956051|    0.076530|    0.001649|
|         107|   -5.521320|   -4.971089|    0.076518|    0.001644|
|         108|   -5.536144|   -4.986001|    0.076509|    0.001641|
|         109|   -5.550883|   -5.000744|    0.076505|    0.001638|
|         110|   -5.565512|   -5.015302|    0.076505|    0.001635|
|         111|   -5.580013|   -5.029668|    0.076510|    0.001634|
|         112|   -5.594168|   -5.043635|    0.076520|    0.001633|
|         113|   -5.608091|   -5.057350|    0.076536|    0.001634|
|         114|   -5.621849|   -5.070880|    0.076556|    0.001634|
|         115|   -5.635439|   -5.084240|    0.076581|    0.001636|
|         116|   -5.648712|   -5.097297|    0.076609|    0.001638|
|         117|   -5.661924|   -5.110333|    0.076642|    0.001640|
|         118|   -5.675189|   -5.123436|    0.076677|    0.001642|
|         119|   -5.688594|   -5.136690|    0.076714|    0.001645|
|         120|   -5.702227|   -5.150190|    0.076753|    0.001648|
|         121|   -5.716206|   -5.164062|    0.076792|    0.001651|
|         122|   -5.730615|   -5.178376|    0.076833|    0.001654|
|         123|   -5.745532|   -5.193199|    0.076873|    0.001656|
|         124|   -5.760991|   -5.208565|    0.076913|    0.001659|
|         125|   -5.776990|   -5.224471|    0.076953|    0.001661|
|         126|   -5.793465|   -5.240856|    0.076991|    0.001663|
|         127|   -5.810425|   -5.257727|    0.077028|    0.001665|
|         128|   -5.827876|   -5.275098|    0.077063|    0.001667|
|         129|   -5.845769|   -5.292929|    0.077097|    0.001668|
|         130|   -5.864080|   -5.311195|    0.077130|    0.001670|
|         131|   -5.882754|   -5.329840|    0.077161|    0.001670|
|         132|   -5.901749|   -5.348823|    0.077190|    0.001671|
|         133|   -5.920965|   -5.368042|    0.077218|    0.001671|
|         134|   -5.940342|   -5.387442|    0.077244|    0.001671|
|         135|   -5.959755|   -5.406904|    0.077269|    0.001671|
|         136|   -5.979132|   -5.426361|    0.077293|    0.001671|
|         137|   -5.998372|   -5.445707|    0.077316|    0.001671|
|         138|   -6.017374|   -5.464836|    0.077337|    0.001670|
|         139|   -6.036051|   -5.483655|    0.077358|    0.001669|
|         140|   -6.054353|   -5.502114|    0.077378|    0.001669|
|         141|   -6.072228|   -5.520161|    0.077397|    0.001668|
|         142|   -6.089630|   -5.537751|    0.077415|    0.001667|
|         143|   -6.106499|   -5.554819|    0.077432|    0.001666|
|         144|   -6.122786|   -5.571316|    0.077449|    0.001665|
|         145|   -6.138451|   -5.587196|    0.077464|    0.001664|
|         146|   -6.153574|   -5.602541|    0.077478|    0.001663|
|         147|   -6.168209|   -5.617398|    0.077492|    0.001662|
|         148|   -6.182442|   -5.631843|    0.077505|    0.001661|
|         149|   -6.196276|   -5.645869|    0.077518|    0.001660|
|         150|   -6.209721|   -5.659487|    0.077530|    0.001659|
|         151|   -6.222853|   -5.672764|    0.077541|    0.001658|
|         152|   -6.235752|   -5.685774|    0.077551|    0.001658|
|         153|   -6.248464|   -5.698554|    0.077560|    0.001657|
|         154|   -6.260982|   -5.711086|    0.077569|    0.001656|
|         155|   -6.273530|   -5.723611|    0.077577|    0.001655|
|         156|   -6.285956|   -5.735983|    0.077584|    0.001655|
|         157|   -6.298225|   -5.748166|    0.077590|    0.001654|
|         158|   -6.310396|   -5.760209|    0.077596|    0.001654|
|         159|   -6.322487|   -5.772131|    0.077601|    0.001653|
|         160|   -6.334502|   -5.783956|    0.077605|    0.001653|
|         161|   -6.346538|   -5.795786|    0.077609|    0.001652|
|         162|   -6.358656|   -5.807684|    0.077612|    0.001652|
|         163|   -6.370900|   -5.819707|    0.077614|    0.001651|
|         164|   -6.383339|   -5.831937|    0.077616|    0.001651|
|         165|   -6.395925|   -5.844313|    0.077618|    0.001651|
|         166|   -6.408632|   -5.856826|    0.077619|    0.001650|
|         167|   -6.421561|   -5.869602|    0.077620|    0.001650|
|         168|   -6.434651|   -5.882559|    0.077620|    0.001650|
|         169|   -6.447864|   -5.895659|    0.077621|    0.001649|
|         170|   -6.461355|   -5.909080|    0.077621|    0.001649|
|         171|   -6.475218|   -5.922902|    0.077621|    0.001649|
|         172|   -6.489425|   -5.937103|    0.077620|    0.001649|
|         173|   -6.503901|   -5.951607|    0.077620|    0.001648|
|         174|   -6.518616|   -5.966383|    0.077620|    0.001648|
|         175|   -6.533572|   -5.981423|    0.077620|    0.001648|
|         176|   -6.548729|   -5.996682|    0.077620|    0.001648|
|         177|   -6.564052|   -6.012125|    0.077620|    0.001648|
|         178|   -6.579502|   -6.027711|    0.077620|    0.001647|
|         179|   -6.594988|   -6.043344|    0.077620|    0.001647|
|         180|   -6.610474|   -6.058995|    0.077621|    0.001647|
|         181|   -6.625958|   -6.074655|    0.077621|    0.001647|
|         182|   -6.641386|   -6.090262|    0.077621|    0.001647|
|         183|   -6.656683|   -6.105741|    0.077622|    0.001647|
|         184|   -6.671786|   -6.121027|    0.077623|    0.001647|
|         185|   -6.686677|   -6.136099|    0.077624|    0.001647|
|         186|   -6.701277|   -6.150873|    0.077625|    0.001647|
|         187|   -6.715547|   -6.165304|    0.077626|    0.001647|
|         188|   -6.729453|   -6.179350|    0.077627|    0.001647|
|         189|   -6.742970|   -6.192980|    0.077628|    0.001647|
|         190|   -6.756067|   -6.206170|    0.077629|    0.001647|
|         191|   -6.768705|   -6.218865|    0.077631|    0.001647|
|         192|   -6.780981|   -6.231161|    0.077632|    0.001647|
|         193|   -6.792965|   -6.243139|    0.077633|    0.001647|
|         194|   -6.804646|   -6.254791|    0.077635|    0.001648|
|         195|   -6.816087|   -6.266182|    0.077636|    0.001648|
|         196|   -6.827348|   -6.277375|    0.077638|    0.001648|
|         197|   -6.838404|   -6.288342|    0.077639|    0.001648|
|         198|   -6.849376|   -6.299209|    0.077641|    0.001648|
|         199|   -6.860310|   -6.310011|    0.077642|    0.001648|
|         200|   -6.871213|   -6.320757|    0.077644|    0.001648|
|         201|   -6.882153|   -6.331533|    0.077645|    0.001648|
|         202|   -6.893161|   -6.342373|    0.077647|    0.001648|
|         203|   -6.904256|   -6.353293|    0.077648|    0.001648|
|         204|   -6.915475|   -6.364328|    0.077650|    0.001648|
|         205|   -6.926863|   -6.375531|    0.077652|    0.001649|
|         206|   -6.938443|   -6.386926|    0.077653|    0.001649|
|         207|   -6.950245|   -6.398547|    0.077655|    0.001649|
|         208|   -6.962298|   -6.410421|    0.077656|    0.001649|
|         209|   -6.974624|   -6.422575|    0.077658|    0.001649|
|         210|   -6.987239|   -6.435027|    0.077660|    0.001649|
|         211|   -7.000144|   -6.447779|    0.077661|    0.001649|
|         212|   -7.013351|   -6.460843|    0.077663|    0.001649|
|         213|   -7.026861|   -6.474224|    0.077664|    0.001649|
|         214|   -7.040686|   -6.487933|    0.077666|    0.001649|
|         215|   -7.054829|   -6.501975|    0.077668|    0.001649|
|         216|   -7.069280|   -6.516344|    0.077669|    0.001649|
|         217|   -7.084063|   -6.531062|    0.077671|    0.001649|
|         218|   -7.099169|   -6.546102|    0.077672|    0.001649|
|         219|   -7.114579|   -6.561459|    0.077674|    0.001649|
|         220|   -7.130274|   -6.577123|    0.077675|    0.001649|
|         221|   -7.146230|   -6.593067|    0.077677|    0.001649|
|         222|   -7.162420|   -6.609262|    0.077679|    0.001649|
|         223|   -7.178822|   -6.625687|    0.077680|    0.001649|
|         224|   -7.195432|   -6.642341|    0.077681|    0.001649|
|         225|   -7.212217|   -6.659187|    0.077683|    0.001649|
|         226|   -7.229156|   -6.676203|    0.077684|    0.001649|
|         227|   -7.246226|   -6.693367|    0.077686|    0.001649|
|         228|   -7.263385|   -6.710635|    0.077687|    0.001649|
|         229|   -7.280623|   -6.727998|    0.077688|    0.001649|
|         230|   -7.297945|   -6.745453|    0.077690|    0.001649|
|         231|   -7.315306|   -6.762949|    0.077691|    0.001649|
|         232|   -7.332646|   -6.780431|    0.077692|    0.001649|
|         233|   -7.349944|   -6.797877|    0.077693|    0.001649|
|         234|   -7.367212|   -6.815294|    0.077694|    0.001649|
|         235|   -7.384428|   -6.832656|    0.077695|    0.001649|
|         236|   -7.401577|   -6.849950|    0.077696|    0.001649|
|         237|   -7.418628|   -6.867139|    0.077697|    0.001649|
|         238|   -7.435570|   -6.884203|    0.077698|    0.001649|
|         239|   -7.452382|   -6.901119|    0.077699|    0.001649|
|         240|   -7.469045|   -6.917869|    0.077700|    0.001649|
|         241|   -7.485543|   -6.934436|    0.077701|    0.001649|
|         242|   -7.501868|   -6.950811|    0.077702|    0.001649|
|         243|   -7.518015|   -6.966987|    0.077702|    0.001649|
|         244|   -7.533984|   -6.982964|    0.077703|    0.001649|
|         245|   -7.549777|   -6.998743|    0.077704|    0.001649|
|         246|   -7.565400|   -7.014331|    0.077704|    0.001649|
|         247|   -7.580865|   -7.029742|    0.077705|    0.001649|
|         248|   -7.596201|   -7.045007|    0.077706|    0.001649|
|         249|   -7.611411|   -7.060130|    0.077706|    0.001649|
|         250|   -7.626514|   -7.075129|    0.077707|    0.001649|
+-----------------------------------------------------------------------+
|        File Writing Summary       |              Filename             |
+-----------------------------------------------------------------------+
|SU2 binary restart                 |restart_flow.dat                   |
|Paraview                           |flow.vtu                           |
|Paraview surface                   |surface_flow.vtu                   |
|CSV file                           |surface_flow.csv                   |
+-----------------------------------------------------------------------+
+----------------------------------------------------------------+
|  Inner_Iter|    rms[Rho]|   rms[RhoE]|          CL|          CD|
+----------------------------------------------------------------+
|         251|   -7.641531|   -7.090029|    0.077707|    0.001649|
|         252|   -7.656480|   -7.104850|    0.077708|    0.001649|
|         253|   -7.671377|   -7.119612|    0.077708|    0.001649|
|         254|   -7.686241|   -7.134336|    0.077709|    0.001649|
|         255|   -7.701092|   -7.149046|    0.077709|    0.001649|
|         256|   -7.715950|   -7.163763|    0.077710|    0.001649|
|         257|   -7.730829|   -7.178505|    0.077710|    0.001649|
|         258|   -7.745731|   -7.193274|    0.077710|    0.001649|
|         259|   -7.760679|   -7.208100|    0.077711|    0.001649|
|         260|   -7.775682|   -7.222996|    0.077711|    0.001649|
|         261|   -7.790755|   -7.237976|    0.077711|    0.001649|
|         262|   -7.805905|   -7.253048|    0.077712|    0.001649|
|         263|   -7.821134|   -7.268218|    0.077712|    0.001649|
|         264|   -7.836439|   -7.283484|    0.077712|    0.001649|
|         265|   -7.851817|   -7.298844|    0.077713|    0.001649|
|         266|   -7.867257|   -7.314290|    0.077713|    0.001649|
|         267|   -7.882750|   -7.329812|    0.077713|    0.001649|
|         268|   -7.898280|   -7.345394|    0.077713|    0.001649|
|         269|   -7.913828|   -7.361017|    0.077713|    0.001649|
|         270|   -7.929372|   -7.376660|    0.077713|    0.001649|
|         271|   -7.944886|   -7.392295|    0.077714|    0.001649|
|         272|   -7.960339|   -7.407889|    0.077714|    0.001649|
|         273|   -7.975699|   -7.423410|    0.077714|    0.001649|
|         274|   -7.990934|   -7.438821|    0.077714|    0.001649|
|         275|   -8.006012|   -7.454088|    0.077714|    0.001649|
|         276|   -8.020895|   -7.469171|    0.077714|    0.001649|
|         277|   -8.035550|   -7.484033|    0.077714|    0.001649|
|         278|   -8.049944|   -7.498637|    0.077714|    0.001649|
|         279|   -8.064050|   -7.512951|    0.077714|    0.001649|
|         280|   -8.077839|   -7.526942|    0.077714|    0.001649|
|         281|   -8.091282|   -7.540575|    0.077715|    0.001649|
|         282|   -8.104380|   -7.553849|    0.077715|    0.001649|
|         283|   -8.117110|   -7.566740|    0.077715|    0.001649|
|         284|   -8.129469|   -7.579236|    0.077715|    0.001649|
|         285|   -8.141465|   -7.591343|    0.077715|    0.001649|
|         286|   -8.153114|   -7.603076|    0.077715|    0.001649|
|         287|   -8.164433|   -7.614452|    0.077715|    0.001649|
|         288|   -8.175444|   -7.625491|    0.077715|    0.001649|
|         289|   -8.186179|   -7.636224|    0.077715|    0.001649|
|         290|   -8.196672|   -7.646686|    0.077715|    0.001649|
|         291|   -8.206956|   -7.656914|    0.077715|    0.001649|
|         292|   -8.217070|   -7.666947|    0.077715|    0.001649|
|         293|   -8.227061|   -7.676834|    0.077715|    0.001649|
|         294|   -8.236975|   -7.686625|    0.077715|    0.001649|
|         295|   -8.246859|   -7.696367|    0.077715|    0.001649|
|         296|   -8.256755|   -7.706107|    0.077715|    0.001649|
|         297|   -8.266705|   -7.715891|    0.077715|    0.001649|
|         298|   -8.276752|   -7.725762|    0.077715|    0.001649|
|         299|   -8.286932|   -7.735762|    0.077715|    0.001649|
|         300|   -8.297286|   -7.745932|    0.077715|    0.001649|
|         301|   -8.307851|   -7.756313|    0.077715|    0.001649|
|         302|   -8.318658|   -7.766938|    0.077715|    0.001649|
|         303|   -8.329737|   -7.777837|    0.077715|    0.001649|
|         304|   -8.341109|   -7.789034|    0.077715|    0.001649|
|         305|   -8.352795|   -7.800553|    0.077715|    0.001649|
|         306|   -8.364815|   -7.812415|    0.077715|    0.001649|
|         307|   -8.377184|   -7.824636|    0.077715|    0.001649|
|         308|   -8.389917|   -7.837231|    0.077715|    0.001649|
|         309|   -8.403016|   -7.850205|    0.077715|    0.001649|
|         310|   -8.416494|   -7.863572|    0.077715|    0.001649|
|         311|   -8.430356|   -7.877336|    0.077715|    0.001649|
|         312|   -8.444604|   -7.891502|    0.077715|    0.001649|
|         313|   -8.459236|   -7.906068|    0.077715|    0.001649|
|         314|   -8.474249|   -7.921031|    0.077715|    0.001649|
|         315|   -8.489633|   -7.936383|    0.077715|    0.001649|
|         316|   -8.505378|   -7.952113|    0.077715|    0.001649|
|         317|   -8.521468|   -7.968206|    0.077715|    0.001649|
|         318|   -8.537884|   -7.984643|    0.077715|    0.001649|
|         319|   -8.554603|   -8.001403|    0.077715|    0.001649|
|         320|   -8.571599|   -8.018459|    0.077715|    0.001649|
|         321|   -8.588842|   -8.035780|    0.077715|    0.001649|
|         322|   -8.606297|   -8.053332|    0.077715|    0.001649|
|         323|   -8.623924|   -8.071075|    0.077716|    0.001649|
|         324|   -8.641677|   -8.088961|    0.077716|    0.001649|
|         325|   -8.659512|   -8.106946|    0.077716|    0.001649|
|         326|   -8.677379|   -8.124978|    0.077716|    0.001649|
|         327|   -8.695223|   -8.143002|    0.077716|    0.001649|
|         328|   -8.712985|   -8.160954|    0.077716|    0.001649|
|         329|   -8.730608|   -8.178775|    0.077716|    0.001649|
|         330|   -8.748033|   -8.196403|    0.077716|    0.001649|
|         331|   -8.765202|   -8.213778|    0.077716|    0.001649|
|         332|   -8.782061|   -8.230838|    0.077716|    0.001649|
|         333|   -8.798558|   -8.247530|    0.077716|    0.001649|
|         334|   -8.814649|   -8.263804|    0.077716|    0.001649|
|         335|   -8.830296|   -8.279618|    0.077716|    0.001649|
|         336|   -8.845472|   -8.294942|    0.077716|    0.001649|
|         337|   -8.860159|   -8.309755|    0.077716|    0.001649|
|         338|   -8.874352|   -8.324047|    0.077716|    0.001649|
|         339|   -8.888057|   -8.337823|    0.077716|    0.001649|
|         340|   -8.901288|   -8.351097|    0.077716|    0.001649|
|         341|   -8.914072|   -8.363895|    0.077716|    0.001649|
|         342|   -8.926445|   -8.376253|    0.077716|    0.001649|
|         343|   -8.938449|   -8.388215|    0.077716|    0.001649|
|         344|   -8.950134|   -8.399831|    0.077716|    0.001649|
|         345|   -8.961554|   -8.411160|    0.077716|    0.001649|
|         346|   -8.972766|   -8.422259|    0.077716|    0.001649|
|         347|   -8.983828|   -8.433191|    0.077716|    0.001649|
|         348|   -8.994798|   -8.444018|    0.077716|    0.001649|
|         349|   -9.005733|   -8.454799|    0.077716|    0.001649|
|         350|   -9.016689|   -8.465594|    0.077716|    0.001649|
|         351|   -9.027715|   -8.476456|    0.077716|    0.001649|
|         352|   -9.038860|   -8.487436|    0.077716|    0.001649|
|         353|   -9.050167|   -8.498580|    0.077716|    0.001649|
|         354|   -9.061674|   -8.509929|    0.077716|    0.001649|
|         355|   -9.073414|   -8.521519|    0.077716|    0.001649|
|         356|   -9.085415|   -8.533380|    0.077716|    0.001649|
|         357|   -9.097700|   -8.545537|    0.077716|    0.001649|
|         358|   -9.110287|   -8.558009|    0.077716|    0.001649|
|         359|   -9.123190|   -8.570812|    0.077716|    0.001649|
|         360|   -9.136415|   -8.583954|    0.077716|    0.001649|
|         361|   -9.149965|   -8.597438|    0.077716|    0.001649|
|         362|   -9.163837|   -8.611264|    0.077716|    0.001649|
|         363|   -9.178025|   -8.625425|    0.077716|    0.001649|
|         364|   -9.192516|   -8.639908|    0.077716|    0.001649|
|         365|   -9.207291|   -8.654698|    0.077716|    0.001649|
|         366|   -9.222329|   -8.669771|    0.077716|    0.001649|
|         367|   -9.237602|   -8.685101|    0.077716|    0.001649|
|         368|   -9.253077|   -8.700654|    0.077716|    0.001649|
|         369|   -9.268717|   -8.716393|    0.077716|    0.001649|
|         370|   -9.284481|   -8.732277|    0.077716|    0.001649|
|         371|   -9.300323|   -8.748256|    0.077716|    0.001649|
|         372|   -9.316192|   -8.764282|    0.077716|    0.001649|
|         373|   -9.332036|   -8.780298|    0.077716|    0.001649|
|         374|   -9.347801|   -8.796248|    0.077716|    0.001649|
|         375|   -9.363431|   -8.812073|    0.077716|    0.001649|
|         376|   -9.378869|   -8.827714|    0.077716|    0.001649|
|         377|   -9.394062|   -8.843112|    0.077716|    0.001649|
|         378|   -9.408959|   -8.858212|    0.077716|    0.001649|
|         379|   -9.423513|   -8.872963|    0.077716|    0.001649|
|         380|   -9.437685|   -8.887321|    0.077716|    0.001649|
|         381|   -9.451442|   -8.901250|    0.077716|    0.001649|
|         382|   -9.464763|   -8.914722|    0.077716|    0.001649|
|         383|   -9.477636|   -8.927722|    0.077716|    0.001649|
|         384|   -9.490058|   -8.940246|    0.077716|    0.001649|
|         385|   -9.502040|   -8.952300|    0.077716|    0.001649|
|         386|   -9.513600|   -8.963903|    0.077716|    0.001649|
|         387|   -9.524769|   -8.975084|    0.077716|    0.001649|
|         388|   -9.535584|   -8.985880|    0.077716|    0.001649|
|         389|   -9.546088|   -8.996337|    0.077716|    0.001649|
|         390|   -9.556332|   -9.006506|    0.077716|    0.001649|
|         391|   -9.566369|   -9.016443|    0.077716|    0.001649|
|         392|   -9.576255|   -9.026206|    0.077716|    0.001649|
|         393|   -9.586046|   -9.035856|    0.077716|    0.001649|
|         394|   -9.595799|   -9.045452|    0.077716|    0.001649|
|         395|   -9.605567|   -9.055051|    0.077716|    0.001649|
|         396|   -9.615405|   -9.064710|    0.077716|    0.001649|
|         397|   -9.625359|   -9.074480|    0.077716|    0.001649|
|         398|   -9.635476|   -9.084411|    0.077716|    0.001649|
|         399|   -9.645796|   -9.094545|    0.077716|    0.001649|
|         400|   -9.656357|   -9.104923|    0.077716|    0.001649|
|         401|   -9.667192|   -9.115580|    0.077716|    0.001649|
|         402|   -9.678327|   -9.126545|    0.077716|    0.001649|
|         403|   -9.689786|   -9.137844|    0.077716|    0.001649|
|         404|   -9.701588|   -9.149498|    0.077716|    0.001649|
|         405|   -9.713748|   -9.161523|    0.077716|    0.001649|
|         406|   -9.726275|   -9.173930|    0.077716|    0.001649|
|         407|   -9.739176|   -9.186726|    0.077716|    0.001649|
|         408|   -9.752452|   -9.199914|    0.077716|    0.001649|
|         409|   -9.766100|   -9.213492|    0.077716|    0.001649|
|         410|   -9.780113|   -9.227455|    0.077716|    0.001649|
|         411|   -9.794480|   -9.241790|    0.077716|    0.001649|
|         412|   -9.809186|   -9.256485|    0.077716|    0.001649|
|         413|   -9.824210|   -9.271518|    0.077716|    0.001649|
|         414|   -9.839528|   -9.286867|    0.077716|    0.001649|
|         415|   -9.855111|   -9.302503|    0.077716|    0.001649|
|         416|   -9.870927|   -9.318392|    0.077716|    0.001649|
|         417|   -9.886938|   -9.334496|    0.077716|    0.001649|
|         418|   -9.903103|   -9.350775|    0.077716|    0.001649|
|         419|   -9.919377|   -9.367181|    0.077716|    0.001649|
|         420|   -9.935710|   -9.383665|    0.077716|    0.001649|
|         421|   -9.952051|   -9.400173|    0.077716|    0.001649|
|         422|   -9.968346|   -9.416648|    0.077716|    0.001649|
|         423|   -9.984540|   -9.433032|    0.077716|    0.001649|
|         424|  -10.000577|   -9.449267|    0.077716|    0.001649|
|         425|  -10.016402|   -9.465295|    0.077716|    0.001649|
|         426|  -10.031963|   -9.481057|    0.077716|    0.001649|
|         427|  -10.047213|   -9.496503|    0.077716|    0.001649|
|         428|  -10.062108|   -9.511585|    0.077716|    0.001649|
|         429|  -10.076612|   -9.526263|    0.077716|    0.001649|
|         430|  -10.090701|   -9.540506|    0.077716|    0.001649|
|         431|  -10.104355|   -9.554292|    0.077716|    0.001649|
|         432|  -10.117567|   -9.567612|    0.077716|    0.001649|
|         433|  -10.130342|   -9.580467|    0.077716|    0.001649|
|         434|  -10.142693|   -9.592867|    0.077716|    0.001649|
|         435|  -10.154644|   -9.604838|    0.077716|    0.001649|
|         436|  -10.166225|   -9.616409|    0.077716|    0.001649|
|         437|  -10.177478|   -9.627622|    0.077716|    0.001649|
|         438|  -10.188446|   -9.638523|    0.077716|    0.001649|
|         439|  -10.199180|   -9.649165|    0.077716|    0.001649|
|         440|  -10.209733|   -9.659602|    0.077716|    0.001649|
|         441|  -10.220160|   -9.669893|    0.077716|    0.001649|
|         442|  -10.230514|   -9.680095|    0.077716|    0.001649|
|         443|  -10.240850|   -9.690267|    0.077716|    0.001649|
|         444|  -10.251220|   -9.700462|    0.077716|    0.001649|
|         445|  -10.261673|   -9.710734|    0.077716|    0.001649|
|         446|  -10.272256|   -9.721133|    0.077716|    0.001649|
|         447|  -10.283010|   -9.731703|    0.077716|    0.001649|
|         448|  -10.293974|   -9.742486|    0.077716|    0.001649|
|         449|  -10.305181|   -9.753517|    0.077716|    0.001649|
|         450|  -10.316661|   -9.764830|    0.077716|    0.001649|
|         451|  -10.328439|   -9.776450|    0.077716|    0.001649|
|         452|  -10.340535|   -9.788400|    0.077716|    0.001649|
|         453|  -10.352965|   -9.800697|    0.077716|    0.001649|
|         454|  -10.365741|   -9.813355|    0.077716|    0.001649|
|         455|  -10.378870|   -9.826382|    0.077716|    0.001649|
|         456|  -10.392354|   -9.839782|    0.077716|    0.001649|
|         457|  -10.406192|   -9.853554|    0.077716|    0.001649|
|         458|  -10.420378|   -9.867694|    0.077716|    0.001649|
|         459|  -10.434902|   -9.882191|    0.077716|    0.001649|
|         460|  -10.449750|   -9.897032|    0.077716|    0.001649|
|         461|  -10.464901|   -9.912198|    0.077716|    0.001649|
|         462|  -10.480333|   -9.927666|    0.077716|    0.001649|
|         463|  -10.496019|   -9.943408|    0.077716|    0.001649|
|         464|  -10.511925|   -9.959393|    0.077716|    0.001649|
|         465|  -10.528016|   -9.975582|    0.077716|    0.001649|
|         466|  -10.544250|   -9.991935|    0.077716|    0.001649|
|         467|  -10.560584|  -10.008406|    0.077716|    0.001649|
|         468|  -10.576969|  -10.024946|    0.077716|    0.001649|
|         469|  -10.593356|  -10.041502|    0.077716|    0.001649|
|         470|  -10.609689|  -10.058019|    0.077716|    0.001649|
|         471|  -10.625916|  -10.074439|    0.077716|    0.001649|
|         472|  -10.641982|  -10.090704|    0.077716|    0.001649|
|         473|  -10.657833|  -10.106757|    0.077716|    0.001649|
|         474|  -10.673417|  -10.122543|    0.077716|    0.001649|
|         475|  -10.688687|  -10.138009|    0.077716|    0.001649|
|         476|  -10.703602|  -10.153109|    0.077716|    0.001649|
|         477|  -10.718127|  -10.167804|    0.077716|    0.001649|
|         478|  -10.732236|  -10.182064|    0.077716|    0.001649|
|         479|  -10.745910|  -10.195868|    0.077716|    0.001649|
|         480|  -10.759144|  -10.209205|    0.077716|    0.001649|
|         481|  -10.771941|  -10.222077|    0.077716|    0.001649|
|         482|  -10.784315|  -10.234496|    0.077716|    0.001649|
|         483|  -10.796287|  -10.246484|    0.077716|    0.001649|
|         484|  -10.807889|  -10.258073|    0.077716|    0.001649|
|         485|  -10.819160|  -10.269301|    0.077716|    0.001649|
|         486|  -10.830145|  -10.280216|    0.077716|    0.001649|
|         487|  -10.840892|  -10.290868|    0.077716|    0.001649|
|         488|  -10.851452|  -10.301312|    0.077716|    0.001649|
|         489|  -10.861881|  -10.311605|    0.077716|    0.001649|
|         490|  -10.872231|  -10.321803|    0.077716|    0.001649|
|         491|  -10.882556|  -10.331964|    0.077716|    0.001649|
|         492|  -10.892907|  -10.342143|    0.077716|    0.001649|
|         493|  -10.903334|  -10.352391|    0.077716|    0.001649|
|         494|  -10.913881|  -10.362758|    0.077716|    0.001649|
|         495|  -10.924591|  -10.373289|    0.077716|    0.001649|
|         496|  -10.935503|  -10.384023|    0.077716|    0.001649|
|         497|  -10.946648|  -10.394999|    0.077716|    0.001649|
|         498|  -10.958058|  -10.406246|    0.077716|    0.001649|
|         499|  -10.969756|  -10.417793|    0.077716|    0.001649|
|         500|  -10.981765|  -10.429661|    0.077716|    0.001649|
+-----------------------------------------------------------------------+
|        File Writing Summary       |              Filename             |
+-----------------------------------------------------------------------+
|SU2 binary restart                 |restart_flow.dat                   |
|Paraview                           |flow.vtu                           |
|Paraview surface                   |surface_flow.vtu                   |
|CSV file                           |surface_flow.csv                   |
+-----------------------------------------------------------------------+
+----------------------------------------------------------------+
|  Inner_Iter|    rms[Rho]|   rms[RhoE]|          CL|          CD|
+----------------------------------------------------------------+
|         501|  -10.994099|  -10.441868|    0.077716|    0.001649|
|         502|  -11.006771|  -10.454429|    0.077716|    0.001649|
|         503|  -11.019788|  -10.467350|    0.077716|    0.001649|
|         504|  -11.033154|  -10.480638|    0.077716|    0.001649|
|         505|  -11.046868|  -10.494291|    0.077716|    0.001649|
|         506|  -11.060925|  -10.508306|    0.077716|    0.001649|
|         507|  -11.075316|  -10.522674|    0.077716|    0.001649|
|         508|  -11.090027|  -10.537381|    0.077716|    0.001649|
|         509|  -11.105040|  -10.552412|    0.077716|    0.001649|
|         510|  -11.120334|  -10.567742|    0.077716|    0.001649|
|         511|  -11.135883|  -10.583348|    0.077716|    0.001649|
|         512|  -11.151655|  -10.599197|    0.077716|    0.001649|
|         513|  -11.167617|  -10.615254|    0.077716|    0.001649|
|         514|  -11.183730|  -10.631482|    0.077716|    0.001649|
|         515|  -11.199953|  -10.647836|    0.077716|    0.001649|
|         516|  -11.216239|  -10.664269|    0.077716|    0.001649|
|         517|  -11.232540|  -10.680731|    0.077716|    0.001649|
|         518|  -11.248805|  -10.697170|    0.077716|    0.001649|
|         519|  -11.264983|  -10.713529|    0.077716|    0.001649|
|         520|  -11.281020|  -10.729754|    0.077716|    0.001649|
|         521|  -11.296865|  -10.745788|    0.077716|    0.001649|
|         522|  -11.312467|  -10.761578|    0.077716|    0.001649|
|         523|  -11.327781|  -10.777073|    0.077716|    0.001649|
|         524|  -11.342763|  -10.792227|    0.077716|    0.001649|
|         525|  -11.357378|  -10.807000|    0.077716|    0.001649|
|         526|  -11.371600|  -10.821361|    0.077716|    0.001649|
|         527|  -11.385408|  -10.835287|    0.077716|    0.001649|
|         528|  -11.398794|  -10.848766|    0.077716|    0.001649|
|         529|  -11.411756|  -10.861796|    0.077716|    0.001649|
|         530|  -11.424306|  -10.874386|    0.077716|    0.001649|
|         531|  -11.436461|  -10.886553|    0.077716|    0.001649|
|         532|  -11.448250|  -10.898325|    0.077716|    0.001649|
|         533|  -11.459706|  -10.909737|    0.077716|    0.001649|
|         534|  -11.470871|  -10.920833|    0.077716|    0.001649|
|         535|  -11.481790|  -10.931659|    0.077716|    0.001649|
|         536|  -11.492512|  -10.942267|    0.077716|    0.001649|
|         537|  -11.503088|  -10.952712|    0.077716|    0.001649|
|         538|  -11.513571|  -10.963047|    0.077716|    0.001649|
|         539|  -11.524011|  -10.973329|    0.077716|    0.001649|
|         540|  -11.534460|  -10.983611|    0.077716|    0.001649|
|         541|  -11.544966|  -10.993945|    0.077716|    0.001649|
|         542|  -11.555575|  -11.004379|    0.077716|    0.001649|
|         543|  -11.566329|  -11.014959|    0.077716|    0.001649|
|         544|  -11.577265|  -11.025725|    0.077716|    0.001649|
|         545|  -11.588420|  -11.036715|    0.077716|    0.001649|
|         546|  -11.599823|  -11.047961|    0.077716|    0.001649|
|         547|  -11.611502|  -11.059492|    0.077716|    0.001649|
|         548|  -11.623477|  -11.071332|    0.077716|    0.001649|
|         549|  -11.635766|  -11.083499|    0.077716|    0.001649|
|         550|  -11.648384|  -11.096008|    0.077716|    0.001649|
|         551|  -11.661339|  -11.108870|    0.077716|    0.001649|
|         552|  -11.674637|  -11.122092|    0.077716|    0.001649|
|         553|  -11.688279|  -11.135674|    0.077716|    0.001649|
|         554|  -11.702262|  -11.149616|    0.077716|    0.001649|
|         555|  -11.716578|  -11.163909|    0.077716|    0.001649|
|         556|  -11.731217|  -11.178543|    0.077716|    0.001649|
|         557|  -11.746162|  -11.193504|    0.077716|    0.001649|
|         558|  -11.761395|  -11.208771|    0.077716|    0.001649|
|         559|  -11.776891|  -11.224321|    0.077716|    0.001649|
|         560|  -11.792622|  -11.240125|    0.077716|    0.001649|
|         561|  -11.808557|  -11.256151|    0.077716|    0.001649|
|         562|  -11.824660|  -11.272362|    0.077716|    0.001649|
|         563|  -11.840889|  -11.288718|    0.077716|    0.001649|
|         564|  -11.857203|  -11.305173|    0.077716|    0.001649|
|         565|  -11.873555|  -11.321679|    0.077716|    0.001649|
|         566|  -11.889895|  -11.338185|    0.077716|    0.001649|
|         567|  -11.906172|  -11.354638|    0.077716|    0.001649|
|         568|  -11.922335|  -11.370983|    0.077716|    0.001649|
|         569|  -11.938331|  -11.387164|    0.077716|    0.001649|
|         570|  -11.954110|  -11.403127|    0.077716|    0.001649|
|         571|  -11.969624|  -11.418820|    0.077716|    0.001649|
|         572|  -11.984829|  -11.434196|    0.077716|    0.001649|
|         573|  -11.999686|  -11.449210|    0.077716|    0.001649|
|         574|  -12.014165|  -11.463830|    0.077716|    0.001649|
|         575|  -12.028242|  -11.478029|    0.077716|    0.001649|
|         576|  -12.041903|  -11.491788|    0.077716|    0.001649|
|         577|  -12.055144|  -11.505101|    0.077716|    0.001649|
|         578|  -12.067969|  -11.517973|    0.077716|    0.001649|
|         579|  -12.080394|  -11.530416|    0.077716|    0.001649|
|         580|  -12.092440|  -11.542453|    0.077716|    0.001649|
|         581|  -12.104138|  -11.554116|    0.077716|    0.001649|
|         582|  -12.115527|  -11.565444|    0.077716|    0.001649|
|         583|  -12.126650|  -11.576481|    0.077716|    0.001649|
|         584|  -12.137553|  -11.587277|    0.077716|    0.001649|
|         585|  -12.148286|  -11.597885|    0.077716|    0.001649|
|         586|  -12.158901|  -11.608359|    0.077716|    0.001649|
|         587|  -12.169450|  -11.618754|    0.077716|    0.001649|
|         588|  -12.179983|  -11.629125|    0.077716|    0.001649|
|         589|  -12.190550|  -11.639523|    0.077716|    0.001649|
|         590|  -12.201199|  -11.650000|    0.077716|    0.001649|
|         591|  -12.211972|  -11.660601|    0.077716|    0.001649|
|         592|  -12.222910|  -11.671369|    0.077716|    0.001649|
|         593|  -12.234049|  -11.682344|    0.077716|    0.001649|
|         594|  -12.245423|  -11.693560|    0.077716|    0.001649|
|         595|  -12.257060|  -11.705048|    0.077716|    0.001649|
|         596|  -12.268982|  -11.716833|    0.077716|    0.001649|
|         597|  -12.281211|  -11.728937|    0.077716|    0.001649|
|         598|  -12.293762|  -11.741377|    0.077716|    0.001649|
|         599|  -12.306646|  -11.754165|    0.077716|    0.001649|
|         600|  -12.319869|  -11.767308|    0.077716|    0.001649|
|         601|  -12.333436|  -11.780812|    0.077716|    0.001649|
|         602|  -12.347344|  -11.794675|    0.077716|    0.001649|
|         603|  -12.361589|  -11.808893|    0.077716|    0.001649|
|         604|  -12.376161|  -11.823457|    0.077716|    0.001649|
|         605|  -12.391045|  -11.838351|    0.077716|    0.001649|
|         606|  -12.406224|  -11.853560|    0.077716|    0.001649|
|         607|  -12.421675|  -11.869061|    0.077716|    0.001649|
|         608|  -12.437372|  -11.884826|    0.077716|    0.001649|
|         609|  -12.453284|  -11.900825|    0.077716|    0.001649|
|         610|  -12.469375|  -11.917022|    0.077716|    0.001649|
|         611|  -12.485608|  -11.933377|    0.077716|    0.001649|
|         612|  -12.501938|  -11.949846|    0.077716|    0.001649|
|         613|  -12.518321|  -11.966382|    0.077716|    0.001649|
|         614|  -12.534706|  -11.982934|    0.077716|    0.001649|
|         615|  -12.551043|  -11.999447|    0.077716|    0.001649|
|         616|  -12.567281|  -12.015868|    0.077716|    0.001649|
|         617|  -12.583364|  -12.032138|    0.077716|    0.001649|
|         618|  -12.599241|  -12.048204|    0.077716|    0.001649|
|         619|  -12.614863|  -12.064010|    0.077716|    0.001649|
|         620|  -12.630183|  -12.079508|    0.077716|    0.001649|
|         621|  -12.645160|  -12.094649|    0.077716|    0.001649|
|         622|  -12.659761|  -12.109400|    0.077716|    0.001649|
|         623|  -12.673958|  -12.123728|    0.077716|    0.001649|
|         624|  -12.687733|  -12.137611|    0.077716|    0.001649|
|         625|  -12.701081|  -12.151043|    0.077716|    0.001649|
|         626|  -12.714002|  -12.164021|    0.077716|    0.001649|
|         627|  -12.726508|  -12.176557|    0.077716|    0.001649|
|         628|  -12.738622|  -12.188672|    0.077716|    0.001649|
|         629|  -12.750371|  -12.200395|    0.077716|    0.001649|
|         630|  -12.761790|  -12.211762|    0.077716|    0.001649|
|         631|  -12.772924|  -12.222818|    0.077716|    0.001649|
|         632|  -12.783819|  -12.233614|    0.077716|    0.001649|
|         633|  -12.794525|  -12.244200|    0.077716|    0.001649|
|         634|  -12.805094|  -12.254633|    0.077716|    0.001649|
|         635|  -12.815578|  -12.264967|    0.077716|    0.001649|
|         636|  -12.826031|  -12.275260|    0.077716|    0.001649|
|         637|  -12.836500|  -12.285561|    0.077716|    0.001649|
|         638|  -12.847038|  -12.295928|    0.077716|    0.001649|
|         639|  -12.857686|  -12.306403|    0.077716|    0.001649|
|         640|  -12.868489|  -12.317036|    0.077716|    0.001649|
|         641|  -12.879481|  -12.327862|    0.077716|    0.001649|
|         642|  -12.890702|  -12.338922|    0.077716|    0.001649|
|         643|  -12.902176|  -12.350245|    0.077716|    0.001649|
|         644|  -12.913931|  -12.361861|    0.077716|    0.001649|
|         645|  -12.925986|  -12.373788|    0.077716|    0.001649|
|         646|  -12.938361|  -12.386048|    0.077716|    0.001649|
|         647|  -12.951065|  -12.398652|    0.077716|    0.001649|
|         648|  -12.964108|  -12.411611|    0.077716|    0.001649|
|         649|  -12.977492|  -12.424928|    0.077716|    0.001649|
|         650|  -12.991219|  -12.438605|    0.077716|    0.001649|
|         651|  -13.005285|  -12.452639|    0.077716|    0.001649|

----------------------------- Solver Exit -------------------------------
All convergence criteria satisfied.
+-----------------------------------------------------------------------+
|      Convergence Field     |     Value    |   Criterion  |  Converged |
+-----------------------------------------------------------------------+
|                    rms[Rho]|      -13.0053|         < -13|         Yes|
+-----------------------------------------------------------------------+
-------------------------------------------------------------------------
+-----------------------------------------------------------------------+
|        File Writing Summary       |              Filename             |
+-----------------------------------------------------------------------+
|SU2 binary restart                 |restart_flow.dat                   |
|Paraview                           |flow.vtu                           |
|Paraview surface                   |surface_flow.vtu                   |
|CSV file                           |surface_flow.csv                   |
+-----------------------------------------------------------------------+

--------------------------- Finalizing Solver ---------------------------
Deleted CNumerics container.
Deleted CIntegration container.
Deleted CSolver container.
Deleted CIteration container.
Deleted CInterface container.
Deleted CGeometry container.
Deleted CFreeFormDefBox class.
Deleted CSurfaceMovement class.
Deleted CVolumetricMovement class.
Deleted CConfig container.
Deleted nInst container.
Deleted COutput class.
-------------------------------------------------------------------------

------------------------- Exit Success (SU2_CFD) ------------------------

