
-------------------------------------------------------------------------
|    ___ _   _ ___                                                      |
|   / __| | | |_  )   Release 8.3.0 "Harrier"                           |
|   \__ \ |_| |/ /                                                      |
|   |___/\___//___|   Suite (Computational Fluid Dynamics Code)         |
|                                                                       |
-------------------------------------------------------------------------
| SU2 Project Website: https://su2code.github.io                        |
|                                                                       |
| The SU2 Project is maintained by the SU2 Foundation                   |
| (http://su2foundation.org)                                            |
-------------------------------------------------------------------------
| Copyright 2012-2025, SU2 Contributors                                 |
|                                                                       |
| SU2 is free software; you can redistribute it and/or                  |
| modify it under the terms of the GNU Lesser General Public            |
| License as published by the Free Software Foundation; either          |
| version 2.1 of the License, or (at your option) any later version.    |
|                                                                       |
| SU2 is distributed in the hope that it will be useful,                |
| but WITHOUT ANY WARRANTY; without even the implied warranty of        |
| MERCHANTABILITY or FITNESS FOR A PARTICULAR PURPOSE. See the GNU      |
| Lesser General Public License for more details.                       |
|                                                                       |
| You should have received a copy of the GNU Lesser General Public      |
| License along with SU2. If not, see <http://www.gnu.org/licenses/>.   |
-------------------------------------------------------------------------

Parsing config file for zone 0

----------------- Physical Case Definition ( Zone 0 ) -------------------
Compressible Euler equations.
Mach number: 0.8.
Angle of attack (AoA): 1.25 deg, and angle of sideslip (AoS): 0 deg.
No restart solution, use the values at infinity (freestream).
Non-Dimensional simulation (P=1.0, Rho=1.0, T=1.0 at the farfield).
The reference area is 1 m^2.
The semi-span will be computed using the max y(3D) value.
The reference length is 1 m.
Reference origin for moment evaluation is (0.25, 0, 0).
Surface(s) where the force coefficients are evaluated: airfoil.

Surface(s) plotted in the output file: airfoil.
Surface(s) affected by the design variables: airfoil.
Input mesh file name: mesh_NACA0012_inv_deform.su2

--------------- Space Numerical Integration ( Zone 0 ) ------------------
Jameson-Schmidt-Turkel scheme (2nd order in space) for the flow inviscid terms.
JST viscous coefficients (2nd & 4th): 0.5, 0.02.
The method includes a grid stretching correction (p = 0.3).
Gradient for viscous and source terms: Green-Gauss.

--------------- Time Numerical Integration  ( Zone 0 ) ------------------
Local time stepping (steady state simulation).
Euler implicit method for the flow equations.
FGMRES is used for solving the linear system.
Using a LU-SGS preconditioning.
Convergence criteria of the linear solver: 0.0001.
Max number of linear iterations: 2.
V Multigrid Cycle, with 2 multigrid levels.
Damping factor for the residual restriction: 1.
Damping factor for the correction prolongation: 1.
No CFL adaptation.
+-------------------------------------------+
|  MG Level| Presmooth|PostSmooth|CorrectSmo|
+-------------------------------------------+
|         0|         1|         0|         0|
|         1|         2|         0|         0|
|         2|         3|         0|         0|
+-------------------------------------------+
Courant-Friedrichs-Lewy number:       10

------------------ Convergence Criteria  ( Zone 0 ) ---------------------
Maximum number of solver subiterations: 1000.
Begin convergence monitoring at iteration 10.
Residual minimum value: 1e-13.
Cauchy series min. value: 1e-06.
Number of Cauchy elements: 100.
Begin windowed time average at iteration 0.

-------------------- Output Information ( Zone 0 ) ----------------------
File writing frequency: 
+------------------------------------+
|                     File| Frequency|
+------------------------------------+
|                  RESTART|       250|
|                 PARAVIEW|       250|
|         SURFACE_PARAVIEW|       250|
|              SURFACE_CSV|       250|
+------------------------------------+
Writing the convergence history file every 1 inner iterations.
Writing the screen convergence history every 1 inner iterations.
The tabular file format is CSV (.csv).
Convergence history file name: history_direct.
Forces breakdown file name: forces_breakdown.dat.
Surface file name: surface_flow.
Volume file name: flow.
Restart file name: restart_flow.

------------- Config File Boundary Information ( Zone 0 ) ---------------
+-----------------------------------------------------------------------+
|                        Marker Type|                        Marker Name|
+-----------------------------------------------------------------------+
|                         Euler wall|                            airfoil|
+-----------------------------------------------------------------------+
|                          Far-field|                           farfield|
+-----------------------------------------------------------------------+

-------------------- Output Preprocessing ( Zone 0 ) --------------------

WARNING: SURFACE_PRESSURE_DROP can only be computed for at least 2 surfaces (outlet, inlet, ...)

Screen output fields: INNER_ITER, RMS_DENSITY, RMS_ENERGY, LIFT, DRAG
History output group(s): ITER, RMS_RES, AERO_COEFF
Convergence field(s): RMS_DENSITY
Warning: No (valid) fields chosen for time convergence monitoring. Time convergence monitoring inactive.
Volume output fields: COORDINATES, SOLUTION, PRIMITIVE

------------------- Geometry Preprocessing ( Zone 0 ) -------------------
Two dimensional problem.
5233 grid points.
10216 volume elements.
2 surface markers.
200 boundary elements in index 0 (Marker = airfoil).
50 boundary elements in index 1 (Marker = farfield).
10216 triangles.
Setting point connectivity.
Renumbering points (Reverse Cuthill McKee Ordering).
Recomputing point connectivity.
Setting element connectivity.
Checking the numerical grid orientation.
All volume elements are correctly oriented.
All surface elements are correctly oriented.
Identifying edges and vertices.
Setting the control volume structure.
Area of the computational grid: 1253.24.
Searching for the closest normal neighbors to the surfaces.
Storing a mapping from global to local point index.
Compute the surface curvature.
Max K: 7835.1. Mean K: 34.5284. Standard deviation K: 494.426.
Checking for periodicity.
Computing mesh quality statistics for the dual control volumes.
+--------------------------------------------------------------+
|           Mesh Quality Metric|        Minimum|        Maximum|
+--------------------------------------------------------------+
|    Orthogonality Angle (deg.)|        62.5512|        89.5737|
|     CV Face Area Aspect Ratio|        1.00574|        7.19986|
|           CV Sub-Volume Ratio|        1.00236|        6.47749|
+--------------------------------------------------------------+
Setting the multigrid structure.
+-------------------------------------------+
|  MG Level|       CVs|Aggl. Rate|       CFL|
+-------------------------------------------+
|         0|      5233|    1/1.00|        10|
|         1|      1690|     1/3.1|   8.52431|
|         2|       649|     1/2.6|   7.92373|
+-------------------------------------------+
Finding max control volume width.
Wetted area = 2.0487 m.
Area projection in the x-plane = 0.134465 m, y-plane = 0.999845 m.
Max. coordinate in the x-direction = 1 m, y-direction = 0.0729952 m.
Min. coordinate in the x-direction = 0 m, y-direction = -0.0614964 m.
Computing wall distances.

-------------------- Solver Preprocessing ( Zone 0 ) --------------------
Inviscid flow: Computing density based on free-stream
temperature and pressure using the ideal gas law.
Force coefficients computed using free-stream values.

-- Models:
+------------------------------------------------------------------------------+
|          Viscosity Model|        Conductivity Model|              Fluid Model|
+------------------------------------------------------------------------------+
|                        -|                         -|             STANDARD_AIR|
+------------------------------------------------------------------------------+
-- Fluid properties:
+------------------------------------------------------------------------------+
|                  Name|    Dim. value|    Ref. value|      Unit|Non-dim. value|
+------------------------------------------------------------------------------+
|          Gas Constant|       287.058|       287.058|  N.m/kg.K|             1|
|      Spec. Heat Ratio|             -|             -|         -|           1.4|
+------------------------------------------------------------------------------+
-- Initial and free-stream conditions:
+------------------------------------------------------------------------------+
|                  Name|    Dim. value|    Ref. value|      Unit|Non-dim. value|
+------------------------------------------------------------------------------+
|       Static Pressure|        101325|        101325|        Pa|             1|
|               Density|       1.29225|       1.29225|    kg/m^3|             1|
|           Temperature|        273.15|        273.15|         K|             1|
|          Total Energy|        231152|       78409.9|   m^2/s^2|         2.948|
|            Velocity-X|       264.994|       280.018|       m/s|      0.946348|
|            Velocity-Y|       5.78219|       280.018|       m/s|     0.0206494|
|    Velocity Magnitude|       265.057|       280.018|       m/s|      0.946573|
+------------------------------------------------------------------------------+
|           Mach Number|             -|             -|         -|           0.8|
+------------------------------------------------------------------------------+
Initialize Jacobian structure (Euler). MG level: 0.
Initialize Jacobian structure (Euler). MG level: 1.
Initialize Jacobian structure (Euler). MG level: 2.

------------------- Numerics Preprocessing ( Zone 0 ) -------------------

----------------- Integration Preprocessing ( Zone 0 ) ------------------

------------------- Iteration Preprocessing ( Zone 0 ) ------------------
Euler/Navier-Stokes/RANS fluid iteration.

------------------------------ Begin Solver -----------------------------

Simulation Run using the Single-zone Driver
WARNING: SU2 was not compiled for an AVX-capable architecture. Performance could be better,
         see https://su2code.github.io/docs_v7/Build-SU2-Linux-MacOS/#compiler-optimizations
WARNING: SU2 was not compiled for an AVX-capable architecture. Performance could be better,
         see https://su2code.github.io/docs_v7/Build-SU2-Linux-MacOS/#compiler-optimizations
WARNING: SU2 was not compiled for an AVX-capable architecture. Performance could be better,
         see https://su2code.github.io/docs_v7/Build-SU2-Linux-MacOS/#compiler-optimizations
+----------------------------------------------------------------+
|  Inner_Iter|    rms[Rho]|   rms[RhoE]|          CL|          CD|
+----------------------------------------------------------------+
|           0|   -3.527672|   -2.931295|    0.167252|    0.289364|
|           1|   -3.776082|   -3.165522|    0.077027|    0.113342|
|           2|   -3.711396|   -3.113336|    0.094749|    0.087151|
|           3|   -3.659630|   -3.067139|    0.131019|    0.104206|
|           4|   -3.606204|   -3.017125|    0.133929|    0.080477|
|           5|   -3.600319|   -3.015890|    0.137242|    0.068113|
|           6|   -3.595745|   -3.017900|    0.145926|    0.066188|
|           7|   -3.595864|   -3.019440|    0.154625|    0.062914|
|           8|   -3.579485|   -3.002414|    0.161893|    0.058955|
|           9|   -3.594340|   -3.021207|    0.167666|    0.056484|
|          10|   -3.604387|   -3.035011|    0.172976|    0.055129|
|          11|   -3.613143|   -3.045546|    0.178223|    0.053768|
|          12|   -3.619933|   -3.052796|    0.183225|    0.052193|
|          13|   -3.624441|   -3.056131|    0.188016|    0.050656|
|          14|   -3.633836|   -3.063744|    0.192714|    0.049198|
|          15|   -3.645755|   -3.074240|    0.197285|    0.047699|
|          16|   -3.659906|   -3.088212|    0.201700|    0.046055|
|          17|   -3.677270|   -3.106663|    0.205919|    0.044214|
|          18|   -3.697394|   -3.128229|    0.209855|    0.042205|
|          19|   -3.720183|   -3.152131|    0.213384|    0.040116|
|          20|   -3.744783|   -3.177460|    0.216251|    0.038033|
|          21|   -3.768767|   -3.202189|    0.218742|    0.036097|
|          22|   -3.789865|   -3.224375|    0.221091|    0.034415|
|          23|   -3.807592|   -3.243352|    0.223424|    0.033066|
|          24|   -3.822821|   -3.259389|    0.225823|    0.032118|
|          25|   -3.837167|   -3.273561|    0.228149|    0.031593|
|          26|   -3.852572|   -3.287920|    0.230340|    0.031492|
|          27|   -3.867663|   -3.301849|    0.232664|    0.031833|
|          28|   -3.878102|   -3.311941|    0.234443|    0.032470|
|          29|   -3.884621|   -3.319582|    0.235692|    0.033332|
|          30|   -3.894559|   -3.332064|    0.236882|    0.034400|
|          31|   -3.913812|   -3.354436|    0.237543|    0.035523|
|          32|   -3.945914|   -3.388955|    0.237726|    0.036637|
|          33|   -3.990396|   -3.434248|    0.238055|    0.037775|
|          34|   -4.042655|   -3.485330|    0.238245|    0.038848|
|          35|   -4.096781|   -3.536862|    0.238174|    0.039796|
|          36|   -4.149096|   -3.586154|    0.237987|    0.040601|
|          37|   -4.196232|   -3.630943|    0.237695|    0.041238|
|          38|   -4.234612|   -3.668686|    0.237270|    0.041687|
|          39|   -4.260478|   -3.695898|    0.236745|    0.041950|
|          40|   -4.272944|   -3.710969|    0.236082|    0.042026|
|          41|   -4.273682|   -3.714194|    0.235362|    0.041939|
|          42|   -4.267486|   -3.709318|    0.234697|    0.041723|
|          43|   -4.262704|   -3.704728|    0.234125|    0.041405|
|          44|   -4.263677|   -3.705224|    0.233683|    0.041016|
|          45|   -4.269072|   -3.709807|    0.233352|    0.040574|
|          46|   -4.281440|   -3.720892|    0.233167|    0.040109|
|          47|   -4.299566|   -3.736778|    0.233038|    0.039633|
|          48|   -4.334080|   -3.769124|    0.232962|    0.039171|
|          49|   -4.382987|   -3.816600|    0.233032|    0.038762|
|          50|   -4.438134|   -3.871413|    0.233179|    0.038414|
|          51|   -4.488968|   -3.923479|    0.233427|    0.038142|
|          52|   -4.527266|   -3.964687|    0.233783|    0.037951|
|          53|   -4.549648|   -3.991044|    0.234261|    0.037845|
|          54|   -4.557993|   -4.003200|    0.234821|    0.037815|
|          55|   -4.558711|   -4.006599|    0.235418|    0.037848|
|          56|   -4.558518|   -4.007717|    0.236025|    0.037933|
|          57|   -4.562057|   -4.011403|    0.236595|    0.038058|
|          58|   -4.572510|   -4.021275|    0.237103|    0.038210|
|          59|   -4.590635|   -4.038295|    0.237529|    0.038378|
|          60|   -4.616009|   -4.062404|    0.237868|    0.038551|
|          61|   -4.646675|   -4.091781|    0.238098|    0.038716|
|          62|   -4.679828|   -4.123707|    0.238216|    0.038868|
|          63|   -4.713643|   -4.156795|    0.238227|    0.039001|
|          64|   -4.745814|   -4.188963|    0.238142|    0.039110|
|          65|   -4.774672|   -4.218698|    0.237980|    0.039193|
|          66|   -4.798754|   -4.244419|    0.237758|    0.039250|
|          67|   -4.817638|   -4.265307|    0.237494|    0.039279|
|          68|   -4.832120|   -4.281622|    0.237202|    0.039284|
|          69|   -4.844276|   -4.295042|    0.236899|    0.039266|
|          70|   -4.856602|   -4.307969|    0.236595|    0.039231|
|          71|   -4.871134|   -4.322487|    0.236303|    0.039179|
|          72|   -4.888965|   -4.339844|    0.236033|    0.039116|
|          73|   -4.910379|   -4.360556|    0.235796|    0.039046|
|          74|   -4.934798|   -4.384246|    0.235598|    0.038972|
|          75|   -4.960734|   -4.409577|    0.235442|    0.038897|
|          76|   -4.986251|   -4.434725|    0.235334|    0.038826|
|          77|   -5.009227|   -4.457632|    0.235272|    0.038762|
|          78|   -5.028079|   -4.476693|    0.235254|    0.038706|
|          79|   -5.042470|   -4.491429|    0.235274|    0.038659|
|          80|   -5.053195|   -4.502456|    0.235327|    0.038623|
|          81|   -5.061872|   -4.511261|    0.235406|    0.038596|
|          82|   -5.070244|   -4.519541|    0.235504|    0.038579|
|          83|   -5.079843|   -4.528858|    0.235613|    0.038571|
|          84|   -5.091687|   -4.540311|    0.235729|    0.038571|
|          85|   -5.106344|   -4.554559|    0.235843|    0.038577|
|          86|   -5.123827|   -4.571712|    0.235951|    0.038589|
|          87|   -5.143706|   -4.591420|    0.236050|    0.038604|
|          88|   -5.165408|   -4.613189|    0.236137|    0.038623|
|          89|   -5.188076|   -4.636206|    0.236207|    0.038642|
|          90|   -5.210708|   -4.659507|    0.236259|    0.038662|
|          91|   -5.232469|   -4.682230|    0.236292|    0.038681|
|          92|   -5.252746|   -4.703659|    0.236304|    0.038699|
|          93|   -5.271236|   -4.723340|    0.236297|    0.038714|
|          94|   -5.287991|   -4.741158|    0.236273|    0.038727|
|          95|   -5.303353|   -4.757326|    0.236232|    0.038737|
|          96|   -5.317853|   -4.772289|    0.236177|    0.038745|
|          97|   -5.332136|   -4.786677|    0.236111|    0.038750|
|          98|   -5.346748|   -4.801071|    0.236037|    0.038753|
|          99|   -5.362155|   -4.815994|    0.235957|    0.038753|
|         100|   -5.378479|   -4.831644|    0.235873|    0.038751|
|         101|   -5.395656|   -4.848033|    0.235788|    0.038747|
|         102|   -5.413506|   -4.865054|    0.235704|    0.038742|
|         103|   -5.431737|   -4.882475|    0.235624|    0.038736|
|         104|   -5.449982|   -4.899987|    0.235549|    0.038730|
|         105|   -5.467932|   -4.917326|    0.235481|    0.038722|
|         106|   -5.485299|   -4.934223|    0.235421|    0.038715|
|         107|   -5.501896|   -4.950490|    0.235369|    0.038708|
|         108|   -5.517732|   -4.966123|    0.235325|    0.038701|
|         109|   -5.532886|   -4.981180|    0.235290|    0.038694|
|         110|   -5.547569|   -4.995853|    0.235263|    0.038688|
|         111|   -5.562120|   -5.010470|    0.235243|    0.038683|
|         112|   -5.576791|   -5.025255|    0.235230|    0.038679|
|         113|   -5.591815|   -5.040422|    0.235224|    0.038675|
|         114|   -5.607388|   -5.056153|    0.235223|    0.038672|
|         115|   -5.623541|   -5.072488|    0.235226|    0.038670|
|         116|   -5.640244|   -5.089425|    0.235233|    0.038668|
|         117|   -5.657392|   -5.106848|    0.235243|    0.038667|
|         118|   -5.674890|   -5.124660|    0.235256|    0.038666|
|         119|   -5.692603|   -5.142719|    0.235269|    0.038666|
|         120|   -5.710382|   -5.160874|    0.235283|    0.038666|
|         121|   -5.728037|   -5.178932|    0.235298|    0.038666|
|         122|   -5.745451|   -5.196754|    0.235312|    0.038667|
|         123|   -5.762518|   -5.214211|    0.235327|    0.038667|
|         124|   -5.779187|   -5.231233|    0.235342|    0.038668|
|         125|   -5.795373|   -5.247704|    0.235356|    0.038669|
|         126|   -5.811060|   -5.263594|    0.235369|    0.038669|
|         127|   -5.826237|   -5.278879|    0.235382|    0.038670|
|         128|   -5.840947|   -5.293603|    0.235394|    0.038671|
|         129|   -5.855246|   -5.307827|    0.235406|    0.038671|
|         130|   -5.869187|   -5.321607|    0.235417|    0.038672|
|         131|   -5.882836|   -5.335028|    0.235428|    0.038672|
|         132|   -5.896206|   -5.348114|    0.235439|    0.038672|
|         133|   -5.909382|   -5.360968|    0.235449|    0.038673|
|         134|   -5.922434|   -5.373685|    0.235458|    0.038673|
|         135|   -5.935395|   -5.386321|    0.235467|    0.038673|
|         136|   -5.948333|   -5.398950|    0.235476|    0.038673|
|         137|   -5.961339|   -5.411671|    0.235484|    0.038673|
|         138|   -5.974484|   -5.424566|    0.235492|    0.038673|
|         139|   -5.987808|   -5.437690|    0.235500|    0.038673|
|         140|   -6.001340|   -5.451079|    0.235508|    0.038673|
|         141|   -6.015138|   -5.464796|    0.235515|    0.038673|
|         142|   -6.029236|   -5.478877|    0.235521|    0.038673|
|         143|   -6.043610|   -5.493290|    0.235527|    0.038673|
|         144|   -6.058262|   -5.508029|    0.235533|    0.038673|
|         145|   -6.073176|   -5.523067|    0.235538|    0.038674|
|         146|   -6.088332|   -5.538383|    0.235542|    0.038674|
|         147|   -6.103680|   -5.553928|    0.235546|    0.038674|
|         148|   -6.119200|   -5.569683|    0.235549|    0.038674|
|         149|   -6.134823|   -5.585560|    0.235552|    0.038675|
|         150|   -6.150508|   -5.601504|    0.235554|    0.038675|
|         151|   -6.166212|   -5.617467|    0.235555|    0.038675|
|         152|   -6.181872|   -5.633378|    0.235556|    0.038676|
|         153|   -6.197440|   -5.649183|    0.235556|    0.038676|
|         154|   -6.212907|   -5.664863|    0.235556|    0.038676|
|         155|   -6.228212|   -5.680347|    0.235555|    0.038677|
|         156|   -6.243289|   -5.695562|    0.235554|    0.038677|
|         157|   -6.258112|   -5.710480|    0.235553|    0.038677|
|         158|   -6.272682|   -5.725098|    0.235551|    0.038678|
|         159|   -6.286994|   -5.739411|    0.235549|    0.038678|
|         160|   -6.301063|   -5.753433|    0.235547|    0.038678|
|         161|   -6.314914|   -5.767196|    0.235544|    0.038678|
|         162|   -6.328551|   -5.780703|    0.235542|    0.038678|
|         163|   -6.342006|   -5.793993|    0.235539|    0.038679|
|         164|   -6.355298|   -5.807093|    0.235537|    0.038679|
|         165|   -6.368489|   -5.820075|    0.235534|    0.038679|
|         166|   -6.381664|   -5.833038|    0.235531|    0.038679|
|         167|   -6.394875|   -5.846040|    0.235529|    0.038679|
|         168|   -6.408165|   -5.859130|    0.235526|    0.038679|
|         169|   -6.421597|   -5.872381|    0.235524|    0.038679|
|         170|   -6.435212|   -5.885833|    0.235521|    0.038679|
|         171|   -6.449045|   -5.899525|    0.235519|    0.038678|
|         172|   -6.463137|   -5.913499|    0.235517|    0.038678|
|         173|   -6.477491|   -5.927761|    0.235515|    0.038678|
|         174|   -6.492117|   -5.942324|    0.235513|    0.038678|
|         175|   -6.506973|   -5.957142|    0.235511|    0.038678|
|         176|   -6.522058|   -5.972211|    0.235509|    0.038678|
|         177|   -6.537352|   -5.987508|    0.235508|    0.038678|
|         178|   -6.552839|   -6.003024|    0.235507|    0.038677|
|         179|   -6.568484|   -6.018719|    0.235506|    0.038677|
|         180|   -6.584242|   -6.034547|    0.235505|    0.038677|
|         181|   -6.600079|   -6.050467|    0.235504|    0.038677|
|         182|   -6.615924|   -6.066397|    0.235503|    0.038677|
|         183|   -6.631727|   -6.082290|    0.235502|    0.038677|
|         184|   -6.647445|   -6.098098|    0.235501|    0.038677|
|         185|   -6.663079|   -6.113829|    0.235501|    0.038677|
|         186|   -6.678563|   -6.129403|    0.235500|    0.038677|
|         187|   -6.693889|   -6.144815|    0.235500|    0.038676|
|         188|   -6.709087|   -6.160091|    0.235500|    0.038676|
|         189|   -6.724155|   -6.175227|    0.235500|    0.038676|
|         190|   -6.739122|   -6.190247|    0.235500|    0.038676|
|         191|   -6.753973|   -6.205137|    0.235499|    0.038676|
|         192|   -6.768688|   -6.219872|    0.235500|    0.038676|
|         193|   -6.783287|   -6.234476|    0.235500|    0.038676|
|         194|   -6.797789|   -6.248965|    0.235500|    0.038676|
|         195|   -6.812211|   -6.263357|    0.235500|    0.038676|
|         196|   -6.826561|   -6.277658|    0.235500|    0.038676|
|         197|   -6.840868|   -6.291903|    0.235500|    0.038676|
|         198|   -6.855112|   -6.306071|    0.235500|    0.038676|
|         199|   -6.869265|   -6.320138|    0.235501|    0.038676|
|         200|   -6.883405|   -6.334187|    0.235501|    0.038676|
|         201|   -6.897576|   -6.348268|    0.235501|    0.038676|
|         202|   -6.911809|   -6.362408|    0.235501|    0.038676|
|         203|   -6.926135|   -6.376641|    0.235501|    0.038676|
|         204|   -6.940575|   -6.390993|    0.235502|    0.038676|
|         205|   -6.955151|   -6.405490|    0.235502|    0.038676|
|         206|   -6.969868|   -6.420137|    0.235502|    0.038676|
|         207|   -6.984731|   -6.434940|    0.235502|    0.038676|
|         208|   -6.999744|   -6.449905|    0.235502|    0.038676|
|         209|   -7.014912|   -6.465037|    0.235502|    0.038676|
|         210|   -7.030217|   -6.480319|    0.235501|    0.038675|
|         211|   -7.045648|   -6.495738|    0.235501|    0.038675|
|         212|   -7.061190|   -6.511282|    0.235501|    0.038675|
|         213|   -7.076827|   -6.526932|    0.235501|    0.038675|
|         214|   -7.092538|   -6.542663|    0.235500|    0.038675|
|         215|   -7.108298|   -6.558454|    0.235500|    0.038675|
|         216|   -7.124091|   -6.574284|    0.235500|    0.038675|
|         217|   -7.139904|   -6.590141|    0.235499|    0.038675|
|         218|   -7.155713|   -6.605998|    0.235499|    0.038675|
|         219|   -7.171497|   -6.621831|    0.235498|    0.038675|
|         220|   -7.187237|   -6.637619|    0.235498|    0.038675|
|         221|   -7.202915|   -6.653344|    0.235498|    0.038675|
|         222|   -7.218516|   -6.668987|    0.235497|    0.038675|
|         223|   -7.234029|   -6.684538|    0.235496|    0.038675|
|         224|   -7.249444|   -6.699982|    0.235496|    0.038675|
|         225|   -7.264748|   -6.715304|    0.235495|    0.038675|
|         226|   -7.279942|   -6.730511|    0.235495|    0.038675|
|         227|   -7.295031|   -6.745606|    0.235494|    0.038675|
|         228|   -7.310022|   -6.760593|    0.235494|    0.038675|
|         229|   -7.324914|   -6.775472|    0.235493|    0.038675|
|         230|   -7.339726|   -6.790264|    0.235493|    0.038675|
|         231|   -7.354475|   -6.804985|    0.235492|    0.038675|
|         232|   -7.369173|   -6.819650|    0.235492|    0.038675|
|         233|   -7.383839|   -6.834277|    0.235491|    0.038675|
|         234|   -7.398492|   -6.848885|    0.235491|    0.038675|
|         235|   -7.413148|   -6.863492|    0.235490|    0.038675|
|         236|   -7.427823|   -6.878118|    0.235490|    0.038675|
|         237|   -7.442534|   -6.892778|    0.235490|    0.038675|
|         238|   -7.457296|   -6.907490|    0.235489|    0.038675|
|         239|   -7.472121|   -6.922266|    0.235489|    0.038675|
|         240|   -7.487017|   -6.937116|    0.235489|    0.038675|
|         241|   -7.501999|   -6.952057|    0.235488|    0.038675|
|         242|   -7.517076|   -6.967098|    0.235488|    0.038675|
|         243|   -7.532259|   -6.982252|    0.235488|    0.038675|
|         244|   -7.547540|   -6.997508|    0.235488|    0.038675|
|         245|   -7.562927|   -7.012874|    0.235488|    0.038675|
|         246|   -7.578413|   -7.028347|    0.235488|    0.038675|
|         247|   -7.593988|   -7.043915|    0.235487|    0.038675|
|         248|   -7.609640|   -7.059565|    0.235487|    0.038675|
|         249|   -7.625360|   -7.075288|    0.235487|    0.038675|
|         250|   -7.641136|   -7.091073|    0.235487|    0.038675|
+-----------------------------------------------------------------------+
|        File Writing Summary       |              Filename             |
+-----------------------------------------------------------------------+
|SU2 binary restart                 |restart_flow.dat                   |
|Paraview                           |flow.vtu                           |
|Paraview surface                   |surface_flow.vtu                   |
|CSV file                           |surface_flow.csv                   |
+-----------------------------------------------------------------------+
+----------------------------------------------------------------+
|  Inner_Iter|    rms[Rho]|   rms[RhoE]|          CL|          CD|
+----------------------------------------------------------------+
|         251|   -7.656955|   -7.106906|    0.235487|    0.038675|
|         252|   -7.672808|   -7.122777|    0.235487|    0.038675|
|         253|   -7.688693|   -7.138684|    0.235487|    0.038675|
|         254|   -7.704596|   -7.154616|    0.235487|    0.038675|
|         255|   -7.720503|   -7.170550|    0.235487|    0.038675|
|         256|   -7.736395|   -7.186471|    0.235487|    0.038675|
|         257|   -7.752257|   -7.202362|    0.235487|    0.038675|
|         258|   -7.768077|   -7.218210|    0.235488|    0.038675|
|         259|   -7.783849|   -7.234009|    0.235488|    0.038675|
|         260|   -7.799566|   -7.249750|    0.235488|    0.038675|
|         261|   -7.815222|   -7.265430|    0.235488|    0.038675|
|         262|   -7.830816|   -7.281043|    0.235488|    0.038675|
|         263|   -7.846347|   -7.296591|    0.235488|    0.038675|
|         264|   -7.861815|   -7.312074|    0.235488|    0.038675|
|         265|   -7.877225|   -7.327495|    0.235488|    0.038675|
|         266|   -7.892582|   -7.342860|    0.235488|    0.038675|
|         267|   -7.907891|   -7.358175|    0.235488|    0.038675|
|         268|   -7.923160|   -7.373449|    0.235488|    0.038675|
|         269|   -7.938397|   -7.388688|    0.235488|    0.038675|
|         270|   -7.953611|   -7.403903|    0.235488|    0.038675|
|         271|   -7.968810|   -7.419102|    0.235489|    0.038675|
|         272|   -7.984003|   -7.434294|    0.235489|    0.038675|
|         273|   -7.999198|   -7.449487|    0.235489|    0.038675|
|         274|   -8.014402|   -7.464691|    0.235489|    0.038675|
|         275|   -8.029623|   -7.479910|    0.235489|    0.038675|
|         276|   -8.044866|   -7.495153|    0.235489|    0.038675|
|         277|   -8.060136|   -7.510422|    0.235489|    0.038675|
|         278|   -8.075436|   -7.525723|    0.235489|    0.038675|
|         279|   -8.090768|   -7.541056|    0.235489|    0.038675|
|         280|   -8.106135|   -7.556424|    0.235489|    0.038675|
|         281|   -8.121536|   -7.571826|    0.235489|    0.038675|
|         282|   -8.136969|   -7.587261|    0.235489|    0.038675|
|         283|   -8.152434|   -7.602726|    0.235489|    0.038675|
|         284|   -8.167926|   -7.618219|    0.235489|    0.038675|
|         285|   -8.183441|   -7.633733|    0.235489|    0.038675|
|         286|   -8.198975|   -7.649265|    0.235489|    0.038675|
|         287|   -8.214523|   -7.664809|    0.235489|    0.038675|
|         288|   -8.230078|   -7.680358|    0.235489|    0.038675|
|         289|   -8.245634|   -7.695908|    0.235489|    0.038675|
|         290|   -8.261186|   -7.711451|    0.235489|    0.038675|
|         291|   -8.276729|   -7.726983|    0.235489|    0.038675|
|         292|   -8.292255|   -7.742499|    0.235488|    0.038675|
|         293|   -8.307762|   -7.757993|    0.235488|    0.038675|
|         294|   -8.323243|   -7.773462|    0.235488|    0.038675|
|         295|   -8.338696|   -7.788903|    0.235488|    0.038675|
|         296|   -8.354118|   -7.804313|    0.235488|    0.038675|
|         297|   -8.369505|   -7.819690|    0.235488|    0.038675|
|         298|   -8.384857|   -7.835034|    0.235488|    0.038675|
|         299|   -8.400171|   -7.850344|    0.235488|    0.038675|
|         300|   -8.415448|   -7.865619|    0.235488|    0.038675|
|         301|   -8.430689|   -7.880861|    0.235488|    0.038675|
|         302|   -8.445892|   -7.896070|    0.235488|    0.038675|
|         303|   -8.461061|   -7.911247|    0.235488|    0.038675|
|         304|   -8.476196|   -7.926394|    0.235488|    0.038675|
|         305|   -8.491300|   -7.941514|    0.235488|    0.038675|
|         306|   -8.506375|   -7.956607|    0.235488|    0.038675|
|         307|   -8.521425|   -7.971678|    0.235488|    0.038675|
|         308|   -8.536453|   -7.986728|    0.235488|    0.038675|
|         309|   -8.551462|   -8.001760|    0.235488|    0.038675|
|         310|   -8.566457|   -8.016778|    0.235488|    0.038675|
|         311|   -8.581440|   -8.031784|    0.235488|    0.038675|
|         312|   -8.596416|   -8.046782|    0.235488|    0.038675|
|         313|   -8.611388|   -8.061775|    0.235488|    0.038675|
|         314|   -8.626362|   -8.076767|    0.235488|    0.038675|
|         315|   -8.641341|   -8.091760|    0.235488|    0.038675|
|         316|   -8.656329|   -8.106759|    0.235488|    0.038675|
|         317|   -8.671329|   -8.121766|    0.235488|    0.038675|
|         318|   -8.686346|   -8.136786|    0.235488|    0.038675|
|         319|   -8.701383|   -8.151821|    0.235488|    0.038675|
|         320|   -8.716441|   -8.166874|    0.235488|    0.038675|
|         321|   -8.731524|   -8.181947|    0.235488|    0.038675|
|         322|   -8.746633|   -8.197042|    0.235488|    0.038675|
|         323|   -8.761768|   -8.212160|    0.235488|    0.038675|
|         324|   -8.776931|   -8.227303|    0.235488|    0.038675|
|         325|   -8.792121|   -8.242471|    0.235488|    0.038675|
|         326|   -8.807337|   -8.257662|    0.235488|    0.038675|
|         327|   -8.822577|   -8.272878|    0.235488|    0.038675|
|         328|   -8.837839|   -8.288115|    0.235488|    0.038675|
|         329|   -8.853119|   -8.303372|    0.235488|    0.038675|
|         330|   -8.868414|   -8.318647|    0.235488|    0.038675|
|         331|   -8.883719|   -8.333936|    0.235488|    0.038675|
|         332|   -8.899031|   -8.349235|    0.235488|    0.038675|
|         333|   -8.914343|   -8.364540|    0.235488|    0.038675|
|         334|   -8.929649|   -8.379846|    0.235488|    0.038675|
|         335|   -8.944944|   -8.395148|    0.235488|    0.038675|
|         336|   -8.960221|   -8.410438|    0.235488|    0.038675|
|         337|   -8.975475|   -8.425712|    0.235488|    0.038675|
|         338|   -8.990697|   -8.440963|    0.235488|    0.038675|
|         339|   -9.005884|   -8.456184|    0.235488|    0.038675|
|         340|   -9.021028|   -8.471369|    0.235488|    0.038675|
|         341|   -9.036126|   -8.486513|    0.235488|    0.038675|
|         342|   -9.051172|   -8.501609|    0.235488|    0.038675|
|         343|   -9.066164|   -8.516654|    0.235488|    0.038675|
|         344|   -9.081099|   -8.531644|    0.235488|    0.038675|
|         345|   -9.095977|   -8.546577|    0.235488|    0.038675|
|         346|   -9.110797|   -8.561450|    0.235488|    0.038675|
|         347|   -9.125561|   -8.576265|    0.235488|    0.038675|
|         348|   -9.140271|   -8.591023|    0.235488|    0.038675|
|         349|   -9.154933|   -8.605726|    0.235488|    0.038675|
|         350|   -9.169550|   -8.620378|    0.235488|    0.038675|
|         351|   -9.184129|   -8.634985|    0.235488|    0.038675|
|         352|   -9.198678|   -8.649553|    0.235488|    0.038675|
|         353|   -9.213203|   -8.664090|    0.235488|    0.038675|
|         354|   -9.227714|   -8.678603|    0.235488|    0.038675|
|         355|   -9.242220|   -8.693102|    0.235488|    0.038675|
|         356|   -9.256728|   -8.707596|    0.235488|    0.038675|
|         357|   -9.271247|   -8.722093|    0.235488|    0.038675|
|         358|   -9.285785|   -8.736602|    0.235488|    0.038675|
|         359|   -9.300348|   -8.751130|    0.235488|    0.038675|
|         360|   -9.314944|   -8.765686|    0.235488|    0.038675|
|         361|   -9.329577|   -8.780274|    0.235488|    0.038675|
|         362|   -9.344250|   -8.794900|    0.235488|    0.038675|
|         363|   -9.358966|   -8.809568|    0.235488|    0.038675|
|         364|   -9.373725|   -8.824280|    0.235488|    0.038675|
|         365|   -9.388528|   -8.839036|    0.235488|    0.038675|
|         366|   -9.403371|   -8.853837|    0.235488|    0.038675|
|         367|   -9.418252|   -8.868680|    0.235488|    0.038675|
|         368|   -9.433165|   -8.883561|    0.235488|    0.038675|
|         369|   -9.448104|   -8.898476|    0.235488|    0.038675|
|         370|   -9.463062|   -8.913419|    0.235488|    0.038675|
|         371|   -9.478031|   -8.928380|    0.235488|    0.038675|
|         372|   -9.493001|   -8.943353|    0.235488|    0.038675|
|         373|   -9.507963|   -8.958328|    0.235488|    0.038675|
|         374|   -9.522907|   -8.973295|    0.235488|    0.038675|
|         375|   -9.537823|   -8.988242|    0.235488|    0.038675|
|         376|   -9.552703|   -9.003162|    0.235488|    0.038675|
|         377|   -9.567536|   -9.018042|    0.235488|    0.038675|
|         378|   -9.582315|   -9.032875|    0.235488|    0.038675|
|         379|   -9.597034|   -9.047653|    0.235488|    0.038675|
|         380|   -9.611687|   -9.062367|    0.235488|    0.038675|
|         381|   -9.626272|   -9.077014|    0.235488|    0.038675|
|         382|   -9.640786|   -9.091590|    0.235488|    0.038675|
|         383|   -9.655230|   -9.106093|    0.235488|    0.038675|
|         384|   -9.669607|   -9.120524|    0.235488|    0.038675|
|         385|   -9.683919|   -9.134884|    0.235488|    0.038675|
|         386|   -9.698175|   -9.149180|    0.235488|    0.038675|
|         387|   -9.712380|   -9.163417|    0.235488|    0.038675|
|         388|   -9.726544|   -9.177604|    0.235488|    0.038675|
|         389|   -9.740678|   -9.191749|    0.235488|    0.038675|
|         390|   -9.754792|   -9.205866|    0.235488|    0.038675|
|         391|   -9.768899|   -9.219964|    0.235488|    0.038675|
|         392|   -9.783010|   -9.234057|    0.235488|    0.038675|
|         393|   -9.797137|   -9.248156|    0.235488|    0.038675|
|         394|   -9.811292|   -9.262275|    0.235488|    0.038675|
|         395|   -9.825484|   -9.276425|    0.235488|    0.038675|
|         396|   -9.839723|   -9.290616|    0.235488|    0.038675|
|         397|   -9.854017|   -9.304857|    0.235488|    0.038675|
|         398|   -9.868372|   -9.319157|    0.235488|    0.038675|
|         399|   -9.882793|   -9.333520|    0.235488|    0.038675|
|         400|   -9.897281|   -9.347952|    0.235488|    0.038675|
|         401|   -9.911838|   -9.362455|    0.235488|    0.038675|
|         402|   -9.926461|   -9.377028|    0.235488|    0.038675|
|         403|   -9.941148|   -9.391670|    0.235488|    0.038675|
|         404|   -9.955893|   -9.406377|    0.235488|    0.038675|
|         405|   -9.970689|   -9.421143|    0.235488|    0.038675|
|         406|   -9.985527|   -9.435961|    0.235488|    0.038675|
|         407|  -10.000397|   -9.450821|    0.235488|    0.038675|
|         408|  -10.015289|   -9.465713|    0.235488|    0.038675|
|         409|  -10.030190|   -9.480625|    0.235488|    0.038675|
|         410|  -10.045088|   -9.495544|    0.235488|    0.038675|
|         411|  -10.059970|   -9.510458|    0.235488|    0.038675|
|         412|  -10.074824|   -9.525354|    0.235488|    0.038675|
|         413|  -10.089637|   -9.540218|    0.235488|    0.038675|
|         414|  -10.104399|   -9.555038|    0.235488|    0.038675|
|         415|  -10.119101|   -9.569802|    0.235488|    0.038675|
|         416|  -10.133734|   -9.584502|    0.235488|    0.038675|
|         417|  -10.148292|   -9.599129|    0.235488|    0.038675|
|         418|  -10.162772|   -9.613677|    0.235488|    0.038675|
|         419|  -10.177171|   -9.628142|    0.235488|    0.038675|
|         420|  -10.191490|   -9.642523|    0.235488|    0.038675|
|         421|  -10.205732|   -9.656820|    0.235488|    0.038675|
|         422|  -10.219903|   -9.671038|    0.235488|    0.038675|
|         423|  -10.234008|   -9.685181|    0.235488|    0.038675|
|         424|  -10.248059|   -9.699259|    0.235488|    0.038675|
|         425|  -10.262064|   -9.713281|    0.235488|    0.038675|
|         426|  -10.276037|   -9.727259|    0.235488|    0.038675|
|         427|  -10.289990|   -9.741206|    0.235488|    0.038675|
|         428|  -10.303936|   -9.755135|    0.235488|    0.038675|
|         429|  -10.317890|   -9.769061|    0.235488|    0.038675|
|         430|  -10.331864|   -9.782997|    0.235488|    0.038675|
|         431|  -10.345871|   -9.796959|    0.235488|    0.038675|
|         432|  -10.359922|   -9.810958|    0.235488|    0.038675|
|         433|  -10.374028|   -9.825006|    0.235488|    0.038675|
|         434|  -10.388196|   -9.839114|    0.235488|    0.038675|
|         435|  -10.402434|   -9.853289|    0.235488|    0.038675|
|         436|  -10.416746|   -9.867537|    0.235488|    0.038675|
|         437|  -10.431133|   -9.881864|    0.235488|    0.038675|
|         438|  -10.445598|   -9.896269|    0.235488|    0.038675|
|         439|  -10.460136|   -9.910754|    0.235488|    0.038675|
|         440|  -10.474745|   -9.925316|    0.235488|    0.038675|
|         441|  -10.489417|   -9.939949|    0.235488|    0.038675|
|         442|  -10.504146|   -9.954647|    0.235488|    0.038675|
|         443|  -10.518921|   -9.969401|    0.235488|    0.038675|
|         444|  -10.533731|   -9.984201|    0.235488|    0.038675|
|         445|  -10.548565|   -9.999035|    0.235488|    0.038675|
|         446|  -10.563409|  -10.013891|    0.235488|    0.038675|
|         447|  -10.578250|  -10.028754|    0.235488|    0.038675|
|         448|  -10.593075|  -10.043612|    0.235488|    0.038675|
|         449|  -10.607872|  -10.058450|    0.235488|    0.038675|
|         450|  -10.622626|  -10.073254|    0.235488|    0.038675|
|         451|  -10.637329|  -10.088013|    0.235488|    0.038675|
|         452|  -10.651969|  -10.102714|    0.235488|    0.038675|
|         453|  -10.666539|  -10.117349|    0.235488|    0.038675|
|         454|  -10.681034|  -10.131909|    0.235488|    0.038675|
|         455|  -10.695450|  -10.146389|    0.235488|    0.038675|
|         456|  -10.709786|  -10.160785|    0.235488|    0.038675|
|         457|  -10.724043|  -10.175098|    0.235488|    0.038675|
|         458|  -10.738225|  -10.189329|    0.235488|    0.038675|
|         459|  -10.752338|  -10.203482|    0.235488|    0.038675|
|         460|  -10.766389|  -10.217565|    0.235488|    0.038675|
|         461|  -10.780390|  -10.231586|    0.235488|    0.038675|
|         462|  -10.794350|  -10.245556|    0.235488|    0.038675|
|         463|  -10.808283|  -10.259488|    0.235488|    0.038675|
|         464|  -10.822203|  -10.273395|    0.235488|    0.038675|
|         465|  -10.836123|  -10.287293|    0.235488|    0.038675|
|         466|  -10.850057|  -10.301194|    0.235488|    0.038675|
|         467|  -10.864019|  -10.315115|    0.235488|    0.038675|
|         468|  -10.878020|  -10.329068|    0.235488|    0.038675|
|         469|  -10.892073|  -10.343067|    0.235488|    0.038675|
|         470|  -10.906187|  -10.357123|    0.235488|    0.038675|
|         471|  -10.920371|  -10.371246|    0.235488|    0.038675|
|         472|  -10.934630|  -10.385443|    0.235488|    0.038675|
|         473|  -10.948969|  -10.399721|    0.235488|    0.038675|
|         474|  -10.963390|  -10.414082|    0.235488|    0.038675|
|         475|  -10.977892|  -10.428528|    0.235488|    0.038675|
|         476|  -10.992472|  -10.443059|    0.235488|    0.038675|
|         477|  -11.007125|  -10.457669|    0.235488|    0.038675|
|         478|  -11.021846|  -10.472354|    0.235488|    0.038675|
|         479|  -11.036624|  -10.487107|    0.235488|    0.038675|
|         480|  -11.051451|  -10.501917|    0.235488|    0.038675|
|         481|  -11.066315|  -10.516774|    0.235488|    0.038675|
|         482|  -11.081203|  -10.531666|    0.235488|    0.038675|
|         483|  -11.096101|  -10.546579|    0.235488|    0.038675|
|         484|  -11.110997|  -10.561499|    0.235488|    0.038675|
|         485|  -11.125877|  -10.576413|    0.235488|    0.038675|
|         486|  -11.140728|  -10.591305|    0.235488|    0.038675|
|         487|  -11.155537|  -10.606164|    0.235488|    0.038675|
|         488|  -11.170293|  -10.620976|    0.235488|    0.038675|
|         489|  -11.184988|  -10.635730|    0.235488|    0.038675|
|         490|  -11.199613|  -10.650417|    0.235488|    0.038675|
|         491|  -11.214163|  -10.665029|    0.235488|    0.038675|
|         492|  -11.228634|  -10.679561|    0.235488|    0.038675|
|         493|  -11.243026|  -10.694010|    0.235488|    0.038675|
|         494|  -11.257340|  -10.708376|    0.235488|    0.038675|
|         495|  -11.271579|  -10.722661|    0.235488|    0.038675|
|         496|  -11.285751|  -10.736869|    0.235488|    0.038675|
|         497|  -11.299863|  -10.751009|    0.235488|    0.038675|
|         498|  -11.313924|  -10.765088|    0.235488|    0.038675|
|         499|  -11.327947|  -10.779118|    0.235488|    0.038675|
|         500|  -11.341944|  -10.793111|    0.235488|    0.038675|
+-----------------------------------------------------------------------+
|        File Writing Summary       |              Filename             |
+-----------------------------------------------------------------------+
|SU2 binary restart                 |restart_flow.dat                   |
|Paraview                           |flow.vtu                           |
|Paraview surface                   |surface_flow.vtu                   |
|CSV file                           |surface_flow.csv                   |
+-----------------------------------------------------------------------+
+----------------------------------------------------------------+
|  Inner_Iter|    rms[Rho]|   rms[RhoE]|          CL|          CD|
+----------------------------------------------------------------+
|         501|  -11.355927|  -10.807081|    0.235488|    0.038675|
|         502|  -11.369911|  -10.821042|    0.235488|    0.038675|
|         503|  -11.383910|  -10.835008|    0.235488|    0.038675|
|         504|  -11.397936|  -10.848994|    0.235488|    0.038675|
|         505|  -11.412001|  -10.863013|    0.235488|    0.038675|
|         506|  -11.426117|  -10.877076|    0.235488|    0.038675|
|         507|  -11.440293|  -10.891196|    0.235488|    0.038675|
|         508|  -11.454537|  -10.905382|    0.235488|    0.038675|
|         509|  -11.468855|  -10.919642|    0.235488|    0.038675|
|         510|  -11.483251|  -10.933979|    0.235488|    0.038675|
|         511|  -11.497726|  -10.948399|    0.235488|    0.038675|
|         512|  -11.512280|  -10.962901|    0.235488|    0.038675|
|         513|  -11.526910|  -10.977484|    0.235488|    0.038675|
|         514|  -11.541611|  -10.992145|    0.235488|    0.038675|
|         515|  -11.556377|  -11.006877|    0.235488|    0.038675|
|         516|  -11.571200|  -11.021675|    0.235488|    0.038675|
|         517|  -11.586069|  -11.036527|    0.235488|    0.038675|
|         518|  -11.600973|  -11.051425|    0.235488|    0.038675|
|         519|  -11.615899|  -11.066354|    0.235488|    0.038675|
|         520|  -11.630836|  -11.081304|    0.235488|    0.038675|
|         521|  -11.645770|  -11.096260|    0.235488|    0.038675|
|         522|  -11.660689|  -11.111208|    0.235488|    0.038675|
|         523|  -11.675578|  -11.126136|    0.235488|    0.038675|
|         524|  -11.690428|  -11.141031|    0.235488|    0.038675|
|         525|  -11.705227|  -11.155880|    0.235488|    0.038675|
|         526|  -11.719966|  -11.170673|    0.235488|    0.038675|
|         527|  -11.734637|  -11.185401|    0.235488|    0.038675|
|         528|  -11.749237|  -11.200058|    0.235488|    0.038675|
|         529|  -11.763761|  -11.214637|    0.235488|    0.038675|
|         530|  -11.778209|  -11.229138|    0.235488|    0.038675|
|         531|  -11.792582|  -11.243558|    0.235488|    0.038675|
|         532|  -11.806884|  -11.257902|    0.235488|    0.038675|
|         533|  -11.821120|  -11.272172|    0.235488|    0.038675|
|         534|  -11.835299|  -11.286377|    0.235488|    0.038675|
|         535|  -11.849430|  -11.300525|    0.235488|    0.038675|
|         536|  -11.863524|  -11.314626|    0.235488|    0.038675|
|         537|  -11.877592|  -11.328692|    0.235488|    0.038675|
|         538|  -11.891649|  -11.342736|    0.235488|    0.038675|
|         539|  -11.905705|  -11.356772|    0.235488|    0.038675|
|         540|  -11.919776|  -11.370814|    0.235488|    0.038675|
|         541|  -11.933873|  -11.384874|    0.235488|    0.038675|
|         542|  -11.948008|  -11.398966|    0.235488|    0.038675|
|         543|  -11.962191|  -11.413102|    0.235488|    0.038675|
|         544|  -11.976433|  -11.427292|    0.235488|    0.038675|
|         545|  -11.990740|  -11.441545|    0.235488|    0.038675|
|         546|  -12.005119|  -11.455870|    0.235488|    0.038675|
|         547|  -12.019573|  -11.470270|    0.235488|    0.038675|
|         548|  -12.034104|  -11.484750|    0.235488|    0.038675|
|         549|  -12.048712|  -11.499308|    0.235488|    0.038675|
|         550|  -12.063393|  -11.513946|    0.235488|    0.038675|
|         551|  -12.078145|  -11.528659|    0.235488|    0.038675|
|         552|  -12.092960|  -11.543442|    0.235488|    0.038675|
|         553|  -12.107830|  -11.558288|    0.235488|    0.038675|
|         554|  -12.122746|  -11.573188|    0.235488|    0.038675|
|         555|  -12.137697|  -11.588131|    0.235488|    0.038675|
|         556|  -12.152672|  -11.603108|    0.235488|    0.038675|
|         557|  -12.167659|  -11.618104|    0.235488|    0.038675|
|         558|  -12.182644|  -11.633108|    0.235488|    0.038675|
|         559|  -12.197615|  -11.648107|    0.235488|    0.038675|
|         560|  -12.212561|  -11.663087|    0.235488|    0.038675|
|         561|  -12.227469|  -11.678036|    0.235488|    0.038675|
|         562|  -12.242330|  -11.692943|    0.235488|    0.038675|
|         563|  -12.257133|  -11.707797|    0.235488|    0.038675|
|         564|  -12.271873|  -11.722590|    0.235488|    0.038675|
|         565|  -12.286545|  -11.737315|    0.235488|    0.038675|
|         566|  -12.301142|  -11.751966|    0.235488|    0.038675|
|         567|  -12.315666|  -11.766540|    0.235488|    0.038675|
|         568|  -12.330117|  -11.781038|    0.235488|    0.038675|
|         569|  -12.344498|  -11.795461|    0.235488|    0.038675|
|         570|  -12.358814|  -11.809812|    0.235488|    0.038675|
|         571|  -12.373072|  -11.824097|    0.235488|    0.038675|
|         572|  -12.387282|  -11.838327|    0.235488|    0.038675|
|         573|  -12.401453|  -11.852507|    0.235488|    0.038675|
|         574|  -12.415595|  -11.866651|    0.235488|    0.038675|
|         575|  -12.429722|  -11.880770|    0.235488|    0.038675|
|         576|  -12.443846|  -11.894878|    0.235488|    0.038675|
|         577|  -12.457980|  -11.908987|    0.235488|    0.038675|
|         578|  -12.472134|  -11.923110|    0.235488|    0.038675|
|         579|  -12.486322|  -11.937260|    0.235488|    0.038675|
|         580|  -12.500554|  -11.951449|    0.235488|    0.038675|
|         581|  -12.514838|  -11.965686|    0.235488|    0.038675|
|         582|  -12.529183|  -11.979981|    0.235488|    0.038675|
|         583|  -12.543595|  -11.994343|    0.235488|    0.038675|
|         584|  -12.558076|  -12.008773|    0.235488|    0.038675|
|         585|  -12.572632|  -12.023279|    0.235488|    0.038675|
|         586|  -12.587260|  -12.037860|    0.235488|    0.038675|
|         587|  -12.601959|  -12.052516|    0.235488|    0.038675|
|         588|  -12.616726|  -12.067244|    0.235488|    0.038675|
|         589|  -12.631555|  -12.082040|    0.235488|    0.038675|
|         590|  -12.646438|  -12.096897|    0.235488|    0.038675|
|         591|  -12.661368|  -12.111808|    0.235488|    0.038675|
|         592|  -12.676333|  -12.126762|    0.235488|    0.038675|
|         593|  -12.691325|  -12.141750|    0.235488|    0.038675|
|         594|  -12.706330|  -12.156762|    0.235488|    0.038675|
|         595|  -12.721335|  -12.171781|    0.235488|    0.038675|
|         596|  -12.736331|  -12.186799|    0.235488|    0.038675|
|         597|  -12.751305|  -12.201803|    0.235488|    0.038675|
|         598|  -12.766245|  -12.216779|    0.235488|    0.038675|
|         599|  -12.781142|  -12.231719|    0.235488|    0.038675|
|         600|  -12.795986|  -12.246609|    0.235488|    0.038675|
|         601|  -12.810771|  -12.261443|    0.235488|    0.038675|
|         602|  -12.825487|  -12.276210|    0.235488|    0.038675|
|         603|  -12.840135|  -12.290909|    0.235488|    0.038675|
|         604|  -12.854712|  -12.305536|    0.235488|    0.038675|
|         605|  -12.869215|  -12.320087|    0.235488|    0.038675|
|         606|  -12.883650|  -12.334564|    0.235488|    0.038675|
|         607|  -12.898021|  -12.348972|    0.235488|    0.038675|
|         608|  -12.912330|  -12.363312|    0.235488|    0.038675|
|         609|  -12.926591|  -12.377596|    0.235488|    0.038675|
|         610|  -12.940809|  -12.391829|    0.235488|    0.038675|
|         611|  -12.954997|  -12.406022|    0.235488|    0.038675|
|         612|  -12.969165|  -12.420187|    0.235488|    0.038675|
|         613|  -12.983324|  -12.434334|    0.235488|    0.038675|
|         614|  -12.997489|  -12.448481|    0.235488|    0.038675|
|         615|  -13.011670|  -12.462636|    0.235488|    0.038675|

----------------------------- Solver Exit -------------------------------
All convergence criteria satisfied.
+-----------------------------------------------------------------------+
|      Convergence Field     |     Value    |   Criterion  |  Converged |
+-----------------------------------------------------------------------+
|                    rms[Rho]|      -13.0117|         < -13|         Yes|
+-----------------------------------------------------------------------+
-------------------------------------------------------------------------
+-----------------------------------------------------------------------+
|        File Writing Summary       |              Filename             |
+-----------------------------------------------------------------------+
|SU2 binary restart                 |restart_flow.dat                   |
|Paraview                           |flow.vtu                           |
|Paraview surface                   |surface_flow.vtu                   |
|CSV file                           |surface_flow.csv                   |
+-----------------------------------------------------------------------+

--------------------------- Finalizing Solver ---------------------------
Deleted CNumerics container.
Deleted CIntegration container.
Deleted CSolver container.
Deleted CIteration container.
Deleted CInterface container.
Deleted CGeometry container.
Deleted CFreeFormDefBox class.
Deleted CSurfaceMovement class.
Deleted CVolumetricMovement class.
Deleted CConfig container.
Deleted nInst container.
Deleted COutput class.
-------------------------------------------------------------------------

------------------------- Exit Success (SU2_CFD) ------------------------

