
-------------------------------------------------------------------------
|    ___ _   _ ___                                                      |
|   / __| | | |_  )   Release 8.3.0 "Harrier"                           |
|   \__ \ |_| |/ /                                                      |
|   |___/\___//___|   Suite (Computational Fluid Dynamics Code)         |
|                                                                       |
-------------------------------------------------------------------------
| SU2 Project Website: https://su2code.github.io                        |
|                                                                       |
| The SU2 Project is maintained by the SU2 Foundation                   |
| (http://su2foundation.org)                                            |
-------------------------------------------------------------------------
| Copyright 2012-2025, SU2 Contributors                                 |
|                                                                       |
| SU2 is free software; you can redistribute it and/or                  |
| modify it under the terms of the GNU Lesser General Public            |
| License as published by the Free Software Foundation; either          |
| version 2.1 of the License, or (at your option) any later version.    |
|                                                                       |
| SU2 is distributed in the hope that it will be useful,                |
| but WITHOUT ANY WARRANTY; without even the implied warranty of        |
| MERCHANTABILITY or FITNESS FOR A PARTICULAR PURPOSE. See the GNU      |
| Lesser General Public License for more details.                       |
|                                                                       |
| You should have received a copy of the GNU Lesser General Public      |
| License along with SU2. If not, see <http://www.gnu.org/licenses/>.   |
-------------------------------------------------------------------------

Parsing config file for zone 0

----------------- Physical Case Definition ( Zone 0 ) -------------------
Compressible Euler equations.
Mach number: 0.8.
Angle of attack (AoA): 1.25 deg, and angle of sideslip (AoS): 0 deg.
No restart solution, use the values at infinity (freestream).
Non-Dimensional simulation (P=1.0, Rho=1.0, T=1.0 at the farfield).
The reference area is 1 m^2.
The semi-span will be computed using the max y(3D) value.
The reference length is 1 m.
Reference origin for moment evaluation is (0.25, 0, 0).
Surface(s) where the force coefficients are evaluated: airfoil.

Surface(s) plotted in the output file: airfoil.
Surface(s) affected by the design variables: airfoil.
Input mesh file name: mesh_NACA0012_inv_deform.su2

--------------- Space Numerical Integration ( Zone 0 ) ------------------
Jameson-Schmidt-Turkel scheme (2nd order in space) for the flow inviscid terms.
JST viscous coefficients (2nd & 4th): 0.5, 0.02.
The method includes a grid stretching correction (p = 0.3).
Gradient for viscous and source terms: Green-Gauss.

--------------- Time Numerical Integration  ( Zone 0 ) ------------------
Local time stepping (steady state simulation).
Euler implicit method for the flow equations.
FGMRES is used for solving the linear system.
Using a LU-SGS preconditioning.
Convergence criteria of the linear solver: 0.0001.
Max number of linear iterations: 2.
V Multigrid Cycle, with 2 multigrid levels.
Damping factor for the residual restriction: 1.
Damping factor for the correction prolongation: 1.
No CFL adaptation.
+-------------------------------------------+
|  MG Level| Presmooth|PostSmooth|CorrectSmo|
+-------------------------------------------+
|         0|         1|         0|         0|
|         1|         2|         0|         0|
|         2|         3|         0|         0|
+-------------------------------------------+
Courant-Friedrichs-Lewy number:       10

------------------ Convergence Criteria  ( Zone 0 ) ---------------------
Maximum number of solver subiterations: 1000.
Begin convergence monitoring at iteration 10.
Residual minimum value: 1e-13.
Cauchy series min. value: 1e-06.
Number of Cauchy elements: 100.
Begin windowed time average at iteration 0.

-------------------- Output Information ( Zone 0 ) ----------------------
File writing frequency: 
+------------------------------------+
|                     File| Frequency|
+------------------------------------+
|                  RESTART|       250|
|                 PARAVIEW|       250|
|         SURFACE_PARAVIEW|       250|
|              SURFACE_CSV|       250|
+------------------------------------+
Writing the convergence history file every 1 inner iterations.
Writing the screen convergence history every 1 inner iterations.
The tabular file format is CSV (.csv).
Convergence history file name: history_direct.
Forces breakdown file name: forces_breakdown.dat.
Surface file name: surface_flow.
Volume file name: flow.
Restart file name: restart_flow.

------------- Config File Boundary Information ( Zone 0 ) ---------------
+-----------------------------------------------------------------------+
|                        Marker Type|                        Marker Name|
+-----------------------------------------------------------------------+
|                         Euler wall|                            airfoil|
+-----------------------------------------------------------------------+
|                          Far-field|                           farfield|
+-----------------------------------------------------------------------+

-------------------- Output Preprocessing ( Zone 0 ) --------------------

WARNING: SURFACE_PRESSURE_DROP can only be computed for at least 2 surfaces (outlet, inlet, ...)

Screen output fields: INNER_ITER, RMS_DENSITY, RMS_ENERGY, LIFT, DRAG
History output group(s): ITER, RMS_RES, AERO_COEFF
Convergence field(s): RMS_DENSITY
Warning: No (valid) fields chosen for time convergence monitoring. Time convergence monitoring inactive.
Volume output fields: COORDINATES, SOLUTION, PRIMITIVE

------------------- Geometry Preprocessing ( Zone 0 ) -------------------
Two dimensional problem.
5233 grid points.
10216 volume elements.
2 surface markers.
200 boundary elements in index 0 (Marker = airfoil).
50 boundary elements in index 1 (Marker = farfield).
10216 triangles.
Setting point connectivity.
Renumbering points (Reverse Cuthill McKee Ordering).
Recomputing point connectivity.
Setting element connectivity.
Checking the numerical grid orientation.
All volume elements are correctly oriented.
All surface elements are correctly oriented.
Identifying edges and vertices.
Setting the control volume structure.
Area of the computational grid: 1253.24.
Searching for the closest normal neighbors to the surfaces.
Storing a mapping from global to local point index.
Compute the surface curvature.
Max K: 7835.1. Mean K: 34.97. Standard deviation K: 494.394.
Checking for periodicity.
Computing mesh quality statistics for the dual control volumes.
+--------------------------------------------------------------+
|           Mesh Quality Metric|        Minimum|        Maximum|
+--------------------------------------------------------------+
|    Orthogonality Angle (deg.)|        62.8462|        89.6149|
|     CV Face Area Aspect Ratio|        1.00675|        7.20322|
|           CV Sub-Volume Ratio|         1.0021|        6.47555|
+--------------------------------------------------------------+
Setting the multigrid structure.
+-------------------------------------------+
|  MG Level|       CVs|Aggl. Rate|       CFL|
+-------------------------------------------+
|         0|      5233|    1/1.00|        10|
|         1|      1690|     1/3.1|   8.52431|
|         2|       649|     1/2.6|   7.92373|
+-------------------------------------------+
Finding max control volume width.
Wetted area = 2.05139 m.
Area projection in the x-plane = 0.128917 m, y-plane = 0.999845 m.
Max. coordinate in the x-direction = 1 m, y-direction = 0.0611768 m.
Min. coordinate in the x-direction = 0 m, y-direction = -0.067636 m.
Computing wall distances.

-------------------- Solver Preprocessing ( Zone 0 ) --------------------
Inviscid flow: Computing density based on free-stream
temperature and pressure using the ideal gas law.
Force coefficients computed using free-stream values.

-- Models:
+------------------------------------------------------------------------------+
|          Viscosity Model|        Conductivity Model|              Fluid Model|
+------------------------------------------------------------------------------+
|                        -|                         -|             STANDARD_AIR|
+------------------------------------------------------------------------------+
-- Fluid properties:
+------------------------------------------------------------------------------+
|                  Name|    Dim. value|    Ref. value|      Unit|Non-dim. value|
+------------------------------------------------------------------------------+
|          Gas Constant|       287.058|       287.058|  N.m/kg.K|             1|
|      Spec. Heat Ratio|             -|             -|         -|           1.4|
+------------------------------------------------------------------------------+
-- Initial and free-stream conditions:
+------------------------------------------------------------------------------+
|                  Name|    Dim. value|    Ref. value|      Unit|Non-dim. value|
+------------------------------------------------------------------------------+
|       Static Pressure|        101325|        101325|        Pa|             1|
|               Density|       1.29225|       1.29225|    kg/m^3|             1|
|           Temperature|        273.15|        273.15|         K|             1|
|          Total Energy|        231152|       78409.9|   m^2/s^2|         2.948|
|            Velocity-X|       264.994|       280.018|       m/s|      0.946348|
|            Velocity-Y|       5.78219|       280.018|       m/s|     0.0206494|
|    Velocity Magnitude|       265.057|       280.018|       m/s|      0.946573|
+------------------------------------------------------------------------------+
|           Mach Number|             -|             -|         -|           0.8|
+------------------------------------------------------------------------------+
Initialize Jacobian structure (Euler). MG level: 0.
Initialize Jacobian structure (Euler). MG level: 1.
Initialize Jacobian structure (Euler). MG level: 2.

------------------- Numerics Preprocessing ( Zone 0 ) -------------------

----------------- Integration Preprocessing ( Zone 0 ) ------------------

------------------- Iteration Preprocessing ( Zone 0 ) ------------------
Euler/Navier-Stokes/RANS fluid iteration.

------------------------------ Begin Solver -----------------------------

Simulation Run using the Single-zone Driver
WARNING: SU2 was not compiled for an AVX-capable architecture. Performance could be better,
         see https://su2code.github.io/docs_v7/Build-SU2-Linux-MacOS/#compiler-optimizations
WARNING: SU2 was not compiled for an AVX-capable architecture. Performance could be better,
         see https://su2code.github.io/docs_v7/Build-SU2-Linux-MacOS/#compiler-optimizations
WARNING: SU2 was not compiled for an AVX-capable architecture. Performance could be better,
         see https://su2code.github.io/docs_v7/Build-SU2-Linux-MacOS/#compiler-optimizations
+----------------------------------------------------------------+
|  Inner_Iter|    rms[Rho]|   rms[RhoE]|          CL|          CD|
+----------------------------------------------------------------+
|           0|   -3.526195|   -2.929818|    0.115970|    0.291117|
|           1|   -3.794841|   -3.183971|    0.013677|    0.111866|
|           2|   -3.725163|   -3.126676|    0.028972|    0.085138|
|           3|   -3.672319|   -3.080428|    0.055843|    0.099600|
|           4|   -3.616004|   -3.027127|    0.046723|    0.076087|
|           5|   -3.609366|   -3.024485|    0.039398|    0.063030|
|           6|   -3.608306|   -3.030500|    0.033640|    0.059078|
|           7|   -3.611201|   -3.035381|    0.026596|    0.054267|
|           8|   -3.592175|   -3.014759|    0.020745|    0.048722|
|           9|   -3.608342|   -3.034299|    0.015473|    0.044346|
|          10|   -3.617349|   -3.047449|    0.010279|    0.041214|
|          11|   -3.625359|   -3.057911|    0.005413|    0.038198|
|          12|   -3.630686|   -3.063610|    0.000428|    0.034913|
|          13|   -3.633602|   -3.064878|   -0.004825|    0.031671|
|          14|   -3.643234|   -3.072342|   -0.009976|    0.028608|
|          15|   -3.655989|   -3.083433|   -0.014784|    0.025632|
|          16|   -3.668710|   -3.095955|   -0.019279|    0.022627|
|          17|   -3.681866|   -3.110476|   -0.023622|    0.019506|
|          18|   -3.696347|   -3.126982|   -0.028115|    0.016240|
|          19|   -3.714195|   -3.146578|   -0.032786|    0.012924|
|          20|   -3.736238|   -3.169692|   -0.037512|    0.009702|
|          21|   -3.760184|   -3.194100|   -0.041787|    0.006779|
|          22|   -3.782032|   -3.216025|   -0.045046|    0.004312|
|          23|   -3.801160|   -3.235132|   -0.047798|    0.002270|
|          24|   -3.819878|   -3.253721|   -0.049594|    0.000748|
|          25|   -3.838826|   -3.272332|   -0.050092|   -0.000208|
|          26|   -3.858333|   -3.291440|   -0.049842|   -0.000656|
|          27|   -3.880305|   -3.313234|   -0.048704|   -0.000547|
|          28|   -3.906422|   -3.339562|   -0.047175|    0.000031|
|          29|   -3.935580|   -3.369231|   -0.045204|    0.001017|
|          30|   -3.965353|   -3.399967|   -0.042832|    0.002307|
|          31|   -3.995046|   -3.431282|   -0.040659|    0.003722|
|          32|   -4.026870|   -3.465163|   -0.038707|    0.005180|
|          33|   -4.062152|   -3.502410|   -0.037109|    0.006594|
|          34|   -4.101512|   -3.542855|   -0.035965|    0.007900|
|          35|   -4.143664|   -3.584771|   -0.034901|    0.009110|
|          36|   -4.185277|   -3.625118|   -0.033939|    0.010175|
|          37|   -4.223999|   -3.662321|   -0.033295|    0.011034|
|          38|   -4.258980|   -3.696122|   -0.032994|    0.011669|
|          39|   -4.290319|   -3.726960|   -0.032994|    0.012082|
|          40|   -4.318325|   -3.755207|   -0.033293|    0.012277|
|          41|   -4.343228|   -3.781031|   -0.033836|    0.012280|
|          42|   -4.365169|   -3.804374|   -0.034545|    0.012123|
|          43|   -4.384486|   -3.825298|   -0.035350|    0.011841|
|          44|   -4.401584|   -3.843892|   -0.036227|    0.011466|
|          45|   -4.417053|   -3.860506|   -0.037099|    0.011034|
|          46|   -4.431652|   -3.875818|   -0.037913|    0.010577|
|          47|   -4.446215|   -3.890710|   -0.038667|    0.010117|
|          48|   -4.460951|   -3.905431|   -0.039358|    0.009678|
|          49|   -4.475295|   -3.919514|   -0.039971|    0.009286|
|          50|   -4.490575|   -3.934517|   -0.040466|    0.008961|
|          51|   -4.507035|   -3.950790|   -0.040792|    0.008717|
|          52|   -4.524280|   -3.968025|   -0.041042|    0.008546|
|          53|   -4.544037|   -3.987808|   -0.041215|    0.008451|
|          54|   -4.566850|   -4.010623|   -0.041344|    0.008422|
|          55|   -4.592310|   -4.035992|   -0.041477|    0.008444|
|          56|   -4.619829|   -4.063456|   -0.041620|    0.008506|
|          57|   -4.647522|   -4.091230|   -0.041757|    0.008600|
|          58|   -4.673512|   -4.117520|   -0.041906|    0.008713|
|          59|   -4.696898|   -4.141445|   -0.042061|    0.008834|
|          60|   -4.717762|   -4.163004|   -0.042215|    0.008956|
|          61|   -4.737252|   -4.183254|   -0.042363|    0.009068|
|          62|   -4.756911|   -4.203640|   -0.042504|    0.009167|
|          63|   -4.777976|   -4.225296|   -0.042646|    0.009248|
|          64|   -4.801132|   -4.248822|   -0.042809|    0.009306|
|          65|   -4.826642|   -4.274484|   -0.043009|    0.009342|
|          66|   -4.853968|   -4.301770|   -0.043223|    0.009358|
|          67|   -4.882296|   -4.329991|   -0.043460|    0.009357|
|          68|   -4.911180|   -4.358774|   -0.043725|    0.009338|
|          69|   -4.940298|   -4.387806|   -0.044012|    0.009306|
|          70|   -4.969291|   -4.416749|   -0.044321|    0.009263|
|          71|   -4.997909|   -4.445324|   -0.044650|    0.009212|
|          72|   -5.025840|   -4.473164|   -0.045000|    0.009157|
|          73|   -5.052794|   -4.499938|   -0.045365|    0.009100|
|          74|   -5.078584|   -4.525419|   -0.045739|    0.009043|
|          75|   -5.103196|   -4.549593|   -0.046122|    0.008989|
|          76|   -5.126916|   -4.572822|   -0.046510|    0.008939|
|          77|   -5.150107|   -4.595545|   -0.046899|    0.008896|
|          78|   -5.173152|   -4.618215|   -0.047287|    0.008859|
|          79|   -5.196263|   -4.641094|   -0.047669|    0.008829|
|          80|   -5.219297|   -4.664090|   -0.048041|    0.008806|
|          81|   -5.241801|   -4.686803|   -0.048404|    0.008790|
|          82|   -5.263064|   -4.708558|   -0.048756|    0.008778|
|          83|   -5.282261|   -4.728519|   -0.049093|    0.008771|
|          84|   -5.298629|   -4.745855|   -0.049416|    0.008766|
|          85|   -5.311682|   -4.759973|   -0.049724|    0.008762|
|          86|   -5.321367|   -4.770697|   -0.050018|    0.008760|
|          87|   -5.328075|   -4.778299|   -0.050297|    0.008757|
|          88|   -5.332466|   -4.783344|   -0.050562|    0.008753|
|          89|   -5.335204|   -4.786476|   -0.050811|    0.008748|
|          90|   -5.337178|   -4.788630|   -0.051046|    0.008742|
|          91|   -5.339208|   -4.790667|   -0.051263|    0.008734|
|          92|   -5.341447|   -4.792780|   -0.051461|    0.008724|
|          93|   -5.344003|   -4.795147|   -0.051644|    0.008713|
|          94|   -5.346922|   -4.797848|   -0.051811|    0.008700|
|          95|   -5.349803|   -4.800480|   -0.051962|    0.008686|
|          96|   -5.352855|   -4.803338|   -0.052097|    0.008671|
|          97|   -5.356310|   -4.806637|   -0.052216|    0.008655|
|          98|   -5.360084|   -4.810233|   -0.052321|    0.008639|
|          99|   -5.364235|   -4.814201|   -0.052412|    0.008623|
|         100|   -5.368867|   -4.818646|   -0.052491|    0.008607|
|         101|   -5.374036|   -4.823631|   -0.052557|    0.008592|
|         102|   -5.379771|   -4.829183|   -0.052612|    0.008579|
|         103|   -5.386149|   -4.835375|   -0.052657|    0.008566|
|         104|   -5.393285|   -4.842315|   -0.052693|    0.008555|
|         105|   -5.401232|   -4.850050|   -0.052719|    0.008545|
|         106|   -5.410059|   -4.858658|   -0.052736|    0.008536|
|         107|   -5.419916|   -4.868301|   -0.052746|    0.008529|
|         108|   -5.430814|   -4.878921|   -0.052750|    0.008522|
|         109|   -5.442709|   -4.890543|   -0.052748|    0.008517|
|         110|   -5.455685|   -4.903196|   -0.052743|    0.008513|
|         111|   -5.469943|   -4.917069|   -0.052734|    0.008510|
|         112|   -5.485352|   -4.932049|   -0.052722|    0.008507|
|         113|   -5.501923|   -4.948209|   -0.052707|    0.008505|
|         114|   -5.519726|   -4.965548|   -0.052690|    0.008502|
|         115|   -5.538838|   -4.984146|   -0.052671|    0.008501|
|         116|   -5.559258|   -5.004030|   -0.052650|    0.008499|
|         117|   -5.580995|   -5.025217|   -0.052627|    0.008497|
|         118|   -5.604132|   -5.047825|   -0.052603|    0.008495|
|         119|   -5.628677|   -5.071851|   -0.052578|    0.008493|
|         120|   -5.654718|   -5.097327|   -0.052553|    0.008490|
|         121|   -5.682172|   -5.124199|   -0.052527|    0.008488|
|         122|   -5.711085|   -5.152581|   -0.052502|    0.008485|
|         123|   -5.741269|   -5.182280|   -0.052478|    0.008483|
|         124|   -5.772751|   -5.213316|   -0.052455|    0.008480|
|         125|   -5.806081|   -5.246309|   -0.052433|    0.008477|
|         126|   -5.840345|   -5.280282|   -0.052412|    0.008474|
|         127|   -5.875478|   -5.315129|   -0.052393|    0.008471|
|         128|   -5.911315|   -5.350741|   -0.052376|    0.008468|
|         129|   -5.947589|   -5.386914|   -0.052360|    0.008465|
|         130|   -5.983928|   -5.423314|   -0.052346|    0.008462|
|         131|   -6.019875|   -5.459513|   -0.052334|    0.008459|
|         132|   -6.054882|   -5.494976|   -0.052324|    0.008457|
|         133|   -6.088317|   -5.529068|   -0.052317|    0.008454|
|         134|   -6.119500|   -5.561102|   -0.052312|    0.008452|
|         135|   -6.147750|   -5.590374|   -0.052309|    0.008449|
|         136|   -6.172519|   -5.616287|   -0.052308|    0.008447|
|         137|   -6.193473|   -5.638430|   -0.052310|    0.008445|
|         138|   -6.210549|   -5.656657|   -0.052315|    0.008442|
|         139|   -6.223936|   -5.671063|   -0.052322|    0.008440|
|         140|   -6.234119|   -5.682074|   -0.052332|    0.008438|
|         141|   -6.241741|   -5.690307|   -0.052344|    0.008436|
|         142|   -6.247522|   -5.696483|   -0.052358|    0.008434|
|         143|   -6.252155|   -5.701312|   -0.052375|    0.008432|
|         144|   -6.256279|   -5.705464|   -0.052394|    0.008430|
|         145|   -6.260378|   -5.709455|   -0.052414|    0.008428|
|         146|   -6.264930|   -5.713804|   -0.052437|    0.008426|
|         147|   -6.270223|   -5.718818|   -0.052461|    0.008424|
|         148|   -6.276486|   -5.724747|   -0.052487|    0.008423|
|         149|   -6.283893|   -5.731782|   -0.052515|    0.008421|
|         150|   -6.292556|   -5.740040|   -0.052544|    0.008419|
|         151|   -6.302614|   -5.749674|   -0.052574|    0.008417|
|         152|   -6.314152|   -5.760781|   -0.052605|    0.008416|
|         153|   -6.327233|   -5.773423|   -0.052636|    0.008414|
|         154|   -6.341818|   -5.787561|   -0.052669|    0.008413|
|         155|   -6.357934|   -5.803231|   -0.052702|    0.008411|
|         156|   -6.375617|   -5.820470|   -0.052735|    0.008410|
|         157|   -6.394844|   -5.839255|   -0.052768|    0.008409|
|         158|   -6.415580|   -5.859558|   -0.052801|    0.008407|
|         159|   -6.437793|   -5.881349|   -0.052833|    0.008406|
|         160|   -6.461385|   -5.904537|   -0.052865|    0.008405|
|         161|   -6.486217|   -5.928996|   -0.052896|    0.008405|
|         162|   -6.512115|   -5.954568|   -0.052927|    0.008404|
|         163|   -6.538813|   -5.981005|   -0.052956|    0.008403|
|         164|   -6.565957|   -6.007981|   -0.052985|    0.008403|
|         165|   -6.593073|   -6.035053|   -0.053012|    0.008402|
|         166|   -6.619549|   -6.061649|   -0.053038|    0.008402|
|         167|   -6.644659|   -6.087077|   -0.053063|    0.008402|
|         168|   -6.667573|   -6.110534|   -0.053087|    0.008401|
|         169|   -6.687436|   -6.131174|   -0.053109|    0.008401|
|         170|   -6.703472|   -6.148196|   -0.053130|    0.008401|
|         171|   -6.715125|   -6.160986|   -0.053150|    0.008401|
|         172|   -6.722223|   -6.169276|   -0.053169|    0.008402|
|         173|   -6.724957|   -6.173156|   -0.053186|    0.008402|
|         174|   -6.723857|   -6.173060|   -0.053202|    0.008402|
|         175|   -6.719683|   -6.169689|   -0.053217|    0.008403|
|         176|   -6.713296|   -6.163883|   -0.053231|    0.008403|
|         177|   -6.705530|   -6.156484|   -0.053243|    0.008404|
|         178|   -6.697118|   -6.148250|   -0.053255|    0.008405|
|         179|   -6.688654|   -6.139808|   -0.053266|    0.008405|
|         180|   -6.680602|   -6.131654|   -0.053276|    0.008406|
|         181|   -6.673310|   -6.124164|   -0.053285|    0.008407|
|         182|   -6.667011|   -6.117597|   -0.053293|    0.008408|
|         183|   -6.661873|   -6.112140|   -0.053301|    0.008409|
|         184|   -6.658012|   -6.107924|   -0.053307|    0.008410|
|         185|   -6.655500|   -6.105031|   -0.053313|    0.008411|
|         186|   -6.654371|   -6.103504|   -0.053319|    0.008412|
|         187|   -6.654643|   -6.103368|   -0.053324|    0.008413|
|         188|   -6.656312|   -6.104623|   -0.053328|    0.008414|
|         189|   -6.659367|   -6.107261|   -0.053333|    0.008415|
|         190|   -6.663794|   -6.111268|   -0.053336|    0.008416|
|         191|   -6.669573|   -6.116629|   -0.053340|    0.008417|
|         192|   -6.676620|   -6.123273|   -0.053343|    0.008418|
|         193|   -6.684964|   -6.131224|   -0.053345|    0.008419|
|         194|   -6.694604|   -6.140468|   -0.053348|    0.008420|
|         195|   -6.705505|   -6.150976|   -0.053350|    0.008421|
|         196|   -6.717659|   -6.162739|   -0.053352|    0.008422|
|         197|   -6.731053|   -6.175748|   -0.053354|    0.008423|
|         198|   -6.745672|   -6.189985|   -0.053356|    0.008424|
|         199|   -6.761503|   -6.205438|   -0.053358|    0.008424|
|         200|   -6.778530|   -6.222090|   -0.053360|    0.008425|
|         201|   -6.796736|   -6.239924|   -0.053362|    0.008426|
|         202|   -6.816101|   -6.258921|   -0.053363|    0.008427|
|         203|   -6.836609|   -6.279066|   -0.053365|    0.008428|
|         204|   -6.858241|   -6.300342|   -0.053367|    0.008428|
|         205|   -6.880981|   -6.322731|   -0.053369|    0.008429|
|         206|   -6.904808|   -6.346216|   -0.053370|    0.008430|
|         207|   -6.929699|   -6.370775|   -0.053372|    0.008430|
|         208|   -6.955628|   -6.396385|   -0.053374|    0.008431|
|         209|   -6.982563|   -6.423016|   -0.053376|    0.008432|
|         210|   -7.010466|   -6.450633|   -0.053379|    0.008432|
|         211|   -7.039289|   -6.479193|   -0.053381|    0.008433|
|         212|   -7.068974|   -6.508644|   -0.053383|    0.008433|
|         213|   -7.099454|   -6.538921|   -0.053386|    0.008433|
|         214|   -7.130644|   -6.569947|   -0.053388|    0.008434|
|         215|   -7.162441|   -6.601625|   -0.053391|    0.008434|
|         216|   -7.194725|   -6.633841|   -0.053393|    0.008434|
|         217|   -7.227351|   -6.666455|   -0.053396|    0.008435|
|         218|   -7.260149|   -6.699303|   -0.053399|    0.008435|
|         219|   -7.292925|   -6.732196|   -0.053402|    0.008435|
|         220|   -7.325456|   -6.764912|   -0.053405|    0.008435|
|         221|   -7.357480|   -6.797190|   -0.053408|    0.008435|
|         222|   -7.388765|   -6.828791|   -0.053411|    0.008435|
|         223|   -7.419036|   -6.859433|   -0.053414|    0.008435|
|         224|   -7.447999|   -6.888808|   -0.053417|    0.008435|
|         225|   -7.475367|   -6.916609|   -0.053420|    0.008435|
|         226|   -7.500890|   -6.942568|   -0.053423|    0.008435|
|         227|   -7.524338|   -6.966436|   -0.053426|    0.008435|
|         228|   -7.545529|   -6.988011|   -0.053429|    0.008435|
|         229|   -7.564329|   -7.007143|   -0.053432|    0.008435|
|         230|   -7.580647|   -7.023735|   -0.053435|    0.008435|
|         231|   -7.594446|   -7.037749|   -0.053438|    0.008435|
|         232|   -7.605735|   -7.049206|   -0.053441|    0.008435|
|         233|   -7.614572|   -7.058174|   -0.053444|    0.008435|
|         234|   -7.621052|   -7.064765|   -0.053447|    0.008435|
|         235|   -7.625307|   -7.069128|   -0.053450|    0.008434|
|         236|   -7.627504|   -7.071444|   -0.053452|    0.008434|
|         237|   -7.627829|   -7.071909|   -0.053455|    0.008434|
|         238|   -7.626498|   -7.070741|   -0.053457|    0.008434|
|         239|   -7.623749|   -7.068180|   -0.053459|    0.008434|
|         240|   -7.619822|   -7.064463|   -0.053462|    0.008433|
|         241|   -7.614962|   -7.059826|   -0.053464|    0.008433|
|         242|   -7.609408|   -7.054499|   -0.053466|    0.008433|
|         243|   -7.603386|   -7.048702|   -0.053468|    0.008433|
|         244|   -7.597110|   -7.042639|   -0.053469|    0.008433|
|         245|   -7.590777|   -7.036502|   -0.053471|    0.008432|
|         246|   -7.584563|   -7.030461|   -0.053473|    0.008432|
|         247|   -7.578625|   -7.024670|   -0.053474|    0.008432|
|         248|   -7.573098|   -7.019263|   -0.053475|    0.008432|
|         249|   -7.568102|   -7.014357|   -0.053477|    0.008432|
|         250|   -7.563736|   -7.010051|   -0.053478|    0.008432|
+-----------------------------------------------------------------------+
|        File Writing Summary       |              Filename             |
+-----------------------------------------------------------------------+
|SU2 binary restart                 |restart_flow.dat                   |
|Paraview                           |flow.vtu                           |
|Paraview surface                   |surface_flow.vtu                   |
|CSV file                           |surface_flow.csv                   |
+-----------------------------------------------------------------------+
+----------------------------------------------------------------+
|  Inner_Iter|    rms[Rho]|   rms[RhoE]|          CL|          CD|
+----------------------------------------------------------------+
|         251|   -7.560083|   -7.006429|   -0.053479|    0.008431|
|         252|   -7.557213|   -7.003562|   -0.053480|    0.008431|
|         253|   -7.555183|   -7.001509|   -0.053480|    0.008431|
|         254|   -7.554043|   -7.000320|   -0.053481|    0.008431|
|         255|   -7.553829|   -7.000035|   -0.053482|    0.008431|
|         256|   -7.554575|   -7.000688|   -0.053482|    0.008430|
|         257|   -7.556306|   -7.002305|   -0.053483|    0.008430|
|         258|   -7.559043|   -7.004909|   -0.053483|    0.008430|
|         259|   -7.562803|   -7.008520|   -0.053483|    0.008430|
|         260|   -7.567602|   -7.013153|   -0.053484|    0.008430|
|         261|   -7.573452|   -7.018822|   -0.053484|    0.008430|
|         262|   -7.580364|   -7.025538|   -0.053484|    0.008430|
|         263|   -7.588347|   -7.033314|   -0.053484|    0.008429|
|         264|   -7.597412|   -7.042159|   -0.053484|    0.008429|
|         265|   -7.607568|   -7.052082|   -0.053484|    0.008429|
|         266|   -7.618824|   -7.063095|   -0.053484|    0.008429|
|         267|   -7.631189|   -7.075207|   -0.053484|    0.008429|
|         268|   -7.644675|   -7.088429|   -0.053484|    0.008429|
|         269|   -7.659291|   -7.102772|   -0.053484|    0.008429|
|         270|   -7.675049|   -7.118248|   -0.053483|    0.008429|
|         271|   -7.691961|   -7.134869|   -0.053483|    0.008429|
|         272|   -7.710038|   -7.152646|   -0.053483|    0.008429|
|         273|   -7.729291|   -7.171592|   -0.053483|    0.008428|
|         274|   -7.749730|   -7.191717|   -0.053482|    0.008428|
|         275|   -7.771364|   -7.213031|   -0.053482|    0.008428|
|         276|   -7.794195|   -7.235538|   -0.053482|    0.008428|
|         277|   -7.818223|   -7.259241|   -0.053482|    0.008428|
|         278|   -7.843438|   -7.284131|   -0.053481|    0.008428|
|         279|   -7.869819|   -7.310194|   -0.053481|    0.008428|
|         280|   -7.897329|   -7.337397|   -0.053481|    0.008428|
|         281|   -7.925910|   -7.365690|   -0.053481|    0.008428|
|         282|   -7.955474|   -7.394995|   -0.053480|    0.008428|
|         283|   -7.985895|   -7.425201|   -0.053480|    0.008428|
|         284|   -8.017001|   -7.456150|   -0.053480|    0.008428|
|         285|   -8.048559|   -7.487631|   -0.053480|    0.008428|
|         286|   -8.080266|   -7.519365|   -0.053480|    0.008428|
|         287|   -8.111741|   -7.550994|   -0.053480|    0.008428|
|         288|   -8.142516|   -7.582080|   -0.053479|    0.008428|
|         289|   -8.172051|   -7.612102|   -0.053479|    0.008428|
|         290|   -8.199748|   -7.640476|   -0.053479|    0.008427|
|         291|   -8.225006|   -7.666594|   -0.053479|    0.008427|
|         292|   -8.247278|   -7.689886|   -0.053479|    0.008427|
|         293|   -8.266161|   -7.709896|   -0.053479|    0.008427|
|         294|   -8.281465|   -7.726363|   -0.053479|    0.008427|
|         295|   -8.293251|   -7.739268|   -0.053479|    0.008427|
|         296|   -8.301826|   -7.748847|   -0.053479|    0.008427|
|         297|   -8.307684|   -7.755543|   -0.053479|    0.008427|
|         298|   -8.311430|   -7.759932|   -0.053479|    0.008427|
|         299|   -8.313694|   -7.762643|   -0.053479|    0.008427|
|         300|   -8.315075|   -7.764289|   -0.053479|    0.008427|
|         301|   -8.316101|   -7.765422|   -0.053479|    0.008427|
|         302|   -8.317213|   -7.766510|   -0.053480|    0.008427|
|         303|   -8.318766|   -7.767933|   -0.053480|    0.008427|
|         304|   -8.321032|   -7.769987|   -0.053480|    0.008427|
|         305|   -8.324221|   -7.772901|   -0.053480|    0.008427|
|         306|   -8.328485|   -7.776842|   -0.053480|    0.008427|
|         307|   -8.333933|   -7.781932|   -0.053480|    0.008427|
|         308|   -8.340641|   -7.788257|   -0.053481|    0.008427|
|         309|   -8.348660|   -7.795875|   -0.053481|    0.008427|
|         310|   -8.358021|   -7.804823|   -0.053481|    0.008427|
|         311|   -8.368739|   -7.815120|   -0.053481|    0.008427|
|         312|   -8.380816|   -7.826773|   -0.053481|    0.008427|
|         313|   -8.394243|   -7.839776|   -0.053481|    0.008427|
|         314|   -8.409002|   -7.854111|   -0.053482|    0.008427|
|         315|   -8.425060|   -7.869752|   -0.053482|    0.008427|
|         316|   -8.442374|   -7.886656|   -0.053482|    0.008427|
|         317|   -8.460882|   -7.904768|   -0.053482|    0.008427|
|         318|   -8.480505|   -7.924013|   -0.053482|    0.008427|
|         319|   -8.501138|   -7.944293|   -0.053483|    0.008427|
|         320|   -8.522647|   -7.965483|   -0.053483|    0.008427|
|         321|   -8.544862|   -7.987422|   -0.053483|    0.008427|
|         322|   -8.567568|   -8.009908|   -0.053483|    0.008427|
|         323|   -8.590504|   -8.032694|   -0.053483|    0.008427|
|         324|   -8.613356|   -8.055482|   -0.053484|    0.008427|
|         325|   -8.635759|   -8.077921|   -0.053484|    0.008427|
|         326|   -8.657307|   -8.099618|   -0.053484|    0.008427|
|         327|   -8.677569|   -8.120147|   -0.053484|    0.008427|
|         328|   -8.696114|   -8.139080|   -0.053484|    0.008427|
|         329|   -8.712553|   -8.156015|   -0.053484|    0.008427|
|         330|   -8.726578|   -8.170620|   -0.053485|    0.008427|
|         331|   -8.737999|   -8.182673|   -0.053485|    0.008427|
|         332|   -8.746774|   -8.192091|   -0.053485|    0.008427|
|         333|   -8.753014|   -8.198946|   -0.053485|    0.008427|
|         334|   -8.756968|   -8.203450|   -0.053485|    0.008427|
|         335|   -8.758987|   -8.205930|   -0.053485|    0.008427|
|         336|   -8.759482|   -8.206783|   -0.053485|    0.008427|
|         337|   -8.758883|   -8.206435|   -0.053485|    0.008427|
|         338|   -8.757599|   -8.205301|   -0.053486|    0.008427|
|         339|   -8.756001|   -8.203762|   -0.053486|    0.008427|
|         340|   -8.754407|   -8.202148|   -0.053486|    0.008427|
|         341|   -8.753080|   -8.200737|   -0.053486|    0.008427|
|         342|   -8.752233|   -8.199753|   -0.053486|    0.008427|
|         343|   -8.752031|   -8.199372|   -0.053486|    0.008427|
|         344|   -8.752600|   -8.199730|   -0.053486|    0.008427|
|         345|   -8.754034|   -8.200928|   -0.053486|    0.008427|
|         346|   -8.756400|   -8.203039|   -0.053486|    0.008427|
|         347|   -8.759745|   -8.206115|   -0.053486|    0.008427|
|         348|   -8.764101|   -8.210191|   -0.053486|    0.008427|
|         349|   -8.769486|   -8.215289|   -0.053486|    0.008427|
|         350|   -8.775909|   -8.221420|   -0.053486|    0.008427|
|         351|   -8.783373|   -8.228590|   -0.053486|    0.008428|
|         352|   -8.791874|   -8.236795|   -0.053486|    0.008428|
|         353|   -8.801406|   -8.246032|   -0.053486|    0.008428|
|         354|   -8.811959|   -8.256290|   -0.053486|    0.008428|
|         355|   -8.823520|   -8.267558|   -0.053487|    0.008428|
|         356|   -8.836077|   -8.279824|   -0.053487|    0.008428|
|         357|   -8.849613|   -8.293073|   -0.053487|    0.008428|
|         358|   -8.864113|   -8.307289|   -0.053487|    0.008428|
|         359|   -8.879559|   -8.322455|   -0.053487|    0.008428|
|         360|   -8.895932|   -8.338553|   -0.053487|    0.008428|
|         361|   -8.913212|   -8.355562|   -0.053487|    0.008428|
|         362|   -8.931376|   -8.373462|   -0.053487|    0.008428|
|         363|   -8.950400|   -8.392228|   -0.053487|    0.008428|
|         364|   -8.970257|   -8.411834|   -0.053487|    0.008428|
|         365|   -8.990915|   -8.432250|   -0.053487|    0.008428|
|         366|   -9.012339|   -8.453441|   -0.053487|    0.008428|
|         367|   -9.034487|   -8.475368|   -0.053487|    0.008428|
|         368|   -9.057313|   -8.497984|   -0.053487|    0.008428|
|         369|   -9.080758|   -8.521235|   -0.053487|    0.008428|
|         370|   -9.104758|   -8.545057|   -0.053487|    0.008428|
|         371|   -9.129234|   -8.569374|   -0.053487|    0.008428|
|         372|   -9.154093|   -8.594097|   -0.053487|    0.008428|
|         373|   -9.179229|   -8.619122|   -0.053487|    0.008428|
|         374|   -9.204514|   -8.644325|   -0.053487|    0.008428|
|         375|   -9.229804|   -8.669565|   -0.053487|    0.008428|
|         376|   -9.254933|   -8.694680|   -0.053487|    0.008428|
|         377|   -9.279714|   -8.719487|   -0.053487|    0.008428|
|         378|   -9.303942|   -8.743783|   -0.053487|    0.008428|
|         379|   -9.327397|   -8.767351|   -0.053487|    0.008428|
|         380|   -9.349852|   -8.789963|   -0.053487|    0.008428|
|         381|   -9.371083|   -8.811393|   -0.053487|    0.008428|
|         382|   -9.390877|   -8.831424|   -0.053487|    0.008428|
|         383|   -9.409049|   -8.849865|   -0.053487|    0.008428|
|         384|   -9.425456|   -8.866563|   -0.053487|    0.008428|
|         385|   -9.440006|   -8.881417|   -0.053487|    0.008428|
|         386|   -9.452666|   -8.894382|   -0.053487|    0.008428|
|         387|   -9.463465|   -8.905477|   -0.053487|    0.008428|
|         388|   -9.472489|   -8.914779|   -0.053487|    0.008428|
|         389|   -9.479874|   -8.922417|   -0.053487|    0.008428|
|         390|   -9.485793|   -8.928558|   -0.053487|    0.008428|
|         391|   -9.490443|   -8.933397|   -0.053487|    0.008428|
|         392|   -9.494030|   -8.937140|   -0.053487|    0.008428|
|         393|   -9.496762|   -8.939998|   -0.053487|    0.008428|
|         394|   -9.498837|   -8.942170|   -0.053487|    0.008428|
|         395|   -9.500440|   -8.943844|   -0.053487|    0.008428|
|         396|   -9.501738|   -8.945190|   -0.053487|    0.008428|
|         397|   -9.502878|   -8.946360|   -0.053487|    0.008428|
|         398|   -9.503990|   -8.947485|   -0.053487|    0.008428|
|         399|   -9.505186|   -8.948680|   -0.053487|    0.008428|
|         400|   -9.506562|   -8.950044|   -0.053487|    0.008428|
|         401|   -9.508200|   -8.951660|   -0.053487|    0.008428|
|         402|   -9.510172|   -8.953599|   -0.053487|    0.008428|
|         403|   -9.512537|   -8.955923|   -0.053487|    0.008428|
|         404|   -9.515347|   -8.958685|   -0.053487|    0.008428|
|         405|   -9.518648|   -8.961930|   -0.053487|    0.008428|
|         406|   -9.522479|   -8.965697|   -0.053487|    0.008428|
|         407|   -9.526875|   -8.970021|   -0.053487|    0.008428|
|         408|   -9.531866|   -8.974933|   -0.053487|    0.008428|
|         409|   -9.537481|   -8.980460|   -0.053487|    0.008428|
|         410|   -9.543745|   -8.986629|   -0.053487|    0.008428|
|         411|   -9.550682|   -8.993461|   -0.053487|    0.008428|
|         412|   -9.558313|   -9.000980|   -0.053487|    0.008428|
|         413|   -9.566659|   -9.009204|   -0.053487|    0.008428|
|         414|   -9.575740|   -9.018154|   -0.053487|    0.008428|
|         415|   -9.585574|   -9.027849|   -0.053487|    0.008428|
|         416|   -9.596180|   -9.038305|   -0.053487|    0.008428|
|         417|   -9.607575|   -9.049540|   -0.053487|    0.008428|
|         418|   -9.619776|   -9.061572|   -0.053487|    0.008428|
|         419|   -9.632800|   -9.074415|   -0.053487|    0.008428|
|         420|   -9.646661|   -9.088087|   -0.053487|    0.008428|
|         421|   -9.661375|   -9.102600|   -0.053487|    0.008428|
|         422|   -9.676955|   -9.117971|   -0.053487|    0.008428|
|         423|   -9.693414|   -9.134210|   -0.053487|    0.008428|
|         424|   -9.710762|   -9.151329|   -0.053487|    0.008428|
|         425|   -9.729008|   -9.169337|   -0.053487|    0.008428|
|         426|   -9.748156|   -9.188238|   -0.053487|    0.008428|
|         427|   -9.768206|   -9.208035|   -0.053487|    0.008428|
|         428|   -9.789152|   -9.228722|   -0.053487|    0.008428|
|         429|   -9.810980|   -9.250288|   -0.053487|    0.008428|
|         430|   -9.833665|   -9.272712|   -0.053487|    0.008428|
|         431|   -9.857171|   -9.295961|   -0.053487|    0.008428|
|         432|   -9.881441|   -9.319984|   -0.053487|    0.008428|
|         433|   -9.906402|   -9.344713|   -0.053487|    0.008428|
|         434|   -9.931948|   -9.370054|   -0.053487|    0.008428|
|         435|   -9.957947|   -9.395883|   -0.053487|    0.008428|
|         436|   -9.984225|   -9.422042|   -0.053487|    0.008428|
|         437|  -10.010566|   -9.448330|   -0.053487|    0.008428|
|         438|  -10.036706|   -9.474500|   -0.053487|    0.008428|
|         439|  -10.062332|   -9.500259|   -0.053487|    0.008428|
|         440|  -10.087088|   -9.525269|   -0.053487|    0.008428|
|         441|  -10.110585|   -9.549154|   -0.053487|    0.008428|
|         442|  -10.132422|   -9.571523|   -0.053487|    0.008428|
|         443|  -10.152220|   -9.591993|   -0.053487|    0.008428|
|         444|  -10.169659|   -9.610226|   -0.053487|    0.008428|
|         445|  -10.184520|   -9.625972|   -0.053487|    0.008428|
|         446|  -10.196712|   -9.639100|   -0.053487|    0.008428|
|         447|  -10.206291|   -9.649617|   -0.053487|    0.008428|
|         448|  -10.213450|   -9.657670|   -0.053487|    0.008428|
|         449|  -10.218492|   -9.663523|   -0.053487|    0.008428|
|         450|  -10.221792|   -9.667525|   -0.053487|    0.008428|
|         451|  -10.223756|   -9.670070|   -0.053487|    0.008428|
|         452|  -10.224790|   -9.671556|   -0.053487|    0.008428|
|         453|  -10.225268|   -9.672366|   -0.053487|    0.008428|
|         454|  -10.225522|   -9.672840|   -0.053487|    0.008428|
|         455|  -10.225834|   -9.673274|   -0.053487|    0.008428|
|         456|  -10.226436|   -9.673912|   -0.053487|    0.008428|
|         457|  -10.227512|   -9.674953|   -0.053487|    0.008428|
|         458|  -10.229206|   -9.676553|   -0.053487|    0.008428|
|         459|  -10.231627|   -9.678831|   -0.053487|    0.008428|
|         460|  -10.234856|   -9.681878|   -0.053487|    0.008428|
|         461|  -10.238949|   -9.685757|   -0.053487|    0.008428|
|         462|  -10.243944|   -9.690514|   -0.053487|    0.008428|
|         463|  -10.249864|   -9.696177|   -0.053487|    0.008428|
|         464|  -10.256719|   -9.702760|   -0.053487|    0.008428|
|         465|  -10.264511|   -9.710268|   -0.053487|    0.008428|
|         466|  -10.273231|   -9.718695|   -0.053487|    0.008428|
|         467|  -10.282863|   -9.728030|   -0.053487|    0.008428|
|         468|  -10.293386|   -9.738253|   -0.053487|    0.008428|
|         469|  -10.304773|   -9.749338|   -0.053487|    0.008428|
|         470|  -10.316989|   -9.761253|   -0.053487|    0.008428|
|         471|  -10.329993|   -9.773960|   -0.053487|    0.008428|
|         472|  -10.343739|   -9.787413|   -0.053487|    0.008428|
|         473|  -10.358171|   -9.801559|   -0.053487|    0.008428|
|         474|  -10.373228|   -9.816339|   -0.053487|    0.008428|
|         475|  -10.388836|   -9.831684|   -0.053487|    0.008428|
|         476|  -10.404916|   -9.847515|   -0.053487|    0.008428|
|         477|  -10.421377|   -9.863746|   -0.053487|    0.008428|
|         478|  -10.438118|   -9.880279|   -0.053487|    0.008428|
|         479|  -10.455029|   -9.897007|   -0.053487|    0.008428|
|         480|  -10.471990|   -9.913815|   -0.053487|    0.008428|
|         481|  -10.488875|   -9.930579|   -0.053487|    0.008428|
|         482|  -10.505553|   -9.947171|   -0.053487|    0.008428|
|         483|  -10.521892|   -9.963462|   -0.053487|    0.008428|
|         484|  -10.537764|   -9.979324|   -0.053487|    0.008428|
|         485|  -10.553048|   -9.994636|   -0.053487|    0.008428|
|         486|  -10.567636|  -10.009290|   -0.053487|    0.008428|
|         487|  -10.581441|  -10.023194|   -0.053487|    0.008428|
|         488|  -10.594397|  -10.036277|   -0.053487|    0.008428|
|         489|  -10.606464|  -10.048496|   -0.053487|    0.008428|
|         490|  -10.617633|  -10.059832|   -0.053487|    0.008428|
|         491|  -10.627921|  -10.070297|   -0.053487|    0.008428|
|         492|  -10.637375|  -10.079930|   -0.053487|    0.008428|
|         493|  -10.646065|  -10.088796|   -0.053487|    0.008428|
|         494|  -10.654084|  -10.096980|   -0.053487|    0.008428|
|         495|  -10.661538|  -10.104586|   -0.053487|    0.008428|
|         496|  -10.668544|  -10.111725|   -0.053487|    0.008428|
|         497|  -10.675225|  -10.118517|   -0.053487|    0.008428|
|         498|  -10.681699|  -10.125082|   -0.053487|    0.008428|
|         499|  -10.688085|  -10.131536|   -0.053487|    0.008428|
|         500|  -10.694491|  -10.137987|   -0.053487|    0.008428|
+-----------------------------------------------------------------------+
|        File Writing Summary       |              Filename             |
+-----------------------------------------------------------------------+
|SU2 binary restart                 |restart_flow.dat                   |
|Paraview                           |flow.vtu                           |
|Paraview surface                   |surface_flow.vtu                   |
|CSV file                           |surface_flow.csv                   |
+-----------------------------------------------------------------------+
+----------------------------------------------------------------+
|  Inner_Iter|    rms[Rho]|   rms[RhoE]|          CL|          CD|
+----------------------------------------------------------------+
|         501|  -10.701017|  -10.144537|   -0.053487|    0.008428|
|         502|  -10.707752|  -10.151276|   -0.053487|    0.008428|
|         503|  -10.714775|  -10.158285|   -0.053487|    0.008428|
|         504|  -10.722153|  -10.165633|   -0.053487|    0.008428|
|         505|  -10.729946|  -10.173379|   -0.053487|    0.008428|
|         506|  -10.738199|  -10.181574|   -0.053487|    0.008428|
|         507|  -10.746953|  -10.190257|   -0.053487|    0.008428|
|         508|  -10.756239|  -10.199461|   -0.053487|    0.008428|
|         509|  -10.766079|  -10.209212|   -0.053487|    0.008428|
|         510|  -10.776492|  -10.219529|   -0.053487|    0.008428|
|         511|  -10.787487|  -10.230422|   -0.053487|    0.008428|
|         512|  -10.799070|  -10.241900|   -0.053487|    0.008428|
|         513|  -10.811242|  -10.253963|   -0.053487|    0.008428|
|         514|  -10.823998|  -10.266609|   -0.053487|    0.008428|
|         515|  -10.837328|  -10.279829|   -0.053487|    0.008428|
|         516|  -10.851220|  -10.293612|   -0.053487|    0.008428|
|         517|  -10.865655|  -10.307939|   -0.053487|    0.008428|
|         518|  -10.880611|  -10.322790|   -0.053487|    0.008428|
|         519|  -10.896059|  -10.338139|   -0.053487|    0.008428|
|         520|  -10.911968|  -10.353953|   -0.053487|    0.008428|
|         521|  -10.928299|  -10.370197|   -0.053487|    0.008428|
|         522|  -10.945010|  -10.386828|   -0.053487|    0.008428|
|         523|  -10.962050|  -10.403798|   -0.053487|    0.008428|
|         524|  -10.979366|  -10.421053|   -0.053487|    0.008428|
|         525|  -10.996894|  -10.438534|   -0.053487|    0.008428|
|         526|  -11.014568|  -10.456172|   -0.053487|    0.008428|
|         527|  -11.032312|  -10.473895|   -0.053487|    0.008428|
|         528|  -11.050048|  -10.491624|   -0.053487|    0.008428|
|         529|  -11.067690|  -10.509274|   -0.053487|    0.008428|
|         530|  -11.085150|  -10.526759|   -0.053487|    0.008428|
|         531|  -11.102337|  -10.543986|   -0.053487|    0.008428|
|         532|  -11.119160|  -10.560865|   -0.053487|    0.008428|
|         533|  -11.135531|  -10.577306|   -0.053487|    0.008428|
|         534|  -11.151366|  -10.593223|   -0.053487|    0.008428|
|         535|  -11.166591|  -10.608540|   -0.053487|    0.008428|
|         536|  -11.181141|  -10.623190|   -0.053487|    0.008428|
|         537|  -11.194966|  -10.637119|   -0.053487|    0.008428|
|         538|  -11.208031|  -10.650289|   -0.053487|    0.008428|
|         539|  -11.220320|  -10.662680|   -0.053487|    0.008428|
|         540|  -11.231832|  -10.674289|   -0.053487|    0.008428|
|         541|  -11.242588|  -10.685132|   -0.053487|    0.008428|
|         542|  -11.252623|  -10.695242|   -0.053487|    0.008428|
|         543|  -11.261986|  -10.704666|   -0.053487|    0.008428|
|         544|  -11.270739|  -10.713465|   -0.053487|    0.008428|
|         545|  -11.278955|  -10.721710|   -0.053487|    0.008428|
|         546|  -11.286711|  -10.729479|   -0.053487|    0.008428|
|         547|  -11.294088|  -10.736852|   -0.053487|    0.008428|
|         548|  -11.301169|  -10.743913|   -0.053487|    0.008428|
|         549|  -11.308035|  -10.750745|   -0.053487|    0.008428|
|         550|  -11.314765|  -10.757426|   -0.053487|    0.008428|
|         551|  -11.321435|  -10.764035|   -0.053487|    0.008428|
|         552|  -11.328114|  -10.770641|   -0.053487|    0.008428|
|         553|  -11.334867|  -10.777311|   -0.053487|    0.008428|
|         554|  -11.341754|  -10.784106|   -0.053487|    0.008428|
|         555|  -11.348829|  -10.791081|   -0.053487|    0.008428|
|         556|  -11.356140|  -10.798285|   -0.053487|    0.008428|
|         557|  -11.363733|  -10.805764|   -0.053487|    0.008428|
|         558|  -11.371645|  -10.813557|   -0.053487|    0.008428|
|         559|  -11.379913|  -10.821700|   -0.053487|    0.008428|
|         560|  -11.388567|  -10.830226|   -0.053487|    0.008428|
|         561|  -11.397638|  -10.839162|   -0.053487|    0.008428|
|         562|  -11.407148|  -10.848535|   -0.053487|    0.008428|
|         563|  -11.417123|  -10.858368|   -0.053487|    0.008428|
|         564|  -11.427581|  -10.868680|   -0.053487|    0.008428|
|         565|  -11.438541|  -10.879491|   -0.053487|    0.008428|
|         566|  -11.450021|  -10.890818|   -0.053487|    0.008428|
|         567|  -11.462035|  -10.902674|   -0.053487|    0.008428|
|         568|  -11.474596|  -10.915075|   -0.053487|    0.008428|
|         569|  -11.487716|  -10.928030|   -0.053487|    0.008428|
|         570|  -11.501405|  -10.941552|   -0.053487|    0.008428|
|         571|  -11.515673|  -10.955648|   -0.053487|    0.008428|
|         572|  -11.530525|  -10.970325|   -0.053487|    0.008428|
|         573|  -11.545967|  -10.985589|   -0.053487|    0.008428|
|         574|  -11.562001|  -11.001443|   -0.053487|    0.008428|
|         575|  -11.578627|  -11.017887|   -0.053487|    0.008428|
|         576|  -11.595842|  -11.034918|   -0.053487|    0.008428|
|         577|  -11.613637|  -11.052530|   -0.053487|    0.008428|
|         578|  -11.632001|  -11.070712|   -0.053487|    0.008428|
|         579|  -11.650916|  -11.089447|   -0.053487|    0.008428|
|         580|  -11.670356|  -11.108714|   -0.053487|    0.008428|
|         581|  -11.690290|  -11.128482|   -0.053487|    0.008428|
|         582|  -11.710673|  -11.148710|   -0.053487|    0.008428|
|         583|  -11.731452|  -11.169351|   -0.053487|    0.008428|
|         584|  -11.752560|  -11.190340|   -0.053487|    0.008428|
|         585|  -11.773913|  -11.211600|   -0.053487|    0.008428|
|         586|  -11.795413|  -11.233041|   -0.053487|    0.008428|
|         587|  -11.816941|  -11.254549|   -0.053487|    0.008428|
|         588|  -11.838363|  -11.275998|   -0.053487|    0.008428|
|         589|  -11.859520|  -11.297241|   -0.053487|    0.008428|
|         590|  -11.880240|  -11.318108|   -0.053487|    0.008428|
|         591|  -11.900338|  -11.338425|   -0.053487|    0.008428|
|         592|  -11.919620|  -11.358002|   -0.053487|    0.008428|
|         593|  -11.937894|  -11.376646|   -0.053487|    0.008428|
|         594|  -11.954976|  -11.394173|   -0.053487|    0.008428|
|         595|  -11.970711|  -11.410423|   -0.053487|    0.008428|
|         596|  -11.984977|  -11.425260|   -0.053487|    0.008428|
|         597|  -11.997695|  -11.438590|   -0.053487|    0.008428|
|         598|  -12.008844|  -11.450376|   -0.053487|    0.008428|
|         599|  -12.018455|  -11.460626|   -0.053487|    0.008428|
|         600|  -12.026611|  -11.469406|   -0.053487|    0.008428|
|         601|  -12.033443|  -11.476826|   -0.053487|    0.008428|
|         602|  -12.039111|  -11.483034|   -0.053487|    0.008428|
|         603|  -12.043802|  -11.488206|   -0.053487|    0.008428|
|         604|  -12.047715|  -11.492533|   -0.053487|    0.008428|
|         605|  -12.051045|  -11.496206|   -0.053487|    0.008428|
|         606|  -12.053981|  -11.499417|   -0.053487|    0.008428|
|         607|  -12.056698|  -11.502341|   -0.053487|    0.008428|
|         608|  -12.059353|  -11.505141|   -0.053487|    0.008428|
|         609|  -12.062081|  -11.507956|   -0.053487|    0.008428|
|         610|  -12.065003|  -11.510912|   -0.053487|    0.008428|
|         611|  -12.068215|  -11.514114|   -0.053487|    0.008428|
|         612|  -12.071799|  -11.517647|   -0.053487|    0.008428|
|         613|  -12.075821|  -11.521583|   -0.053487|    0.008428|
|         614|  -12.080331|  -11.525979|   -0.053487|    0.008428|
|         615|  -12.085371|  -11.530879|   -0.053487|    0.008428|
|         616|  -12.090966|  -11.536313|   -0.053487|    0.008428|
|         617|  -12.097140|  -11.542309|   -0.053487|    0.008428|
|         618|  -12.103903|  -11.548880|   -0.053487|    0.008428|
|         619|  -12.111260|  -11.556033|   -0.053487|    0.008428|
|         620|  -12.119211|  -11.563772|   -0.053487|    0.008428|
|         621|  -12.127753|  -11.572094|   -0.053487|    0.008428|
|         622|  -12.136873|  -11.580990|   -0.053487|    0.008428|
|         623|  -12.146561|  -11.590449|   -0.053487|    0.008428|
|         624|  -12.156797|  -11.600454|   -0.053487|    0.008428|
|         625|  -12.167560|  -11.610988|   -0.053487|    0.008428|
|         626|  -12.178828|  -11.622026|   -0.053487|    0.008428|
|         627|  -12.190573|  -11.633543|   -0.053487|    0.008428|
|         628|  -12.202764|  -11.645510|   -0.053487|    0.008428|
|         629|  -12.215369|  -11.657896|   -0.053487|    0.008428|
|         630|  -12.228351|  -11.670665|   -0.053487|    0.008428|
|         631|  -12.241671|  -11.683781|   -0.053487|    0.008428|
|         632|  -12.255289|  -11.697201|   -0.053487|    0.008428|
|         633|  -12.269158|  -11.710884|   -0.053487|    0.008428|
|         634|  -12.283235|  -11.724787|   -0.053487|    0.008428|
|         635|  -12.297470|  -11.738859|   -0.053487|    0.008428|
|         636|  -12.311815|  -11.753056|   -0.053487|    0.008428|
|         637|  -12.326219|  -11.767328|   -0.053487|    0.008428|
|         638|  -12.340635|  -11.781627|   -0.053487|    0.008428|
|         639|  -12.355011|  -11.795904|   -0.053487|    0.008428|
|         640|  -12.369301|  -11.810112|   -0.053487|    0.008428|
|         641|  -12.383464|  -11.824211|   -0.053487|    0.008428|
|         642|  -12.397452|  -11.838156|   -0.053487|    0.008428|
|         643|  -12.411233|  -11.851910|   -0.053487|    0.008428|
|         644|  -12.424774|  -11.865443|   -0.053487|    0.008428|
|         645|  -12.438054|  -11.878731|   -0.053487|    0.008428|
|         646|  -12.451049|  -11.891752|   -0.053487|    0.008428|
|         647|  -12.463749|  -11.904492|   -0.053487|    0.008428|
|         648|  -12.476150|  -11.916947|   -0.053487|    0.008428|
|         649|  -12.488254|  -11.929116|   -0.053487|    0.008428|
|         650|  -12.500070|  -11.941007|   -0.053487|    0.008428|
|         651|  -12.511620|  -11.952640|   -0.053487|    0.008428|
|         652|  -12.522920|  -11.964031|   -0.053487|    0.008428|
|         653|  -12.534004|  -11.975211|   -0.053487|    0.008428|
|         654|  -12.544900|  -11.986203|   -0.053487|    0.008428|
|         655|  -12.555648|  -11.997051|   -0.053487|    0.008428|
|         656|  -12.566281|  -12.007782|   -0.053487|    0.008428|
|         657|  -12.576843|  -12.018440|   -0.053487|    0.008428|
|         658|  -12.587368|  -12.029057|   -0.053487|    0.008428|
|         659|  -12.597897|  -12.039674|   -0.053487|    0.008428|
|         660|  -12.608463|  -12.050327|   -0.053487|    0.008428|
|         661|  -12.619096|  -12.061040|   -0.053487|    0.008428|
|         662|  -12.629830|  -12.071848|   -0.053487|    0.008428|
|         663|  -12.640692|  -12.082780|   -0.053487|    0.008428|
|         664|  -12.651704|  -12.093859|   -0.053487|    0.008428|
|         665|  -12.662878|  -12.105091|   -0.053487|    0.008428|
|         666|  -12.674237|  -12.116508|   -0.053487|    0.008428|
|         667|  -12.685786|  -12.128106|   -0.053487|    0.008428|
|         668|  -12.697534|  -12.139902|   -0.053487|    0.008428|
|         669|  -12.709481|  -12.151893|   -0.053487|    0.008428|
|         670|  -12.721635|  -12.164089|   -0.053487|    0.008428|
|         671|  -12.733978|  -12.176469|   -0.053487|    0.008428|
|         672|  -12.746503|  -12.189035|   -0.053487|    0.008428|
|         673|  -12.759196|  -12.201762|   -0.053487|    0.008428|
|         674|  -12.772047|  -12.214648|   -0.053487|    0.008428|
|         675|  -12.785032|  -12.227663|   -0.053487|    0.008428|
|         676|  -12.798125|  -12.240794|   -0.053487|    0.008428|
|         677|  -12.811304|  -12.254005|   -0.053487|    0.008428|
|         678|  -12.824541|  -12.267276|   -0.053487|    0.008428|
|         679|  -12.837801|  -12.280571|   -0.053487|    0.008428|
|         680|  -12.851064|  -12.293866|   -0.053487|    0.008428|
|         681|  -12.864289|  -12.307127|   -0.053487|    0.008428|
|         682|  -12.877445|  -12.320315|   -0.053487|    0.008428|
|         683|  -12.890499|  -12.333398|   -0.053487|    0.008428|
|         684|  -12.903423|  -12.346356|   -0.053487|    0.008428|
|         685|  -12.916181|  -12.359140|   -0.053487|    0.008428|
|         686|  -12.928754|  -12.371734|   -0.053487|    0.008428|
|         687|  -12.941116|  -12.384116|   -0.053487|    0.008428|
|         688|  -12.953244|  -12.396259|   -0.053487|    0.008428|
|         689|  -12.965123|  -12.408148|   -0.053487|    0.008428|
|         690|  -12.976744|  -12.419775|   -0.053487|    0.008428|
|         691|  -12.988095|  -12.431121|   -0.053487|    0.008428|
|         692|  -12.999185|  -12.442200|   -0.053487|    0.008428|
|         693|  -13.010016|  -12.453009|   -0.053487|    0.008428|

----------------------------- Solver Exit -------------------------------
All convergence criteria satisfied.
+-----------------------------------------------------------------------+
|      Convergence Field     |     Value    |   Criterion  |  Converged |
+-----------------------------------------------------------------------+
|                    rms[Rho]|        -13.01|         < -13|         Yes|
+-----------------------------------------------------------------------+
-------------------------------------------------------------------------
+-----------------------------------------------------------------------+
|        File Writing Summary       |              Filename             |
+-----------------------------------------------------------------------+
|SU2 binary restart                 |restart_flow.dat                   |
|Paraview                           |flow.vtu                           |
|Paraview surface                   |surface_flow.vtu                   |
|CSV file                           |surface_flow.csv                   |
+-----------------------------------------------------------------------+

--------------------------- Finalizing Solver ---------------------------
Deleted CNumerics container.
Deleted CIntegration container.
Deleted CSolver container.
Deleted CIteration container.
Deleted CInterface container.
Deleted CGeometry container.
Deleted CFreeFormDefBox class.
Deleted CSurfaceMovement class.
Deleted CVolumetricMovement class.
Deleted CConfig container.
Deleted nInst container.
Deleted COutput class.
-------------------------------------------------------------------------

------------------------- Exit Success (SU2_CFD) ------------------------

