
-------------------------------------------------------------------------
|    ___ _   _ ___                                                      |
|   / __| | | |_  )   Release 8.3.0 "Harrier"                           |
|   \__ \ |_| |/ /                                                      |
|   |___/\___//___|   Suite (Computational Fluid Dynamics Code)         |
|                                                                       |
-------------------------------------------------------------------------
| SU2 Project Website: https://su2code.github.io                        |
|                                                                       |
| The SU2 Project is maintained by the SU2 Foundation                   |
| (http://su2foundation.org)                                            |
-------------------------------------------------------------------------
| Copyright 2012-2025, SU2 Contributors                                 |
|                                                                       |
| SU2 is free software; you can redistribute it and/or                  |
| modify it under the terms of the GNU Lesser General Public            |
| License as published by the Free Software Foundation; either          |
| version 2.1 of the License, or (at your option) any later version.    |
|                                                                       |
| SU2 is distributed in the hope that it will be useful,                |
| but WITHOUT ANY WARRANTY; without even the implied warranty of        |
| MERCHANTABILITY or FITNESS FOR A PARTICULAR PURPOSE. See the GNU      |
| Lesser General Public License for more details.                       |
|                                                                       |
| You should have received a copy of the GNU Lesser General Public      |
| License along with SU2. If not, see <http://www.gnu.org/licenses/>.   |
-------------------------------------------------------------------------

Parsing config file for zone 0

----------------- Physical Case Definition ( Zone 0 ) -------------------
Compressible Euler equations.
Mach number: 0.8.
Angle of attack (AoA): 1.25 deg, and angle of sideslip (AoS): 0 deg.
No restart solution, use the values at infinity (freestream).
Non-Dimensional simulation (P=1.0, Rho=1.0, T=1.0 at the farfield).
The reference area is 1 m^2.
The semi-span will be computed using the max y(3D) value.
The reference length is 1 m.
Reference origin for moment evaluation is (0.25, 0, 0).
Surface(s) where the force coefficients are evaluated: airfoil.

Surface(s) plotted in the output file: airfoil.
Surface(s) affected by the design variables: airfoil.
Input mesh file name: mesh_NACA0012_inv_deform.su2

--------------- Space Numerical Integration ( Zone 0 ) ------------------
Jameson-Schmidt-Turkel scheme (2nd order in space) for the flow inviscid terms.
JST viscous coefficients (2nd & 4th): 0.5, 0.02.
The method includes a grid stretching correction (p = 0.3).
Gradient for viscous and source terms: Green-Gauss.

--------------- Time Numerical Integration  ( Zone 0 ) ------------------
Local time stepping (steady state simulation).
Euler implicit method for the flow equations.
FGMRES is used for solving the linear system.
Using a LU-SGS preconditioning.
Convergence criteria of the linear solver: 0.0001.
Max number of linear iterations: 2.
V Multigrid Cycle, with 2 multigrid levels.
Damping factor for the residual restriction: 1.
Damping factor for the correction prolongation: 1.
No CFL adaptation.
+-------------------------------------------+
|  MG Level| Presmooth|PostSmooth|CorrectSmo|
+-------------------------------------------+
|         0|         1|         0|         0|
|         1|         2|         0|         0|
|         2|         3|         0|         0|
+-------------------------------------------+
Courant-Friedrichs-Lewy number:       10

------------------ Convergence Criteria  ( Zone 0 ) ---------------------
Maximum number of solver subiterations: 1000.
Begin convergence monitoring at iteration 10.
Residual minimum value: 1e-13.
Cauchy series min. value: 1e-06.
Number of Cauchy elements: 100.
Begin windowed time average at iteration 0.

-------------------- Output Information ( Zone 0 ) ----------------------
File writing frequency: 
+------------------------------------+
|                     File| Frequency|
+------------------------------------+
|                  RESTART|       250|
|                 PARAVIEW|       250|
|         SURFACE_PARAVIEW|       250|
|              SURFACE_CSV|       250|
+------------------------------------+
Writing the convergence history file every 1 inner iterations.
Writing the screen convergence history every 1 inner iterations.
The tabular file format is CSV (.csv).
Convergence history file name: history_direct.
Forces breakdown file name: forces_breakdown.dat.
Surface file name: surface_flow.
Volume file name: flow.
Restart file name: restart_flow.

------------- Config File Boundary Information ( Zone 0 ) ---------------
+-----------------------------------------------------------------------+
|                        Marker Type|                        Marker Name|
+-----------------------------------------------------------------------+
|                         Euler wall|                            airfoil|
+-----------------------------------------------------------------------+
|                          Far-field|                           farfield|
+-----------------------------------------------------------------------+

-------------------- Output Preprocessing ( Zone 0 ) --------------------

WARNING: SURFACE_PRESSURE_DROP can only be computed for at least 2 surfaces (outlet, inlet, ...)

Screen output fields: INNER_ITER, RMS_DENSITY, RMS_ENERGY, LIFT, DRAG
History output group(s): ITER, RMS_RES, AERO_COEFF
Convergence field(s): RMS_DENSITY
Warning: No (valid) fields chosen for time convergence monitoring. Time convergence monitoring inactive.
Volume output fields: COORDINATES, SOLUTION, PRIMITIVE

------------------- Geometry Preprocessing ( Zone 0 ) -------------------
Two dimensional problem.
5233 grid points.
10216 volume elements.
2 surface markers.
200 boundary elements in index 0 (Marker = airfoil).
50 boundary elements in index 1 (Marker = farfield).
10216 triangles.
Setting point connectivity.
Renumbering points (Reverse Cuthill McKee Ordering).
Recomputing point connectivity.
Setting element connectivity.
Checking the numerical grid orientation.
All volume elements are correctly oriented.
All surface elements are correctly oriented.
Identifying edges and vertices.
Setting the control volume structure.
Area of the computational grid: 1253.25.
Searching for the closest normal neighbors to the surfaces.
Storing a mapping from global to local point index.
Compute the surface curvature.
Max K: 7835.1. Mean K: 35.3411. Standard deviation K: 494.432.
Checking for periodicity.
Computing mesh quality statistics for the dual control volumes.
+--------------------------------------------------------------+
|           Mesh Quality Metric|        Minimum|        Maximum|
+--------------------------------------------------------------+
|    Orthogonality Angle (deg.)|        62.9739|        89.7847|
|     CV Face Area Aspect Ratio|        1.01222|        7.17578|
|           CV Sub-Volume Ratio|        1.00211|        6.47667|
+--------------------------------------------------------------+
Setting the multigrid structure.
+-------------------------------------------+
|  MG Level|       CVs|Aggl. Rate|       CFL|
+-------------------------------------------+
|         0|      5233|    1/1.00|        10|
|         1|      1690|     1/3.1|   8.52431|
|         2|       649|     1/2.6|   7.92373|
+-------------------------------------------+
Finding max control volume width.
Wetted area = 2.03618 m.
Area projection in the x-plane = 0.109209 m, y-plane = 0.999845 m.
Max. coordinate in the x-direction = 1 m, y-direction = 0.046026 m.
Min. coordinate in the x-direction = 0 m, y-direction = -0.0632142 m.
Computing wall distances.

-------------------- Solver Preprocessing ( Zone 0 ) --------------------
Inviscid flow: Computing density based on free-stream
temperature and pressure using the ideal gas law.
Force coefficients computed using free-stream values.

-- Models:
+------------------------------------------------------------------------------+
|          Viscosity Model|        Conductivity Model|              Fluid Model|
+------------------------------------------------------------------------------+
|                        -|                         -|             STANDARD_AIR|
+------------------------------------------------------------------------------+
-- Fluid properties:
+------------------------------------------------------------------------------+
|                  Name|    Dim. value|    Ref. value|      Unit|Non-dim. value|
+------------------------------------------------------------------------------+
|          Gas Constant|       287.058|       287.058|  N.m/kg.K|             1|
|      Spec. Heat Ratio|             -|             -|         -|           1.4|
+------------------------------------------------------------------------------+
-- Initial and free-stream conditions:
+------------------------------------------------------------------------------+
|                  Name|    Dim. value|    Ref. value|      Unit|Non-dim. value|
+------------------------------------------------------------------------------+
|       Static Pressure|        101325|        101325|        Pa|             1|
|               Density|       1.29225|       1.29225|    kg/m^3|             1|
|           Temperature|        273.15|        273.15|         K|             1|
|          Total Energy|        231152|       78409.9|   m^2/s^2|         2.948|
|            Velocity-X|       264.994|       280.018|       m/s|      0.946348|
|            Velocity-Y|       5.78219|       280.018|       m/s|     0.0206494|
|    Velocity Magnitude|       265.057|       280.018|       m/s|      0.946573|
+------------------------------------------------------------------------------+
|           Mach Number|             -|             -|         -|           0.8|
+------------------------------------------------------------------------------+
Initialize Jacobian structure (Euler). MG level: 0.
Initialize Jacobian structure (Euler). MG level: 1.
Initialize Jacobian structure (Euler). MG level: 2.

------------------- Numerics Preprocessing ( Zone 0 ) -------------------

----------------- Integration Preprocessing ( Zone 0 ) ------------------

------------------- Iteration Preprocessing ( Zone 0 ) ------------------
Euler/Navier-Stokes/RANS fluid iteration.

------------------------------ Begin Solver -----------------------------

Simulation Run using the Single-zone Driver
WARNING: SU2 was not compiled for an AVX-capable architecture. Performance could be better,
         see https://su2code.github.io/docs_v7/Build-SU2-Linux-MacOS/#compiler-optimizations
WARNING: SU2 was not compiled for an AVX-capable architecture. Performance could be better,
         see https://su2code.github.io/docs_v7/Build-SU2-Linux-MacOS/#compiler-optimizations
WARNING: SU2 was not compiled for an AVX-capable architecture. Performance could be better,
         see https://su2code.github.io/docs_v7/Build-SU2-Linux-MacOS/#compiler-optimizations
+----------------------------------------------------------------+
|  Inner_Iter|    rms[Rho]|   rms[RhoE]|          CL|          CD|
+----------------------------------------------------------------+
|           0|   -3.614695|   -3.018318|    0.144404|    0.211377|
|           1|   -3.863852|   -3.252960|    0.026949|    0.082616|
|           2|   -3.800126|   -3.201871|    0.028658|    0.059763|
|           3|   -3.746199|   -3.153786|    0.063259|    0.073973|
|           4|   -3.697824|   -3.108512|    0.058076|    0.056535|
|           5|   -3.694192|   -3.108962|    0.052535|    0.043573|
|           6|   -3.690205|   -3.111008|    0.051151|    0.039166|
|           7|   -3.695103|   -3.118298|    0.047133|    0.034653|
|           8|   -3.679256|   -3.101763|    0.043235|    0.028998|
|           9|   -3.693640|   -3.119672|    0.041023|    0.024274|
|          10|   -3.698968|   -3.128924|    0.039858|    0.021002|
|          11|   -3.703852|   -3.136173|    0.038872|    0.018117|
|          12|   -3.708448|   -3.141422|    0.037425|    0.015070|
|          13|   -3.711661|   -3.143395|    0.035793|    0.012054|
|          14|   -3.719415|   -3.149106|    0.034695|    0.009274|
|          15|   -3.728927|   -3.156675|    0.034219|    0.006732|
|          16|   -3.739091|   -3.166055|    0.033980|    0.004349|
|          17|   -3.751196|   -3.178923|    0.033698|    0.002063|
|          18|   -3.765735|   -3.195208|    0.033362|   -0.000113|
|          19|   -3.783424|   -3.214729|    0.033001|   -0.002125|
|          20|   -3.804638|   -3.237264|    0.032666|   -0.003890|
|          21|   -3.828188|   -3.261483|    0.032323|   -0.005344|
|          22|   -3.852440|   -3.285848|    0.031932|   -0.006430|
|          23|   -3.876237|   -3.309281|    0.031570|   -0.007091|
|          24|   -3.899010|   -3.331272|    0.031410|   -0.007278|
|          25|   -3.920801|   -3.352022|    0.031565|   -0.006981|
|          26|   -3.942438|   -3.372619|    0.032108|   -0.006220|
|          27|   -3.964747|   -3.394172|    0.032948|   -0.005065|
|          28|   -3.988147|   -3.417329|    0.033892|   -0.003623|
|          29|   -4.012753|   -3.442369|    0.034839|   -0.002005|
|          30|   -4.038835|   -3.469623|    0.035693|   -0.000321|
|          31|   -4.066805|   -3.499330|    0.036371|    0.001334|
|          32|   -4.097012|   -3.531427|    0.036853|    0.002885|
|          33|   -4.129220|   -3.565176|    0.037133|    0.004282|
|          34|   -4.162630|   -3.599366|    0.037229|    0.005487|
|          35|   -4.196010|   -3.632658|    0.037168|    0.006468|
|          36|   -4.228123|   -3.664086|    0.036983|    0.007205|
|          37|   -4.258203|   -3.693352|    0.036720|    0.007690|
|          38|   -4.285967|   -3.720603|    0.036426|    0.007926|
|          39|   -4.311473|   -3.746142|    0.036139|    0.007932|
|          40|   -4.335008|   -3.770274|    0.035898|    0.007731|
|          41|   -4.356921|   -3.793187|    0.035735|    0.007358|
|          42|   -4.377562|   -3.815022|    0.035671|    0.006850|
|          43|   -4.397179|   -3.835853|    0.035718|    0.006247|
|          44|   -4.415848|   -3.855637|    0.035891|    0.005588|
|          45|   -4.433546|   -3.874276|    0.036197|    0.004909|
|          46|   -4.450144|   -3.891602|    0.036623|    0.004240|
|          47|   -4.465511|   -3.907511|    0.037162|    0.003609|
|          48|   -4.479188|   -3.921616|    0.037804|    0.003038|
|          49|   -4.490825|   -3.933676|    0.038533|    0.002545|
|          50|   -4.500585|   -3.943943|    0.039334|    0.002139|
|          51|   -4.509103|   -3.953079|    0.040175|    0.001825|
|          52|   -4.517319|   -3.961963|    0.041021|    0.001603|
|          53|   -4.526054|   -3.971334|    0.041854|    0.001469|
|          54|   -4.535950|   -3.981800|    0.042647|    0.001413|
|          55|   -4.547872|   -3.994247|    0.043378|    0.001425|
|          56|   -4.562278|   -4.009178|    0.044045|    0.001494|
|          57|   -4.579077|   -4.026554|    0.044637|    0.001607|
|          58|   -4.597621|   -4.045655|    0.045157|    0.001750|
|          59|   -4.617271|   -4.065819|    0.045624|    0.001913|
|          60|   -4.637583|   -4.086601|    0.046043|    0.002082|
|          61|   -4.658318|   -4.107752|    0.046417|    0.002249|
|          62|   -4.679345|   -4.129137|    0.046743|    0.002403|
|          63|   -4.700580|   -4.150613|    0.047015|    0.002538|
|          64|   -4.722085|   -4.172238|    0.047226|    0.002649|
|          65|   -4.743846|   -4.194009|    0.047367|    0.002730|
|          66|   -4.765916|   -4.215992|    0.047437|    0.002780|
|          67|   -4.788240|   -4.238157|    0.047440|    0.002799|
|          68|   -4.810813|   -4.260506|    0.047389|    0.002789|
|          69|   -4.833514|   -4.282924|    0.047292|    0.002755|
|          70|   -4.856173|   -4.305262|    0.047154|    0.002700|
|          71|   -4.878626|   -4.327394|    0.046987|    0.002631|
|          72|   -4.900718|   -4.349199|    0.046802|    0.002552|
|          73|   -4.922342|   -4.370581|    0.046610|    0.002469|
|          74|   -4.943341|   -4.391395|    0.046418|    0.002386|
|          75|   -4.963660|   -4.411587|    0.046233|    0.002307|
|          76|   -4.983343|   -4.431217|    0.046062|    0.002234|
|          77|   -5.002406|   -4.450298|    0.045910|    0.002173|
|          78|   -5.020889|   -4.468846|    0.045782|    0.002123|
|          79|   -5.038790|   -4.486826|    0.045680|    0.002086|
|          80|   -5.056084|   -4.504204|    0.045603|    0.002063|
|          81|   -5.072859|   -4.521074|    0.045548|    0.002051|
|          82|   -5.089296|   -4.537618|    0.045513|    0.002050|
|          83|   -5.105532|   -4.553958|    0.045499|    0.002060|
|          84|   -5.121732|   -4.570265|    0.045502|    0.002077|
|          85|   -5.137974|   -4.586613|    0.045520|    0.002102|
|          86|   -5.154229|   -4.602961|    0.045550|    0.002131|
|          87|   -5.170629|   -4.619420|    0.045587|    0.002163|
|          88|   -5.187327|   -4.636124|    0.045631|    0.002197|
|          89|   -5.204588|   -4.653343|    0.045679|    0.002231|
|          90|   -5.222574|   -4.671222|    0.045730|    0.002264|
|          91|   -5.241308|   -4.689771|    0.045783|    0.002295|
|          92|   -5.260859|   -4.709065|    0.045834|    0.002323|
|          93|   -5.281211|   -4.729100|    0.045883|    0.002348|
|          94|   -5.302364|   -4.749887|    0.045928|    0.002369|
|          95|   -5.324259|   -4.771376|    0.045969|    0.002387|
|          96|   -5.346791|   -4.793474|    0.046007|    0.002400|
|          97|   -5.369781|   -4.816017|    0.046041|    0.002409|
|          98|   -5.392909|   -4.838714|    0.046072|    0.002415|
|          99|   -5.416299|   -4.861746|    0.046099|    0.002418|
|         100|   -5.439962|   -4.885117|    0.046123|    0.002417|
|         101|   -5.463758|   -4.908707|    0.046146|    0.002414|
|         102|   -5.487563|   -4.932430|    0.046167|    0.002409|
|         103|   -5.511061|   -4.955966|    0.046189|    0.002402|
|         104|   -5.534282|   -4.979352|    0.046211|    0.002394|
|         105|   -5.557054|   -5.002385|    0.046233|    0.002386|
|         106|   -5.579255|   -5.024932|    0.046257|    0.002377|
|         107|   -5.600710|   -5.046787|    0.046283|    0.002369|
|         108|   -5.621274|   -5.067749|    0.046311|    0.002360|
|         109|   -5.640817|   -5.087646|    0.046342|    0.002352|
|         110|   -5.659254|   -5.106375|    0.046376|    0.002344|
|         111|   -5.676515|   -5.123853|    0.046412|    0.002336|
|         112|   -5.692591|   -5.140062|    0.046452|    0.002329|
|         113|   -5.707534|   -5.155073|    0.046494|    0.002322|
|         114|   -5.721460|   -5.169024|    0.046538|    0.002316|
|         115|   -5.734540|   -5.182106|    0.046583|    0.002311|
|         116|   -5.747022|   -5.194585|    0.046630|    0.002306|
|         117|   -5.759138|   -5.206716|    0.046677|    0.002301|
|         118|   -5.771165|   -5.218787|    0.046725|    0.002297|
|         119|   -5.783372|   -5.231074|    0.046772|    0.002293|
|         120|   -5.795892|   -5.243701|    0.046817|    0.002289|
|         121|   -5.808869|   -5.256804|    0.046862|    0.002286|
|         122|   -5.822432|   -5.270498|    0.046904|    0.002283|
|         123|   -5.836659|   -5.284850|    0.046943|    0.002280|
|         124|   -5.851630|   -5.299925|    0.046980|    0.002278|
|         125|   -5.867376|   -5.315746|    0.047013|    0.002275|
|         126|   -5.884222|   -5.332665|    0.047043|    0.002273|
|         127|   -5.901784|   -5.350248|    0.047069|    0.002271|
|         128|   -5.919840|   -5.368296|    0.047091|    0.002269|
|         129|   -5.938283|   -5.386705|    0.047109|    0.002268|
|         130|   -5.957025|   -5.405385|    0.047124|    0.002267|
|         131|   -5.975927|   -5.424196|    0.047136|    0.002266|
|         132|   -5.994832|   -5.442996|    0.047144|    0.002265|
|         133|   -6.013574|   -5.461638|    0.047149|    0.002264|
|         134|   -6.031976|   -5.479943|    0.047151|    0.002264|
|         135|   -6.049892|   -5.497762|    0.047151|    0.002263|
|         136|   -6.067121|   -5.514896|    0.047147|    0.002263|
|         137|   -6.083515|   -5.531204|    0.047142|    0.002263|
|         138|   -6.098976|   -5.546597|    0.047134|    0.002264|
|         139|   -6.113402|   -5.560973|    0.047125|    0.002264|
|         140|   -6.126735|   -5.574280|    0.047114|    0.002265|
|         141|   -6.138953|   -5.586496|    0.047102|    0.002265|
|         142|   -6.150125|   -5.597691|    0.047090|    0.002266|
|         143|   -6.160379|   -5.607990|    0.047076|    0.002267|
|         144|   -6.169855|   -5.617525|    0.047062|    0.002268|
|         145|   -6.178718|   -5.626459|    0.047048|    0.002269|
|         146|   -6.187164|   -5.634983|    0.047034|    0.002270|
|         147|   -6.195382|   -5.643286|    0.047021|    0.002272|
|         148|   -6.203544|   -5.651535|    0.047007|    0.002273|
|         149|   -6.211813|   -5.659880|    0.046994|    0.002274|
|         150|   -6.220375|   -5.668509|    0.046981|    0.002276|
|         151|   -6.229407|   -5.677597|    0.046969|    0.002277|
|         152|   -6.239029|   -5.687250|    0.046958|    0.002278|
|         153|   -6.249382|   -5.697613|    0.046948|    0.002280|
|         154|   -6.260527|   -5.708750|    0.046938|    0.002281|
|         155|   -6.272536|   -5.720740|    0.046930|    0.002282|
|         156|   -6.285436|   -5.733597|    0.046922|    0.002284|
|         157|   -6.299225|   -5.747318|    0.046916|    0.002285|
|         158|   -6.313857|   -5.761863|    0.046910|    0.002286|
|         159|   -6.329282|   -5.777189|    0.046906|    0.002287|
|         160|   -6.345482|   -5.793282|    0.046902|    0.002289|
|         161|   -6.362406|   -5.810087|    0.046899|    0.002290|
|         162|   -6.379969|   -5.827526|    0.046898|    0.002290|
|         163|   -6.398033|   -5.845458|    0.046897|    0.002291|
|         164|   -6.416494|   -5.863792|    0.046897|    0.002292|
|         165|   -6.435212|   -5.882389|    0.046898|    0.002293|
|         166|   -6.454046|   -5.901110|    0.046900|    0.002293|
|         167|   -6.472821|   -5.919783|    0.046902|    0.002294|
|         168|   -6.491373|   -5.938250|    0.046905|    0.002294|
|         169|   -6.509531|   -5.956349|    0.046909|    0.002294|
|         170|   -6.527111|   -5.973883|    0.046914|    0.002294|
|         171|   -6.543941|   -5.990682|    0.046919|    0.002294|
|         172|   -6.559876|   -6.006617|    0.046925|    0.002294|
|         173|   -6.574848|   -6.021612|    0.046931|    0.002294|
|         174|   -6.588749|   -6.035541|    0.046937|    0.002294|
|         175|   -6.601655|   -6.048494|    0.046944|    0.002293|
|         176|   -6.613646|   -6.060568|    0.046951|    0.002293|
|         177|   -6.624886|   -6.071912|    0.046958|    0.002292|
|         178|   -6.635498|   -6.082632|    0.046965|    0.002292|
|         179|   -6.645637|   -6.092880|    0.046972|    0.002291|
|         180|   -6.655467|   -6.102825|    0.046979|    0.002291|
|         181|   -6.665104|   -6.112577|    0.046986|    0.002290|
|         182|   -6.674725|   -6.122310|    0.046993|    0.002290|
|         183|   -6.684488|   -6.132179|    0.047000|    0.002289|
|         184|   -6.694556|   -6.142354|    0.047007|    0.002288|
|         185|   -6.705062|   -6.152959|    0.047013|    0.002288|
|         186|   -6.716125|   -6.164107|    0.047019|    0.002287|
|         187|   -6.727854|   -6.175914|    0.047025|    0.002287|
|         188|   -6.740254|   -6.188383|    0.047030|    0.002286|
|         189|   -6.753360|   -6.201545|    0.047035|    0.002286|
|         190|   -6.767139|   -6.215357|    0.047039|    0.002285|
|         191|   -6.781673|   -6.229922|    0.047043|    0.002285|
|         192|   -6.796930|   -6.245202|    0.047047|    0.002284|
|         193|   -6.812820|   -6.261102|    0.047050|    0.002284|
|         194|   -6.829310|   -6.277591|    0.047053|    0.002284|
|         195|   -6.846310|   -6.294581|    0.047055|    0.002283|
|         196|   -6.863688|   -6.311942|    0.047057|    0.002283|
|         197|   -6.881414|   -6.329655|    0.047059|    0.002283|
|         198|   -6.899335|   -6.347555|    0.047060|    0.002283|
|         199|   -6.917276|   -6.365469|    0.047060|    0.002282|
|         200|   -6.935051|   -6.383213|    0.047061|    0.002282|
|         201|   -6.952447|   -6.400576|    0.047061|    0.002282|
|         202|   -6.969316|   -6.417404|    0.047061|    0.002282|
|         203|   -6.985525|   -6.433560|    0.047060|    0.002282|
|         204|   -7.000926|   -6.448907|    0.047060|    0.002282|
|         205|   -7.015399|   -6.463333|    0.047059|    0.002282|
|         206|   -7.028917|   -6.476809|    0.047058|    0.002282|
|         207|   -7.041459|   -6.489307|    0.047057|    0.002282|
|         208|   -7.053044|   -6.500852|    0.047055|    0.002282|
|         209|   -7.063749|   -6.511525|    0.047054|    0.002282|
|         210|   -7.073694|   -6.521446|    0.047052|    0.002282|
|         211|   -7.083025|   -6.530762|    0.047051|    0.002283|
|         212|   -7.091918|   -6.539647|    0.047049|    0.002283|
|         213|   -7.100563|   -6.548290|    0.047048|    0.002283|
|         214|   -7.109138|   -6.556868|    0.047046|    0.002283|
|         215|   -7.117814|   -6.565552|    0.047044|    0.002283|
|         216|   -7.126760|   -6.574509|    0.047043|    0.002283|
|         217|   -7.136137|   -6.583899|    0.047041|    0.002284|
|         218|   -7.146048|   -6.593819|    0.047040|    0.002284|
|         219|   -7.156568|   -6.604354|    0.047039|    0.002284|
|         220|   -7.167760|   -6.615556|    0.047038|    0.002284|
|         221|   -7.179724|   -6.627522|    0.047037|    0.002284|
|         222|   -7.192500|   -6.640293|    0.047036|    0.002284|
|         223|   -7.206092|   -6.653881|    0.047035|    0.002285|
|         224|   -7.220502|   -6.668286|    0.047034|    0.002285|
|         225|   -7.235730|   -6.683503|    0.047033|    0.002285|
|         226|   -7.251764|   -6.699520|    0.047033|    0.002285|
|         227|   -7.268536|   -6.716268|    0.047032|    0.002285|
|         228|   -7.285967|   -6.733675|    0.047032|    0.002285|
|         229|   -7.303987|   -6.751672|    0.047032|    0.002285|
|         230|   -7.322522|   -6.770185|    0.047032|    0.002285|
|         231|   -7.341463|   -6.789099|    0.047032|    0.002285|
|         232|   -7.360671|   -6.808278|    0.047032|    0.002286|
|         233|   -7.379987|   -6.827564|    0.047032|    0.002286|
|         234|   -7.399249|   -6.846802|    0.047032|    0.002286|
|         235|   -7.418321|   -6.865851|    0.047033|    0.002286|
|         236|   -7.437051|   -6.884555|    0.047033|    0.002286|
|         237|   -7.455270|   -6.902748|    0.047034|    0.002286|
|         238|   -7.472838|   -6.920295|    0.047034|    0.002286|
|         239|   -7.489646|   -6.937086|    0.047035|    0.002286|
|         240|   -7.505610|   -6.953033|    0.047036|    0.002286|
|         241|   -7.520718|   -6.968132|    0.047037|    0.002286|
|         242|   -7.534961|   -6.982378|    0.047037|    0.002286|
|         243|   -7.548388|   -6.995813|    0.047038|    0.002286|
|         244|   -7.561090|   -7.008528|    0.047039|    0.002286|
|         245|   -7.573176|   -7.020633|    0.047040|    0.002286|
|         246|   -7.584769|   -7.032250|    0.047041|    0.002286|
|         247|   -7.596028|   -7.043538|    0.047041|    0.002285|
|         248|   -7.607128|   -7.054665|    0.047042|    0.002285|
|         249|   -7.618224|   -7.065785|    0.047043|    0.002285|
|         250|   -7.629460|   -7.077045|    0.047044|    0.002285|
+-----------------------------------------------------------------------+
|        File Writing Summary       |              Filename             |
+-----------------------------------------------------------------------+
|SU2 binary restart                 |restart_flow.dat                   |
|Paraview                           |flow.vtu                           |
|Paraview surface                   |surface_flow.vtu                   |
|CSV file                           |surface_flow.csv                   |
+-----------------------------------------------------------------------+
+----------------------------------------------------------------+
|  Inner_Iter|    rms[Rho]|   rms[RhoE]|          CL|          CD|
+----------------------------------------------------------------+
|         251|   -7.640978|   -7.088588|    0.047044|    0.002285|
|         252|   -7.652907|   -7.100542|    0.047045|    0.002285|
|         253|   -7.665354|   -7.113010|    0.047046|    0.002285|
|         254|   -7.678403|   -7.126077|    0.047046|    0.002285|
|         255|   -7.692116|   -7.139807|    0.047047|    0.002285|
|         256|   -7.706541|   -7.154245|    0.047048|    0.002285|
|         257|   -7.721688|   -7.169402|    0.047048|    0.002285|
|         258|   -7.737547|   -7.185269|    0.047049|    0.002285|
|         259|   -7.754128|   -7.201855|    0.047049|    0.002285|
|         260|   -7.771431|   -7.219160|    0.047049|    0.002285|
|         261|   -7.789380|   -7.237109|    0.047050|    0.002285|
|         262|   -7.807901|   -7.255628|    0.047050|    0.002285|
|         263|   -7.826900|   -7.274626|    0.047050|    0.002285|
|         264|   -7.846257|   -7.293986|    0.047050|    0.002285|
|         265|   -7.865843|   -7.313573|    0.047051|    0.002285|
|         266|   -7.885529|   -7.333258|    0.047051|    0.002285|
|         267|   -7.905118|   -7.352845|    0.047051|    0.002285|
|         268|   -7.924410|   -7.372134|    0.047051|    0.002285|
|         269|   -7.943214|   -7.390932|    0.047051|    0.002285|
|         270|   -7.961347|   -7.409057|    0.047051|    0.002285|
|         271|   -7.978646|   -7.426344|    0.047051|    0.002285|
|         272|   -7.994976|   -7.442660|    0.047051|    0.002285|
|         273|   -8.010246|   -7.457913|    0.047051|    0.002285|
|         274|   -8.024423|   -7.472073|    0.047051|    0.002285|
|         275|   -8.037496|   -7.485127|    0.047050|    0.002285|
|         276|   -8.049530|   -7.497140|    0.047050|    0.002285|
|         277|   -8.060635|   -7.508226|    0.047050|    0.002285|
|         278|   -8.070957|   -7.518532|    0.047050|    0.002285|
|         279|   -8.080681|   -7.528241|    0.047050|    0.002285|
|         280|   -8.090027|   -7.537575|    0.047050|    0.002285|
|         281|   -8.099166|   -7.546700|    0.047050|    0.002285|
|         282|   -8.108286|   -7.555804|    0.047049|    0.002285|
|         283|   -8.117555|   -7.565060|    0.047049|    0.002285|
|         284|   -8.127146|   -7.574638|    0.047049|    0.002285|
|         285|   -8.137210|   -7.584685|    0.047049|    0.002285|
|         286|   -8.147855|   -7.595311|    0.047049|    0.002285|
|         287|   -8.159174|   -7.606613|    0.047049|    0.002285|
|         288|   -8.171251|   -7.618671|    0.047049|    0.002285|
|         289|   -8.184147|   -7.631547|    0.047048|    0.002285|
|         290|   -8.197901|   -7.645276|    0.047048|    0.002285|
|         291|   -8.212522|   -7.659869|    0.047048|    0.002285|
|         292|   -8.228017|   -7.675337|    0.047048|    0.002285|
|         293|   -8.244376|   -7.691668|    0.047048|    0.002285|
|         294|   -8.261571|   -7.708833|    0.047048|    0.002285|
|         295|   -8.279555|   -7.726785|    0.047048|    0.002285|
|         296|   -8.298261|   -7.745459|    0.047048|    0.002285|
|         297|   -8.317606|   -7.764771|    0.047048|    0.002285|
|         298|   -8.337489|   -7.784622|    0.047048|    0.002285|
|         299|   -8.357782|   -7.804882|    0.047048|    0.002285|
|         300|   -8.378346|   -7.825417|    0.047048|    0.002285|
|         301|   -8.399021|   -7.846065|    0.047048|    0.002285|
|         302|   -8.419635|   -7.866657|    0.047048|    0.002285|
|         303|   -8.440006|   -7.887009|    0.047048|    0.002285|
|         304|   -8.459947|   -7.906936|    0.047048|    0.002285|
|         305|   -8.479277|   -7.926259|    0.047048|    0.002285|
|         306|   -8.497836|   -7.944818|    0.047048|    0.002285|
|         307|   -8.515491|   -7.962481|    0.047048|    0.002285|
|         308|   -8.532151|   -7.979156|    0.047048|    0.002285|
|         309|   -8.547767|   -7.994795|    0.047048|    0.002285|
|         310|   -8.562347|   -8.009406|    0.047048|    0.002285|
|         311|   -8.575946|   -8.023042|    0.047049|    0.002285|
|         312|   -8.588659|   -8.035797|    0.047049|    0.002285|
|         313|   -8.600623|   -8.047807|    0.047049|    0.002285|
|         314|   -8.612012|   -8.059245|    0.047049|    0.002285|
|         315|   -8.623010|   -8.070293|    0.047049|    0.002285|
|         316|   -8.633803|   -8.081132|    0.047049|    0.002285|
|         317|   -8.644574|   -8.091948|    0.047049|    0.002285|
|         318|   -8.655498|   -8.102912|    0.047049|    0.002285|
|         319|   -8.666731|   -8.114181|    0.047049|    0.002285|
|         320|   -8.678411|   -8.125893|    0.047049|    0.002285|
|         321|   -8.690655|   -8.138161|    0.047049|    0.002285|
|         322|   -8.703556|   -8.151082|    0.047049|    0.002285|
|         323|   -8.717186|   -8.164725|    0.047049|    0.002285|
|         324|   -8.731594|   -8.179142|    0.047049|    0.002285|
|         325|   -8.746809|   -8.194362|    0.047050|    0.002285|
|         326|   -8.762841|   -8.210394|    0.047050|    0.002285|
|         327|   -8.779676|   -8.227226|    0.047050|    0.002285|
|         328|   -8.797282|   -8.244824|    0.047050|    0.002285|
|         329|   -8.815603|   -8.263135|    0.047050|    0.002285|
|         330|   -8.834561|   -8.282080|    0.047050|    0.002285|
|         331|   -8.854054|   -8.301559|    0.047050|    0.002285|
|         332|   -8.873956|   -8.321445|    0.047050|    0.002285|
|         333|   -8.894116|   -8.341587|    0.047050|    0.002285|
|         334|   -8.914359|   -8.361813|    0.047050|    0.002285|
|         335|   -8.934492|   -8.381928|    0.047050|    0.002285|
|         336|   -8.954306|   -8.401725|    0.047050|    0.002285|
|         337|   -8.973589|   -8.420992|    0.047050|    0.002285|
|         338|   -8.992134|   -8.439523|    0.047050|    0.002285|
|         339|   -9.009754|   -8.457131|    0.047050|    0.002285|
|         340|   -9.026296|   -8.473665|    0.047050|    0.002285|
|         341|   -9.041654|   -8.489018|    0.047050|    0.002285|
|         342|   -9.055777|   -8.503140|    0.047050|    0.002285|
|         343|   -9.068678|   -8.516043|    0.047050|    0.002285|
|         344|   -9.080429|   -8.527798|    0.047050|    0.002285|
|         345|   -9.091157|   -8.538533|    0.047050|    0.002285|
|         346|   -9.101032|   -8.548417|    0.047050|    0.002285|
|         347|   -9.110256|   -8.557649|    0.047050|    0.002285|
|         348|   -9.119044|   -8.566445|    0.047050|    0.002285|
|         349|   -9.127616|   -8.575023|    0.047050|    0.002285|
|         350|   -9.136182|   -8.583593|    0.047050|    0.002285|
|         351|   -9.144938|   -8.592348|    0.047050|    0.002285|
|         352|   -9.154056|   -8.601463|    0.047050|    0.002285|
|         353|   -9.163687|   -8.611087|    0.047050|    0.002285|
|         354|   -9.173959|   -8.621346|    0.047050|    0.002285|
|         355|   -9.184972|   -8.632344|    0.047050|    0.002285|
|         356|   -9.196808|   -8.644161|    0.047050|    0.002285|
|         357|   -9.209526|   -8.656855|    0.047050|    0.002285|
|         358|   -9.223163|   -8.670466|    0.047050|    0.002285|
|         359|   -9.237741|   -8.685015|    0.047050|    0.002285|
|         360|   -9.253262|   -8.700505|    0.047050|    0.002285|
|         361|   -9.269711|   -8.716920|    0.047050|    0.002285|
|         362|   -9.287055|   -8.734228|    0.047049|    0.002285|
|         363|   -9.305242|   -8.752378|    0.047049|    0.002285|
|         364|   -9.324201|   -8.771300|    0.047049|    0.002285|
|         365|   -9.343840|   -8.790902|    0.047049|    0.002285|
|         366|   -9.364047|   -8.811073|    0.047049|    0.002285|
|         367|   -9.384684|   -8.831675|    0.047049|    0.002285|
|         368|   -9.405592|   -8.852552|    0.047049|    0.002285|
|         369|   -9.426592|   -8.873525|    0.047049|    0.002285|
|         370|   -9.447485|   -8.894397|    0.047049|    0.002285|
|         371|   -9.468062|   -8.914959|    0.047049|    0.002285|
|         372|   -9.488110|   -8.935000|    0.047049|    0.002285|
|         373|   -9.507424|   -8.954316|    0.047049|    0.002285|
|         374|   -9.525821|   -8.972724|    0.047049|    0.002285|
|         375|   -9.543151|   -8.990077|    0.047049|    0.002285|
|         376|   -9.559314|   -9.006273|    0.047049|    0.002285|
|         377|   -9.574265|   -9.021267|    0.047050|    0.002285|
|         378|   -9.588022|   -9.035075|    0.047050|    0.002285|
|         379|   -9.600662|   -9.047773|    0.047050|    0.002285|
|         380|   -9.612314|   -9.059486|    0.047050|    0.002285|
|         381|   -9.623150|   -9.070386|    0.047050|    0.002285|
|         382|   -9.633371|   -9.080669|    0.047050|    0.002285|
|         383|   -9.643190|   -9.090547|    0.047050|    0.002285|
|         384|   -9.652823|   -9.100234|    0.047050|    0.002285|
|         385|   -9.662476|   -9.109933|    0.047050|    0.002285|
|         386|   -9.672339|   -9.119835|    0.047050|    0.002285|
|         387|   -9.682579|   -9.130106|    0.047050|    0.002285|
|         388|   -9.693342|   -9.140891|    0.047050|    0.002285|
|         389|   -9.704747|   -9.152310|    0.047050|    0.002285|
|         390|   -9.716889|   -9.164458|    0.047050|    0.002285|
|         391|   -9.729842|   -9.177408|    0.047050|    0.002285|
|         392|   -9.743653|   -9.191212|    0.047050|    0.002285|
|         393|   -9.758353|   -9.205897|    0.047050|    0.002285|
|         394|   -9.773948|   -9.221473|    0.047050|    0.002285|
|         395|   -9.790426|   -9.237926|    0.047050|    0.002285|
|         396|   -9.807754|   -9.255226|    0.047050|    0.002285|
|         397|   -9.825875|   -9.273317|    0.047050|    0.002285|
|         398|   -9.844714|   -9.292122|    0.047050|    0.002285|
|         399|   -9.864168|   -9.311543|    0.047050|    0.002285|
|         400|   -9.884112|   -9.331452|    0.047050|    0.002285|
|         401|   -9.904395|   -9.351701|    0.047050|    0.002285|
|         402|   -9.924841|   -9.372115|    0.047050|    0.002285|
|         403|   -9.945251|   -9.392497|    0.047050|    0.002285|
|         404|   -9.965414|   -9.412636|    0.047050|    0.002285|
|         405|   -9.985104|   -9.432308|    0.047050|    0.002285|
|         406|  -10.004103|   -9.451295|    0.047050|    0.002285|
|         407|  -10.022205|   -9.469394|    0.047050|    0.002285|
|         408|  -10.039237|   -9.486431|    0.047050|    0.002285|
|         409|  -10.055069|   -9.502278|    0.047050|    0.002285|
|         410|  -10.069632|   -9.516863|    0.047050|    0.002285|
|         411|  -10.082916|   -9.530178|    0.047050|    0.002285|
|         412|  -10.094979|   -9.542278|    0.047050|    0.002285|
|         413|  -10.105939|   -9.553279|    0.047050|    0.002285|
|         414|  -10.115962|   -9.563344|    0.047050|    0.002285|
|         415|  -10.125249|   -9.572674|    0.047050|    0.002285|
|         416|  -10.134023|   -9.581488|    0.047050|    0.002285|
|         417|  -10.142510|   -9.590010|    0.047050|    0.002285|
|         418|  -10.150930|   -9.598459|    0.047050|    0.002285|
|         419|  -10.159489|   -9.607040|    0.047050|    0.002285|
|         420|  -10.168370|   -9.615936|    0.047050|    0.002285|
|         421|  -10.177732|   -9.625305|    0.047050|    0.002285|
|         422|  -10.187710|   -9.635282|    0.047050|    0.002285|
|         423|  -10.198412|   -9.645976|    0.047050|    0.002285|
|         424|  -10.209924|   -9.657472|    0.047050|    0.002285|
|         425|  -10.222308|   -9.669835|    0.047050|    0.002285|
|         426|  -10.235607|   -9.683107|    0.047050|    0.002285|
|         427|  -10.249844|   -9.697310|    0.047050|    0.002285|
|         428|  -10.265021|   -9.712450|    0.047050|    0.002285|
|         429|  -10.281123|   -9.728512|    0.047050|    0.002285|
|         430|  -10.298119|   -9.745464|    0.047050|    0.002285|
|         431|  -10.315956|   -9.763255|    0.047050|    0.002285|
|         432|  -10.334563|   -9.781814|    0.047050|    0.002285|
|         433|  -10.353845|   -9.801048|    0.047050|    0.002285|
|         434|  -10.373689|   -9.820844|    0.047050|    0.002285|
|         435|  -10.393957|   -9.841066|    0.047050|    0.002285|
|         436|  -10.414489|   -9.861555|    0.047050|    0.002285|
|         437|  -10.435104|   -9.882132|    0.047050|    0.002285|
|         438|  -10.455604|   -9.902600|    0.047050|    0.002285|
|         439|  -10.475780|   -9.922751|    0.047050|    0.002285|
|         440|  -10.495420|   -9.942377|    0.047050|    0.002285|
|         441|  -10.514322|   -9.961275|    0.047050|    0.002285|
|         442|  -10.532306|   -9.979268|    0.047050|    0.002285|
|         443|  -10.549226|   -9.996210|    0.047050|    0.002285|
|         444|  -10.564986|  -10.012005|    0.047050|    0.002285|
|         445|  -10.579546|  -10.026612|    0.047050|    0.002285|
|         446|  -10.592926|  -10.040049|    0.047050|    0.002285|
|         447|  -10.605205|  -10.052395|    0.047050|    0.002285|
|         448|  -10.616515|  -10.063776|    0.047050|    0.002285|
|         449|  -10.627028|  -10.074362|    0.047050|    0.002285|
|         450|  -10.636941|  -10.084348|    0.047050|    0.002285|
|         451|  -10.646468|  -10.093943|    0.047050|    0.002285|
|         452|  -10.655818|  -10.103356|    0.047050|    0.002285|
|         453|  -10.665196|  -10.112788|    0.047050|    0.002285|
|         454|  -10.674787|  -10.122424|    0.047050|    0.002285|
|         455|  -10.684754|  -10.132427|    0.047050|    0.002285|
|         456|  -10.695239|  -10.142938|    0.047050|    0.002285|
|         457|  -10.706358|  -10.154073|    0.047050|    0.002285|
|         458|  -10.718204|  -10.165925|    0.047050|    0.002285|
|         459|  -10.730845|  -10.178564|    0.047050|    0.002285|
|         460|  -10.744330|  -10.192038|    0.047050|    0.002285|
|         461|  -10.758684|  -10.206375|    0.047050|    0.002285|
|         462|  -10.773914|  -10.221581|    0.047050|    0.002285|
|         463|  -10.790006|  -10.237644|    0.047050|    0.002285|
|         464|  -10.806926|  -10.254530|    0.047050|    0.002285|
|         465|  -10.824621|  -10.272187|    0.047050|    0.002285|
|         466|  -10.843014|  -10.290539|    0.047050|    0.002285|
|         467|  -10.862008|  -10.309490|    0.047050|    0.002285|
|         468|  -10.881483|  -10.328920|    0.047050|    0.002285|
|         469|  -10.901293|  -10.348687|    0.047050|    0.002285|
|         470|  -10.921274|  -10.368626|    0.047050|    0.002285|
|         471|  -10.941240|  -10.388552|    0.047050|    0.002285|
|         472|  -10.960991|  -10.408268|    0.047050|    0.002285|
|         473|  -10.980320|  -10.427568|    0.047050|    0.002285|
|         474|  -10.999022|  -10.446249|    0.047050|    0.002285|
|         475|  -11.016909|  -10.464123|    0.047050|    0.002285|
|         476|  -11.033818|  -10.481030|    0.047050|    0.002285|
|         477|  -11.049628|  -10.496848|    0.047050|    0.002285|
|         478|  -11.064269|  -10.511508|    0.047050|    0.002285|
|         479|  -11.077729|  -10.524998|    0.047050|    0.002285|
|         480|  -11.090055|  -10.537363|    0.047050|    0.002285|
|         481|  -11.101350|  -10.548704|    0.047050|    0.002285|
|         482|  -11.111762|  -10.559166|    0.047050|    0.002285|
|         483|  -11.121473|  -10.568929|    0.047050|    0.002285|
|         484|  -11.130684|  -10.578192|    0.047050|    0.002285|
|         485|  -11.139607|  -10.587163|    0.047050|    0.002285|
|         486|  -11.148446|  -10.596045|    0.047050|    0.002285|
|         487|  -11.157394|  -10.605030|    0.047050|    0.002285|
|         488|  -11.166625|  -10.614291|    0.047050|    0.002285|
|         489|  -11.176293|  -10.623981|    0.047050|    0.002285|
|         490|  -11.186527|  -10.634227|    0.047050|    0.002285|
|         491|  -11.197432|  -10.645137|    0.047050|    0.002285|
|         492|  -11.209091|  -10.656794|    0.047050|    0.002285|
|         493|  -11.221566|  -10.669259|    0.047050|    0.002285|
|         494|  -11.234898|  -10.682574|    0.047050|    0.002285|
|         495|  -11.249108|  -10.696761|    0.047050|    0.002285|
|         496|  -11.264199|  -10.711823|    0.047050|    0.002285|
|         497|  -11.280155|  -10.727745|    0.047050|    0.002285|
|         498|  -11.296942|  -10.744495|    0.047050|    0.002285|
|         499|  -11.314507|  -10.762018|    0.047050|    0.002285|
|         500|  -11.332776|  -10.780244|    0.047050|    0.002285|
+-----------------------------------------------------------------------+
|        File Writing Summary       |              Filename             |
+-----------------------------------------------------------------------+
|SU2 binary restart                 |restart_flow.dat                   |
|Paraview                           |flow.vtu                           |
|Paraview surface                   |surface_flow.vtu                   |
|CSV file                           |surface_flow.csv                   |
+-----------------------------------------------------------------------+
+----------------------------------------------------------------+
|  Inner_Iter|    rms[Rho]|   rms[RhoE]|          CL|          CD|
+----------------------------------------------------------------+
|         501|  -11.351657|  -10.799079|    0.047050|    0.002285|
|         502|  -11.371035|  -10.818410|    0.047050|    0.002285|
|         503|  -11.390775|  -10.838104|    0.047050|    0.002285|
|         504|  -11.410722|  -10.858006|    0.047050|    0.002285|
|         505|  -11.430700|  -10.877943|    0.047050|    0.002285|
|         506|  -11.450524|  -10.897729|    0.047050|    0.002285|
|         507|  -11.469998|  -10.917171|    0.047050|    0.002285|
|         508|  -11.488927|  -10.936077|    0.047050|    0.002285|
|         509|  -11.507131|  -10.954266|    0.047050|    0.002285|
|         510|  -11.524452|  -10.971583|    0.047050|    0.002285|
|         511|  -11.540765|  -10.987904|    0.047050|    0.002285|
|         512|  -11.555996|  -11.003154|    0.047050|    0.002285|
|         513|  -11.570120|  -11.017308|    0.047050|    0.002285|
|         514|  -11.583166|  -11.030395|    0.047050|    0.002285|
|         515|  -11.595219|  -11.042498|    0.047050|    0.002285|
|         516|  -11.606407|  -11.053741|    0.047050|    0.002285|
|         517|  -11.616892|  -11.064286|    0.047050|    0.002285|
|         518|  -11.626861|  -11.074315|    0.047050|    0.002285|
|         519|  -11.636509|  -11.084022|    0.047050|    0.002285|
|         520|  -11.646033|  -11.093600|    0.047050|    0.002285|
|         521|  -11.655618|  -11.103234|    0.047050|    0.002285|
|         522|  -11.665435|  -11.113093|    0.047050|    0.002285|
|         523|  -11.675636|  -11.123328|    0.047050|    0.002285|
|         524|  -11.686350|  -11.134068|    0.047050|    0.002285|
|         525|  -11.697685|  -11.145420|    0.047050|    0.002285|
|         526|  -11.709726|  -11.157470|    0.047050|    0.002285|
|         527|  -11.722535|  -11.170280|    0.047050|    0.002285|
|         528|  -11.736157|  -11.183896|    0.047050|    0.002285|
|         529|  -11.750614|  -11.198340|    0.047050|    0.002285|
|         530|  -11.765911|  -11.213618|    0.047050|    0.002285|
|         531|  -11.782032|  -11.229714|    0.047050|    0.002285|
|         532|  -11.798944|  -11.246596|    0.047050|    0.002285|
|         533|  -11.816592|  -11.264210|    0.047050|    0.002285|
|         534|  -11.834901|  -11.282482|    0.047050|    0.002285|
|         535|  -11.853777|  -11.301318|    0.047050|    0.002285|
|         536|  -11.873103|  -11.320602|    0.047050|    0.002285|
|         537|  -11.892741|  -11.340197|    0.047050|    0.002285|
|         538|  -11.912531|  -11.359944|    0.047050|    0.002285|
|         539|  -11.932298|  -11.379670|    0.047050|    0.002285|
|         540|  -11.951853|  -11.399187|    0.047050|    0.002285|
|         541|  -11.971002|  -11.418303|    0.047050|    0.002285|
|         542|  -11.989555|  -11.436828|    0.047050|    0.002285|
|         543|  -12.007336|  -11.454588|    0.047050|    0.002285|
|         544|  -12.024195|  -11.471436|    0.047050|    0.002285|
|         545|  -12.040021|  -11.487260|    0.047050|    0.002285|
|         546|  -12.054752|  -11.501999|    0.047050|    0.002285|
|         547|  -12.068377|  -11.515641|    0.047050|    0.002285|
|         548|  -12.080939|  -11.528229|    0.047050|    0.002285|
|         549|  -12.092535|  -11.539859|    0.047050|    0.002285|
|         550|  -12.103302|  -11.550666|    0.047050|    0.002285|
|         551|  -12.113409|  -11.560816|    0.047050|    0.002285|
|         552|  -12.123047|  -11.570499|    0.047050|    0.002285|
|         553|  -12.132412|  -11.579907|    0.047050|    0.002285|
|         554|  -12.141699|  -11.589235|    0.047050|    0.002285|
|         555|  -12.151092|  -11.598663|    0.047050|    0.002285|
|         556|  -12.160756|  -11.608357|    0.047050|    0.002285|
|         557|  -12.170840|  -11.618464|    0.047050|    0.002285|
|         558|  -12.181467|  -11.629109|    0.047050|    0.002285|
|         559|  -12.192743|  -11.640394|    0.047050|    0.002285|
|         560|  -12.204749|  -11.652401|    0.047050|    0.002285|
|         561|  -12.217543|  -11.665191|    0.047050|    0.002285|
|         562|  -12.231170|  -11.678807|    0.047050|    0.002285|
|         563|  -12.245649|  -11.693269|    0.047050|    0.002285|
|         564|  -12.260983|  -11.708581|    0.047050|    0.002285|
|         565|  -12.277159|  -11.724730|    0.047050|    0.002285|
|         566|  -12.294143|  -11.741682|    0.047050|    0.002285|
|         567|  -12.311882|  -11.759385|    0.047050|    0.002285|
|         568|  -12.330303|  -11.777768|    0.047050|    0.002285|
|         569|  -12.349315|  -11.796740|    0.047050|    0.002285|
|         570|  -12.368804|  -11.816185|    0.047050|    0.002285|
|         571|  -12.388635|  -11.835974|    0.047050|    0.002285|
|         572|  -12.408652|  -11.855948|    0.047050|    0.002285|
|         573|  -12.428683|  -11.875939|    0.047050|    0.002285|
|         574|  -12.448543|  -11.895762|    0.047050|    0.002285|
|         575|  -12.468036|  -11.915222|    0.047050|    0.002285|
|         576|  -12.486971|  -11.934130|    0.047050|    0.002285|
|         577|  -12.505171|  -11.952311|    0.047050|    0.002285|
|         578|  -12.522479|  -11.969609|    0.047050|    0.002285|
|         579|  -12.538776|  -11.985906|    0.047050|    0.002285|
|         580|  -12.553991|  -12.001133|    0.047050|    0.002285|
|         581|  -12.568099|  -12.015261|    0.047050|    0.002285|
|         582|  -12.581139|  -12.028333|    0.047050|    0.002285|
|         583|  -12.593191|  -12.040424|    0.047050|    0.002285|
|         584|  -12.604388|  -12.051666|    0.047050|    0.002285|
|         585|  -12.614894|  -12.062220|    0.047050|    0.002285|
|         586|  -12.624893|  -12.072271|    0.047050|    0.002285|
|         587|  -12.634584|  -12.082012|    0.047050|    0.002285|
|         588|  -12.644161|  -12.091637|    0.047050|    0.002285|
|         589|  -12.653810|  -12.101327|    0.047050|    0.002285|
|         590|  -12.663700|  -12.111255|    0.047050|    0.002285|
|         591|  -12.673984|  -12.121569|    0.047050|    0.002285|
|         592|  -12.684790|  -12.132398|    0.047050|    0.002285|
|         593|  -12.696224|  -12.143847|    0.047050|    0.002285|
|         594|  -12.708374|  -12.156004|    0.047050|    0.002285|
|         595|  -12.721301|  -12.168932|    0.047050|    0.002285|
|         596|  -12.735051|  -12.182678|    0.047050|    0.002285|
|         597|  -12.749646|  -12.197260|    0.047050|    0.002285|
|         598|  -12.765094|  -12.212689|    0.047050|    0.002285|
|         599|  -12.781378|  -12.228951|    0.047050|    0.002285|
|         600|  -12.798463|  -12.246008|    0.047050|    0.002285|
|         601|  -12.816305|  -12.263817|    0.047050|    0.002285|
|         602|  -12.834826|  -12.282303|    0.047050|    0.002285|
|         603|  -12.853927|  -12.301367|    0.047050|    0.002285|
|         604|  -12.873496|  -12.320896|    0.047050|    0.002285|
|         605|  -12.893398|  -12.340758|    0.047050|    0.002285|
|         606|  -12.913468|  -12.360789|    0.047050|    0.002285|
|         607|  -12.933530|  -12.380812|    0.047050|    0.002285|
|         608|  -12.953393|  -12.400637|    0.047050|    0.002285|
|         609|  -12.972856|  -12.420068|    0.047050|    0.002285|
|         610|  -12.991727|  -12.438913|    0.047050|    0.002285|
|         611|  -13.009817|  -12.456984|    0.047050|    0.002285|

----------------------------- Solver Exit -------------------------------
All convergence criteria satisfied.
+-----------------------------------------------------------------------+
|      Convergence Field     |     Value    |   Criterion  |  Converged |
+-----------------------------------------------------------------------+
|                    rms[Rho]|      -13.0098|         < -13|         Yes|
+-----------------------------------------------------------------------+
-------------------------------------------------------------------------
+-----------------------------------------------------------------------+
|        File Writing Summary       |              Filename             |
+-----------------------------------------------------------------------+
|SU2 binary restart                 |restart_flow.dat                   |
|Paraview                           |flow.vtu                           |
|Paraview surface                   |surface_flow.vtu                   |
|CSV file                           |surface_flow.csv                   |
+-----------------------------------------------------------------------+

--------------------------- Finalizing Solver ---------------------------
Deleted CNumerics container.
Deleted CIntegration container.
Deleted CSolver container.
Deleted CIteration container.
Deleted CInterface container.
Deleted CGeometry container.
Deleted CFreeFormDefBox class.
Deleted CSurfaceMovement class.
Deleted CVolumetricMovement class.
Deleted CConfig container.
Deleted nInst container.
Deleted COutput class.
-------------------------------------------------------------------------

------------------------- Exit Success (SU2_CFD) ------------------------

