
-------------------------------------------------------------------------
|    ___ _   _ ___                                                      |
|   / __| | | |_  )   Release 8.3.0 "Harrier"                           |
|   \__ \ |_| |/ /                                                      |
|   |___/\___//___|   Suite (Computational Fluid Dynamics Code)         |
|                                                                       |
-------------------------------------------------------------------------
| SU2 Project Website: https://su2code.github.io                        |
|                                                                       |
| The SU2 Project is maintained by the SU2 Foundation                   |
| (http://su2foundation.org)                                            |
-------------------------------------------------------------------------
| Copyright 2012-2025, SU2 Contributors                                 |
|                                                                       |
| SU2 is free software; you can redistribute it and/or                  |
| modify it under the terms of the GNU Lesser General Public            |
| License as published by the Free Software Foundation; either          |
| version 2.1 of the License, or (at your option) any later version.    |
|                                                                       |
| SU2 is distributed in the hope that it will be useful,                |
| but WITHOUT ANY WARRANTY; without even the implied warranty of        |
| MERCHANTABILITY or FITNESS FOR A PARTICULAR PURPOSE. See the GNU      |
| Lesser General Public License for more details.                       |
|                                                                       |
| You should have received a copy of the GNU Lesser General Public      |
| License along with SU2. If not, see <http://www.gnu.org/licenses/>.   |
-------------------------------------------------------------------------

Parsing config file for zone 0

----------------- Physical Case Definition ( Zone 0 ) -------------------
Compressible Euler equations.
Mach number: 0.8.
Angle of attack (AoA): 1.25 deg, and angle of sideslip (AoS): 0 deg.
No restart solution, use the values at infinity (freestream).
Non-Dimensional simulation (P=1.0, Rho=1.0, T=1.0 at the farfield).
The reference area is 1 m^2.
The semi-span will be computed using the max y(3D) value.
The reference length is 1 m.
Reference origin for moment evaluation is (0.25, 0, 0).
Surface(s) where the force coefficients are evaluated: airfoil.

Surface(s) plotted in the output file: airfoil.
Surface(s) affected by the design variables: airfoil.
Input mesh file name: mesh_NACA0012_inv_deform.su2

--------------- Space Numerical Integration ( Zone 0 ) ------------------
Jameson-Schmidt-Turkel scheme (2nd order in space) for the flow inviscid terms.
JST viscous coefficients (2nd & 4th): 0.5, 0.02.
The method includes a grid stretching correction (p = 0.3).
Gradient for viscous and source terms: Green-Gauss.

--------------- Time Numerical Integration  ( Zone 0 ) ------------------
Local time stepping (steady state simulation).
Euler implicit method for the flow equations.
FGMRES is used for solving the linear system.
Using a LU-SGS preconditioning.
Convergence criteria of the linear solver: 0.0001.
Max number of linear iterations: 2.
V Multigrid Cycle, with 2 multigrid levels.
Damping factor for the residual restriction: 1.
Damping factor for the correction prolongation: 1.
No CFL adaptation.
+-------------------------------------------+
|  MG Level| Presmooth|PostSmooth|CorrectSmo|
+-------------------------------------------+
|         0|         1|         0|         0|
|         1|         2|         0|         0|
|         2|         3|         0|         0|
+-------------------------------------------+
Courant-Friedrichs-Lewy number:       10

------------------ Convergence Criteria  ( Zone 0 ) ---------------------
Maximum number of solver subiterations: 1000.
Begin convergence monitoring at iteration 10.
Residual minimum value: 1e-13.
Cauchy series min. value: 1e-06.
Number of Cauchy elements: 100.
Begin windowed time average at iteration 0.

-------------------- Output Information ( Zone 0 ) ----------------------
File writing frequency: 
+------------------------------------+
|                     File| Frequency|
+------------------------------------+
|                  RESTART|       250|
|                 PARAVIEW|       250|
|         SURFACE_PARAVIEW|       250|
|              SURFACE_CSV|       250|
+------------------------------------+
Writing the convergence history file every 1 inner iterations.
Writing the screen convergence history every 1 inner iterations.
The tabular file format is CSV (.csv).
Convergence history file name: history_direct.
Forces breakdown file name: forces_breakdown.dat.
Surface file name: surface_flow.
Volume file name: flow.
Restart file name: restart_flow.

------------- Config File Boundary Information ( Zone 0 ) ---------------
+-----------------------------------------------------------------------+
|                        Marker Type|                        Marker Name|
+-----------------------------------------------------------------------+
|                         Euler wall|                            airfoil|
+-----------------------------------------------------------------------+
|                          Far-field|                           farfield|
+-----------------------------------------------------------------------+

-------------------- Output Preprocessing ( Zone 0 ) --------------------

WARNING: SURFACE_PRESSURE_DROP can only be computed for at least 2 surfaces (outlet, inlet, ...)

Screen output fields: INNER_ITER, RMS_DENSITY, RMS_ENERGY, LIFT, DRAG
History output group(s): ITER, RMS_RES, AERO_COEFF
Convergence field(s): RMS_DENSITY
Warning: No (valid) fields chosen for time convergence monitoring. Time convergence monitoring inactive.
Volume output fields: COORDINATES, SOLUTION, PRIMITIVE

------------------- Geometry Preprocessing ( Zone 0 ) -------------------
Two dimensional problem.
5233 grid points.
10216 volume elements.
2 surface markers.
200 boundary elements in index 0 (Marker = airfoil).
50 boundary elements in index 1 (Marker = farfield).
10216 triangles.
Setting point connectivity.
Renumbering points (Reverse Cuthill McKee Ordering).
Recomputing point connectivity.
Setting element connectivity.
Checking the numerical grid orientation.
All volume elements are correctly oriented.
All surface elements are correctly oriented.
Identifying edges and vertices.
Setting the control volume structure.
Area of the computational grid: 1253.25.
Searching for the closest normal neighbors to the surfaces.
Storing a mapping from global to local point index.
Compute the surface curvature.
Max K: 7835.1. Mean K: 35.2353. Standard deviation K: 494.429.
Checking for periodicity.
Computing mesh quality statistics for the dual control volumes.
+--------------------------------------------------------------+
|           Mesh Quality Metric|        Minimum|        Maximum|
+--------------------------------------------------------------+
|    Orthogonality Angle (deg.)|        62.9198|        89.7671|
|     CV Face Area Aspect Ratio|        1.01139|        7.17856|
|           CV Sub-Volume Ratio|        1.00242|        6.47675|
+--------------------------------------------------------------+
Setting the multigrid structure.
+-------------------------------------------+
|  MG Level|       CVs|Aggl. Rate|       CFL|
+-------------------------------------------+
|         0|      5233|    1/1.00|        10|
|         1|      1690|     1/3.1|   8.52431|
|         2|       649|     1/2.6|   7.92373|
+-------------------------------------------+
Finding max control volume width.
Wetted area = 2.03723 m.
Area projection in the x-plane = 0.11103 m, y-plane = 0.999845 m.
Max. coordinate in the x-direction = 1 m, y-direction = 0.0480334 m.
Min. coordinate in the x-direction = 0 m, y-direction = -0.0630127 m.
Computing wall distances.

-------------------- Solver Preprocessing ( Zone 0 ) --------------------
Inviscid flow: Computing density based on free-stream
temperature and pressure using the ideal gas law.
Force coefficients computed using free-stream values.

-- Models:
+------------------------------------------------------------------------------+
|          Viscosity Model|        Conductivity Model|              Fluid Model|
+------------------------------------------------------------------------------+
|                        -|                         -|             STANDARD_AIR|
+------------------------------------------------------------------------------+
-- Fluid properties:
+------------------------------------------------------------------------------+
|                  Name|    Dim. value|    Ref. value|      Unit|Non-dim. value|
+------------------------------------------------------------------------------+
|          Gas Constant|       287.058|       287.058|  N.m/kg.K|             1|
|      Spec. Heat Ratio|             -|             -|         -|           1.4|
+------------------------------------------------------------------------------+
-- Initial and free-stream conditions:
+------------------------------------------------------------------------------+
|                  Name|    Dim. value|    Ref. value|      Unit|Non-dim. value|
+------------------------------------------------------------------------------+
|       Static Pressure|        101325|        101325|        Pa|             1|
|               Density|       1.29225|       1.29225|    kg/m^3|             1|
|           Temperature|        273.15|        273.15|         K|             1|
|          Total Energy|        231152|       78409.9|   m^2/s^2|         2.948|
|            Velocity-X|       264.994|       280.018|       m/s|      0.946348|
|            Velocity-Y|       5.78219|       280.018|       m/s|     0.0206494|
|    Velocity Magnitude|       265.057|       280.018|       m/s|      0.946573|
+------------------------------------------------------------------------------+
|           Mach Number|             -|             -|         -|           0.8|
+------------------------------------------------------------------------------+
Initialize Jacobian structure (Euler). MG level: 0.
Initialize Jacobian structure (Euler). MG level: 1.
Initialize Jacobian structure (Euler). MG level: 2.

------------------- Numerics Preprocessing ( Zone 0 ) -------------------

----------------- Integration Preprocessing ( Zone 0 ) ------------------

------------------- Iteration Preprocessing ( Zone 0 ) ------------------
Euler/Navier-Stokes/RANS fluid iteration.

------------------------------ Begin Solver -----------------------------

Simulation Run using the Single-zone Driver
WARNING: SU2 was not compiled for an AVX-capable architecture. Performance could be better,
         see https://su2code.github.io/docs_v7/Build-SU2-Linux-MacOS/#compiler-optimizations
WARNING: SU2 was not compiled for an AVX-capable architecture. Performance could be better,
         see https://su2code.github.io/docs_v7/Build-SU2-Linux-MacOS/#compiler-optimizations
WARNING: SU2 was not compiled for an AVX-capable architecture. Performance could be better,
         see https://su2code.github.io/docs_v7/Build-SU2-Linux-MacOS/#compiler-optimizations
+----------------------------------------------------------------+
|  Inner_Iter|    rms[Rho]|   rms[RhoE]|          CL|          CD|
+----------------------------------------------------------------+
|           0|   -3.607764|   -3.011387|    0.146105|    0.217815|
|           1|   -3.855546|   -3.244609|    0.032332|    0.084550|
|           2|   -3.791814|   -3.193497|    0.036540|    0.061357|
|           3|   -3.737275|   -3.144771|    0.070939|    0.075931|
|           4|   -3.688835|   -3.099533|    0.067217|    0.057713|
|           5|   -3.684976|   -3.099771|    0.063063|    0.044520|
|           6|   -3.680677|   -3.101601|    0.062674|    0.040274|
|           7|   -3.685432|   -3.108697|    0.060238|    0.035856|
|           8|   -3.669426|   -3.091990|    0.058029|    0.030189|
|           9|   -3.683514|   -3.109647|    0.057062|    0.025434|
|          10|   -3.689140|   -3.119197|    0.056915|    0.022137|
|          11|   -3.694368|   -3.126723|    0.057003|    0.019220|
|          12|   -3.699183|   -3.132150|    0.056748|    0.016128|
|          13|   -3.702421|   -3.134117|    0.056379|    0.013066|
|          14|   -3.710131|   -3.139749|    0.056528|    0.010240|
|          15|   -3.719668|   -3.147347|    0.057219|    0.007643|
|          16|   -3.730012|   -3.156970|    0.058073|    0.005187|
|          17|   -3.742379|   -3.170192|    0.058890|    0.002817|
|          18|   -3.757108|   -3.186724|    0.059648|    0.000541|
|          19|   -3.774844|   -3.206289|    0.060359|   -0.001588|
|          20|   -3.795984|   -3.228715|    0.060960|   -0.003501|
|          21|   -3.819504|   -3.252863|    0.061380|   -0.005125|
|          22|   -3.843459|   -3.276898|    0.061707|   -0.006385|
|          23|   -3.866413|   -3.299505|    0.062130|   -0.007209|
|          24|   -3.887884|   -3.320309|    0.062784|   -0.007551|
|          25|   -3.908417|   -3.339995|    0.063788|   -0.007390|
|          26|   -3.929225|   -3.359972|    0.065011|   -0.006767|
|          27|   -3.951252|   -3.381410|    0.066281|   -0.005751|
|          28|   -3.974745|   -3.404791|    0.067542|   -0.004432|
|          29|   -3.999676|   -3.430242|    0.068686|   -0.002920|
|          30|   -4.026141|   -3.457879|    0.069620|   -0.001324|
|          31|   -4.054397|   -3.487809|    0.070303|    0.000261|
|          32|   -4.084729|   -3.519909|    0.070702|    0.001757|
|          33|   -4.116945|   -3.553502|    0.070818|    0.003111|
|          34|   -4.150258|   -3.587484|    0.070697|    0.004281|
|          35|   -4.183604|   -3.620746|    0.070402|    0.005240|
|          36|   -4.216017|   -3.652569|    0.069996|    0.005970|
|          37|   -4.246742|   -3.682600|    0.069533|    0.006464|
|          38|   -4.275398|   -3.710829|    0.069058|    0.006724|
|          39|   -4.301974|   -3.737456|    0.068623|    0.006763|
|          40|   -4.326675|   -3.762719|    0.068268|    0.006604|
|          41|   -4.349791|   -3.786794|    0.068023|    0.006279|
|          42|   -4.371599|   -3.809788|    0.067908|    0.005824|
|          43|   -4.392305|   -3.831728|    0.067934|    0.005276|
|          44|   -4.412134|   -3.852678|    0.068105|    0.004673|
|          45|   -4.430980|   -3.872438|    0.068413|    0.004048|
|          46|   -4.448379|   -3.890518|    0.068853|    0.003433|
|          47|   -4.463806|   -3.906434|    0.069412|    0.002853|
|          48|   -4.476863|   -3.919875|    0.070073|    0.002329|
|          49|   -4.487561|   -3.930957|    0.070815|    0.001877|
|          50|   -4.496387|   -3.940225|    0.071613|    0.001508|
|          51|   -4.504003|   -3.948332|    0.072449|    0.001230|
|          52|   -4.511209|   -3.956058|    0.073291|    0.001043|
|          53|   -4.519217|   -3.964605|    0.074103|    0.000941|
|          54|   -4.529119|   -3.975073|    0.074867|    0.000917|
|          55|   -4.541398|   -3.987984|    0.075565|    0.000960|
|          56|   -4.556174|   -4.003443|    0.076191|    0.001057|
|          57|   -4.572582|   -4.020477|    0.076766|    0.001198|
|          58|   -4.589922|   -4.038365|    0.077296|    0.001367|
|          59|   -4.607725|   -4.056631|    0.077793|    0.001554|
|          60|   -4.625982|   -4.075279|    0.078258|    0.001744|
|          61|   -4.644692|   -4.094293|    0.078681|    0.001927|
|          62|   -4.663902|   -4.113667|    0.079059|    0.002097|
|          63|   -4.683597|   -4.133388|    0.079387|    0.002243|
|          64|   -4.703697|   -4.153434|    0.079650|    0.002359|
|          65|   -4.724440|   -4.174083|    0.079841|    0.002441|
|          66|   -4.745848|   -4.195398|    0.079973|    0.002487|
|          67|   -4.767962|   -4.217415|    0.080053|    0.002498|
|          68|   -4.790720|   -4.240063|    0.080088|    0.002477|
|          69|   -4.813970|   -4.263204|    0.080086|    0.002429|
|          70|   -4.837507|   -4.286626|    0.080060|    0.002360|
|          71|   -4.861065|   -4.310041|    0.080022|    0.002273|
|          72|   -4.884326|   -4.333159|    0.079977|    0.002176|
|          73|   -4.907111|   -4.355827|    0.079932|    0.002072|
|          74|   -4.929342|   -4.377977|    0.079897|    0.001967|
|          75|   -4.950953|   -4.399553|    0.079877|    0.001867|
|          76|   -4.971874|   -4.420493|    0.079878|    0.001773|
|          77|   -4.992067|   -4.440747|    0.079903|    0.001690|
|          78|   -5.011555|   -4.460318|    0.079953|    0.001619|
|          79|   -5.030388|   -4.479243|    0.080027|    0.001560|
|          80|   -5.048657|   -4.497609|    0.080120|    0.001513|
|          81|   -5.066543|   -4.515586|    0.080233|    0.001479|
|          82|   -5.084054|   -4.533175|    0.080362|    0.001458|
|          83|   -5.101294|   -4.550473|    0.080503|    0.001447|
|          84|   -5.118348|   -4.567535|    0.080650|    0.001445|
|          85|   -5.135297|   -4.584457|    0.080800|    0.001451|
|          86|   -5.152282|   -4.601382|    0.080948|    0.001463|
|          87|   -5.169556|   -4.618547|    0.081091|    0.001479|
|          88|   -5.187311|   -4.636145|    0.081226|    0.001498|
|          89|   -5.205594|   -4.654245|    0.081352|    0.001518|
|          90|   -5.224376|   -4.672831|    0.081464|    0.001538|
|          91|   -5.243611|   -4.691876|    0.081563|    0.001557|
|          92|   -5.263199|   -4.711290|    0.081647|    0.001574|
|          93|   -5.283047|   -4.730987|    0.081716|    0.001589|
|          94|   -5.302898|   -4.750718|    0.081771|    0.001601|
|          95|   -5.322510|   -4.770251|    0.081812|    0.001610|
|          96|   -5.341743|   -4.789461|    0.081841|    0.001616|
|          97|   -5.360450|   -4.808203|    0.081858|    0.001620|
|          98|   -5.378560|   -4.826411|    0.081866|    0.001620|
|          99|   -5.396094|   -4.844108|    0.081865|    0.001618|
|         100|   -5.413059|   -4.861304|    0.081856|    0.001615|
|         101|   -5.429514|   -4.878052|    0.081843|    0.001610|
|         102|   -5.445561|   -4.894441|    0.081825|    0.001604|
|         103|   -5.461300|   -4.910547|    0.081804|    0.001597|
|         104|   -5.476775|   -4.926387|    0.081784|    0.001590|
|         105|   -5.492058|   -4.942002|    0.081764|    0.001583|
|         106|   -5.507204|   -4.957419|    0.081746|    0.001577|
|         107|   -5.522377|   -4.972807|    0.081730|    0.001571|
|         108|   -5.537437|   -4.988006|    0.081719|    0.001566|
|         109|   -5.552370|   -5.002990|    0.081712|    0.001561|
|         110|   -5.567117|   -5.017706|    0.081709|    0.001558|
|         111|   -5.581668|   -5.032159|    0.081711|    0.001555|
|         112|   -5.595982|   -5.046323|    0.081717|    0.001554|
|         113|   -5.610022|   -5.060172|    0.081729|    0.001553|
|         114|   -5.623849|   -5.073792|    0.081746|    0.001553|
|         115|   -5.637501|   -5.087241|    0.081767|    0.001553|
|         116|   -5.651018|   -5.100571|    0.081792|    0.001555|
|         117|   -5.664479|   -5.113868|    0.081821|    0.001556|
|         118|   -5.677955|   -5.127199|    0.081852|    0.001558|
|         119|   -5.691524|   -5.140642|    0.081885|    0.001561|
|         120|   -5.705268|   -5.154279|    0.081919|    0.001563|
|         121|   -5.719238|   -5.168155|    0.081955|    0.001566|
|         122|   -5.733512|   -5.182349|    0.081990|    0.001568|
|         123|   -5.748136|   -5.196900|    0.082026|    0.001571|
|         124|   -5.763139|   -5.211829|    0.082061|    0.001573|
|         125|   -5.778519|   -5.227134|    0.082096|    0.001576|
|         126|   -5.794286|   -5.242836|    0.082130|    0.001578|
|         127|   -5.810408|   -5.258894|    0.082163|    0.001580|
|         128|   -5.826880|   -5.275309|    0.082195|    0.001581|
|         129|   -5.843776|   -5.292179|    0.082225|    0.001583|
|         130|   -5.861063|   -5.309445|    0.082254|    0.001584|
|         131|   -5.878688|   -5.327037|    0.082282|    0.001585|
|         132|   -5.896594|   -5.344919|    0.082309|    0.001586|
|         133|   -5.914716|   -5.363035|    0.082335|    0.001586|
|         134|   -5.932968|   -5.381320|    0.082360|    0.001587|
|         135|   -5.951276|   -5.399663|    0.082385|    0.001587|
|         136|   -5.969602|   -5.418002|    0.082408|    0.001587|
|         137|   -5.987862|   -5.436267|    0.082431|    0.001587|
|         138|   -6.006006|   -5.454423|    0.082453|    0.001586|
|         139|   -6.024002|   -5.472443|    0.082475|    0.001586|
|         140|   -6.041846|   -5.490318|    0.082495|    0.001586|
|         141|   -6.059535|   -5.508045|    0.082516|    0.001585|
|         142|   -6.077056|   -5.525609|    0.082536|    0.001585|
|         143|   -6.094349|   -5.542948|    0.082555|    0.001584|
|         144|   -6.111391|   -5.560047|    0.082573|    0.001584|
|         145|   -6.128183|   -5.576913|    0.082591|    0.001583|
|         146|   -6.144745|   -5.593565|    0.082608|    0.001583|
|         147|   -6.161091|   -5.610012|    0.082625|    0.001582|
|         148|   -6.177243|   -5.626269|    0.082641|    0.001581|
|         149|   -6.193199|   -5.642332|    0.082656|    0.001581|
|         150|   -6.208962|   -5.658197|    0.082671|    0.001580|
|         151|   -6.224562|   -5.673893|    0.082684|    0.001580|
|         152|   -6.240013|   -5.689435|    0.082697|    0.001580|
|         153|   -6.255318|   -5.704812|    0.082709|    0.001579|
|         154|   -6.270520|   -5.720065|    0.082720|    0.001579|
|         155|   -6.285605|   -5.735179|    0.082731|    0.001578|
|         156|   -6.300565|   -5.750146|    0.082740|    0.001578|
|         157|   -6.315406|   -5.764963|    0.082749|    0.001578|
|         158|   -6.330212|   -5.779723|    0.082757|    0.001577|
|         159|   -6.344870|   -5.794311|    0.082764|    0.001577|
|         160|   -6.359352|   -5.808708|    0.082770|    0.001577|
|         161|   -6.373659|   -5.822917|    0.082775|    0.001577|
|         162|   -6.387813|   -5.836960|    0.082780|    0.001576|
|         163|   -6.401826|   -5.850848|    0.082784|    0.001576|
|         164|   -6.415694|   -5.864582|    0.082787|    0.001576|
|         165|   -6.429467|   -5.878217|    0.082790|    0.001576|
|         166|   -6.443172|   -5.891781|    0.082792|    0.001575|
|         167|   -6.456824|   -5.905296|    0.082793|    0.001575|
|         168|   -6.470496|   -5.918847|    0.082794|    0.001575|
|         169|   -6.484138|   -5.932375|    0.082795|    0.001575|
|         170|   -6.497721|   -5.945856|    0.082795|    0.001574|
|         171|   -6.511222|   -5.959276|    0.082794|    0.001574|
|         172|   -6.524700|   -5.972702|    0.082794|    0.001574|
|         173|   -6.538257|   -5.986226|    0.082792|    0.001573|
|         174|   -6.551971|   -5.999923|    0.082791|    0.001573|
|         175|   -6.565764|   -6.013725|    0.082790|    0.001573|
|         176|   -6.579632|   -6.027635|    0.082788|    0.001572|
|         177|   -6.593629|   -6.041693|    0.082786|    0.001572|
|         178|   -6.607743|   -6.055877|    0.082785|    0.001572|
|         179|   -6.621949|   -6.070165|    0.082783|    0.001572|
|         180|   -6.636246|   -6.084555|    0.082781|    0.001572|
|         181|   -6.650620|   -6.099029|    0.082778|    0.001571|
|         182|   -6.665053|   -6.113571|    0.082776|    0.001571|
|         183|   -6.679565|   -6.128200|    0.082774|    0.001571|
|         184|   -6.694154|   -6.142907|    0.082772|    0.001571|
|         185|   -6.708824|   -6.157699|    0.082769|    0.001571|
|         186|   -6.723523|   -6.172520|    0.082767|    0.001571|
|         187|   -6.738209|   -6.187327|    0.082765|    0.001570|
|         188|   -6.752890|   -6.202123|    0.082763|    0.001570|
|         189|   -6.767575|   -6.216919|    0.082760|    0.001570|
|         190|   -6.782208|   -6.231654|    0.082758|    0.001570|
|         191|   -6.796774|   -6.246302|    0.082756|    0.001570|
|         192|   -6.811296|   -6.260891|    0.082754|    0.001570|
|         193|   -6.825769|   -6.275422|    0.082752|    0.001570|
|         194|   -6.840122|   -6.289816|    0.082750|    0.001570|
|         195|   -6.854395|   -6.304115|    0.082748|    0.001570|
|         196|   -6.868555|   -6.318284|    0.082746|    0.001570|
|         197|   -6.882631|   -6.332355|    0.082744|    0.001570|
|         198|   -6.896624|   -6.346325|    0.082742|    0.001570|
|         199|   -6.910606|   -6.360274|    0.082740|    0.001570|
|         200|   -6.924603|   -6.374220|    0.082739|    0.001570|
|         201|   -6.938596|   -6.388147|    0.082737|    0.001570|
|         202|   -6.952589|   -6.402065|    0.082736|    0.001570|
|         203|   -6.966584|   -6.415977|    0.082734|    0.001570|
|         204|   -6.980541|   -6.429835|    0.082733|    0.001570|
|         205|   -6.994476|   -6.443658|    0.082732|    0.001570|
|         206|   -7.008400|   -6.457465|    0.082731|    0.001570|
|         207|   -7.022280|   -6.471223|    0.082730|    0.001570|
|         208|   -7.036112|   -6.484925|    0.082729|    0.001570|
|         209|   -7.049929|   -6.498615|    0.082728|    0.001570|
|         210|   -7.063735|   -6.512294|    0.082727|    0.001570|
|         211|   -7.077551|   -6.525984|    0.082727|    0.001570|
|         212|   -7.091386|   -6.539696|    0.082726|    0.001570|
|         213|   -7.105232|   -6.553424|    0.082726|    0.001570|
|         214|   -7.119084|   -6.567168|    0.082725|    0.001571|
|         215|   -7.132955|   -6.580943|    0.082725|    0.001571|
|         216|   -7.146865|   -6.594766|    0.082725|    0.001571|
|         217|   -7.160827|   -6.608654|    0.082725|    0.001571|
|         218|   -7.174876|   -6.622648|    0.082725|    0.001571|
|         219|   -7.189008|   -6.636741|    0.082725|    0.001571|
|         220|   -7.203201|   -6.650906|    0.082725|    0.001571|
|         221|   -7.217456|   -6.665142|    0.082725|    0.001571|
|         222|   -7.231775|   -6.679455|    0.082725|    0.001571|
|         223|   -7.246158|   -6.693845|    0.082725|    0.001571|
|         224|   -7.260606|   -6.708311|    0.082726|    0.001571|
|         225|   -7.275117|   -6.722851|    0.082726|    0.001571|
|         226|   -7.289692|   -6.737467|    0.082727|    0.001571|
|         227|   -7.304331|   -6.752158|    0.082727|    0.001571|
|         228|   -7.319046|   -6.766938|    0.082727|    0.001571|
|         229|   -7.333879|   -6.781851|    0.082728|    0.001571|
|         230|   -7.348736|   -6.796793|    0.082728|    0.001571|
|         231|   -7.363647|   -6.811797|    0.082729|    0.001571|
|         232|   -7.378618|   -6.826870|    0.082729|    0.001571|
|         233|   -7.393655|   -6.842012|    0.082730|    0.001571|
|         234|   -7.408726|   -6.857185|    0.082731|    0.001571|
|         235|   -7.423832|   -6.872396|    0.082731|    0.001571|
|         236|   -7.438986|   -6.887657|    0.082732|    0.001571|
|         237|   -7.454202|   -6.902976|    0.082732|    0.001571|
|         238|   -7.469468|   -6.918341|    0.082733|    0.001571|
|         239|   -7.484768|   -6.933734|    0.082733|    0.001571|
|         240|   -7.500098|   -6.949151|    0.082734|    0.001571|
|         241|   -7.515457|   -6.964589|    0.082734|    0.001571|
|         242|   -7.530841|   -6.980043|    0.082735|    0.001571|
|         243|   -7.546245|   -6.995505|    0.082735|    0.001571|
|         244|   -7.561662|   -7.010969|    0.082736|    0.001571|
|         245|   -7.577085|   -7.026427|    0.082736|    0.001571|
|         246|   -7.592509|   -7.041876|    0.082737|    0.001571|
|         247|   -7.607943|   -7.057328|    0.082737|    0.001571|
|         248|   -7.623366|   -7.072754|    0.082738|    0.001571|
|         249|   -7.638769|   -7.088143|    0.082738|    0.001571|
|         250|   -7.654148|   -7.103495|    0.082739|    0.001571|
+-----------------------------------------------------------------------+
|        File Writing Summary       |              Filename             |
+-----------------------------------------------------------------------+
|SU2 binary restart                 |restart_flow.dat                   |
|Paraview                           |flow.vtu                           |
|Paraview surface                   |surface_flow.vtu                   |
|CSV file                           |surface_flow.csv                   |
+-----------------------------------------------------------------------+
+----------------------------------------------------------------+
|  Inner_Iter|    rms[Rho]|   rms[RhoE]|          CL|          CD|
+----------------------------------------------------------------+
|         251|   -7.669495|   -7.118804|    0.082739|    0.001571|
|         252|   -7.684803|   -7.134062|    0.082740|    0.001571|
|         253|   -7.700064|   -7.149262|    0.082740|    0.001571|
|         254|   -7.715369|   -7.164505|    0.082741|    0.001571|
|         255|   -7.730637|   -7.179698|    0.082741|    0.001571|
|         256|   -7.745838|   -7.194817|    0.082741|    0.001571|
|         257|   -7.760943|   -7.209833|    0.082742|    0.001571|
|         258|   -7.775942|   -7.224737|    0.082742|    0.001571|
|         259|   -7.790835|   -7.239529|    0.082742|    0.001571|
|         260|   -7.805623|   -7.254212|    0.082743|    0.001571|
|         261|   -7.820307|   -7.268791|    0.082743|    0.001571|
|         262|   -7.834888|   -7.283267|    0.082743|    0.001571|
|         263|   -7.849370|   -7.297648|    0.082743|    0.001571|
|         264|   -7.863760|   -7.311941|    0.082744|    0.001571|
|         265|   -7.878066|   -7.326156|    0.082744|    0.001571|
|         266|   -7.892297|   -7.340305|    0.082744|    0.001571|
|         267|   -7.906465|   -7.354401|    0.082744|    0.001571|
|         268|   -7.920581|   -7.368455|    0.082744|    0.001571|
|         269|   -7.934656|   -7.382480|    0.082744|    0.001571|
|         270|   -7.948701|   -7.396488|    0.082745|    0.001571|
|         271|   -7.962692|   -7.410448|    0.082745|    0.001571|
|         272|   -7.976663|   -7.424404|    0.082745|    0.001571|
|         273|   -7.990638|   -7.438379|    0.082745|    0.001571|
|         274|   -8.004632|   -7.452390|    0.082745|    0.001571|
|         275|   -8.018657|   -7.466443|    0.082745|    0.001571|
|         276|   -8.032716|   -7.480545|    0.082745|    0.001571|
|         277|   -8.046818|   -7.494700|    0.082745|    0.001571|
|         278|   -8.060966|   -7.508914|    0.082745|    0.001571|
|         279|   -8.075168|   -7.523191|    0.082745|    0.001571|
|         280|   -8.089427|   -7.537535|    0.082745|    0.001571|
|         281|   -8.103745|   -7.551945|    0.082745|    0.001571|
|         282|   -8.118119|   -7.566418|    0.082745|    0.001571|
|         283|   -8.132548|   -7.580952|    0.082745|    0.001571|
|         284|   -8.147029|   -7.595542|    0.082745|    0.001571|
|         285|   -8.161558|   -7.610183|    0.082745|    0.001571|
|         286|   -8.176128|   -7.624866|    0.082745|    0.001571|
|         287|   -8.190728|   -7.639580|    0.082745|    0.001571|
|         288|   -8.205349|   -7.654313|    0.082745|    0.001571|
|         289|   -8.219977|   -7.669052|    0.082745|    0.001571|
|         290|   -8.234601|   -7.683782|    0.082745|    0.001571|
|         291|   -8.249206|   -7.698489|    0.082745|    0.001571|
|         292|   -8.263778|   -7.713157|    0.082745|    0.001571|
|         293|   -8.278298|   -7.727765|    0.082745|    0.001571|
|         294|   -8.292748|   -7.742294|    0.082745|    0.001571|
|         295|   -8.307111|   -7.756727|    0.082745|    0.001571|
|         296|   -8.321373|   -7.771047|    0.082745|    0.001571|
|         297|   -8.335515|   -7.785237|    0.082745|    0.001571|
|         298|   -8.349521|   -7.799279|    0.082745|    0.001571|
|         299|   -8.363376|   -7.813159|    0.082745|    0.001571|
|         300|   -8.377068|   -7.826863|    0.082745|    0.001571|
|         301|   -8.390587|   -7.840381|    0.082745|    0.001571|
|         302|   -8.403923|   -7.853705|    0.082745|    0.001571|
|         303|   -8.417070|   -7.866829|    0.082745|    0.001571|
|         304|   -8.430026|   -7.879752|    0.082745|    0.001571|
|         305|   -8.442791|   -7.892474|    0.082745|    0.001571|
|         306|   -8.455366|   -7.904998|    0.082745|    0.001571|
|         307|   -8.467759|   -7.917333|    0.082745|    0.001571|
|         308|   -8.479978|   -7.929489|    0.082745|    0.001571|
|         309|   -8.492035|   -7.941478|    0.082745|    0.001571|
|         310|   -8.503945|   -7.953317|    0.082745|    0.001571|
|         311|   -8.515724|   -7.965024|    0.082745|    0.001571|
|         312|   -8.527398|   -7.976626|    0.082745|    0.001571|
|         313|   -8.539007|   -7.988169|    0.082745|    0.001571|
|         314|   -8.550553|   -7.999650|    0.082745|    0.001571|
|         315|   -8.562060|   -8.011093|    0.082745|    0.001571|
|         316|   -8.573545|   -8.022515|    0.082744|    0.001571|
|         317|   -8.585028|   -8.033943|    0.082744|    0.001571|
|         318|   -8.596538|   -8.045400|    0.082744|    0.001571|
|         319|   -8.608095|   -8.056912|    0.082744|    0.001571|
|         320|   -8.619722|   -8.068499|    0.082744|    0.001571|
|         321|   -8.631439|   -8.080183|    0.082744|    0.001571|
|         322|   -8.643266|   -8.091984|    0.082744|    0.001571|
|         323|   -8.655220|   -8.103919|    0.082744|    0.001571|
|         324|   -8.667318|   -8.116006|    0.082744|    0.001571|
|         325|   -8.679576|   -8.128259|    0.082744|    0.001571|
|         326|   -8.692006|   -8.140691|    0.082744|    0.001571|
|         327|   -8.704619|   -8.153314|    0.082744|    0.001571|
|         328|   -8.717426|   -8.166136|    0.082744|    0.001571|
|         329|   -8.730432|   -8.179164|    0.082744|    0.001571|
|         330|   -8.743643|   -8.192402|    0.082744|    0.001571|
|         331|   -8.757061|   -8.205853|    0.082744|    0.001571|
|         332|   -8.770687|   -8.219516|    0.082744|    0.001571|
|         333|   -8.784519|   -8.233390|    0.082744|    0.001571|
|         334|   -8.798552|   -8.247468|    0.082744|    0.001571|
|         335|   -8.812781|   -8.261745|    0.082745|    0.001571|
|         336|   -8.827199|   -8.276214|    0.082745|    0.001571|
|         337|   -8.841795|   -8.290863|    0.082745|    0.001571|
|         338|   -8.856553|   -8.305677|    0.082745|    0.001571|
|         339|   -8.871460|   -8.320639|    0.082745|    0.001571|
|         340|   -8.886499|   -8.335733|    0.082745|    0.001571|
|         341|   -8.901650|   -8.350938|    0.082745|    0.001571|
|         342|   -8.916892|   -8.366233|    0.082745|    0.001571|
|         343|   -8.932201|   -8.381593|    0.082745|    0.001571|
|         344|   -8.947553|   -8.396993|    0.082745|    0.001571|
|         345|   -8.962923|   -8.412406|    0.082745|    0.001571|
|         346|   -8.978282|   -8.427805|    0.082745|    0.001571|
|         347|   -8.993602|   -8.443160|    0.082745|    0.001571|
|         348|   -9.008857|   -8.458443|    0.082745|    0.001571|
|         349|   -9.024018|   -8.473626|    0.082745|    0.001571|
|         350|   -9.039058|   -8.488680|    0.082745|    0.001571|
|         351|   -9.053951|   -8.503581|    0.082745|    0.001571|
|         352|   -9.068672|   -8.518302|    0.082745|    0.001571|
|         353|   -9.083201|   -8.532823|    0.082745|    0.001571|
|         354|   -9.097517|   -8.547125|    0.082745|    0.001571|
|         355|   -9.111607|   -8.561192|    0.082745|    0.001571|
|         356|   -9.125457|   -8.575012|    0.082745|    0.001571|
|         357|   -9.139061|   -8.588580|    0.082745|    0.001571|
|         358|   -9.152416|   -8.601893|    0.082745|    0.001571|
|         359|   -9.165521|   -8.614951|    0.082745|    0.001571|
|         360|   -9.178384|   -8.627763|    0.082745|    0.001571|
|         361|   -9.191014|   -8.640337|    0.082745|    0.001571|
|         362|   -9.203424|   -8.652690|    0.082745|    0.001571|
|         363|   -9.215632|   -8.664840|    0.082745|    0.001571|
|         364|   -9.227658|   -8.676808|    0.082745|    0.001571|
|         365|   -9.239526|   -8.688618|    0.082745|    0.001571|
|         366|   -9.251261|   -8.700297|    0.082745|    0.001571|
|         367|   -9.262890|   -8.711873|    0.082745|    0.001571|
|         368|   -9.274441|   -8.723374|    0.082745|    0.001571|
|         369|   -9.285943|   -8.734829|    0.082745|    0.001571|
|         370|   -9.297423|   -8.746268|    0.082745|    0.001571|
|         371|   -9.308909|   -8.757719|    0.082745|    0.001571|
|         372|   -9.320430|   -8.769209|    0.082745|    0.001571|
|         373|   -9.332009|   -8.780765|    0.082745|    0.001571|
|         374|   -9.343672|   -8.792410|    0.082745|    0.001571|
|         375|   -9.355441|   -8.804168|    0.082745|    0.001571|
|         376|   -9.367335|   -8.816058|    0.082745|    0.001571|
|         377|   -9.379373|   -8.828099|    0.082745|    0.001571|
|         378|   -9.391571|   -8.840306|    0.082745|    0.001571|
|         379|   -9.403941|   -8.852692|    0.082745|    0.001571|
|         380|   -9.416495|   -8.865268|    0.082745|    0.001571|
|         381|   -9.429241|   -8.878042|    0.082745|    0.001571|
|         382|   -9.442184|   -8.891019|    0.082745|    0.001571|
|         383|   -9.455327|   -8.904201|    0.082745|    0.001571|
|         384|   -9.468671|   -8.917590|    0.082745|    0.001571|
|         385|   -9.482215|   -8.931182|    0.082745|    0.001571|
|         386|   -9.495952|   -8.944973|    0.082745|    0.001571|
|         387|   -9.509877|   -8.958954|    0.082745|    0.001571|
|         388|   -9.523980|   -8.973116|    0.082745|    0.001571|
|         389|   -9.538249|   -8.987446|    0.082745|    0.001571|
|         390|   -9.552669|   -9.001928|    0.082745|    0.001571|
|         391|   -9.567225|   -9.016546|    0.082745|    0.001571|
|         392|   -9.581897|   -9.031281|    0.082745|    0.001571|
|         393|   -9.596665|   -9.046111|    0.082745|    0.001571|
|         394|   -9.611508|   -9.061012|    0.082745|    0.001571|
|         395|   -9.626401|   -9.075961|    0.082745|    0.001571|
|         396|   -9.641319|   -9.090931|    0.082745|    0.001571|
|         397|   -9.656236|   -9.105896|    0.082745|    0.001571|
|         398|   -9.671126|   -9.120828|    0.082745|    0.001571|
|         399|   -9.685963|   -9.135699|    0.082745|    0.001571|
|         400|   -9.700718|   -9.150483|    0.082745|    0.001571|
|         401|   -9.715369|   -9.165153|    0.082745|    0.001571|
|         402|   -9.729889|   -9.179685|    0.082745|    0.001571|
|         403|   -9.744256|   -9.194055|    0.082745|    0.001571|
|         404|   -9.758451|   -9.208243|    0.082745|    0.001571|
|         405|   -9.772457|   -9.222233|    0.082745|    0.001571|
|         406|   -9.786259|   -9.236011|    0.082745|    0.001571|
|         407|   -9.799848|   -9.249567|    0.082745|    0.001571|
|         408|   -9.813216|   -9.262894|    0.082745|    0.001571|
|         409|   -9.826363|   -9.275992|    0.082745|    0.001571|
|         410|   -9.839289|   -9.288864|    0.082745|    0.001571|
|         411|   -9.852000|   -9.301515|    0.082745|    0.001571|
|         412|   -9.864507|   -9.313957|    0.082745|    0.001571|
|         413|   -9.876822|   -9.326204|    0.082745|    0.001571|
|         414|   -9.888961|   -9.338275|    0.082745|    0.001571|
|         415|   -9.900945|   -9.350189|    0.082745|    0.001571|
|         416|   -9.912795|   -9.361969|    0.082745|    0.001571|
|         417|   -9.924535|   -9.373641|    0.082745|    0.001571|
|         418|   -9.936189|   -9.385230|    0.082745|    0.001571|
|         419|   -9.947784|   -9.396763|    0.082745|    0.001571|
|         420|   -9.959345|   -9.408267|    0.082745|    0.001571|
|         421|   -9.970899|   -9.419770|    0.082745|    0.001571|
|         422|   -9.982472|   -9.431297|    0.082745|    0.001571|
|         423|   -9.994088|   -9.442874|    0.082745|    0.001571|
|         424|  -10.005771|   -9.454525|    0.082745|    0.001571|
|         425|  -10.017543|   -9.466273|    0.082745|    0.001571|
|         426|  -10.029423|   -9.478137|    0.082745|    0.001571|
|         427|  -10.041432|   -9.490137|    0.082745|    0.001571|
|         428|  -10.053584|   -9.502288|    0.082745|    0.001571|
|         429|  -10.065895|   -9.514605|    0.082745|    0.001571|
|         430|  -10.078376|   -9.527100|    0.082745|    0.001571|
|         431|  -10.091036|   -9.539782|    0.082745|    0.001571|
|         432|  -10.103882|   -9.552657|    0.082745|    0.001571|
|         433|  -10.116920|   -9.565730|    0.082745|    0.001571|
|         434|  -10.130152|   -9.579003|    0.082745|    0.001571|
|         435|  -10.143577|   -9.592476|    0.082745|    0.001571|
|         436|  -10.157193|   -9.606144|    0.082745|    0.001571|
|         437|  -10.170994|   -9.620002|    0.082745|    0.001571|
|         438|  -10.184973|   -9.634042|    0.082745|    0.001571|
|         439|  -10.199120|   -9.648253|    0.082745|    0.001571|
|         440|  -10.213423|   -9.662622|    0.082745|    0.001571|
|         441|  -10.227867|   -9.677134|    0.082745|    0.001571|
|         442|  -10.242436|   -9.691770|    0.082745|    0.001571|
|         443|  -10.257111|   -9.706513|    0.082745|    0.001571|
|         444|  -10.271870|   -9.721339|    0.082745|    0.001571|
|         445|  -10.286693|   -9.736226|    0.082745|    0.001571|
|         446|  -10.301555|   -9.751148|    0.082745|    0.001571|
|         447|  -10.316431|   -9.766081|    0.082745|    0.001571|
|         448|  -10.331294|   -9.780996|    0.082745|    0.001571|
|         449|  -10.346120|   -9.795867|    0.082745|    0.001571|
|         450|  -10.360880|   -9.810665|    0.082745|    0.001571|
|         451|  -10.375549|   -9.825365|    0.082745|    0.001571|
|         452|  -10.390101|   -9.839939|    0.082745|    0.001571|
|         453|  -10.404513|   -9.854365|    0.082745|    0.001571|
|         454|  -10.418762|   -9.868618|    0.082745|    0.001571|
|         455|  -10.432829|   -9.882680|    0.082745|    0.001571|
|         456|  -10.446697|   -9.896533|    0.082745|    0.001571|
|         457|  -10.460353|   -9.910166|    0.082745|    0.001571|
|         458|  -10.473787|   -9.923568|    0.082745|    0.001571|
|         459|  -10.486994|   -9.936734|    0.082745|    0.001571|
|         460|  -10.499971|   -9.949664|    0.082745|    0.001571|
|         461|  -10.512722|   -9.962361|    0.082745|    0.001571|
|         462|  -10.525252|   -9.974832|    0.082745|    0.001571|
|         463|  -10.537572|   -9.987089|    0.082745|    0.001571|
|         464|  -10.549696|   -9.999147|    0.082745|    0.001571|
|         465|  -10.561641|  -10.011025|    0.082745|    0.001571|
|         466|  -10.573427|  -10.022743|    0.082745|    0.001571|
|         467|  -10.585076|  -10.034326|    0.082745|    0.001571|
|         468|  -10.596614|  -10.045799|    0.082745|    0.001571|
|         469|  -10.608065|  -10.057188|    0.082745|    0.001571|
|         470|  -10.619456|  -10.068521|    0.082745|    0.001571|
|         471|  -10.630813|  -10.079825|    0.082745|    0.001571|
|         472|  -10.642164|  -10.091128|    0.082745|    0.001571|
|         473|  -10.653535|  -10.102457|    0.082745|    0.001571|
|         474|  -10.664951|  -10.113838|    0.082745|    0.001571|
|         475|  -10.676437|  -10.125295|    0.082745|    0.001571|
|         476|  -10.688014|  -10.136851|    0.082745|    0.001571|
|         477|  -10.699705|  -10.148527|    0.082745|    0.001571|
|         478|  -10.711527|  -10.160342|    0.082745|    0.001571|
|         479|  -10.723499|  -10.172314|    0.082745|    0.001571|
|         480|  -10.735634|  -10.184457|    0.082745|    0.001571|
|         481|  -10.747946|  -10.196783|    0.082745|    0.001571|
|         482|  -10.760445|  -10.209303|    0.082745|    0.001571|
|         483|  -10.773139|  -10.222023|    0.082745|    0.001571|
|         484|  -10.786033|  -10.234950|    0.082745|    0.001571|
|         485|  -10.799131|  -10.248086|    0.082745|    0.001571|
|         486|  -10.812433|  -10.261431|    0.082745|    0.001571|
|         487|  -10.825937|  -10.274982|    0.082745|    0.001571|
|         488|  -10.839639|  -10.288735|    0.082745|    0.001571|
|         489|  -10.853532|  -10.302683|    0.082745|    0.001571|
|         490|  -10.867608|  -10.316814|    0.082745|    0.001571|
|         491|  -10.881854|  -10.331119|    0.082745|    0.001571|
|         492|  -10.896258|  -10.345580|    0.082745|    0.001571|
|         493|  -10.910802|  -10.360183|    0.082745|    0.001571|
|         494|  -10.925468|  -10.374907|    0.082745|    0.001571|
|         495|  -10.940237|  -10.389732|    0.082745|    0.001571|
|         496|  -10.955085|  -10.404634|    0.082745|    0.001571|
|         497|  -10.969990|  -10.419589|    0.082745|    0.001571|
|         498|  -10.984925|  -10.434570|    0.082745|    0.001571|
|         499|  -10.999864|  -10.449550|    0.082745|    0.001571|
|         500|  -11.014779|  -10.464501|    0.082745|    0.001571|
+-----------------------------------------------------------------------+
|        File Writing Summary       |              Filename             |
+-----------------------------------------------------------------------+
|SU2 binary restart                 |restart_flow.dat                   |
|Paraview                           |flow.vtu                           |
|Paraview surface                   |surface_flow.vtu                   |
|CSV file                           |surface_flow.csv                   |
+-----------------------------------------------------------------------+
+----------------------------------------------------------------+
|  Inner_Iter|    rms[Rho]|   rms[RhoE]|          CL|          CD|
+----------------------------------------------------------------+
|         501|  -11.029643|  -10.479395|    0.082745|    0.001571|
|         502|  -11.044427|  -10.494202|    0.082745|    0.001571|
|         503|  -11.059105|  -10.508895|    0.082745|    0.001571|
|         504|  -11.073651|  -10.523447|    0.082745|    0.001571|
|         505|  -11.088039|  -10.537835|    0.082745|    0.001571|
|         506|  -11.102248|  -10.552034|    0.082745|    0.001571|
|         507|  -11.116258|  -10.566027|    0.082745|    0.001571|
|         508|  -11.130052|  -10.579796|    0.082745|    0.001571|
|         509|  -11.143619|  -10.593329|    0.082745|    0.001571|
|         510|  -11.156948|  -10.606619|    0.082745|    0.001571|
|         511|  -11.170036|  -10.619662|    0.082745|    0.001571|
|         512|  -11.182882|  -10.632457|    0.082745|    0.001571|
|         513|  -11.195490|  -10.645011|    0.082745|    0.001571|
|         514|  -11.207870|  -10.657333|    0.082745|    0.001571|
|         515|  -11.220033|  -10.669435|    0.082745|    0.001571|
|         516|  -11.231995|  -10.681336|    0.082745|    0.001571|
|         517|  -11.243775|  -10.693056|    0.082745|    0.001571|
|         518|  -11.255397|  -10.704618|    0.082745|    0.001571|
|         519|  -11.266884|  -10.716047|    0.082745|    0.001571|
|         520|  -11.278262|  -10.727370|    0.082745|    0.001571|
|         521|  -11.289560|  -10.738616|    0.082745|    0.001571|
|         522|  -11.300805|  -10.749815|    0.082745|    0.001571|
|         523|  -11.312025|  -10.760993|    0.082745|    0.001571|
|         524|  -11.323249|  -10.772181|    0.082745|    0.001571|
|         525|  -11.334504|  -10.783405|    0.082745|    0.001571|
|         526|  -11.345816|  -10.794693|    0.082745|    0.001571|
|         527|  -11.357209|  -10.806069|    0.082745|    0.001571|
|         528|  -11.368708|  -10.817557|    0.082745|    0.001571|
|         529|  -11.380333|  -10.829177|    0.082745|    0.001571|
|         530|  -11.392104|  -10.840949|    0.082745|    0.001571|
|         531|  -11.404037|  -10.852891|    0.082745|    0.001571|
|         532|  -11.416148|  -10.865015|    0.082745|    0.001571|
|         533|  -11.428449|  -10.877335|    0.082745|    0.001571|
|         534|  -11.440949|  -10.889860|    0.082745|    0.001571|
|         535|  -11.453656|  -10.902598|    0.082745|    0.001571|
|         536|  -11.466575|  -10.915552|    0.082745|    0.001571|
|         537|  -11.479709|  -10.928724|    0.082745|    0.001571|
|         538|  -11.493057|  -10.942115|    0.082745|    0.001571|
|         539|  -11.506617|  -10.955721|    0.082745|    0.001571|
|         540|  -11.520383|  -10.969536|    0.082745|    0.001571|
|         541|  -11.534349|  -10.983552|    0.082745|    0.001571|
|         542|  -11.548503|  -10.997758|    0.082745|    0.001571|
|         543|  -11.562833|  -11.012141|    0.082745|    0.001571|
|         544|  -11.577325|  -11.026685|    0.082745|    0.001571|
|         545|  -11.591960|  -11.041372|    0.082745|    0.001571|
|         546|  -11.606719|  -11.056183|    0.082745|    0.001571|
|         547|  -11.621581|  -11.071093|    0.082745|    0.001571|
|         548|  -11.636522|  -11.086080|    0.082745|    0.001571|
|         549|  -11.651516|  -11.101116|    0.082745|    0.001571|
|         550|  -11.666537|  -11.116175|    0.082745|    0.001571|
|         551|  -11.681556|  -11.131227|    0.082745|    0.001571|
|         552|  -11.696545|  -11.146244|    0.082745|    0.001571|
|         553|  -11.711475|  -11.161195|    0.082745|    0.001571|
|         554|  -11.726317|  -11.176052|    0.082745|    0.001571|
|         555|  -11.741041|  -11.190784|    0.082745|    0.001571|
|         556|  -11.755623|  -11.205366|    0.082745|    0.001571|
|         557|  -11.770036|  -11.219772|    0.082745|    0.001571|
|         558|  -11.784257|  -11.233980|    0.082745|    0.001571|
|         559|  -11.798268|  -11.247969|    0.082745|    0.001571|
|         560|  -11.812052|  -11.261725|    0.082745|    0.001571|
|         561|  -11.825597|  -11.275235|    0.082745|    0.001571|
|         562|  -11.838895|  -11.288492|    0.082745|    0.001571|
|         563|  -11.851942|  -11.301493|    0.082745|    0.001571|
|         564|  -11.864741|  -11.314241|    0.082745|    0.001571|
|         565|  -11.877295|  -11.326742|    0.082745|    0.001571|
|         566|  -11.889616|  -11.339007|    0.082745|    0.001571|
|         567|  -11.901717|  -11.351051|    0.082745|    0.001571|
|         568|  -11.913616|  -11.362893|    0.082745|    0.001571|
|         569|  -11.925335|  -11.374555|    0.082745|    0.001571|
|         570|  -11.936898|  -11.386062|    0.082745|    0.001571|
|         571|  -11.948330|  -11.397441|    0.082745|    0.001571|
|         572|  -11.959659|  -11.408720|    0.082745|    0.001571|
|         573|  -11.970914|  -11.419929|    0.082745|    0.001571|
|         574|  -11.982124|  -11.431098|    0.082745|    0.001571|
|         575|  -11.993319|  -11.442257|    0.082745|    0.001571|
|         576|  -12.004527|  -11.453434|    0.082745|    0.001571|
|         577|  -12.015775|  -11.464657|    0.082745|    0.001571|
|         578|  -12.027092|  -11.475954|    0.082745|    0.001571|
|         579|  -12.038500|  -11.487350|    0.082745|    0.001571|
|         580|  -12.050024|  -11.498867|    0.082745|    0.001571|
|         581|  -12.061685|  -11.510527|    0.082745|    0.001571|
|         582|  -12.073500|  -11.522348|    0.082745|    0.001571|
|         583|  -12.085488|  -11.534347|    0.082745|    0.001571|
|         584|  -12.097661|  -11.546537|    0.082745|    0.001571|
|         585|  -12.110031|  -11.558930|    0.082745|    0.001571|
|         586|  -12.122608|  -11.571535|    0.082745|    0.001571|
|         587|  -12.135398|  -11.584357|    0.082745|    0.001571|
|         588|  -12.148404|  -11.597400|    0.082745|    0.001571|
|         589|  -12.161628|  -11.610664|    0.082745|    0.001571|
|         590|  -12.175069|  -11.624150|    0.082745|    0.001571|
|         591|  -12.188723|  -11.637850|    0.082745|    0.001571|
|         592|  -12.202582|  -11.651759|    0.082745|    0.001571|
|         593|  -12.216639|  -11.665867|    0.082745|    0.001571|
|         594|  -12.230882|  -11.680162|    0.082745|    0.001571|
|         595|  -12.245295|  -11.694629|    0.082745|    0.001571|
|         596|  -12.259863|  -11.709250|    0.082745|    0.001571|
|         597|  -12.274567|  -11.724006|    0.082745|    0.001571|
|         598|  -12.289385|  -11.738875|    0.082745|    0.001571|
|         599|  -12.304295|  -11.753834|    0.082745|    0.001571|
|         600|  -12.319272|  -11.768856|    0.082745|    0.001571|
|         601|  -12.334288|  -11.783914|    0.082745|    0.001571|
|         602|  -12.349316|  -11.798979|    0.082745|    0.001571|
|         603|  -12.364326|  -11.814023|    0.082745|    0.001571|
|         604|  -12.379289|  -11.829013|    0.082745|    0.001571|
|         605|  -12.394176|  -11.843920|    0.082745|    0.001571|
|         606|  -12.408957|  -11.858715|    0.082745|    0.001571|
|         607|  -12.423603|  -11.873369|    0.082745|    0.001571|
|         608|  -12.438090|  -11.887854|    0.082745|    0.001571|
|         609|  -12.452392|  -11.902148|    0.082745|    0.001571|
|         610|  -12.466487|  -11.916228|    0.082745|    0.001571|
|         611|  -12.480357|  -11.930075|    0.082745|    0.001571|
|         612|  -12.493990|  -11.943680|    0.082745|    0.001571|
|         613|  -12.507374|  -11.957027|    0.082745|    0.001571|
|         614|  -12.520503|  -11.970115|    0.082745|    0.001571|
|         615|  -12.533378|  -11.982944|    0.082745|    0.001571|
|         616|  -12.546002|  -11.995517|    0.082745|    0.001571|
|         617|  -12.558382|  -12.007844|    0.082745|    0.001571|
|         618|  -12.570533|  -12.019939|    0.082745|    0.001571|
|         619|  -12.582470|  -12.031820|    0.082745|    0.001571|
|         620|  -12.594213|  -12.043506|    0.082745|    0.001571|
|         621|  -12.605787|  -12.055023|    0.082745|    0.001571|
|         622|  -12.617216|  -12.066397|    0.082745|    0.001571|
|         623|  -12.628528|  -12.077658|    0.082745|    0.001571|
|         624|  -12.639751|  -12.088833|    0.082745|    0.001571|
|         625|  -12.650916|  -12.099953|    0.082745|    0.001571|
|         626|  -12.662051|  -12.111049|    0.082745|    0.001571|
|         627|  -12.673188|  -12.122151|    0.082745|    0.001571|
|         628|  -12.684352|  -12.133288|    0.082745|    0.001571|
|         629|  -12.695574|  -12.144485|    0.082745|    0.001571|
|         630|  -12.706878|  -12.155773|    0.082745|    0.001571|
|         631|  -12.718287|  -12.167172|    0.082745|    0.001571|
|         632|  -12.729825|  -12.178704|    0.082745|    0.001571|
|         633|  -12.741511|  -12.190393|    0.082745|    0.001571|
|         634|  -12.753363|  -12.202252|    0.082745|    0.001571|
|         635|  -12.765397|  -12.214299|    0.082745|    0.001571|
|         636|  -12.777622|  -12.226544|    0.082745|    0.001571|
|         637|  -12.790053|  -12.238998|    0.082745|    0.001571|
|         638|  -12.802695|  -12.251670|    0.082745|    0.001571|
|         639|  -12.815553|  -12.264563|    0.082745|    0.001571|
|         640|  -12.828630|  -12.277676|    0.082745|    0.001571|
|         641|  -12.841924|  -12.291014|    0.082745|    0.001571|
|         642|  -12.855436|  -12.304570|    0.082745|    0.001571|
|         643|  -12.869157|  -12.318339|    0.082745|    0.001571|
|         644|  -12.883079|  -12.332311|    0.082745|    0.001571|
|         645|  -12.897193|  -12.346478|    0.082745|    0.001571|
|         646|  -12.911486|  -12.360822|    0.082745|    0.001571|
|         647|  -12.925943|  -12.375332|    0.082745|    0.001571|
|         648|  -12.940542|  -12.389983|    0.082745|    0.001571|
|         649|  -12.955269|  -12.404762|    0.082745|    0.001571|
|         650|  -12.970097|  -12.419638|    0.082745|    0.001571|
|         651|  -12.985005|  -12.434594|    0.082745|    0.001571|
|         652|  -12.999963|  -12.449594|    0.082745|    0.001571|
|         653|  -13.014949|  -12.464619|    0.082745|    0.001571|

----------------------------- Solver Exit -------------------------------
All convergence criteria satisfied.
+-----------------------------------------------------------------------+
|      Convergence Field     |     Value    |   Criterion  |  Converged |
+-----------------------------------------------------------------------+
|                    rms[Rho]|      -13.0149|         < -13|         Yes|
+-----------------------------------------------------------------------+
-------------------------------------------------------------------------
+-----------------------------------------------------------------------+
|        File Writing Summary       |              Filename             |
+-----------------------------------------------------------------------+
|SU2 binary restart                 |restart_flow.dat                   |
|Paraview                           |flow.vtu                           |
|Paraview surface                   |surface_flow.vtu                   |
|CSV file                           |surface_flow.csv                   |
+-----------------------------------------------------------------------+

--------------------------- Finalizing Solver ---------------------------
Deleted CNumerics container.
Deleted CIntegration container.
Deleted CSolver container.
Deleted CIteration container.
Deleted CInterface container.
Deleted CGeometry container.
Deleted CFreeFormDefBox class.
Deleted CSurfaceMovement class.
Deleted CVolumetricMovement class.
Deleted CConfig container.
Deleted nInst container.
Deleted COutput class.
-------------------------------------------------------------------------

------------------------- Exit Success (SU2_CFD) ------------------------

