
-------------------------------------------------------------------------
|    ___ _   _ ___                                                      |
|   / __| | | |_  )   Release 8.3.0 "Harrier"                           |
|   \__ \ |_| |/ /                                                      |
|   |___/\___//___|   Suite (Computational Fluid Dynamics Code)         |
|                                                                       |
-------------------------------------------------------------------------
| SU2 Project Website: https://su2code.github.io                        |
|                                                                       |
| The SU2 Project is maintained by the SU2 Foundation                   |
| (http://su2foundation.org)                                            |
-------------------------------------------------------------------------
| Copyright 2012-2025, SU2 Contributors                                 |
|                                                                       |
| SU2 is free software; you can redistribute it and/or                  |
| modify it under the terms of the GNU Lesser General Public            |
| License as published by the Free Software Foundation; either          |
| version 2.1 of the License, or (at your option) any later version.    |
|                                                                       |
| SU2 is distributed in the hope that it will be useful,                |
| but WITHOUT ANY WARRANTY; without even the implied warranty of        |
| MERCHANTABILITY or FITNESS FOR A PARTICULAR PURPOSE. See the GNU      |
| Lesser General Public License for more details.                       |
|                                                                       |
| You should have received a copy of the GNU Lesser General Public      |
| License along with SU2. If not, see <http://www.gnu.org/licenses/>.   |
-------------------------------------------------------------------------

Parsing config file for zone 0

----------------- Physical Case Definition ( Zone 0 ) -------------------
Compressible Euler equations.
Mach number: 0.8.
Angle of attack (AoA): 1.25 deg, and angle of sideslip (AoS): 0 deg.
No restart solution, use the values at infinity (freestream).
Non-Dimensional simulation (P=1.0, Rho=1.0, T=1.0 at the farfield).
The reference area is 1 m^2.
The semi-span will be computed using the max y(3D) value.
The reference length is 1 m.
Reference origin for moment evaluation is (0.25, 0, 0).
Surface(s) where the force coefficients are evaluated: airfoil.

Surface(s) plotted in the output file: airfoil.
Surface(s) affected by the design variables: airfoil.
Input mesh file name: mesh_NACA0012_inv_deform.su2

--------------- Space Numerical Integration ( Zone 0 ) ------------------
Jameson-Schmidt-Turkel scheme (2nd order in space) for the flow inviscid terms.
JST viscous coefficients (2nd & 4th): 0.5, 0.02.
The method includes a grid stretching correction (p = 0.3).
Gradient for viscous and source terms: Green-Gauss.

--------------- Time Numerical Integration  ( Zone 0 ) ------------------
Local time stepping (steady state simulation).
Euler implicit method for the flow equations.
FGMRES is used for solving the linear system.
Using a LU-SGS preconditioning.
Convergence criteria of the linear solver: 0.0001.
Max number of linear iterations: 2.
V Multigrid Cycle, with 2 multigrid levels.
Damping factor for the residual restriction: 1.
Damping factor for the correction prolongation: 1.
No CFL adaptation.
+-------------------------------------------+
|  MG Level| Presmooth|PostSmooth|CorrectSmo|
+-------------------------------------------+
|         0|         1|         0|         0|
|         1|         2|         0|         0|
|         2|         3|         0|         0|
+-------------------------------------------+
Courant-Friedrichs-Lewy number:       10

------------------ Convergence Criteria  ( Zone 0 ) ---------------------
Maximum number of solver subiterations: 1000.
Begin convergence monitoring at iteration 10.
Residual minimum value: 1e-13.
Cauchy series min. value: 1e-06.
Number of Cauchy elements: 100.
Begin windowed time average at iteration 0.

-------------------- Output Information ( Zone 0 ) ----------------------
File writing frequency: 
+------------------------------------+
|                     File| Frequency|
+------------------------------------+
|                  RESTART|       250|
|                 PARAVIEW|       250|
|         SURFACE_PARAVIEW|       250|
|              SURFACE_CSV|       250|
+------------------------------------+
Writing the convergence history file every 1 inner iterations.
Writing the screen convergence history every 1 inner iterations.
The tabular file format is CSV (.csv).
Convergence history file name: history_direct.
Forces breakdown file name: forces_breakdown.dat.
Surface file name: surface_flow.
Volume file name: flow.
Restart file name: restart_flow.

------------- Config File Boundary Information ( Zone 0 ) ---------------
+-----------------------------------------------------------------------+
|                        Marker Type|                        Marker Name|
+-----------------------------------------------------------------------+
|                         Euler wall|                            airfoil|
+-----------------------------------------------------------------------+
|                          Far-field|                           farfield|
+-----------------------------------------------------------------------+

-------------------- Output Preprocessing ( Zone 0 ) --------------------

WARNING: SURFACE_PRESSURE_DROP can only be computed for at least 2 surfaces (outlet, inlet, ...)

Screen output fields: INNER_ITER, RMS_DENSITY, RMS_ENERGY, LIFT, DRAG
History output group(s): ITER, RMS_RES, AERO_COEFF
Convergence field(s): RMS_DENSITY
Warning: No (valid) fields chosen for time convergence monitoring. Time convergence monitoring inactive.
Volume output fields: COORDINATES, SOLUTION, PRIMITIVE

------------------- Geometry Preprocessing ( Zone 0 ) -------------------
Two dimensional problem.
5233 grid points.
10216 volume elements.
2 surface markers.
200 boundary elements in index 0 (Marker = airfoil).
50 boundary elements in index 1 (Marker = farfield).
10216 triangles.
Setting point connectivity.
Renumbering points (Reverse Cuthill McKee Ordering).
Recomputing point connectivity.
Setting element connectivity.
Checking the numerical grid orientation.
All volume elements are correctly oriented.
All surface elements are correctly oriented.
Identifying edges and vertices.
Setting the control volume structure.
Area of the computational grid: 1253.25.
Searching for the closest normal neighbors to the surfaces.
Storing a mapping from global to local point index.
Compute the surface curvature.
Max K: 7835.1. Mean K: 35.105. Standard deviation K: 494.427.
Checking for periodicity.
Computing mesh quality statistics for the dual control volumes.
+--------------------------------------------------------------+
|           Mesh Quality Metric|        Minimum|        Maximum|
+--------------------------------------------------------------+
|    Orthogonality Angle (deg.)|        62.8595|        89.7459|
|     CV Face Area Aspect Ratio|         1.0104|          7.182|
|           CV Sub-Volume Ratio|        1.00278|        6.47684|
+--------------------------------------------------------------+
Setting the multigrid structure.
+-------------------------------------------+
|  MG Level|       CVs|Aggl. Rate|       CFL|
+-------------------------------------------+
|         0|      5233|    1/1.00|        10|
|         1|      1690|     1/3.1|   8.52431|
|         2|       649|     1/2.6|   7.92373|
+-------------------------------------------+
Finding max control volume width.
Wetted area = 2.03871 m.
Area projection in the x-plane = 0.113965 m, y-plane = 0.999845 m.
Max. coordinate in the x-direction = 1 m, y-direction = 0.0511004 m.
Min. coordinate in the x-direction = 0 m, y-direction = -0.062868 m.
Computing wall distances.

-------------------- Solver Preprocessing ( Zone 0 ) --------------------
Inviscid flow: Computing density based on free-stream
temperature and pressure using the ideal gas law.
Force coefficients computed using free-stream values.

-- Models:
+------------------------------------------------------------------------------+
|          Viscosity Model|        Conductivity Model|              Fluid Model|
+------------------------------------------------------------------------------+
|                        -|                         -|             STANDARD_AIR|
+------------------------------------------------------------------------------+
-- Fluid properties:
+------------------------------------------------------------------------------+
|                  Name|    Dim. value|    Ref. value|      Unit|Non-dim. value|
+------------------------------------------------------------------------------+
|          Gas Constant|       287.058|       287.058|  N.m/kg.K|             1|
|      Spec. Heat Ratio|             -|             -|         -|           1.4|
+------------------------------------------------------------------------------+
-- Initial and free-stream conditions:
+------------------------------------------------------------------------------+
|                  Name|    Dim. value|    Ref. value|      Unit|Non-dim. value|
+------------------------------------------------------------------------------+
|       Static Pressure|        101325|        101325|        Pa|             1|
|               Density|       1.29225|       1.29225|    kg/m^3|             1|
|           Temperature|        273.15|        273.15|         K|             1|
|          Total Energy|        231152|       78409.9|   m^2/s^2|         2.948|
|            Velocity-X|       264.994|       280.018|       m/s|      0.946348|
|            Velocity-Y|       5.78219|       280.018|       m/s|     0.0206494|
|    Velocity Magnitude|       265.057|       280.018|       m/s|      0.946573|
+------------------------------------------------------------------------------+
|           Mach Number|             -|             -|         -|           0.8|
+------------------------------------------------------------------------------+
Initialize Jacobian structure (Euler). MG level: 0.
Initialize Jacobian structure (Euler). MG level: 1.
Initialize Jacobian structure (Euler). MG level: 2.

------------------- Numerics Preprocessing ( Zone 0 ) -------------------

----------------- Integration Preprocessing ( Zone 0 ) ------------------

------------------- Iteration Preprocessing ( Zone 0 ) ------------------
Euler/Navier-Stokes/RANS fluid iteration.

------------------------------ Begin Solver -----------------------------

Simulation Run using the Single-zone Driver
WARNING: SU2 was not compiled for an AVX-capable architecture. Performance could be better,
         see https://su2code.github.io/docs_v7/Build-SU2-Linux-MacOS/#compiler-optimizations
WARNING: SU2 was not compiled for an AVX-capable architecture. Performance could be better,
         see https://su2code.github.io/docs_v7/Build-SU2-Linux-MacOS/#compiler-optimizations
WARNING: SU2 was not compiled for an AVX-capable architecture. Performance could be better,
         see https://su2code.github.io/docs_v7/Build-SU2-Linux-MacOS/#compiler-optimizations
+----------------------------------------------------------------+
|  Inner_Iter|    rms[Rho]|   rms[RhoE]|          CL|          CD|
+----------------------------------------------------------------+
|           0|   -3.597624|   -3.001247|    0.148193|    0.226853|
|           1|   -3.844376|   -3.233431|    0.038735|    0.087593|
|           2|   -3.780587|   -3.182234|    0.045633|    0.063944|
|           3|   -3.725709|   -3.133131|    0.079996|    0.078940|
|           4|   -3.676974|   -3.087698|    0.077977|    0.059750|
|           5|   -3.672796|   -3.087653|    0.075388|    0.046376|
|           6|   -3.668237|   -3.089329|    0.076321|    0.042377|
|           7|   -3.672665|   -3.096011|    0.075874|    0.038083|
|           8|   -3.656474|   -3.079110|    0.075664|    0.032460|
|           9|   -3.670356|   -3.096617|    0.076178|    0.027759|
|          10|   -3.676461|   -3.106639|    0.077275|    0.024520|
|          11|   -3.682182|   -3.114573|    0.078679|    0.021643|
|          12|   -3.687319|   -3.120270|    0.079868|    0.018588|
|          13|   -3.690653|   -3.122303|    0.081019|    0.015576|
|          14|   -3.698420|   -3.127974|    0.082646|    0.012802|
|          15|   -3.708126|   -3.135774|    0.084720|    0.010242|
|          16|   -3.718770|   -3.145798|    0.086898|    0.007803|
|          17|   -3.731440|   -3.159442|    0.089050|    0.005431|
|          18|   -3.746392|   -3.176263|    0.091150|    0.003128|
|          19|   -3.764322|   -3.196016|    0.093092|    0.000932|
|          20|   -3.785625|   -3.218546|    0.094749|   -0.001086|
|          21|   -3.808717|   -3.242196|    0.096204|   -0.002833|
|          22|   -3.831475|   -3.265037|    0.097624|   -0.004223|
|          23|   -3.852629|   -3.285990|    0.099198|   -0.005182|
|          24|   -3.872157|   -3.305130|    0.101040|   -0.005662|
|          25|   -3.891149|   -3.323603|    0.103001|   -0.005667|
|          26|   -3.910779|   -3.342694|    0.104956|   -0.005222|
|          27|   -3.931680|   -3.363277|    0.106847|   -0.004381|
|          28|   -3.954037|   -3.385754|    0.108609|   -0.003236|
|          29|   -3.978049|   -3.410482|    0.110158|   -0.001888|
|          30|   -4.003510|   -3.437212|    0.111433|   -0.000445|
|          31|   -4.030641|   -3.465921|    0.112270|    0.000982|
|          32|   -4.059398|   -3.496276|    0.112672|    0.002323|
|          33|   -4.089834|   -3.528012|    0.112734|    0.003535|
|          34|   -4.121600|   -3.560495|    0.112569|    0.004585|
|          35|   -4.154080|   -3.593075|    0.112268|    0.005446|
|          36|   -4.186260|   -3.624941|    0.111899|    0.006101|
|          37|   -4.217257|   -3.655468|    0.111522|    0.006538|
|          38|   -4.246627|   -3.684499|    0.111185|    0.006756|
|          39|   -4.274211|   -3.712118|    0.110936|    0.006768|
|          40|   -4.300072|   -3.738484|    0.110825|    0.006592|
|          41|   -4.324495|   -3.763825|    0.110886|    0.006258|
|          42|   -4.347721|   -3.788186|    0.111123|    0.005798|
|          43|   -4.369847|   -3.811455|    0.111529|    0.005246|
|          44|   -4.390879|   -3.833482|    0.112087|    0.004638|
|          45|   -4.410726|   -3.854080|    0.112774|    0.004009|
|          46|   -4.429151|   -3.872991|    0.113574|    0.003386|
|          47|   -4.445904|   -3.890012|    0.114473|    0.002799|
|          48|   -4.460848|   -3.905076|    0.115453|    0.002267|
|          49|   -4.474099|   -3.918374|    0.116488|    0.001811|
|          50|   -4.486032|   -3.930352|    0.117548|    0.001442|
|          51|   -4.497211|   -3.941597|    0.118607|    0.001168|
|          52|   -4.507959|   -3.952454|    0.119645|    0.000989|
|          53|   -4.518645|   -3.963385|    0.120646|    0.000902|
|          54|   -4.529812|   -3.974984|    0.121603|    0.000899|
|          55|   -4.542000|   -3.987818|    0.122510|    0.000969|
|          56|   -4.555571|   -4.002205|    0.123366|    0.001096|
|          57|   -4.570654|   -4.018188|    0.124182|    0.001268|
|          58|   -4.587125|   -4.035508|    0.124954|    0.001470|
|          59|   -4.604903|   -4.053965|    0.125660|    0.001685|
|          60|   -4.624004|   -4.073558|    0.126285|    0.001901|
|          61|   -4.644391|   -4.094240|    0.126825|    0.002107|
|          62|   -4.665858|   -4.115823|    0.127280|    0.002293|
|          63|   -4.688105|   -4.138002|    0.127650|    0.002452|
|          64|   -4.710617|   -4.160307|    0.127941|    0.002578|
|          65|   -4.733016|   -4.182424|    0.128157|    0.002667|
|          66|   -4.755121|   -4.204235|    0.128299|    0.002719|
|          67|   -4.776828|   -4.225687|    0.128373|    0.002735|
|          68|   -4.798101|   -4.246785|    0.128394|    0.002720|
|          69|   -4.818886|   -4.267498|    0.128373|    0.002677|
|          70|   -4.839120|   -4.287761|    0.128328|    0.002613|
|          71|   -4.858755|   -4.307493|    0.128274|    0.002533|
|          72|   -4.877606|   -4.326487|    0.128217|    0.002443|
|          73|   -4.895542|   -4.344605|    0.128167|    0.002348|
|          74|   -4.912433|   -4.361689|    0.128132|    0.002254|
|          75|   -4.928272|   -4.377699|    0.128116|    0.002165|
|          76|   -4.943185|   -4.392754|    0.128125|    0.002083|
|          77|   -4.957336|   -4.406997|    0.128160|    0.002011|
|          78|   -4.971068|   -4.420758|    0.128217|    0.001951|
|          79|   -4.984800|   -4.434475|    0.128294|    0.001903|
|          80|   -4.998853|   -4.448469|    0.128385|    0.001868|
|          81|   -5.013647|   -4.463140|    0.128488|    0.001845|
|          82|   -5.029278|   -4.478589|    0.128597|    0.001834|
|          83|   -5.045866|   -4.494929|    0.128710|    0.001833|
|          84|   -5.063512|   -4.512239|    0.128822|    0.001841|
|          85|   -5.082682|   -4.531040|    0.128929|    0.001856|
|          86|   -5.103026|   -4.550961|    0.129029|    0.001876|
|          87|   -5.124453|   -4.571869|    0.129120|    0.001901|
|          88|   -5.147033|   -4.593923|    0.129200|    0.001928|
|          89|   -5.170606|   -4.617044|    0.129268|    0.001956|
|          90|   -5.194712|   -4.640748|    0.129321|    0.001984|
|          91|   -5.219168|   -4.664858|    0.129359|    0.002010|
|          92|   -5.243959|   -4.689414|    0.129376|    0.002032|
|          93|   -5.268821|   -4.714175|    0.129378|    0.002052|
|          94|   -5.293532|   -4.738894|    0.129367|    0.002067|
|          95|   -5.318004|   -4.763481|    0.129342|    0.002078|
|          96|   -5.342047|   -4.787759|    0.129305|    0.002086|
|          97|   -5.365572|   -4.811643|    0.129256|    0.002089|
|          98|   -5.388630|   -4.835177|    0.129198|    0.002089|
|          99|   -5.411325|   -4.858414|    0.129133|    0.002086|
|         100|   -5.433736|   -4.881388|    0.129062|    0.002080|
|         101|   -5.455973|   -4.904170|    0.128986|    0.002072|
|         102|   -5.478161|   -4.926843|    0.128908|    0.002063|
|         103|   -5.500414|   -4.949496|    0.128830|    0.002053|
|         104|   -5.522712|   -4.972093|    0.128753|    0.002042|
|         105|   -5.545056|   -4.994627|    0.128679|    0.002031|
|         106|   -5.567396|   -5.017043|    0.128609|    0.002021|
|         107|   -5.589627|   -5.039230|    0.128544|    0.002011|
|         108|   -5.611702|   -5.061168|    0.128484|    0.002002|
|         109|   -5.633526|   -5.082792|    0.128430|    0.001995|
|         110|   -5.655060|   -5.104090|    0.128383|    0.001988|
|         111|   -5.676258|   -5.125046|    0.128343|    0.001983|
|         112|   -5.697105|   -5.145674|    0.128309|    0.001979|
|         113|   -5.717658|   -5.166059|    0.128280|    0.001976|
|         114|   -5.738023|   -5.186327|    0.128257|    0.001974|
|         115|   -5.758267|   -5.206543|    0.128237|    0.001973|
|         116|   -5.778443|   -5.226746|    0.128222|    0.001973|
|         117|   -5.798583|   -5.246950|    0.128209|    0.001974|
|         118|   -5.818712|   -5.267161|    0.128198|    0.001975|
|         119|   -5.838812|   -5.287349|    0.128189|    0.001977|
|         120|   -5.858859|   -5.307474|    0.128180|    0.001979|
|         121|   -5.878791|   -5.327466|    0.128171|    0.001981|
|         122|   -5.898563|   -5.347274|    0.128162|    0.001984|
|         123|   -5.918137|   -5.366862|    0.128152|    0.001986|
|         124|   -5.937465|   -5.386185|    0.128142|    0.001988|
|         125|   -5.956584|   -5.405299|    0.128130|    0.001990|
|         126|   -5.975551|   -5.424283|    0.128116|    0.001991|
|         127|   -5.994443|   -5.443222|    0.128102|    0.001993|
|         128|   -6.013321|   -5.462182|    0.128086|    0.001994|
|         129|   -6.032249|   -5.481230|    0.128069|    0.001995|
|         130|   -6.051251|   -5.500385|    0.128051|    0.001995|
|         131|   -6.070370|   -5.519690|    0.128033|    0.001996|
|         132|   -6.089641|   -5.539175|    0.128015|    0.001996|
|         133|   -6.109053|   -5.558818|    0.127996|    0.001995|
|         134|   -6.128520|   -5.578508|    0.127978|    0.001995|
|         135|   -6.147965|   -5.598147|    0.127960|    0.001994|
|         136|   -6.167345|   -5.617684|    0.127943|    0.001994|
|         137|   -6.186495|   -5.636938|    0.127927|    0.001993|
|         138|   -6.205328|   -5.655835|    0.127912|    0.001993|
|         139|   -6.223745|   -5.674268|    0.127898|    0.001992|
|         140|   -6.241691|   -5.692178|    0.127886|    0.001991|
|         141|   -6.259120|   -5.709521|    0.127875|    0.001991|
|         142|   -6.276017|   -5.726288|    0.127865|    0.001990|
|         143|   -6.292398|   -5.742507|    0.127857|    0.001989|
|         144|   -6.308314|   -5.758246|    0.127850|    0.001989|
|         145|   -6.323848|   -5.773604|    0.127845|    0.001989|
|         146|   -6.339091|   -5.788675|    0.127841|    0.001988|
|         147|   -6.354152|   -5.803572|    0.127838|    0.001988|
|         148|   -6.369199|   -5.818474|    0.127836|    0.001988|
|         149|   -6.384375|   -5.833529|    0.127834|    0.001988|
|         150|   -6.399774|   -5.848827|    0.127834|    0.001988|
|         151|   -6.415503|   -5.864474|    0.127834|    0.001988|
|         152|   -6.431674|   -5.880577|    0.127835|    0.001988|
|         153|   -6.448334|   -5.897170|    0.127837|    0.001988|
|         154|   -6.465462|   -5.914235|    0.127838|    0.001988|
|         155|   -6.483056|   -5.931767|    0.127840|    0.001989|
|         156|   -6.501113|   -5.949760|    0.127842|    0.001989|
|         157|   -6.519600|   -5.968180|    0.127844|    0.001989|
|         158|   -6.538466|   -5.986981|    0.127847|    0.001989|
|         159|   -6.557650|   -6.006100|    0.127849|    0.001989|
|         160|   -6.577083|   -6.025465|    0.127851|    0.001989|
|         161|   -6.596744|   -6.045060|    0.127853|    0.001990|
|         162|   -6.616581|   -6.064831|    0.127855|    0.001990|
|         163|   -6.636551|   -6.084746|    0.127857|    0.001990|
|         164|   -6.656570|   -6.104722|    0.127858|    0.001990|
|         165|   -6.676584|   -6.124707|    0.127860|    0.001990|
|         166|   -6.696538|   -6.144643|    0.127861|    0.001990|
|         167|   -6.716363|   -6.164466|    0.127862|    0.001990|
|         168|   -6.736037|   -6.184158|    0.127863|    0.001990|
|         169|   -6.755518|   -6.203674|    0.127864|    0.001990|
|         170|   -6.774800|   -6.223012|    0.127864|    0.001990|
|         171|   -6.793847|   -6.242133|    0.127865|    0.001990|
|         172|   -6.812634|   -6.261012|    0.127865|    0.001990|
|         173|   -6.831149|   -6.279632|    0.127865|    0.001990|
|         174|   -6.849388|   -6.297987|    0.127865|    0.001990|
|         175|   -6.867358|   -6.316083|    0.127865|    0.001989|
|         176|   -6.885055|   -6.333915|    0.127865|    0.001989|
|         177|   -6.902498|   -6.351493|    0.127864|    0.001989|
|         178|   -6.919701|   -6.368825|    0.127864|    0.001989|
|         179|   -6.936688|   -6.385935|    0.127863|    0.001989|
|         180|   -6.953464|   -6.402823|    0.127863|    0.001989|
|         181|   -6.970052|   -6.419512|    0.127862|    0.001989|
|         182|   -6.986474|   -6.436019|    0.127861|    0.001989|
|         183|   -7.002755|   -6.452371|    0.127861|    0.001989|
|         184|   -7.018923|   -6.468598|    0.127860|    0.001989|
|         185|   -7.034979|   -6.484697|    0.127859|    0.001989|
|         186|   -7.050930|   -6.500679|    0.127858|    0.001989|
|         187|   -7.066791|   -6.516559|    0.127857|    0.001989|
|         188|   -7.082577|   -6.532352|    0.127856|    0.001989|
|         189|   -7.098303|   -6.548075|    0.127855|    0.001989|
|         190|   -7.113963|   -6.563727|    0.127854|    0.001989|
|         191|   -7.129590|   -6.579341|    0.127853|    0.001989|
|         192|   -7.145190|   -6.594921|    0.127852|    0.001989|
|         193|   -7.160766|   -6.610472|    0.127851|    0.001989|
|         194|   -7.176319|   -6.625997|    0.127851|    0.001989|
|         195|   -7.191856|   -6.641501|    0.127850|    0.001989|
|         196|   -7.207422|   -6.657027|    0.127849|    0.001989|
|         197|   -7.223038|   -6.672593|    0.127848|    0.001989|
|         198|   -7.238715|   -6.688215|    0.127848|    0.001989|
|         199|   -7.254474|   -6.703916|    0.127847|    0.001989|
|         200|   -7.270341|   -6.719720|    0.127846|    0.001989|
|         201|   -7.286338|   -6.735648|    0.127846|    0.001989|
|         202|   -7.302473|   -6.751709|    0.127846|    0.001989|
|         203|   -7.318750|   -6.767909|    0.127845|    0.001989|
|         204|   -7.335172|   -6.784251|    0.127845|    0.001989|
|         205|   -7.351722|   -6.800716|    0.127845|    0.001989|
|         206|   -7.368416|   -6.817327|    0.127845|    0.001989|
|         207|   -7.385259|   -6.834089|    0.127844|    0.001989|
|         208|   -7.402248|   -6.850999|    0.127844|    0.001989|
|         209|   -7.419374|   -6.868051|    0.127844|    0.001989|
|         210|   -7.436625|   -6.885235|    0.127844|    0.001989|
|         211|   -7.453983|   -6.902535|    0.127845|    0.001989|
|         212|   -7.471438|   -6.919941|    0.127845|    0.001989|
|         213|   -7.488976|   -6.937441|    0.127845|    0.001989|
|         214|   -7.506586|   -6.955025|    0.127845|    0.001989|
|         215|   -7.524254|   -6.972678|    0.127845|    0.001989|
|         216|   -7.541963|   -6.990386|    0.127845|    0.001989|
|         217|   -7.559690|   -7.008124|    0.127846|    0.001989|
|         218|   -7.577422|   -7.025882|    0.127846|    0.001989|
|         219|   -7.595150|   -7.043652|    0.127846|    0.001989|
|         220|   -7.612835|   -7.061394|    0.127847|    0.001989|
|         221|   -7.630461|   -7.079089|    0.127847|    0.001989|
|         222|   -7.648009|   -7.096721|    0.127847|    0.001989|
|         223|   -7.665459|   -7.114267|    0.127847|    0.001989|
|         224|   -7.682788|   -7.131705|    0.127848|    0.001989|
|         225|   -7.699972|   -7.149008|    0.127848|    0.001989|
|         226|   -7.716977|   -7.166140|    0.127848|    0.001989|
|         227|   -7.733784|   -7.183080|    0.127849|    0.001989|
|         228|   -7.750380|   -7.199813|    0.127849|    0.001989|
|         229|   -7.766748|   -7.216322|    0.127849|    0.001989|
|         230|   -7.782876|   -7.232591|    0.127850|    0.001989|
|         231|   -7.798752|   -7.248605|    0.127850|    0.001989|
|         232|   -7.814367|   -7.264352|    0.127850|    0.001989|
|         233|   -7.829708|   -7.279816|    0.127851|    0.001989|
|         234|   -7.844753|   -7.294970|    0.127851|    0.001989|
|         235|   -7.859539|   -7.309853|    0.127851|    0.001989|
|         236|   -7.874081|   -7.324476|    0.127851|    0.001989|
|         237|   -7.888397|   -7.338854|    0.127852|    0.001989|
|         238|   -7.902490|   -7.352989|    0.127852|    0.001989|
|         239|   -7.916396|   -7.366915|    0.127852|    0.001989|
|         240|   -7.930147|   -7.380666|    0.127853|    0.001989|
|         241|   -7.943768|   -7.394266|    0.127853|    0.001989|
|         242|   -7.957267|   -7.407722|    0.127853|    0.001989|
|         243|   -7.970705|   -7.421099|    0.127853|    0.001989|
|         244|   -7.984126|   -7.434443|    0.127853|    0.001989|
|         245|   -7.997553|   -7.447783|    0.127854|    0.001989|
|         246|   -8.011011|   -7.461145|    0.127854|    0.001989|
|         247|   -8.024526|   -7.474554|    0.127854|    0.001989|
|         248|   -8.038120|   -7.488034|    0.127854|    0.001989|
|         249|   -8.051811|   -7.501606|    0.127854|    0.001989|
|         250|   -8.065613|   -7.515288|    0.127855|    0.001989|
+-----------------------------------------------------------------------+
|        File Writing Summary       |              Filename             |
+-----------------------------------------------------------------------+
|SU2 binary restart                 |restart_flow.dat                   |
|Paraview                           |flow.vtu                           |
|Paraview surface                   |surface_flow.vtu                   |
|CSV file                           |surface_flow.csv                   |
+-----------------------------------------------------------------------+
+----------------------------------------------------------------+
|  Inner_Iter|    rms[Rho]|   rms[RhoE]|          CL|          CD|
+----------------------------------------------------------------+
|         251|   -8.079545|   -7.529100|    0.127855|    0.001989|
|         252|   -8.093621|   -7.543058|    0.127855|    0.001989|
|         253|   -8.107849|   -7.557172|    0.127855|    0.001989|
|         254|   -8.122234|   -7.571448|    0.127855|    0.001989|
|         255|   -8.136779|   -7.585893|    0.127855|    0.001989|
|         256|   -8.151486|   -7.600508|    0.127855|    0.001989|
|         257|   -8.166355|   -7.615295|    0.127855|    0.001989|
|         258|   -8.181381|   -7.630251|    0.127855|    0.001989|
|         259|   -8.196560|   -7.645372|    0.127855|    0.001989|
|         260|   -8.211884|   -7.660652|    0.127855|    0.001989|
|         261|   -8.227322|   -7.676057|    0.127855|    0.001989|
|         262|   -8.242896|   -7.691613|    0.127855|    0.001989|
|         263|   -8.258592|   -7.707306|    0.127855|    0.001989|
|         264|   -8.274393|   -7.723118|    0.127855|    0.001989|
|         265|   -8.290277|   -7.739027|    0.127855|    0.001989|
|         266|   -8.306225|   -7.755014|    0.127855|    0.001989|
|         267|   -8.322218|   -7.771058|    0.127855|    0.001989|
|         268|   -8.338238|   -7.787141|    0.127855|    0.001989|
|         269|   -8.354264|   -7.803241|    0.127855|    0.001989|
|         270|   -8.370275|   -7.819335|    0.127855|    0.001989|
|         271|   -8.386250|   -7.835402|    0.127855|    0.001989|
|         272|   -8.402170|   -7.851419|    0.127855|    0.001989|
|         273|   -8.418013|   -7.867366|    0.127855|    0.001989|
|         274|   -8.433764|   -7.883222|    0.127855|    0.001989|
|         275|   -8.449405|   -7.898971|    0.127855|    0.001989|
|         276|   -8.464921|   -7.914595|    0.127855|    0.001989|
|         277|   -8.480298|   -7.930080|    0.127855|    0.001989|
|         278|   -8.495547|   -7.945436|    0.127855|    0.001989|
|         279|   -8.510639|   -7.960631|    0.127855|    0.001989|
|         280|   -8.525560|   -7.975651|    0.127855|    0.001989|
|         281|   -8.540307|   -7.990492|    0.127855|    0.001989|
|         282|   -8.554877|   -8.005149|    0.127855|    0.001989|
|         283|   -8.569270|   -8.019619|    0.127855|    0.001989|
|         284|   -8.583488|   -8.033908|    0.127855|    0.001989|
|         285|   -8.597540|   -8.048022|    0.127855|    0.001989|
|         286|   -8.611433|   -8.061968|    0.127855|    0.001989|
|         287|   -8.625178|   -8.075757|    0.127855|    0.001989|
|         288|   -8.638785|   -8.089400|    0.127855|    0.001989|
|         289|   -8.652269|   -8.102909|    0.127854|    0.001989|
|         290|   -8.665645|   -8.116299|    0.127854|    0.001989|
|         291|   -8.678929|   -8.129588|    0.127854|    0.001989|
|         292|   -8.692139|   -8.142793|    0.127854|    0.001989|
|         293|   -8.705296|   -8.155932|    0.127854|    0.001989|
|         294|   -8.718417|   -8.169026|    0.127854|    0.001989|
|         295|   -8.731523|   -8.182093|    0.127854|    0.001989|
|         296|   -8.744634|   -8.195155|    0.127854|    0.001989|
|         297|   -8.757769|   -8.208232|    0.127854|    0.001989|
|         298|   -8.770947|   -8.221341|    0.127854|    0.001989|
|         299|   -8.784187|   -8.234504|    0.127854|    0.001989|
|         300|   -8.797506|   -8.247737|    0.127854|    0.001989|
|         301|   -8.810919|   -8.261058|    0.127854|    0.001989|
|         302|   -8.824441|   -8.274483|    0.127854|    0.001989|
|         303|   -8.838085|   -8.288025|    0.127854|    0.001989|
|         304|   -8.851863|   -8.301698|    0.127854|    0.001989|
|         305|   -8.865783|   -8.315512|    0.127854|    0.001989|
|         306|   -8.879855|   -8.329478|    0.127854|    0.001989|
|         307|   -8.894084|   -8.343602|    0.127854|    0.001989|
|         308|   -8.908475|   -8.357891|    0.127854|    0.001989|
|         309|   -8.923030|   -8.372348|    0.127854|    0.001989|
|         310|   -8.937749|   -8.386976|    0.127854|    0.001989|
|         311|   -8.952632|   -8.401775|    0.127854|    0.001989|
|         312|   -8.967677|   -8.416744|    0.127854|    0.001989|
|         313|   -8.982877|   -8.431878|    0.127854|    0.001989|
|         314|   -8.998228|   -8.447172|    0.127854|    0.001989|
|         315|   -9.013721|   -8.462620|    0.127854|    0.001989|
|         316|   -9.029346|   -8.478212|    0.127854|    0.001989|
|         317|   -9.045092|   -8.493938|    0.127854|    0.001989|
|         318|   -9.060947|   -8.509784|    0.127854|    0.001989|
|         319|   -9.076896|   -8.525737|    0.127854|    0.001989|
|         320|   -9.092923|   -8.541781|    0.127854|    0.001989|
|         321|   -9.109011|   -8.557899|    0.127854|    0.001989|
|         322|   -9.125143|   -8.574071|    0.127854|    0.001989|
|         323|   -9.141299|   -8.590280|    0.127854|    0.001989|
|         324|   -9.157461|   -8.606503|    0.127854|    0.001989|
|         325|   -9.173607|   -8.622721|    0.127854|    0.001989|
|         326|   -9.189718|   -8.638912|    0.127854|    0.001989|
|         327|   -9.205774|   -8.655055|    0.127854|    0.001989|
|         328|   -9.221756|   -8.671130|    0.127854|    0.001989|
|         329|   -9.237646|   -8.687116|    0.127854|    0.001989|
|         330|   -9.253427|   -8.702996|    0.127854|    0.001989|
|         331|   -9.269085|   -8.718754|    0.127854|    0.001989|
|         332|   -9.284607|   -8.734375|    0.127854|    0.001989|
|         333|   -9.299984|   -8.749847|    0.127854|    0.001989|
|         334|   -9.315208|   -8.765164|    0.127854|    0.001989|
|         335|   -9.330275|   -8.780318|    0.127854|    0.001989|
|         336|   -9.345186|   -8.795309|    0.127854|    0.001989|
|         337|   -9.359942|   -8.810137|    0.127854|    0.001989|
|         338|   -9.374548|   -8.824807|    0.127854|    0.001989|
|         339|   -9.389014|   -8.839325|    0.127854|    0.001989|
|         340|   -9.403350|   -8.853702|    0.127854|    0.001989|
|         341|   -9.417569|   -8.867950|    0.127854|    0.001989|
|         342|   -9.431686|   -8.882085|    0.127854|    0.001989|
|         343|   -9.445718|   -8.896122|    0.127854|    0.001989|
|         344|   -9.459684|   -8.910081|    0.127854|    0.001989|
|         345|   -9.473602|   -8.923979|    0.127854|    0.001989|
|         346|   -9.487491|   -8.937837|    0.127854|    0.001989|
|         347|   -9.501372|   -8.951675|    0.127854|    0.001989|
|         348|   -9.515262|   -8.965512|    0.127854|    0.001989|
|         349|   -9.529180|   -8.979369|    0.127854|    0.001989|
|         350|   -9.543145|   -8.993263|    0.127854|    0.001989|
|         351|   -9.557172|   -9.007212|    0.127854|    0.001989|
|         352|   -9.571276|   -9.021232|    0.127854|    0.001989|
|         353|   -9.585471|   -9.035339|    0.127854|    0.001989|
|         354|   -9.599770|   -9.049546|    0.127854|    0.001989|
|         355|   -9.614183|   -9.063865|    0.127854|    0.001989|
|         356|   -9.628719|   -9.078306|    0.127854|    0.001989|
|         357|   -9.643384|   -9.092878|    0.127854|    0.001989|
|         358|   -9.658185|   -9.107587|    0.127854|    0.001989|
|         359|   -9.673124|   -9.122438|    0.127854|    0.001989|
|         360|   -9.688203|   -9.137434|    0.127854|    0.001989|
|         361|   -9.703423|   -9.152576|    0.127854|    0.001989|
|         362|   -9.718781|   -9.167864|    0.127854|    0.001989|
|         363|   -9.734274|   -9.183295|    0.127854|    0.001989|
|         364|   -9.749896|   -9.198865|    0.127854|    0.001989|
|         365|   -9.765642|   -9.214567|    0.127854|    0.001989|
|         366|   -9.781501|   -9.230394|    0.127854|    0.001989|
|         367|   -9.797464|   -9.246336|    0.127854|    0.001989|
|         368|   -9.813520|   -9.262382|    0.127854|    0.001989|
|         369|   -9.829656|   -9.278520|    0.127854|    0.001989|
|         370|   -9.845857|   -9.294735|    0.127854|    0.001989|
|         371|   -9.862108|   -9.311012|    0.127854|    0.001989|
|         372|   -9.878393|   -9.327334|    0.127854|    0.001989|
|         373|   -9.894695|   -9.343683|    0.127854|    0.001989|
|         374|   -9.910996|   -9.360041|    0.127854|    0.001989|
|         375|   -9.927277|   -9.376389|    0.127854|    0.001989|
|         376|   -9.943521|   -9.392706|    0.127854|    0.001989|
|         377|   -9.959708|   -9.408975|    0.127854|    0.001989|
|         378|   -9.975821|   -9.425175|    0.127854|    0.001989|
|         379|   -9.991842|   -9.441288|    0.127854|    0.001989|
|         380|  -10.007756|   -9.457296|    0.127854|    0.001989|
|         381|  -10.023548|   -9.473183|    0.127854|    0.001989|
|         382|  -10.039204|   -9.488935|    0.127854|    0.001989|
|         383|  -10.054715|   -9.504538|    0.127854|    0.001989|
|         384|  -10.070070|   -9.519983|    0.127854|    0.001989|
|         385|  -10.085264|   -9.535263|    0.127854|    0.001989|
|         386|  -10.100293|   -9.550372|    0.127854|    0.001989|
|         387|  -10.115158|   -9.565310|    0.127854|    0.001989|
|         388|  -10.129860|   -9.580076|    0.127854|    0.001989|
|         389|  -10.144403|   -9.594674|    0.127854|    0.001989|
|         390|  -10.158797|   -9.609112|    0.127854|    0.001989|
|         391|  -10.173050|   -9.623398|    0.127854|    0.001989|
|         392|  -10.187176|   -9.637546|    0.127854|    0.001989|
|         393|  -10.201190|   -9.651569|    0.127854|    0.001989|
|         394|  -10.215108|   -9.665484|    0.127854|    0.001989|
|         395|  -10.228949|   -9.679311|    0.127854|    0.001989|
|         396|  -10.242733|   -9.693068|    0.127854|    0.001989|
|         397|  -10.256481|   -9.706777|    0.127854|    0.001989|
|         398|  -10.270212|   -9.720460|    0.127854|    0.001989|
|         399|  -10.283948|   -9.734139|    0.127854|    0.001989|
|         400|  -10.297710|   -9.747834|    0.127854|    0.001989|
|         401|  -10.311517|   -9.761567|    0.127854|    0.001989|
|         402|  -10.325389|   -9.775359|    0.127854|    0.001989|
|         403|  -10.339344|   -9.789227|    0.127854|    0.001989|
|         404|  -10.353396|   -9.803190|    0.127854|    0.001989|
|         405|  -10.367561|   -9.817263|    0.127854|    0.001989|
|         406|  -10.381851|   -9.831461|    0.127854|    0.001989|
|         407|  -10.396277|   -9.845795|    0.127854|    0.001989|
|         408|  -10.410847|   -9.860274|    0.127854|    0.001989|
|         409|  -10.425567|   -9.874906|    0.127854|    0.001989|
|         410|  -10.440441|   -9.889697|    0.127854|    0.001989|
|         411|  -10.455470|   -9.904649|    0.127854|    0.001989|
|         412|  -10.470654|   -9.919762|    0.127854|    0.001989|
|         413|  -10.485990|   -9.935035|    0.127854|    0.001989|
|         414|  -10.501473|   -9.950464|    0.127854|    0.001989|
|         415|  -10.517095|   -9.966042|    0.127854|    0.001989|
|         416|  -10.532847|   -9.981760|    0.127854|    0.001989|
|         417|  -10.548718|   -9.997608|    0.127854|    0.001989|
|         418|  -10.564696|  -10.013574|    0.127854|    0.001989|
|         419|  -10.580765|  -10.029644|    0.127854|    0.001989|
|         420|  -10.596910|  -10.045801|    0.127854|    0.001989|
|         421|  -10.613113|  -10.062027|    0.127854|    0.001989|
|         422|  -10.629356|  -10.078306|    0.127854|    0.001989|
|         423|  -10.645620|  -10.094615|    0.127854|    0.001989|
|         424|  -10.661885|  -10.110936|    0.127854|    0.001989|
|         425|  -10.678129|  -10.127247|    0.127854|    0.001989|
|         426|  -10.694334|  -10.143526|    0.127854|    0.001989|
|         427|  -10.710478|  -10.159753|    0.127854|    0.001989|
|         428|  -10.726543|  -10.175906|    0.127854|    0.001989|
|         429|  -10.742509|  -10.191966|    0.127854|    0.001989|
|         430|  -10.758359|  -10.207913|    0.127854|    0.001989|
|         431|  -10.774078|  -10.223731|    0.127854|    0.001989|
|         432|  -10.789651|  -10.239403|    0.127854|    0.001989|
|         433|  -10.805067|  -10.254917|    0.127854|    0.001989|
|         434|  -10.820317|  -10.270263|    0.127854|    0.001989|
|         435|  -10.835395|  -10.285431|    0.127854|    0.001989|
|         436|  -10.850297|  -10.300419|    0.127854|    0.001989|
|         437|  -10.865023|  -10.315223|    0.127854|    0.001989|
|         438|  -10.879575|  -10.329844|    0.127854|    0.001989|
|         439|  -10.893959|  -10.344288|    0.127854|    0.001989|
|         440|  -10.908182|  -10.358560|    0.127854|    0.001989|
|         441|  -10.922255|  -10.372671|    0.127854|    0.001989|
|         442|  -10.936191|  -10.386632|    0.127854|    0.001989|
|         443|  -10.950004|  -10.400458|    0.127854|    0.001989|
|         444|  -10.963712|  -10.414165|    0.127854|    0.001989|
|         445|  -10.977332|  -10.427773|    0.127854|    0.001989|
|         446|  -10.990884|  -10.441300|    0.127854|    0.001989|
|         447|  -11.004388|  -10.454767|    0.127854|    0.001989|
|         448|  -11.017864|  -10.468195|    0.127854|    0.001989|
|         449|  -11.031333|  -10.481606|    0.127854|    0.001989|
|         450|  -11.044814|  -10.495020|    0.127854|    0.001989|
|         451|  -11.058328|  -10.508459|    0.127854|    0.001989|
|         452|  -11.071893|  -10.521943|    0.127854|    0.001989|
|         453|  -11.085526|  -10.535490|    0.127854|    0.001989|
|         454|  -11.099244|  -10.549118|    0.127854|    0.001989|
|         455|  -11.113061|  -10.562843|    0.127854|    0.001989|
|         456|  -11.126991|  -10.576681|    0.127854|    0.001989|
|         457|  -11.141046|  -10.590643|    0.127854|    0.001989|
|         458|  -11.155233|  -10.604740|    0.127854|    0.001989|
|         459|  -11.169562|  -10.618982|    0.127854|    0.001989|
|         460|  -11.184037|  -10.633376|    0.127854|    0.001989|
|         461|  -11.198663|  -10.647925|    0.127854|    0.001989|
|         462|  -11.213439|  -10.662633|    0.127854|    0.001989|
|         463|  -11.228367|  -10.677499|    0.127854|    0.001989|
|         464|  -11.243442|  -10.692522|    0.127854|    0.001989|
|         465|  -11.258660|  -10.707698|    0.127854|    0.001989|
|         466|  -11.274015|  -10.723020|    0.127854|    0.001989|
|         467|  -11.289497|  -10.738481|    0.127854|    0.001989|
|         468|  -11.305095|  -10.754069|    0.127854|    0.001989|
|         469|  -11.320799|  -10.769773|    0.127854|    0.001989|
|         470|  -11.336593|  -10.785579|    0.127854|    0.001989|
|         471|  -11.352461|  -10.801471|    0.127854|    0.001989|
|         472|  -11.368388|  -10.817432|    0.127854|    0.001989|
|         473|  -11.384355|  -10.833443|    0.127854|    0.001989|
|         474|  -11.400344|  -10.849486|    0.127854|    0.001989|
|         475|  -11.416334|  -10.865539|    0.127854|    0.001989|
|         476|  -11.432306|  -10.881583|    0.127854|    0.001989|
|         477|  -11.448240|  -10.897596|    0.127854|    0.001989|
|         478|  -11.464118|  -10.913557|    0.127854|    0.001989|
|         479|  -11.479919|  -10.929447|    0.127854|    0.001989|
|         480|  -11.495627|  -10.945247|    0.127854|    0.001989|
|         481|  -11.511224|  -10.960938|    0.127854|    0.001989|
|         482|  -11.526697|  -10.976505|    0.127854|    0.001989|
|         483|  -11.542034|  -10.991934|    0.127854|    0.001989|
|         484|  -11.557222|  -11.007214|    0.127854|    0.001989|
|         485|  -11.572257|  -11.022335|    0.127854|    0.001989|
|         486|  -11.587132|  -11.037291|    0.127854|    0.001989|
|         487|  -11.601845|  -11.052080|    0.127854|    0.001989|
|         488|  -11.616398|  -11.066701|    0.127854|    0.001989|
|         489|  -11.630795|  -11.081157|    0.127854|    0.001989|
|         490|  -11.645041|  -11.095453|    0.127854|    0.001989|
|         491|  -11.659145|  -11.109597|    0.127854|    0.001989|
|         492|  -11.673119|  -11.123600|    0.127854|    0.001989|
|         493|  -11.686976|  -11.137474|    0.127854|    0.001989|
|         494|  -11.700731|  -11.151234|    0.127854|    0.001989|
|         495|  -11.714400|  -11.164896|    0.127854|    0.001989|
|         496|  -11.728001|  -11.178479|    0.127854|    0.001989|
|         497|  -11.741551|  -11.192000|    0.127854|    0.001989|
|         498|  -11.755070|  -11.205479|    0.127854|    0.001989|
|         499|  -11.768576|  -11.218936|    0.127854|    0.001989|
|         500|  -11.782088|  -11.232389|    0.127854|    0.001989|
+-----------------------------------------------------------------------+
|        File Writing Summary       |              Filename             |
+-----------------------------------------------------------------------+
|SU2 binary restart                 |restart_flow.dat                   |
|Paraview                           |flow.vtu                           |
|Paraview surface                   |surface_flow.vtu                   |
|CSV file                           |surface_flow.csv                   |
+-----------------------------------------------------------------------+
+----------------------------------------------------------------+
|  Inner_Iter|    rms[Rho]|   rms[RhoE]|          CL|          CD|
+----------------------------------------------------------------+
|         501|  -11.795625|  -11.245858|    0.127854|    0.001989|
|         502|  -11.809202|  -11.259361|    0.127854|    0.001989|
|         503|  -11.822837|  -11.272916|    0.127854|    0.001989|
|         504|  -11.836545|  -11.286540|    0.127854|    0.001989|
|         505|  -11.850341|  -11.300247|    0.127854|    0.001989|
|         506|  -11.864235|  -11.314052|    0.127854|    0.001989|
|         507|  -11.878240|  -11.327966|    0.127854|    0.001989|
|         508|  -11.892364|  -11.342001|    0.127854|    0.001989|
|         509|  -11.906615|  -11.356165|    0.127854|    0.001989|
|         510|  -11.920999|  -11.370466|    0.127854|    0.001989|
|         511|  -11.935519|  -11.384907|    0.127854|    0.001989|
|         512|  -11.950177|  -11.399493|    0.127854|    0.001989|
|         513|  -11.964973|  -11.414224|    0.127854|    0.001989|
|         514|  -11.979907|  -11.429100|    0.127854|    0.001989|
|         515|  -11.994972|  -11.444118|    0.127854|    0.001989|
|         516|  -12.010166|  -11.459274|    0.127854|    0.001989|
|         517|  -12.025480|  -11.474560|    0.127854|    0.001989|
|         518|  -12.040905|  -11.489969|    0.127854|    0.001989|
|         519|  -12.056432|  -11.505490|    0.127854|    0.001989|
|         520|  -12.072048|  -11.521112|    0.127854|    0.001989|
|         521|  -12.087739|  -11.536821|    0.127854|    0.001989|
|         522|  -12.103493|  -11.552602|    0.127854|    0.001989|
|         523|  -12.119293|  -11.568441|    0.127854|    0.001989|
|         524|  -12.135121|  -11.584318|    0.127854|    0.001989|
|         525|  -12.150961|  -11.600217|    0.127854|    0.001989|
|         526|  -12.166797|  -11.616120|    0.127854|    0.001989|
|         527|  -12.182609|  -11.632006|    0.127854|    0.001989|
|         528|  -12.198378|  -11.647856|    0.127854|    0.001989|
|         529|  -12.214089|  -11.663653|    0.127854|    0.001989|
|         530|  -12.229724|  -11.679377|    0.127854|    0.001989|
|         531|  -12.245268|  -11.695012|    0.127854|    0.001989|
|         532|  -12.260705|  -11.710541|    0.127854|    0.001989|
|         533|  -12.276023|  -11.725951|    0.127854|    0.001989|
|         534|  -12.291211|  -11.741229|    0.127854|    0.001989|
|         535|  -12.306261|  -11.756365|    0.127854|    0.001989|
|         536|  -12.321167|  -11.771352|    0.127854|    0.001989|
|         537|  -12.335924|  -11.786184|    0.127854|    0.001989|
|         538|  -12.350533|  -11.800861|    0.127854|    0.001989|
|         539|  -12.364993|  -11.815381|    0.127854|    0.001989|
|         540|  -12.379311|  -11.829750|    0.127854|    0.001989|
|         541|  -12.393493|  -11.843972|    0.127854|    0.001989|
|         542|  -12.407549|  -11.858058|    0.127854|    0.001989|
|         543|  -12.421489|  -11.872015|    0.127854|    0.001989|
|         544|  -12.435326|  -11.885860|    0.127854|    0.001989|
|         545|  -12.449076|  -11.899606|    0.127854|    0.001989|
|         546|  -12.462756|  -11.913269|    0.127854|    0.001989|
|         547|  -12.476381|  -11.926867|    0.127854|    0.001989|
|         548|  -12.489970|  -11.940418|    0.127854|    0.001989|
|         549|  -12.503542|  -11.953942|    0.127854|    0.001989|
|         550|  -12.517114|  -11.967458|    0.127854|    0.001989|
|         551|  -12.530707|  -11.980986|    0.127854|    0.001989|
|         552|  -12.544333|  -11.994539|    0.127854|    0.001989|
|         553|  -12.558013|  -12.008142|    0.127854|    0.001989|
|         554|  -12.571760|  -12.021807|    0.127854|    0.001989|
|         555|  -12.585590|  -12.035551|    0.127854|    0.001989|
|         556|  -12.599512|  -12.049385|    0.127854|    0.001989|
|         557|  -12.613542|  -12.063326|    0.127854|    0.001989|
|         558|  -12.627684|  -12.077381|    0.127854|    0.001989|
|         559|  -12.641950|  -12.091562|    0.127854|    0.001989|
|         560|  -12.656346|  -12.105875|    0.127854|    0.001989|
|         561|  -12.670871|  -12.120322|    0.127854|    0.001989|
|         562|  -12.685532|  -12.134911|    0.127854|    0.001989|
|         563|  -12.700325|  -12.149639|    0.127854|    0.001989|
|         564|  -12.715251|  -12.164507|    0.127854|    0.001989|
|         565|  -12.730306|  -12.179514|    0.127854|    0.001989|
|         566|  -12.745484|  -12.194653|    0.127854|    0.001989|
|         567|  -12.760779|  -12.209918|    0.127854|    0.001989|
|         568|  -12.776180|  -12.225302|    0.127854|    0.001989|
|         569|  -12.791678|  -12.240791|    0.127854|    0.001989|
|         570|  -12.807263|  -12.256381|    0.127854|    0.001989|
|         571|  -12.822917|  -12.272048|    0.127854|    0.001989|
|         572|  -12.838633|  -12.287791|    0.127854|    0.001989|
|         573|  -12.854389|  -12.303584|    0.127854|    0.001989|
|         574|  -12.870172|  -12.319413|    0.127854|    0.001989|
|         575|  -12.885965|  -12.335263|    0.127854|    0.001989|
|         576|  -12.901752|  -12.351116|    0.127854|    0.001989|
|         577|  -12.917513|  -12.366949|    0.127854|    0.001989|
|         578|  -12.933232|  -12.382748|    0.127854|    0.001989|
|         579|  -12.948892|  -12.398492|    0.127854|    0.001989|
|         580|  -12.964477|  -12.414166|    0.127854|    0.001989|
|         581|  -12.979972|  -12.429751|    0.127854|    0.001989|
|         582|  -12.995362|  -12.445236|    0.127854|    0.001989|
|         583|  -13.010638|  -12.460605|    0.127854|    0.001989|

----------------------------- Solver Exit -------------------------------
All convergence criteria satisfied.
+-----------------------------------------------------------------------+
|      Convergence Field     |     Value    |   Criterion  |  Converged |
+-----------------------------------------------------------------------+
|                    rms[Rho]|      -13.0106|         < -13|         Yes|
+-----------------------------------------------------------------------+
-------------------------------------------------------------------------
+-----------------------------------------------------------------------+
|        File Writing Summary       |              Filename             |
+-----------------------------------------------------------------------+
|SU2 binary restart                 |restart_flow.dat                   |
|Paraview                           |flow.vtu                           |
|Paraview surface                   |surface_flow.vtu                   |
|CSV file                           |surface_flow.csv                   |
+-----------------------------------------------------------------------+

--------------------------- Finalizing Solver ---------------------------
Deleted CNumerics container.
Deleted CIntegration container.
Deleted CSolver container.
Deleted CIteration container.
Deleted CInterface container.
Deleted CGeometry container.
Deleted CFreeFormDefBox class.
Deleted CSurfaceMovement class.
Deleted CVolumetricMovement class.
Deleted CConfig container.
Deleted nInst container.
Deleted COutput class.
-------------------------------------------------------------------------

------------------------- Exit Success (SU2_CFD) ------------------------

