
-------------------------------------------------------------------------
|    ___ _   _ ___                                                      |
|   / __| | | |_  )   Release 8.3.0 "Harrier"                           |
|   \__ \ |_| |/ /                                                      |
|   |___/\___//___|   Suite (Computational Fluid Dynamics Code)         |
|                                                                       |
-------------------------------------------------------------------------
| SU2 Project Website: https://su2code.github.io                        |
|                                                                       |
| The SU2 Project is maintained by the SU2 Foundation                   |
| (http://su2foundation.org)                                            |
-------------------------------------------------------------------------
| Copyright 2012-2025, SU2 Contributors                                 |
|                                                                       |
| SU2 is free software; you can redistribute it and/or                  |
| modify it under the terms of the GNU Lesser General Public            |
| License as published by the Free Software Foundation; either          |
| version 2.1 of the License, or (at your option) any later version.    |
|                                                                       |
| SU2 is distributed in the hope that it will be useful,                |
| but WITHOUT ANY WARRANTY; without even the implied warranty of        |
| MERCHANTABILITY or FITNESS FOR A PARTICULAR PURPOSE. See the GNU      |
| Lesser General Public License for more details.                       |
|                                                                       |
| You should have received a copy of the GNU Lesser General Public      |
| License along with SU2. If not, see <http://www.gnu.org/licenses/>.   |
-------------------------------------------------------------------------

Parsing config file for zone 0

----------------- Physical Case Definition ( Zone 0 ) -------------------
Compressible Euler equations.
Mach number: 0.8.
Angle of attack (AoA): 1.25 deg, and angle of sideslip (AoS): 0 deg.
No restart solution, use the values at infinity (freestream).
Non-Dimensional simulation (P=1.0, Rho=1.0, T=1.0 at the farfield).
The reference area is 1 m^2.
The semi-span will be computed using the max y(3D) value.
The reference length is 1 m.
Reference origin for moment evaluation is (0.25, 0, 0).
Surface(s) where the force coefficients are evaluated: airfoil.

Surface(s) plotted in the output file: airfoil.
Surface(s) affected by the design variables: airfoil.
Input mesh file name: mesh_NACA0012_inv_deform.su2

--------------- Space Numerical Integration ( Zone 0 ) ------------------
Jameson-Schmidt-Turkel scheme (2nd order in space) for the flow inviscid terms.
JST viscous coefficients (2nd & 4th): 0.5, 0.02.
The method includes a grid stretching correction (p = 0.3).
Gradient for viscous and source terms: Green-Gauss.

--------------- Time Numerical Integration  ( Zone 0 ) ------------------
Local time stepping (steady state simulation).
Euler implicit method for the flow equations.
FGMRES is used for solving the linear system.
Using a LU-SGS preconditioning.
Convergence criteria of the linear solver: 0.0001.
Max number of linear iterations: 2.
V Multigrid Cycle, with 2 multigrid levels.
Damping factor for the residual restriction: 1.
Damping factor for the correction prolongation: 1.
No CFL adaptation.
+-------------------------------------------+
|  MG Level| Presmooth|PostSmooth|CorrectSmo|
+-------------------------------------------+
|         0|         1|         0|         0|
|         1|         2|         0|         0|
|         2|         3|         0|         0|
+-------------------------------------------+
Courant-Friedrichs-Lewy number:       10

------------------ Convergence Criteria  ( Zone 0 ) ---------------------
Maximum number of solver subiterations: 1000.
Begin convergence monitoring at iteration 10.
Residual minimum value: 1e-13.
Cauchy series min. value: 1e-06.
Number of Cauchy elements: 100.
Begin windowed time average at iteration 0.

-------------------- Output Information ( Zone 0 ) ----------------------
File writing frequency: 
+------------------------------------+
|                     File| Frequency|
+------------------------------------+
|                  RESTART|       250|
|                 PARAVIEW|       250|
|         SURFACE_PARAVIEW|       250|
|              SURFACE_CSV|       250|
+------------------------------------+
Writing the convergence history file every 1 inner iterations.
Writing the screen convergence history every 1 inner iterations.
The tabular file format is CSV (.csv).
Convergence history file name: history_direct.
Forces breakdown file name: forces_breakdown.dat.
Surface file name: surface_flow.
Volume file name: flow.
Restart file name: restart_flow.

------------- Config File Boundary Information ( Zone 0 ) ---------------
+-----------------------------------------------------------------------+
|                        Marker Type|                        Marker Name|
+-----------------------------------------------------------------------+
|                         Euler wall|                            airfoil|
+-----------------------------------------------------------------------+
|                          Far-field|                           farfield|
+-----------------------------------------------------------------------+

-------------------- Output Preprocessing ( Zone 0 ) --------------------

WARNING: SURFACE_PRESSURE_DROP can only be computed for at least 2 surfaces (outlet, inlet, ...)

Screen output fields: INNER_ITER, RMS_DENSITY, RMS_ENERGY, LIFT, DRAG
History output group(s): ITER, RMS_RES, AERO_COEFF
Convergence field(s): RMS_DENSITY
Warning: No (valid) fields chosen for time convergence monitoring. Time convergence monitoring inactive.
Volume output fields: COORDINATES, SOLUTION, PRIMITIVE

------------------- Geometry Preprocessing ( Zone 0 ) -------------------
Two dimensional problem.
5233 grid points.
10216 volume elements.
2 surface markers.
200 boundary elements in index 0 (Marker = airfoil).
50 boundary elements in index 1 (Marker = farfield).
10216 triangles.
Setting point connectivity.
Renumbering points (Reverse Cuthill McKee Ordering).
Recomputing point connectivity.
Setting element connectivity.
Checking the numerical grid orientation.
All volume elements are correctly oriented.
All surface elements are correctly oriented.
Identifying edges and vertices.
Setting the control volume structure.
Area of the computational grid: 1253.25.
Searching for the closest normal neighbors to the surfaces.
Storing a mapping from global to local point index.
Compute the surface curvature.
Max K: 7835.1. Mean K: 35.0697. Standard deviation K: 494.415.
Checking for periodicity.
Computing mesh quality statistics for the dual control volumes.
+--------------------------------------------------------------+
|           Mesh Quality Metric|        Minimum|        Maximum|
+--------------------------------------------------------------+
|    Orthogonality Angle (deg.)|        62.8746|        89.7307|
|     CV Face Area Aspect Ratio|        1.01423|        7.18711|
|           CV Sub-Volume Ratio|        1.00272|        6.47637|
+--------------------------------------------------------------+
Setting the multigrid structure.
+-------------------------------------------+
|  MG Level|       CVs|Aggl. Rate|       CFL|
+-------------------------------------------+
|         0|      5233|    1/1.00|        10|
|         1|      1690|     1/3.1|   8.52431|
|         2|       649|     1/2.6|   7.92373|
+-------------------------------------------+
Finding max control volume width.
Wetted area = 2.04169 m.
Area projection in the x-plane = 0.117282 m, y-plane = 0.999845 m.
Max. coordinate in the x-direction = 1 m, y-direction = 0.0530401 m.
Min. coordinate in the x-direction = 0 m, y-direction = -0.0642599 m.
Computing wall distances.

-------------------- Solver Preprocessing ( Zone 0 ) --------------------
Inviscid flow: Computing density based on free-stream
temperature and pressure using the ideal gas law.
Force coefficients computed using free-stream values.

-- Models:
+------------------------------------------------------------------------------+
|          Viscosity Model|        Conductivity Model|              Fluid Model|
+------------------------------------------------------------------------------+
|                        -|                         -|             STANDARD_AIR|
+------------------------------------------------------------------------------+
-- Fluid properties:
+------------------------------------------------------------------------------+
|                  Name|    Dim. value|    Ref. value|      Unit|Non-dim. value|
+------------------------------------------------------------------------------+
|          Gas Constant|       287.058|       287.058|  N.m/kg.K|             1|
|      Spec. Heat Ratio|             -|             -|         -|           1.4|
+------------------------------------------------------------------------------+
-- Initial and free-stream conditions:
+------------------------------------------------------------------------------+
|                  Name|    Dim. value|    Ref. value|      Unit|Non-dim. value|
+------------------------------------------------------------------------------+
|       Static Pressure|        101325|        101325|        Pa|             1|
|               Density|       1.29225|       1.29225|    kg/m^3|             1|
|           Temperature|        273.15|        273.15|         K|             1|
|          Total Energy|        231152|       78409.9|   m^2/s^2|         2.948|
|            Velocity-X|       264.994|       280.018|       m/s|      0.946348|
|            Velocity-Y|       5.78219|       280.018|       m/s|     0.0206494|
|    Velocity Magnitude|       265.057|       280.018|       m/s|      0.946573|
+------------------------------------------------------------------------------+
|           Mach Number|             -|             -|         -|           0.8|
+------------------------------------------------------------------------------+
Initialize Jacobian structure (Euler). MG level: 0.
Initialize Jacobian structure (Euler). MG level: 1.
Initialize Jacobian structure (Euler). MG level: 2.

------------------- Numerics Preprocessing ( Zone 0 ) -------------------

----------------- Integration Preprocessing ( Zone 0 ) ------------------

------------------- Iteration Preprocessing ( Zone 0 ) ------------------
Euler/Navier-Stokes/RANS fluid iteration.

------------------------------ Begin Solver -----------------------------

Simulation Run using the Single-zone Driver
WARNING: SU2 was not compiled for an AVX-capable architecture. Performance could be better,
         see https://su2code.github.io/docs_v7/Build-SU2-Linux-MacOS/#compiler-optimizations
WARNING: SU2 was not compiled for an AVX-capable architecture. Performance could be better,
         see https://su2code.github.io/docs_v7/Build-SU2-Linux-MacOS/#compiler-optimizations
WARNING: SU2 was not compiled for an AVX-capable architecture. Performance could be better,
         see https://su2code.github.io/docs_v7/Build-SU2-Linux-MacOS/#compiler-optimizations
+----------------------------------------------------------------+
|  Inner_Iter|    rms[Rho]|   rms[RhoE]|          CL|          CD|
+----------------------------------------------------------------+
|           0|   -3.580440|   -2.984063|    0.139893|    0.241554|
|           1|   -3.833126|   -3.222199|    0.029809|    0.092748|
|           2|   -3.767863|   -3.169472|    0.038514|    0.068361|
|           3|   -3.713318|   -3.120954|    0.071036|    0.083232|
|           4|   -3.662531|   -3.073365|    0.066441|    0.062897|
|           5|   -3.657747|   -3.072675|    0.062022|    0.049655|
|           6|   -3.654222|   -3.075647|    0.060671|    0.045653|
|           7|   -3.658429|   -3.082046|    0.057817|    0.041116|
|           8|   -3.641331|   -3.063939|    0.055482|    0.035407|
|           9|   -3.655890|   -3.082038|    0.053959|    0.030709|
|          10|   -3.662595|   -3.092750|    0.052914|    0.027408|
|          11|   -3.668781|   -3.101259|    0.052120|    0.024372|
|          12|   -3.673925|   -3.106933|    0.051156|    0.021115|
|          13|   -3.677151|   -3.108753|    0.050218|    0.017913|
|          14|   -3.685293|   -3.114756|    0.049754|    0.014952|
|          15|   -3.695611|   -3.123211|    0.049682|    0.012172|
|          16|   -3.706642|   -3.133711|    0.049747|    0.009477|
|          17|   -3.719411|   -3.147535|    0.049880|    0.006824|
|          18|   -3.734223|   -3.164256|    0.050061|    0.004220|
|          19|   -3.751946|   -3.183814|    0.050121|    0.001701|
|          20|   -3.773326|   -3.206431|    0.049974|   -0.000662|
|          21|   -3.796777|   -3.230401|    0.049830|   -0.002759|
|          22|   -3.819644|   -3.253237|    0.049935|   -0.004483|
|          23|   -3.840889|   -3.274132|    0.050398|   -0.005756|
|          24|   -3.860632|   -3.293372|    0.051438|   -0.006506|
|          25|   -3.879938|   -3.312185|    0.052845|   -0.006743|
|          26|   -3.900200|   -3.332079|    0.054455|   -0.006492|
|          27|   -3.922509|   -3.354275|    0.056261|   -0.005793|
|          28|   -3.946776|   -3.378765|    0.058173|   -0.004720|
|          29|   -3.972476|   -3.405106|    0.060061|   -0.003383|
|          30|   -3.999784|   -3.433599|    0.061805|   -0.001900|
|          31|   -4.029287|   -3.464631|    0.063270|   -0.000377|
|          32|   -4.060680|   -3.497479|    0.064362|    0.001098|
|          33|   -4.093460|   -3.531376|    0.065003|    0.002453|
|          34|   -4.127122|   -3.565594|    0.065246|    0.003646|
|          35|   -4.161045|   -3.599492|    0.065194|    0.004649|
|          36|   -4.194714|   -3.632735|    0.064935|    0.005440|
|          37|   -4.227556|   -3.665076|    0.064516|    0.006001|
|          38|   -4.258959|   -3.696182|    0.063977|    0.006327|
|          39|   -4.288543|   -3.725807|    0.063383|    0.006425|
|          40|   -4.316165|   -3.753867|    0.062804|    0.006317|
|          41|   -4.341940|   -3.780446|    0.062293|    0.006030|
|          42|   -4.366045|   -3.805602|    0.061898|    0.005603|
|          43|   -4.388737|   -3.829417|    0.061640|    0.005071|
|          44|   -4.410232|   -3.851954|    0.061529|    0.004473|
|          45|   -4.430558|   -3.873126|    0.061560|    0.003842|
|          46|   -4.449550|   -3.892722|    0.061726|    0.003212|
|          47|   -4.467018|   -3.910565|    0.062020|    0.002608|
|          48|   -4.482670|   -3.926406|    0.062423|    0.002055|
|          49|   -4.496450|   -3.940265|    0.062922|    0.001570|
|          50|   -4.508606|   -3.952479|    0.063510|    0.001164|
|          51|   -4.519578|   -3.963577|    0.064180|    0.000845|
|          52|   -4.529894|   -3.974155|    0.064934|    0.000616|
|          53|   -4.539980|   -3.984611|    0.065765|    0.000473|
|          54|   -4.550342|   -3.995417|    0.066657|    0.000412|
|          55|   -4.561620|   -4.007165|    0.067577|    0.000423|
|          56|   -4.574493|   -4.020460|    0.068499|    0.000492|
|          57|   -4.589261|   -4.035582|    0.069409|    0.000608|
|          58|   -4.606145|   -4.052804|    0.070294|    0.000757|
|          59|   -4.625122|   -4.072158|    0.071131|    0.000926|
|          60|   -4.646010|   -4.093527|    0.071904|    0.001102|
|          61|   -4.668504|   -4.116611|    0.072609|    0.001272|
|          62|   -4.692252|   -4.141030|    0.073245|    0.001429|
|          63|   -4.716666|   -4.166131|    0.073810|    0.001564|
|          64|   -4.741000|   -4.191107|    0.074300|    0.001671|
|          65|   -4.764732|   -4.215348|    0.074718|    0.001749|
|          66|   -4.787445|   -4.238372|    0.075063|    0.001797|
|          67|   -4.808939|   -4.259972|    0.075334|    0.001816|
|          68|   -4.829389|   -4.280326|    0.075534|    0.001808|
|          69|   -4.849093|   -4.299755|    0.075673|    0.001776|
|          70|   -4.868455|   -4.318703|    0.075761|    0.001727|
|          71|   -4.887723|   -4.337470|    0.075809|    0.001662|
|          72|   -4.907092|   -4.356312|    0.075826|    0.001589|
|          73|   -4.926736|   -4.375469|    0.075817|    0.001509|
|          74|   -4.946764|   -4.395089|    0.075791|    0.001428|
|          75|   -4.967287|   -4.415294|    0.075756|    0.001349|
|          76|   -4.988219|   -4.435999|    0.075720|    0.001275|
|          77|   -5.009391|   -4.457035|    0.075690|    0.001209|
|          78|   -5.030610|   -4.478188|    0.075671|    0.001151|
|          79|   -5.051678|   -4.499239|    0.075664|    0.001104|
|          80|   -5.072461|   -4.520033|    0.075673|    0.001067|
|          81|   -5.092825|   -4.540423|    0.075701|    0.001039|
|          82|   -5.112646|   -4.560296|    0.075748|    0.001020|
|          83|   -5.131964|   -4.579737|    0.075816|    0.001009|
|          84|   -5.150826|   -4.598821|    0.075904|    0.001006|
|          85|   -5.169329|   -4.617646|    0.076011|    0.001007|
|          86|   -5.187599|   -4.636328|    0.076135|    0.001014|
|          87|   -5.205712|   -4.654928|    0.076273|    0.001023|
|          88|   -5.223723|   -4.673484|    0.076422|    0.001034|
|          89|   -5.241644|   -4.691969|    0.076578|    0.001047|
|          90|   -5.259470|   -4.710324|    0.076739|    0.001059|
|          91|   -5.277099|   -4.728421|    0.076900|    0.001072|
|          92|   -5.294460|   -4.746164|    0.077059|    0.001083|
|          93|   -5.311551|   -4.763530|    0.077214|    0.001093|
|          94|   -5.328364|   -4.780478|    0.077363|    0.001101|
|          95|   -5.344848|   -4.796941|    0.077503|    0.001107|
|          96|   -5.360924|   -4.812854|    0.077636|    0.001111|
|          97|   -5.376479|   -4.828117|    0.077761|    0.001114|
|          98|   -5.391633|   -4.842896|    0.077877|    0.001115|
|          99|   -5.406471|   -4.857330|    0.077985|    0.001115|
|         100|   -5.421088|   -4.871543|    0.078084|    0.001114|
|         101|   -5.435572|   -4.885646|    0.078177|    0.001113|
|         102|   -5.450015|   -4.899752|    0.078263|    0.001110|
|         103|   -5.464455|   -4.913907|    0.078344|    0.001108|
|         104|   -5.478908|   -4.928121|    0.078421|    0.001106|
|         105|   -5.493391|   -4.942413|    0.078493|    0.001103|
|         106|   -5.507897|   -4.956777|    0.078562|    0.001101|
|         107|   -5.522380|   -4.971156|    0.078628|    0.001100|
|         108|   -5.536827|   -4.985525|    0.078692|    0.001099|
|         109|   -5.551213|   -4.999842|    0.078753|    0.001098|
|         110|   -5.565561|   -5.014122|    0.078813|    0.001098|
|         111|   -5.579902|   -5.028395|    0.078871|    0.001098|
|         112|   -5.594242|   -5.042669|    0.078928|    0.001098|
|         113|   -5.608630|   -5.057002|    0.078983|    0.001099|
|         114|   -5.623089|   -5.071426|    0.079037|    0.001099|
|         115|   -5.637678|   -5.086006|    0.079089|    0.001100|
|         116|   -5.652417|   -5.100762|    0.079140|    0.001101|
|         117|   -5.667287|   -5.115672|    0.079189|    0.001102|
|         118|   -5.682334|   -5.130793|    0.079236|    0.001102|
|         119|   -5.697572|   -5.146134|    0.079281|    0.001102|
|         120|   -5.712958|   -5.161643|    0.079324|    0.001103|
|         121|   -5.728481|   -5.177310|    0.079363|    0.001103|
|         122|   -5.744157|   -5.193147|    0.079400|    0.001103|
|         123|   -5.759923|   -5.209081|    0.079434|    0.001103|
|         124|   -5.775764|   -5.225096|    0.079465|    0.001102|
|         125|   -5.791651|   -5.241160|    0.079493|    0.001102|
|         126|   -5.807531|   -5.257214|    0.079517|    0.001102|
|         127|   -5.823354|   -5.273206|    0.079539|    0.001101|
|         128|   -5.839113|   -5.289126|    0.079557|    0.001101|
|         129|   -5.854781|   -5.304949|    0.079571|    0.001100|
|         130|   -5.870289|   -5.320600|    0.079583|    0.001100|
|         131|   -5.885603|   -5.336041|    0.079593|    0.001100|
|         132|   -5.900711|   -5.351255|    0.079600|    0.001099|
|         133|   -5.915557|   -5.366185|    0.079605|    0.001099|
|         134|   -5.930049|   -5.380738|    0.079607|    0.001099|
|         135|   -5.944163|   -5.394890|    0.079608|    0.001099|
|         136|   -5.957912|   -5.408651|    0.079607|    0.001098|
|         137|   -5.971298|   -5.422015|    0.079605|    0.001098|
|         138|   -5.984328|   -5.434995|    0.079601|    0.001098|
|         139|   -5.997025|   -5.447617|    0.079596|    0.001098|
|         140|   -6.009452|   -5.459945|    0.079591|    0.001098|
|         141|   -6.021652|   -5.472016|    0.079584|    0.001098|
|         142|   -6.033700|   -5.483907|    0.079577|    0.001097|
|         143|   -6.045713|   -5.495750|    0.079569|    0.001097|
|         144|   -6.057683|   -5.507529|    0.079561|    0.001097|
|         145|   -6.069637|   -5.519274|    0.079553|    0.001096|
|         146|   -6.081647|   -5.531071|    0.079545|    0.001096|
|         147|   -6.093761|   -5.542972|    0.079537|    0.001096|
|         148|   -6.106021|   -5.555025|    0.079529|    0.001095|
|         149|   -6.118471|   -5.567279|    0.079522|    0.001095|
|         150|   -6.131138|   -5.579763|    0.079514|    0.001094|
|         151|   -6.144042|   -5.592502|    0.079507|    0.001094|
|         152|   -6.157180|   -5.605495|    0.079501|    0.001093|
|         153|   -6.170561|   -5.618758|    0.079494|    0.001093|
|         154|   -6.184177|   -5.632288|    0.079488|    0.001092|
|         155|   -6.198016|   -5.646070|    0.079483|    0.001092|
|         156|   -6.212046|   -5.660071|    0.079478|    0.001092|
|         157|   -6.226260|   -5.674292|    0.079473|    0.001091|
|         158|   -6.240594|   -5.688667|    0.079469|    0.001091|
|         159|   -6.254995|   -5.703141|    0.079466|    0.001091|
|         160|   -6.269442|   -5.717694|    0.079462|    0.001091|
|         161|   -6.283852|   -5.732236|    0.079459|    0.001091|
|         162|   -6.298196|   -5.746737|    0.079457|    0.001090|
|         163|   -6.312417|   -5.761139|    0.079455|    0.001090|
|         164|   -6.326452|   -5.775371|    0.079453|    0.001090|
|         165|   -6.340249|   -5.789377|    0.079451|    0.001090|
|         166|   -6.353769|   -5.803112|    0.079450|    0.001090|
|         167|   -6.367003|   -5.816567|    0.079449|    0.001090|
|         168|   -6.379938|   -5.829724|    0.079448|    0.001090|
|         169|   -6.392599|   -5.842599|    0.079448|    0.001091|
|         170|   -6.405010|   -5.855208|    0.079447|    0.001091|
|         171|   -6.417177|   -5.867553|    0.079447|    0.001091|
|         172|   -6.429116|   -5.879650|    0.079448|    0.001091|
|         173|   -6.440901|   -5.891570|    0.079448|    0.001091|
|         174|   -6.452572|   -5.903349|    0.079449|    0.001091|
|         175|   -6.464171|   -5.915026|    0.079449|    0.001091|
|         176|   -6.475733|   -5.926637|    0.079450|    0.001091|
|         177|   -6.487305|   -5.938231|    0.079451|    0.001091|
|         178|   -6.498917|   -5.949839|    0.079452|    0.001091|
|         179|   -6.510598|   -5.961492|    0.079453|    0.001091|
|         180|   -6.522400|   -5.973244|    0.079454|    0.001091|
|         181|   -6.534335|   -5.985102|    0.079456|    0.001091|
|         182|   -6.546439|   -5.997108|    0.079457|    0.001091|
|         183|   -6.558733|   -6.009284|    0.079458|    0.001091|
|         184|   -6.571189|   -6.021609|    0.079459|    0.001091|
|         185|   -6.583823|   -6.034103|    0.079460|    0.001091|
|         186|   -6.596620|   -6.046751|    0.079461|    0.001091|
|         187|   -6.609573|   -6.059547|    0.079461|    0.001091|
|         188|   -6.622667|   -6.072480|    0.079462|    0.001090|
|         189|   -6.635857|   -6.085507|    0.079462|    0.001090|
|         190|   -6.649097|   -6.098588|    0.079463|    0.001090|
|         191|   -6.662380|   -6.111716|    0.079463|    0.001090|
|         192|   -6.675691|   -6.124880|    0.079463|    0.001090|
|         193|   -6.689005|   -6.138055|    0.079463|    0.001090|
|         194|   -6.702312|   -6.151234|    0.079462|    0.001090|
|         195|   -6.715604|   -6.164408|    0.079462|    0.001090|
|         196|   -6.728857|   -6.177560|    0.079461|    0.001090|
|         197|   -6.742037|   -6.190653|    0.079460|    0.001090|
|         198|   -6.755139|   -6.203686|    0.079459|    0.001090|
|         199|   -6.768189|   -6.216685|    0.079458|    0.001090|
|         200|   -6.781189|   -6.229643|    0.079456|    0.001090|
|         201|   -6.794149|   -6.242573|    0.079455|    0.001090|
|         202|   -6.807094|   -6.255503|    0.079453|    0.001090|
|         203|   -6.820041|   -6.268449|    0.079451|    0.001090|
|         204|   -6.833015|   -6.281438|    0.079449|    0.001090|
|         205|   -6.846035|   -6.294484|    0.079447|    0.001090|
|         206|   -6.859128|   -6.307612|    0.079445|    0.001090|
|         207|   -6.872336|   -6.320865|    0.079443|    0.001089|
|         208|   -6.885648|   -6.334227|    0.079440|    0.001089|
|         209|   -6.899071|   -6.347705|    0.079438|    0.001089|
|         210|   -6.912621|   -6.361316|    0.079436|    0.001089|
|         211|   -6.926312|   -6.375071|    0.079433|    0.001089|
|         212|   -6.940149|   -6.388975|    0.079431|    0.001089|
|         213|   -6.954131|   -6.403025|    0.079428|    0.001089|
|         214|   -6.968250|   -6.417216|    0.079426|    0.001089|
|         215|   -6.982510|   -6.431548|    0.079423|    0.001089|
|         216|   -6.996888|   -6.446001|    0.079421|    0.001089|
|         217|   -7.011364|   -6.460554|    0.079419|    0.001089|
|         218|   -7.025920|   -6.475187|    0.079416|    0.001089|
|         219|   -7.040519|   -6.489866|    0.079414|    0.001089|
|         220|   -7.055118|   -6.504545|    0.079412|    0.001089|
|         221|   -7.069693|   -6.519201|    0.079410|    0.001089|
|         222|   -7.084202|   -6.533792|    0.079408|    0.001089|
|         223|   -7.098601|   -6.548270|    0.079406|    0.001089|
|         224|   -7.112861|   -6.562609|    0.079405|    0.001089|
|         225|   -7.126941|   -6.576765|    0.079403|    0.001089|
|         226|   -7.140809|   -6.590704|    0.079402|    0.001089|
|         227|   -7.154438|   -6.604400|    0.079400|    0.001089|
|         228|   -7.167807|   -6.617829|    0.079399|    0.001089|
|         229|   -7.180904|   -6.630977|    0.079398|    0.001089|
|         230|   -7.193700|   -6.643813|    0.079397|    0.001089|
|         231|   -7.206218|   -6.656363|    0.079395|    0.001089|
|         232|   -7.218484|   -6.668648|    0.079394|    0.001089|
|         233|   -7.230518|   -6.680687|    0.079394|    0.001089|
|         234|   -7.242351|   -6.692508|    0.079393|    0.001089|
|         235|   -7.254018|   -6.704148|    0.079392|    0.001089|
|         236|   -7.265561|   -6.715650|    0.079391|    0.001089|
|         237|   -7.277028|   -6.727063|    0.079391|    0.001089|
|         238|   -7.288468|   -6.738436|    0.079390|    0.001089|
|         239|   -7.299928|   -6.749818|    0.079390|    0.001089|
|         240|   -7.311454|   -6.761256|    0.079389|    0.001090|
|         241|   -7.323092|   -6.772797|    0.079389|    0.001090|
|         242|   -7.334883|   -6.784485|    0.079388|    0.001090|
|         243|   -7.346862|   -6.796357|    0.079388|    0.001090|
|         244|   -7.359059|   -6.808444|    0.079388|    0.001090|
|         245|   -7.371499|   -6.820773|    0.079387|    0.001090|
|         246|   -7.384201|   -6.833365|    0.079387|    0.001090|
|         247|   -7.397178|   -6.846234|    0.079387|    0.001090|
|         248|   -7.410436|   -6.859389|    0.079387|    0.001090|
|         249|   -7.423978|   -6.872834|    0.079386|    0.001090|
|         250|   -7.437798|   -6.886564|    0.079386|    0.001090|
+-----------------------------------------------------------------------+
|        File Writing Summary       |              Filename             |
+-----------------------------------------------------------------------+
|SU2 binary restart                 |restart_flow.dat                   |
|Paraview                           |flow.vtu                           |
|Paraview surface                   |surface_flow.vtu                   |
|CSV file                           |surface_flow.csv                   |
+-----------------------------------------------------------------------+
+----------------------------------------------------------------+
|  Inner_Iter|    rms[Rho]|   rms[RhoE]|          CL|          CD|
+----------------------------------------------------------------+
|         251|   -7.451886|   -6.900571|    0.079386|    0.001090|
|         252|   -7.466226|   -6.914840|    0.079386|    0.001090|
|         253|   -7.480798|   -6.929352|    0.079386|    0.001090|
|         254|   -7.495575|   -6.944082|    0.079386|    0.001090|
|         255|   -7.510530|   -6.959002|    0.079386|    0.001090|
|         256|   -7.525630|   -6.974080|    0.079386|    0.001090|
|         257|   -7.540841|   -6.989282|    0.079385|    0.001090|
|         258|   -7.556128|   -7.004574|    0.079385|    0.001090|
|         259|   -7.571455|   -7.019917|    0.079385|    0.001090|
|         260|   -7.586784|   -7.035275|    0.079385|    0.001090|
|         261|   -7.602083|   -7.050614|    0.079385|    0.001090|
|         262|   -7.617320|   -7.065900|    0.079385|    0.001090|
|         263|   -7.632465|   -7.081103|    0.079385|    0.001090|
|         264|   -7.647495|   -7.096198|    0.079385|    0.001090|
|         265|   -7.662391|   -7.111162|    0.079385|    0.001090|
|         266|   -7.677138|   -7.125981|    0.079385|    0.001090|
|         267|   -7.691729|   -7.140644|    0.079385|    0.001090|
|         268|   -7.706160|   -7.155146|    0.079385|    0.001090|
|         269|   -7.720434|   -7.169490|    0.079385|    0.001090|
|         270|   -7.734561|   -7.183680|    0.079384|    0.001090|
|         271|   -7.748551|   -7.197729|    0.079384|    0.001090|
|         272|   -7.762422|   -7.211652|    0.079384|    0.001090|
|         273|   -7.776190|   -7.225465|    0.079384|    0.001090|
|         274|   -7.789876|   -7.239188|    0.079384|    0.001090|
|         275|   -7.803502|   -7.252843|    0.079384|    0.001090|
|         276|   -7.817088|   -7.266451|    0.079384|    0.001090|
|         277|   -7.830654|   -7.280031|    0.079384|    0.001090|
|         278|   -7.844215|   -7.293601|    0.079384|    0.001090|
|         279|   -7.857787|   -7.307176|    0.079385|    0.001090|
|         280|   -7.871381|   -7.320769|    0.079385|    0.001090|
|         281|   -7.885006|   -7.334391|    0.079385|    0.001090|
|         282|   -7.898668|   -7.348047|    0.079385|    0.001090|
|         283|   -7.912369|   -7.361741|    0.079385|    0.001090|
|         284|   -7.926105|   -7.375472|    0.079385|    0.001090|
|         285|   -7.939873|   -7.389235|    0.079385|    0.001090|
|         286|   -7.953663|   -7.403024|    0.079385|    0.001090|
|         287|   -7.967465|   -7.416827|    0.079385|    0.001090|
|         288|   -7.981267|   -7.430634|    0.079385|    0.001090|
|         289|   -7.995056|   -7.444431|    0.079386|    0.001090|
|         290|   -8.008817|   -7.458205|    0.079386|    0.001090|
|         291|   -8.022538|   -7.471941|    0.079386|    0.001090|
|         292|   -8.036206|   -7.485628|    0.079386|    0.001090|
|         293|   -8.049810|   -7.499252|    0.079386|    0.001090|
|         294|   -8.063340|   -7.512806|    0.079386|    0.001090|
|         295|   -8.076792|   -7.526280|    0.079386|    0.001090|
|         296|   -8.090161|   -7.539672|    0.079387|    0.001090|
|         297|   -8.103448|   -7.552980|    0.079387|    0.001090|
|         298|   -8.116656|   -7.566206|    0.079387|    0.001090|
|         299|   -8.129791|   -7.579356|    0.079387|    0.001090|
|         300|   -8.142863|   -7.592437|    0.079387|    0.001090|
|         301|   -8.155883|   -7.605461|    0.079387|    0.001090|
|         302|   -8.168866|   -7.618442|    0.079388|    0.001090|
|         303|   -8.181829|   -7.631396|    0.079388|    0.001090|
|         304|   -8.194786|   -7.644338|    0.079388|    0.001090|
|         305|   -8.207755|   -7.657284|    0.079388|    0.001090|
|         306|   -8.220751|   -7.670250|    0.079388|    0.001090|
|         307|   -8.233789|   -7.683252|    0.079388|    0.001090|
|         308|   -8.246882|   -7.696303|    0.079388|    0.001090|
|         309|   -8.260041|   -7.709415|    0.079388|    0.001090|
|         310|   -8.273276|   -7.722598|    0.079389|    0.001090|
|         311|   -8.286593|   -7.735861|    0.079389|    0.001090|
|         312|   -8.299994|   -7.749207|    0.079389|    0.001090|
|         313|   -8.313481|   -7.762639|    0.079389|    0.001090|
|         314|   -8.327051|   -7.776155|    0.079389|    0.001090|
|         315|   -8.340696|   -7.789750|    0.079389|    0.001090|
|         316|   -8.354409|   -7.803418|    0.079389|    0.001090|
|         317|   -8.368178|   -7.817149|    0.079389|    0.001090|
|         318|   -8.381990|   -7.830929|    0.079389|    0.001090|
|         319|   -8.395827|   -7.844746|    0.079389|    0.001090|
|         320|   -8.409675|   -7.858583|    0.079389|    0.001090|
|         321|   -8.423514|   -7.872423|    0.079389|    0.001090|
|         322|   -8.437326|   -7.886249|    0.079389|    0.001090|
|         323|   -8.451094|   -7.900043|    0.079389|    0.001090|
|         324|   -8.464802|   -7.913789|    0.079389|    0.001090|
|         325|   -8.478433|   -7.927471|    0.079389|    0.001090|
|         326|   -8.491975|   -7.941076|    0.079389|    0.001090|
|         327|   -8.505417|   -7.954592|    0.079389|    0.001090|
|         328|   -8.518752|   -7.968010|    0.079389|    0.001090|
|         329|   -8.531975|   -7.981324|    0.079389|    0.001090|
|         330|   -8.545085|   -7.994532|    0.079389|    0.001090|
|         331|   -8.558084|   -8.007632|    0.079389|    0.001090|
|         332|   -8.570976|   -8.020629|    0.079389|    0.001090|
|         333|   -8.583770|   -8.033527|    0.079389|    0.001090|
|         334|   -8.596476|   -8.046335|    0.079389|    0.001090|
|         335|   -8.609106|   -8.059063|    0.079389|    0.001090|
|         336|   -8.621675|   -8.071723|    0.079389|    0.001090|
|         337|   -8.634195|   -8.084329|    0.079389|    0.001090|
|         338|   -8.646683|   -8.096892|    0.079389|    0.001090|
|         339|   -8.659152|   -8.109427|    0.079389|    0.001090|
|         340|   -8.671617|   -8.121946|    0.079389|    0.001090|
|         341|   -8.684090|   -8.134462|    0.079388|    0.001090|
|         342|   -8.696581|   -8.146984|    0.079388|    0.001090|
|         343|   -8.709100|   -8.159521|    0.079388|    0.001090|
|         344|   -8.721651|   -8.172079|    0.079388|    0.001090|
|         345|   -8.734240|   -8.184663|    0.079388|    0.001090|
|         346|   -8.746866|   -8.197275|    0.079388|    0.001090|
|         347|   -8.759530|   -8.209915|    0.079388|    0.001090|
|         348|   -8.772228|   -8.222580|    0.079388|    0.001090|
|         349|   -8.784955|   -8.235267|    0.079388|    0.001090|
|         350|   -8.797703|   -8.247969|    0.079388|    0.001090|
|         351|   -8.810465|   -8.260680|    0.079388|    0.001090|
|         352|   -8.823231|   -8.273393|    0.079388|    0.001090|
|         353|   -8.835991|   -8.286098|    0.079388|    0.001090|
|         354|   -8.848738|   -8.298790|    0.079388|    0.001090|
|         355|   -8.861461|   -8.311459|    0.079388|    0.001090|
|         356|   -8.874154|   -8.324099|    0.079388|    0.001090|
|         357|   -8.886810|   -8.336706|    0.079388|    0.001090|
|         358|   -8.899425|   -8.349275|    0.079388|    0.001090|
|         359|   -8.911996|   -8.361806|    0.079388|    0.001090|
|         360|   -8.924525|   -8.374298|    0.079388|    0.001090|
|         361|   -8.937013|   -8.386756|    0.079388|    0.001090|
|         362|   -8.949466|   -8.399184|    0.079388|    0.001090|
|         363|   -8.961892|   -8.411589|    0.079388|    0.001090|
|         364|   -8.974300|   -8.423981|    0.079388|    0.001090|
|         365|   -8.986702|   -8.436372|    0.079388|    0.001090|
|         366|   -8.999111|   -8.448774|    0.079388|    0.001090|
|         367|   -9.011542|   -8.461201|    0.079388|    0.001090|
|         368|   -9.024010|   -8.473668|    0.079388|    0.001090|
|         369|   -9.036531|   -8.486189|    0.079388|    0.001090|
|         370|   -9.049119|   -8.498779|    0.079388|    0.001090|
|         371|   -9.061789|   -8.511452|    0.079388|    0.001090|
|         372|   -9.074554|   -8.524219|    0.079388|    0.001090|
|         373|   -9.087425|   -8.537093|    0.079388|    0.001090|
|         374|   -9.100412|   -8.550082|    0.079388|    0.001090|
|         375|   -9.113522|   -8.563192|    0.079388|    0.001090|
|         376|   -9.126759|   -8.576429|    0.079388|    0.001090|
|         377|   -9.140124|   -8.589793|    0.079388|    0.001090|
|         378|   -9.153616|   -8.603282|    0.079388|    0.001090|
|         379|   -9.167230|   -8.616891|    0.079388|    0.001090|
|         380|   -9.180957|   -8.630613|    0.079388|    0.001090|
|         381|   -9.194786|   -8.644437|    0.079388|    0.001090|
|         382|   -9.208702|   -8.658349|    0.079388|    0.001090|
|         383|   -9.222689|   -8.672332|    0.079388|    0.001090|
|         384|   -9.236728|   -8.686367|    0.079388|    0.001090|
|         385|   -9.250796|   -8.700434|    0.079388|    0.001090|
|         386|   -9.264870|   -8.714511|    0.079388|    0.001090|
|         387|   -9.278928|   -8.728573|    0.079388|    0.001090|
|         388|   -9.292944|   -8.742598|    0.079388|    0.001090|
|         389|   -9.306896|   -8.756562|    0.079388|    0.001090|
|         390|   -9.320759|   -8.770443|    0.079388|    0.001090|
|         391|   -9.334514|   -8.784220|    0.079388|    0.001090|
|         392|   -9.348141|   -8.797874|    0.079388|    0.001090|
|         393|   -9.361625|   -8.811391|    0.079388|    0.001090|
|         394|   -9.374954|   -8.824757|    0.079388|    0.001090|
|         395|   -9.388120|   -8.837964|    0.079388|    0.001090|
|         396|   -9.401118|   -8.851007|    0.079388|    0.001090|
|         397|   -9.413949|   -8.863886|    0.079388|    0.001090|
|         398|   -9.426617|   -8.876603|    0.079388|    0.001090|
|         399|   -9.439130|   -8.889168|    0.079388|    0.001090|
|         400|   -9.451502|   -8.901590|    0.079388|    0.001090|
|         401|   -9.463748|   -8.913885|    0.079388|    0.001090|
|         402|   -9.475886|   -8.926070|    0.079388|    0.001090|
|         403|   -9.487936|   -8.938164|    0.079388|    0.001090|
|         404|   -9.499921|   -8.950189|    0.079388|    0.001090|
|         405|   -9.511863|   -8.962166|    0.079388|    0.001090|
|         406|   -9.523786|   -8.974118|    0.079388|    0.001090|
|         407|   -9.535711|   -8.986066|    0.079388|    0.001090|
|         408|   -9.547659|   -8.998031|    0.079388|    0.001090|
|         409|   -9.559651|   -9.010032|    0.079388|    0.001090|
|         410|   -9.571703|   -9.022088|    0.079388|    0.001090|
|         411|   -9.583831|   -9.034212|    0.079388|    0.001090|
|         412|   -9.596047|   -9.046417|    0.079388|    0.001090|
|         413|   -9.608360|   -9.058714|    0.079388|    0.001090|
|         414|   -9.620778|   -9.071110|    0.079388|    0.001090|
|         415|   -9.633303|   -9.083608|    0.079388|    0.001090|
|         416|   -9.645938|   -9.096210|    0.079388|    0.001090|
|         417|   -9.658680|   -9.108915|    0.079388|    0.001090|
|         418|   -9.671524|   -9.121719|    0.079388|    0.001090|
|         419|   -9.684465|   -9.134616|    0.079388|    0.001090|
|         420|   -9.697493|   -9.147599|    0.079388|    0.001090|
|         421|   -9.710599|   -9.160656|    0.079388|    0.001090|
|         422|   -9.723769|   -9.173778|    0.079388|    0.001090|
|         423|   -9.736993|   -9.186952|    0.079388|    0.001090|
|         424|   -9.750256|   -9.200166|    0.079388|    0.001090|
|         425|   -9.763545|   -9.213405|    0.079388|    0.001090|
|         426|   -9.776846|   -9.226659|    0.079388|    0.001090|
|         427|   -9.790147|   -9.239913|    0.079388|    0.001090|
|         428|   -9.803435|   -9.253157|    0.079388|    0.001090|
|         429|   -9.816700|   -9.266381|    0.079388|    0.001090|
|         430|   -9.829933|   -9.279574|    0.079388|    0.001090|
|         431|   -9.843126|   -9.292731|    0.079388|    0.001090|
|         432|   -9.856273|   -9.305846|    0.079388|    0.001090|
|         433|   -9.869370|   -9.318914|    0.079388|    0.001090|
|         434|   -9.882414|   -9.331933|    0.079388|    0.001090|
|         435|   -9.895404|   -9.344904|    0.079388|    0.001090|
|         436|   -9.908343|   -9.357827|    0.079388|    0.001090|
|         437|   -9.921230|   -9.370704|    0.079388|    0.001090|
|         438|   -9.934071|   -9.383540|    0.079388|    0.001090|
|         439|   -9.946868|   -9.396337|    0.079388|    0.001090|
|         440|   -9.959627|   -9.409102|    0.079388|    0.001090|
|         441|   -9.972351|   -9.421838|    0.079388|    0.001090|
|         442|   -9.985044|   -9.434551|    0.079388|    0.001090|
|         443|   -9.997712|   -9.447244|    0.079388|    0.001090|
|         444|  -10.010356|   -9.459920|    0.079388|    0.001090|
|         445|  -10.022979|   -9.472582|    0.079388|    0.001090|
|         446|  -10.035582|   -9.485232|    0.079388|    0.001090|
|         447|  -10.048164|   -9.497868|    0.079388|    0.001090|
|         448|  -10.060725|   -9.510490|    0.079388|    0.001090|
|         449|  -10.073261|   -9.523094|    0.079388|    0.001090|
|         450|  -10.085768|   -9.535677|    0.079388|    0.001090|
|         451|  -10.098242|   -9.548232|    0.079388|    0.001090|
|         452|  -10.110676|   -9.560754|    0.079388|    0.001090|
|         453|  -10.123064|   -9.573234|    0.079388|    0.001090|
|         454|  -10.135399|   -9.585666|    0.079388|    0.001090|
|         455|  -10.147673|   -9.598040|    0.079388|    0.001090|
|         456|  -10.159880|   -9.610348|    0.079388|    0.001090|
|         457|  -10.172013|   -9.622583|    0.079388|    0.001090|
|         458|  -10.184066|   -9.634738|    0.079388|    0.001090|
|         459|  -10.196035|   -9.646806|    0.079388|    0.001090|
|         460|  -10.207916|   -9.658782|    0.079388|    0.001090|
|         461|  -10.219708|   -9.670663|    0.079388|    0.001090|
|         462|  -10.231411|   -9.682447|    0.079388|    0.001090|
|         463|  -10.243027|   -9.694135|    0.079388|    0.001090|
|         464|  -10.254560|   -9.705729|    0.079388|    0.001090|
|         465|  -10.266015|   -9.717233|    0.079388|    0.001090|
|         466|  -10.277399|   -9.728654|    0.079388|    0.001090|
|         467|  -10.288722|   -9.739999|    0.079388|    0.001090|
|         468|  -10.299995|   -9.751279|    0.079388|    0.001090|
|         469|  -10.311228|   -9.762505|    0.079388|    0.001090|
|         470|  -10.322435|   -9.773690|    0.079388|    0.001090|
|         471|  -10.333628|   -9.784846|    0.079388|    0.001090|
|         472|  -10.344822|   -9.795989|    0.079388|    0.001090|
|         473|  -10.356029|   -9.807133|    0.079388|    0.001090|
|         474|  -10.367263|   -9.818290|    0.079388|    0.001090|
|         475|  -10.378537|   -9.829477|    0.079388|    0.001090|
|         476|  -10.389861|   -9.840705|    0.079388|    0.001090|
|         477|  -10.401248|   -9.851986|    0.079388|    0.001090|
|         478|  -10.412706|   -9.863334|    0.079388|    0.001090|
|         479|  -10.424243|   -9.874756|    0.079388|    0.001090|
|         480|  -10.435866|   -9.886262|    0.079388|    0.001090|
|         481|  -10.447581|   -9.897859|    0.079388|    0.001090|
|         482|  -10.459390|   -9.909553|    0.079388|    0.001090|
|         483|  -10.471297|   -9.921347|    0.079388|    0.001090|
|         484|  -10.483301|   -9.933243|    0.079388|    0.001090|
|         485|  -10.495401|   -9.945243|    0.079388|    0.001090|
|         486|  -10.507595|   -9.957346|    0.079388|    0.001090|
|         487|  -10.519880|   -9.969550|    0.079388|    0.001090|
|         488|  -10.532249|   -9.981850|    0.079388|    0.001090|
|         489|  -10.544698|   -9.994243|    0.079388|    0.001090|
|         490|  -10.557219|  -10.006722|    0.079388|    0.001090|
|         491|  -10.569805|  -10.019280|    0.079388|    0.001090|
|         492|  -10.582447|  -10.031909|    0.079388|    0.001090|
|         493|  -10.595136|  -10.044600|    0.079388|    0.001090|
|         494|  -10.607864|  -10.057346|    0.079388|    0.001090|
|         495|  -10.620621|  -10.070135|    0.079388|    0.001090|
|         496|  -10.633398|  -10.082959|    0.079388|    0.001090|
|         497|  -10.646185|  -10.095807|    0.079388|    0.001090|
|         498|  -10.658974|  -10.108669|    0.079388|    0.001090|
|         499|  -10.671756|  -10.121535|    0.079388|    0.001090|
|         500|  -10.684524|  -10.134396|    0.079388|    0.001090|
+-----------------------------------------------------------------------+
|        File Writing Summary       |              Filename             |
+-----------------------------------------------------------------------+
|SU2 binary restart                 |restart_flow.dat                   |
|Paraview                           |flow.vtu                           |
|Paraview surface                   |surface_flow.vtu                   |
|CSV file                           |surface_flow.csv                   |
+-----------------------------------------------------------------------+
+----------------------------------------------------------------+
|  Inner_Iter|    rms[Rho]|   rms[RhoE]|          CL|          CD|
+----------------------------------------------------------------+
|         501|  -10.697269|  -10.147243|    0.079388|    0.001090|
|         502|  -10.709985|  -10.160066|    0.079388|    0.001090|
|         503|  -10.722665|  -10.172858|    0.079388|    0.001090|
|         504|  -10.735304|  -10.185610|    0.079388|    0.001090|
|         505|  -10.747896|  -10.198316|    0.079388|    0.001090|
|         506|  -10.760437|  -10.210969|    0.079388|    0.001090|
|         507|  -10.772924|  -10.223563|    0.079388|    0.001090|
|         508|  -10.785353|  -10.236094|    0.079388|    0.001090|
|         509|  -10.797723|  -10.248558|    0.079388|    0.001090|
|         510|  -10.810031|  -10.260952|    0.079388|    0.001090|
|         511|  -10.822276|  -10.273273|    0.079388|    0.001090|
|         512|  -10.834459|  -10.285520|    0.079388|    0.001090|
|         513|  -10.846579|  -10.297692|    0.079388|    0.001090|
|         514|  -10.858637|  -10.309790|    0.079388|    0.001090|
|         515|  -10.870635|  -10.321815|    0.079388|    0.001090|
|         516|  -10.882574|  -10.333769|    0.079388|    0.001090|
|         517|  -10.894458|  -10.345655|    0.079388|    0.001090|
|         518|  -10.906291|  -10.357477|    0.079388|    0.001090|
|         519|  -10.918076|  -10.369239|    0.079388|    0.001090|
|         520|  -10.929818|  -10.380948|    0.079388|    0.001090|
|         521|  -10.941523|  -10.392610|    0.079388|    0.001090|
|         522|  -10.953198|  -10.404233|    0.079388|    0.001090|
|         523|  -10.964849|  -10.415824|    0.079388|    0.001090|
|         524|  -10.976484|  -10.427393|    0.079388|    0.001090|
|         525|  -10.988112|  -10.438949|    0.079388|    0.001090|
|         526|  -10.999742|  -10.450503|    0.079388|    0.001090|
|         527|  -11.011383|  -10.462065|    0.079388|    0.001090|
|         528|  -11.023044|  -10.473645|    0.079388|    0.001090|
|         529|  -11.034737|  -10.485256|    0.079388|    0.001090|
|         530|  -11.046470|  -10.496907|    0.079388|    0.001090|
|         531|  -11.058255|  -10.508611|    0.079388|    0.001090|
|         532|  -11.070100|  -10.520377|    0.079388|    0.001090|
|         533|  -11.082016|  -10.532217|    0.079388|    0.001090|
|         534|  -11.094011|  -10.544138|    0.079388|    0.001090|
|         535|  -11.106094|  -10.556152|    0.079388|    0.001090|
|         536|  -11.118272|  -10.568265|    0.079388|    0.001090|
|         537|  -11.130552|  -10.580485|    0.079388|    0.001090|
|         538|  -11.142941|  -10.592817|    0.079388|    0.001090|
|         539|  -11.155441|  -10.605267|    0.079388|    0.001090|
|         540|  -11.168057|  -10.617837|    0.079388|    0.001090|
|         541|  -11.180790|  -10.630530|    0.079388|    0.001090|
|         542|  -11.193641|  -10.643347|    0.079388|    0.001090|
|         543|  -11.206608|  -10.656285|    0.079388|    0.001090|
|         544|  -11.219689|  -10.669342|    0.079388|    0.001090|
|         545|  -11.232878|  -10.682514|    0.079388|    0.001090|
|         546|  -11.246172|  -10.695795|    0.079388|    0.001090|
|         547|  -11.259560|  -10.709178|    0.079388|    0.001090|
|         548|  -11.273036|  -10.722652|    0.079388|    0.001090|
|         549|  -11.286587|  -10.736209|    0.079388|    0.001090|
|         550|  -11.300203|  -10.749835|    0.079388|    0.001090|
|         551|  -11.313870|  -10.763517|    0.079388|    0.001090|
|         552|  -11.327575|  -10.777242|    0.079388|    0.001090|
|         553|  -11.341302|  -10.790995|    0.079388|    0.001090|
|         554|  -11.355035|  -10.804759|    0.079388|    0.001090|
|         555|  -11.368760|  -10.818520|    0.079388|    0.001090|
|         556|  -11.382461|  -10.832260|    0.079388|    0.001090|
|         557|  -11.396122|  -10.845964|    0.079388|    0.001090|
|         558|  -11.409728|  -10.859618|    0.079388|    0.001090|
|         559|  -11.423265|  -10.873206|    0.079388|    0.001090|
|         560|  -11.436721|  -10.886715|    0.079388|    0.001090|
|         561|  -11.450085|  -10.900134|    0.079388|    0.001090|
|         562|  -11.463346|  -10.913453|    0.079388|    0.001090|
|         563|  -11.476498|  -10.926663|    0.079388|    0.001090|
|         564|  -11.489534|  -10.939758|    0.079388|    0.001090|
|         565|  -11.502452|  -10.952734|    0.079388|    0.001090|
|         566|  -11.515251|  -10.965589|    0.079388|    0.001090|
|         567|  -11.527931|  -10.978324|    0.079388|    0.001090|
|         568|  -11.540497|  -10.990942|    0.079388|    0.001090|
|         569|  -11.552953|  -11.003446|    0.079388|    0.001090|
|         570|  -11.565306|  -11.015844|    0.079388|    0.001090|
|         571|  -11.577566|  -11.028144|    0.079388|    0.001090|
|         572|  -11.589743|  -11.040355|    0.079388|    0.001090|
|         573|  -11.601849|  -11.052489|    0.079388|    0.001090|
|         574|  -11.613895|  -11.064558|    0.079388|    0.001090|
|         575|  -11.625894|  -11.076574|    0.079388|    0.001090|
|         576|  -11.637860|  -11.088549|    0.079388|    0.001090|
|         577|  -11.649806|  -11.100498|    0.079388|    0.001090|
|         578|  -11.661744|  -11.112432|    0.079388|    0.001090|
|         579|  -11.673687|  -11.124365|    0.079388|    0.001090|
|         580|  -11.685647|  -11.136308|    0.079388|    0.001090|
|         581|  -11.697635|  -11.148272|    0.079388|    0.001090|
|         582|  -11.709659|  -11.160267|    0.079388|    0.001090|
|         583|  -11.721729|  -11.172303|    0.079388|    0.001090|
|         584|  -11.733853|  -11.184387|    0.079388|    0.001090|
|         585|  -11.746037|  -11.196527|    0.079388|    0.001090|
|         586|  -11.758285|  -11.208727|    0.079388|    0.001090|
|         587|  -11.770601|  -11.220991|    0.079388|    0.001090|
|         588|  -11.782989|  -11.233325|    0.079388|    0.001090|
|         589|  -11.795449|  -11.245728|    0.079388|    0.001090|
|         590|  -11.807983|  -11.258202|    0.079388|    0.001090|
|         591|  -11.820589|  -11.270748|    0.079388|    0.001090|
|         592|  -11.833265|  -11.283364|    0.079388|    0.001090|
|         593|  -11.846011|  -11.296048|    0.079388|    0.001090|
|         594|  -11.858822|  -11.308799|    0.079388|    0.001090|
|         595|  -11.871694|  -11.321614|    0.079388|    0.001090|
|         596|  -11.884625|  -11.334488|    0.079388|    0.001090|
|         597|  -11.897610|  -11.347417|    0.079388|    0.001090|
|         598|  -11.910643|  -11.360399|    0.079388|    0.001090|
|         599|  -11.923719|  -11.373428|    0.079388|    0.001090|
|         600|  -11.936834|  -11.386499|    0.079388|    0.001090|
|         601|  -11.949981|  -11.399608|    0.079388|    0.001090|
|         602|  -11.963156|  -11.412749|    0.079388|    0.001090|
|         603|  -11.976352|  -11.425918|    0.079388|    0.001090|
|         604|  -11.989564|  -11.439109|    0.079388|    0.001090|
|         605|  -12.002787|  -11.452317|    0.079388|    0.001090|
|         606|  -12.016015|  -11.465537|    0.079388|    0.001090|
|         607|  -12.029242|  -11.478763|    0.079388|    0.001090|
|         608|  -12.042462|  -11.491991|    0.079388|    0.001090|
|         609|  -12.055671|  -11.505214|    0.079388|    0.001090|
|         610|  -12.068862|  -11.518428|    0.079388|    0.001090|
|         611|  -12.082030|  -11.531626|    0.079388|    0.001090|
|         612|  -12.095169|  -11.544803|    0.079388|    0.001090|
|         613|  -12.108274|  -11.557954|    0.079388|    0.001090|
|         614|  -12.121339|  -11.571071|    0.079388|    0.001090|
|         615|  -12.134358|  -11.584150|    0.079388|    0.001090|
|         616|  -12.147327|  -11.597185|    0.079388|    0.001090|
|         617|  -12.160239|  -11.610169|    0.079388|    0.001090|
|         618|  -12.173091|  -11.623097|    0.079388|    0.001090|
|         619|  -12.185877|  -11.635964|    0.079388|    0.001090|
|         620|  -12.198594|  -11.648765|    0.079388|    0.001090|
|         621|  -12.211237|  -11.661495|    0.079388|    0.001090|
|         622|  -12.223804|  -11.674148|    0.079388|    0.001090|
|         623|  -12.236292|  -11.686723|    0.079388|    0.001090|
|         624|  -12.248699|  -11.699217|    0.079388|    0.001090|
|         625|  -12.261025|  -11.711626|    0.079388|    0.001090|
|         626|  -12.273269|  -11.723951|    0.079388|    0.001090|
|         627|  -12.285434|  -11.736190|    0.079388|    0.001090|
|         628|  -12.297519|  -11.748345|    0.079388|    0.001090|
|         629|  -12.309529|  -11.760417|    0.079388|    0.001090|
|         630|  -12.321468|  -11.772411|    0.079388|    0.001090|
|         631|  -12.333341|  -11.784329|    0.079388|    0.001090|
|         632|  -12.345152|  -11.796176|    0.079388|    0.001090|
|         633|  -12.356911|  -11.807961|    0.079388|    0.001090|
|         634|  -12.368622|  -11.819688|    0.079388|    0.001090|
|         635|  -12.380297|  -11.831367|    0.079388|    0.001090|
|         636|  -12.391941|  -11.843005|    0.079388|    0.001090|
|         637|  -12.403565|  -11.854613|    0.079388|    0.001090|
|         638|  -12.415180|  -11.866201|    0.079388|    0.001090|
|         639|  -12.426793|  -11.877776|    0.079388|    0.001090|
|         640|  -12.438414|  -11.889352|    0.079388|    0.001090|
|         641|  -12.450053|  -11.900936|    0.079388|    0.001090|
|         642|  -12.461718|  -11.912539|    0.079388|    0.001090|
|         643|  -12.473420|  -11.924171|    0.079388|    0.001090|
|         644|  -12.485166|  -11.935841|    0.079388|    0.001090|
|         645|  -12.496962|  -11.947557|    0.079388|    0.001090|
|         646|  -12.508815|  -11.959327|    0.079388|    0.001090|
|         647|  -12.520734|  -11.971159|    0.079388|    0.001090|
|         648|  -12.532721|  -11.983059|    0.079388|    0.001090|
|         649|  -12.544782|  -11.995032|    0.079388|    0.001090|
|         650|  -12.556918|  -12.007082|    0.079388|    0.001090|
|         651|  -12.569133|  -12.019213|    0.079388|    0.001090|
|         652|  -12.581429|  -12.031429|    0.079388|    0.001090|
|         653|  -12.593806|  -12.043729|    0.079388|    0.001090|
|         654|  -12.606263|  -12.056115|    0.079388|    0.001090|
|         655|  -12.618799|  -12.068586|    0.079388|    0.001090|
|         656|  -12.631411|  -12.081141|    0.079388|    0.001090|
|         657|  -12.644096|  -12.093777|    0.079388|    0.001090|
|         658|  -12.656852|  -12.106492|    0.079388|    0.001090|
|         659|  -12.669672|  -12.119281|    0.079388|    0.001090|
|         660|  -12.682552|  -12.132140|    0.079388|    0.001090|
|         661|  -12.695485|  -12.145061|    0.079388|    0.001090|
|         662|  -12.708464|  -12.158037|    0.079388|    0.001090|
|         663|  -12.721484|  -12.171066|    0.079388|    0.001090|
|         664|  -12.734535|  -12.184135|    0.079388|    0.001090|
|         665|  -12.747611|  -12.197238|    0.079388|    0.001090|
|         666|  -12.760703|  -12.210366|    0.079388|    0.001090|
|         667|  -12.773801|  -12.223510|    0.079388|    0.001090|
|         668|  -12.786898|  -12.236662|    0.079388|    0.001090|
|         669|  -12.799986|  -12.249812|    0.079388|    0.001090|
|         670|  -12.813055|  -12.262949|    0.079388|    0.001090|
|         671|  -12.826098|  -12.276065|    0.079388|    0.001090|
|         672|  -12.839105|  -12.289150|    0.079388|    0.001090|
|         673|  -12.852068|  -12.302196|    0.079388|    0.001090|
|         674|  -12.864981|  -12.315192|    0.079388|    0.001090|
|         675|  -12.877836|  -12.328132|    0.079388|    0.001090|
|         676|  -12.890630|  -12.341009|    0.079388|    0.001090|
|         677|  -12.903354|  -12.353816|    0.079388|    0.001090|
|         678|  -12.916004|  -12.366548|    0.079388|    0.001090|
|         679|  -12.928578|  -12.379198|    0.079388|    0.001090|
|         680|  -12.941070|  -12.391764|    0.079388|    0.001090|
|         681|  -12.953482|  -12.404242|    0.079388|    0.001090|
|         682|  -12.965811|  -12.416630|    0.079388|    0.001090|
|         683|  -12.978058|  -12.428932|    0.079388|    0.001090|
|         684|  -12.990223|  -12.441142|    0.079388|    0.001090|
|         685|  -13.002312|  -12.453267|    0.079388|    0.001090|

----------------------------- Solver Exit -------------------------------
All convergence criteria satisfied.
+-----------------------------------------------------------------------+
|      Convergence Field     |     Value    |   Criterion  |  Converged |
+-----------------------------------------------------------------------+
|                    rms[Rho]|      -13.0023|         < -13|         Yes|
+-----------------------------------------------------------------------+
-------------------------------------------------------------------------
+-----------------------------------------------------------------------+
|        File Writing Summary       |              Filename             |
+-----------------------------------------------------------------------+
|SU2 binary restart                 |restart_flow.dat                   |
|Paraview                           |flow.vtu                           |
|Paraview surface                   |surface_flow.vtu                   |
|CSV file                           |surface_flow.csv                   |
+-----------------------------------------------------------------------+

--------------------------- Finalizing Solver ---------------------------
Deleted CNumerics container.
Deleted CIntegration container.
Deleted CSolver container.
Deleted CIteration container.
Deleted CInterface container.
Deleted CGeometry container.
Deleted CFreeFormDefBox class.
Deleted CSurfaceMovement class.
Deleted CVolumetricMovement class.
Deleted CConfig container.
Deleted nInst container.
Deleted COutput class.
-------------------------------------------------------------------------

------------------------- Exit Success (SU2_CFD) ------------------------

