
-------------------------------------------------------------------------
|    ___ _   _ ___                                                      |
|   / __| | | |_  )   Release 8.3.0 "Harrier"                           |
|   \__ \ |_| |/ /                                                      |
|   |___/\___//___|   Suite (Computational Fluid Dynamics Code)         |
|                                                                       |
-------------------------------------------------------------------------
| SU2 Project Website: https://su2code.github.io                        |
|                                                                       |
| The SU2 Project is maintained by the SU2 Foundation                   |
| (http://su2foundation.org)                                            |
-------------------------------------------------------------------------
| Copyright 2012-2025, SU2 Contributors                                 |
|                                                                       |
| SU2 is free software; you can redistribute it and/or                  |
| modify it under the terms of the GNU Lesser General Public            |
| License as published by the Free Software Foundation; either          |
| version 2.1 of the License, or (at your option) any later version.    |
|                                                                       |
| SU2 is distributed in the hope that it will be useful,                |
| but WITHOUT ANY WARRANTY; without even the implied warranty of        |
| MERCHANTABILITY or FITNESS FOR A PARTICULAR PURPOSE. See the GNU      |
| Lesser General Public License for more details.                       |
|                                                                       |
| You should have received a copy of the GNU Lesser General Public      |
| License along with SU2. If not, see <http://www.gnu.org/licenses/>.   |
-------------------------------------------------------------------------

Parsing config file for zone 0

----------------- Physical Case Definition ( Zone 0 ) -------------------
Compressible Euler equations.
Mach number: 0.8.
Angle of attack (AoA): 1.25 deg, and angle of sideslip (AoS): 0 deg.
No restart solution, use the values at infinity (freestream).
Non-Dimensional simulation (P=1.0, Rho=1.0, T=1.0 at the farfield).
The reference area is 1 m^2.
The semi-span will be computed using the max y(3D) value.
The reference length is 1 m.
Reference origin for moment evaluation is (0.25, 0, 0).
Surface(s) where the force coefficients are evaluated: airfoil.

Surface(s) plotted in the output file: airfoil.
Surface(s) affected by the design variables: airfoil.
Input mesh file name: mesh_NACA0012_inv_deform.su2

--------------- Space Numerical Integration ( Zone 0 ) ------------------
Jameson-Schmidt-Turkel scheme (2nd order in space) for the flow inviscid terms.
JST viscous coefficients (2nd & 4th): 0.5, 0.02.
The method includes a grid stretching correction (p = 0.3).
Gradient for viscous and source terms: Green-Gauss.

--------------- Time Numerical Integration  ( Zone 0 ) ------------------
Local time stepping (steady state simulation).
Euler implicit method for the flow equations.
FGMRES is used for solving the linear system.
Using a LU-SGS preconditioning.
Convergence criteria of the linear solver: 0.0001.
Max number of linear iterations: 2.
V Multigrid Cycle, with 2 multigrid levels.
Damping factor for the residual restriction: 1.
Damping factor for the correction prolongation: 1.
No CFL adaptation.
+-------------------------------------------+
|  MG Level| Presmooth|PostSmooth|CorrectSmo|
+-------------------------------------------+
|         0|         1|         0|         0|
|         1|         2|         0|         0|
|         2|         3|         0|         0|
+-------------------------------------------+
Courant-Friedrichs-Lewy number:       10

------------------ Convergence Criteria  ( Zone 0 ) ---------------------
Maximum number of solver subiterations: 1000.
Begin convergence monitoring at iteration 10.
Residual minimum value: 1e-13.
Cauchy series min. value: 1e-06.
Number of Cauchy elements: 100.
Begin windowed time average at iteration 0.

-------------------- Output Information ( Zone 0 ) ----------------------
File writing frequency: 
+------------------------------------+
|                     File| Frequency|
+------------------------------------+
|                  RESTART|       250|
|                 PARAVIEW|       250|
|         SURFACE_PARAVIEW|       250|
|              SURFACE_CSV|       250|
+------------------------------------+
Writing the convergence history file every 1 inner iterations.
Writing the screen convergence history every 1 inner iterations.
The tabular file format is CSV (.csv).
Convergence history file name: history_direct.
Forces breakdown file name: forces_breakdown.dat.
Surface file name: surface_flow.
Volume file name: flow.
Restart file name: restart_flow.

------------- Config File Boundary Information ( Zone 0 ) ---------------
+-----------------------------------------------------------------------+
|                        Marker Type|                        Marker Name|
+-----------------------------------------------------------------------+
|                         Euler wall|                            airfoil|
+-----------------------------------------------------------------------+
|                          Far-field|                           farfield|
+-----------------------------------------------------------------------+

-------------------- Output Preprocessing ( Zone 0 ) --------------------

WARNING: SURFACE_PRESSURE_DROP can only be computed for at least 2 surfaces (outlet, inlet, ...)

Screen output fields: INNER_ITER, RMS_DENSITY, RMS_ENERGY, LIFT, DRAG
History output group(s): ITER, RMS_RES, AERO_COEFF
Convergence field(s): RMS_DENSITY
Warning: No (valid) fields chosen for time convergence monitoring. Time convergence monitoring inactive.
Volume output fields: COORDINATES, SOLUTION, PRIMITIVE

------------------- Geometry Preprocessing ( Zone 0 ) -------------------
Two dimensional problem.
5233 grid points.
10216 volume elements.
2 surface markers.
200 boundary elements in index 0 (Marker = airfoil).
50 boundary elements in index 1 (Marker = farfield).
10216 triangles.
Setting point connectivity.
Renumbering points (Reverse Cuthill McKee Ordering).
Recomputing point connectivity.
Setting element connectivity.
Checking the numerical grid orientation.
All volume elements are correctly oriented.
All surface elements are correctly oriented.
Identifying edges and vertices.
Setting the control volume structure.
Area of the computational grid: 1253.25.
Searching for the closest normal neighbors to the surfaces.
Storing a mapping from global to local point index.
Compute the surface curvature.
Max K: 7835.1. Mean K: 35.1332. Standard deviation K: 494.425.
Checking for periodicity.
Computing mesh quality statistics for the dual control volumes.
+--------------------------------------------------------------+
|           Mesh Quality Metric|        Minimum|        Maximum|
+--------------------------------------------------------------+
|    Orthogonality Angle (deg.)|        62.8798|        89.7484|
|     CV Face Area Aspect Ratio|        1.01164|        7.18218|
|           CV Sub-Volume Ratio|        1.00277|        6.47673|
+--------------------------------------------------------------+
Setting the multigrid structure.
+-------------------------------------------+
|  MG Level|       CVs|Aggl. Rate|       CFL|
+-------------------------------------------+
|         0|      5233|    1/1.00|        10|
|         1|      1690|     1/3.1|   8.52431|
|         2|       649|     1/2.6|   7.92373|
+-------------------------------------------+
Finding max control volume width.
Wetted area = 2.03891 m.
Area projection in the x-plane = 0.114063 m, y-plane = 0.999845 m.
Max. coordinate in the x-direction = 1 m, y-direction = 0.0508832 m.
Min. coordinate in the x-direction = 0 m, y-direction = -0.063191 m.
Computing wall distances.

-------------------- Solver Preprocessing ( Zone 0 ) --------------------
Inviscid flow: Computing density based on free-stream
temperature and pressure using the ideal gas law.
Force coefficients computed using free-stream values.

-- Models:
+------------------------------------------------------------------------------+
|          Viscosity Model|        Conductivity Model|              Fluid Model|
+------------------------------------------------------------------------------+
|                        -|                         -|             STANDARD_AIR|
+------------------------------------------------------------------------------+
-- Fluid properties:
+------------------------------------------------------------------------------+
|                  Name|    Dim. value|    Ref. value|      Unit|Non-dim. value|
+------------------------------------------------------------------------------+
|          Gas Constant|       287.058|       287.058|  N.m/kg.K|             1|
|      Spec. Heat Ratio|             -|             -|         -|           1.4|
+------------------------------------------------------------------------------+
-- Initial and free-stream conditions:
+------------------------------------------------------------------------------+
|                  Name|    Dim. value|    Ref. value|      Unit|Non-dim. value|
+------------------------------------------------------------------------------+
|       Static Pressure|        101325|        101325|        Pa|             1|
|               Density|       1.29225|       1.29225|    kg/m^3|             1|
|           Temperature|        273.15|        273.15|         K|             1|
|          Total Energy|        231152|       78409.9|   m^2/s^2|         2.948|
|            Velocity-X|       264.994|       280.018|       m/s|      0.946348|
|            Velocity-Y|       5.78219|       280.018|       m/s|     0.0206494|
|    Velocity Magnitude|       265.057|       280.018|       m/s|      0.946573|
+------------------------------------------------------------------------------+
|           Mach Number|             -|             -|         -|           0.8|
+------------------------------------------------------------------------------+
Initialize Jacobian structure (Euler). MG level: 0.
Initialize Jacobian structure (Euler). MG level: 1.
Initialize Jacobian structure (Euler). MG level: 2.

------------------- Numerics Preprocessing ( Zone 0 ) -------------------

----------------- Integration Preprocessing ( Zone 0 ) ------------------

------------------- Iteration Preprocessing ( Zone 0 ) ------------------
Euler/Navier-Stokes/RANS fluid iteration.

------------------------------ Begin Solver -----------------------------

Simulation Run using the Single-zone Driver
WARNING: SU2 was not compiled for an AVX-capable architecture. Performance could be better,
         see https://su2code.github.io/docs_v7/Build-SU2-Linux-MacOS/#compiler-optimizations
WARNING: SU2 was not compiled for an AVX-capable architecture. Performance could be better,
         see https://su2code.github.io/docs_v7/Build-SU2-Linux-MacOS/#compiler-optimizations
WARNING: SU2 was not compiled for an AVX-capable architecture. Performance could be better,
         see https://su2code.github.io/docs_v7/Build-SU2-Linux-MacOS/#compiler-optimizations
+----------------------------------------------------------------+
|  Inner_Iter|    rms[Rho]|   rms[RhoE]|          CL|          CD|
+----------------------------------------------------------------+
|           0|   -3.596470|   -3.000092|    0.145422|    0.227454|
|           1|   -3.844574|   -3.233640|    0.034995|    0.087828|
|           2|   -3.780725|   -3.182373|    0.041755|    0.064175|
|           3|   -3.726020|   -3.133517|    0.075707|    0.079076|
|           4|   -3.676940|   -3.087691|    0.072774|    0.059917|
|           5|   -3.672760|   -3.087629|    0.069459|    0.046608|
|           6|   -3.668477|   -3.089608|    0.069577|    0.042539|
|           7|   -3.672927|   -3.096328|    0.068107|    0.038162|
|           8|   -3.656629|   -3.079261|    0.066949|    0.032497|
|           9|   -3.670672|   -3.096893|    0.066676|    0.027765|
|          10|   -3.676757|   -3.106912|    0.067022|    0.024488|
|          11|   -3.682437|   -3.114849|    0.067644|    0.021558|
|          12|   -3.687488|   -3.120469|    0.068024|    0.018436|
|          13|   -3.690786|   -3.122456|    0.068370|    0.015353|
|          14|   -3.698600|   -3.128169|    0.069215|    0.012510|
|          15|   -3.708346|   -3.136006|    0.070530|    0.009878|
|          16|   -3.718961|   -3.145990|    0.071966|    0.007363|
|          17|   -3.731544|   -3.159530|    0.073395|    0.004914|
|          18|   -3.746362|   -3.176208|    0.074802|    0.002536|
|          19|   -3.764093|   -3.195768|    0.076113|    0.000272|
|          20|   -3.785282|   -3.218218|    0.077193|   -0.001814|
|          21|   -3.808608|   -3.242130|    0.078057|   -0.003632|
|          22|   -3.831769|   -3.265343|    0.078922|   -0.005087|
|          23|   -3.853510|   -3.286787|    0.079924|   -0.006110|
|          24|   -3.873617|   -3.306391|    0.081281|   -0.006638|
|          25|   -3.893010|   -3.325194|    0.082914|   -0.006670|
|          26|   -3.913051|   -3.344669|    0.084627|   -0.006241|
|          27|   -3.934617|   -3.365891|    0.086340|   -0.005401|
|          28|   -3.957806|   -3.389154|    0.087997|   -0.004239|
|          29|   -3.982536|   -3.414509|    0.089511|   -0.002860|
|          30|   -4.008981|   -3.442193|    0.090787|   -0.001374|
|          31|   -4.037231|   -3.472079|    0.091760|    0.000121|
|          32|   -4.067411|   -3.503875|    0.092319|    0.001536|
|          33|   -4.099164|   -3.536876|    0.092502|    0.002816|
|          34|   -4.131963|   -3.570317|    0.092408|    0.003929|
|          35|   -4.165086|   -3.603433|    0.092124|    0.004846|
|          36|   -4.197790|   -3.635700|    0.091721|    0.005548|
|          37|   -4.229307|   -3.666700|    0.091255|    0.006022|
|          38|   -4.259176|   -3.696244|    0.090783|    0.006270|
|          39|   -4.287202|   -3.724301|    0.090366|    0.006302|
|          40|   -4.313444|   -3.751015|    0.090044|    0.006140|
|          41|   -4.338137|   -3.776567|    0.089852|    0.005813|
|          42|   -4.361498|   -3.801026|    0.089813|    0.005356|
|          43|   -4.383697|   -3.824382|    0.089937|    0.004806|
|          44|   -4.404852|   -3.846577|    0.090221|    0.004198|
|          45|   -4.424831|   -3.867369|    0.090649|    0.003568|
|          46|   -4.443283|   -3.886371|    0.091204|    0.002943|
|          47|   -4.459826|   -3.903242|    0.091874|    0.002350|
|          48|   -4.474121|   -3.917738|    0.092650|    0.001812|
|          49|   -4.486239|   -3.930027|    0.093514|    0.001345|
|          50|   -4.496626|   -3.940621|    0.094441|    0.000963|
|          51|   -4.506257|   -3.950538|    0.095396|    0.000673|
|          52|   -4.516067|   -3.960706|    0.096346|    0.000474|
|          53|   -4.526762|   -3.971798|    0.097270|    0.000365|
|          54|   -4.538481|   -3.983917|    0.098163|    0.000339|
|          55|   -4.551189|   -3.997078|    0.099013|    0.000386|
|          56|   -4.564931|   -4.011368|    0.099823|    0.000492|
|          57|   -4.579962|   -4.027064|    0.100590|    0.000643|
|          58|   -4.596284|   -4.044135|    0.101308|    0.000823|
|          59|   -4.613711|   -4.062290|    0.101985|    0.001020|
|          60|   -4.632172|   -4.081355|    0.102619|    0.001221|
|          61|   -4.651314|   -4.100936|    0.103192|    0.001414|
|          62|   -4.671098|   -4.121016|    0.103688|    0.001590|
|          63|   -4.691674|   -4.141761|    0.104108|    0.001741|
|          64|   -4.712981|   -4.163123|    0.104453|    0.001862|
|          65|   -4.734880|   -4.184951|    0.104725|    0.001949|
|          66|   -4.757131|   -4.207039|    0.104931|    0.002001|
|          67|   -4.779535|   -4.229191|    0.105081|    0.002019|
|          68|   -4.801884|   -4.251213|    0.105181|    0.002006|
|          69|   -4.823994|   -4.272976|    0.105235|    0.001965|
|          70|   -4.845921|   -4.294603|    0.105253|    0.001902|
|          71|   -4.867725|   -4.316176|    0.105248|    0.001823|
|          72|   -4.889430|   -4.337732|    0.105230|    0.001732|
|          73|   -4.911016|   -4.359255|    0.105211|    0.001636|
|          74|   -4.932441|   -4.380706|    0.105202|    0.001540|
|          75|   -4.953575|   -4.401936|    0.105206|    0.001447|
|          76|   -4.974189|   -4.422684|    0.105228|    0.001361|
|          77|   -4.994091|   -4.442730|    0.105269|    0.001284|
|          78|   -5.013142|   -4.461928|    0.105336|    0.001219|
|          79|   -5.031251|   -4.480183|    0.105428|    0.001166|
|          80|   -5.048526|   -4.497605|    0.105543|    0.001125|
|          81|   -5.065151|   -4.514376|    0.105680|    0.001097|
|          82|   -5.081371|   -4.530753|    0.105834|    0.001080|
|          83|   -5.097466|   -4.546986|    0.106003|    0.001073|
|          84|   -5.113592|   -4.563205|    0.106180|    0.001075|
|          85|   -5.129875|   -4.579531|    0.106362|    0.001084|
|          86|   -5.146510|   -4.596146|    0.106546|    0.001099|
|          87|   -5.163583|   -4.613113|    0.106728|    0.001118|
|          88|   -5.181111|   -4.630450|    0.106906|    0.001140|
|          89|   -5.199059|   -4.648139|    0.107078|    0.001163|
|          90|   -5.217378|   -4.666149|    0.107240|    0.001185|
|          91|   -5.236011|   -4.684459|    0.107392|    0.001207|
|          92|   -5.254821|   -4.702945|    0.107533|    0.001227|
|          93|   -5.273678|   -4.721493|    0.107661|    0.001244|
|          94|   -5.292438|   -4.739967|    0.107776|    0.001258|
|          95|   -5.311013|   -4.758304|    0.107877|    0.001269|
|          96|   -5.329355|   -4.776478|    0.107965|    0.001277|
|          97|   -5.347429|   -4.794454|    0.108039|    0.001282|
|          98|   -5.365293|   -4.812273|    0.108099|    0.001283|
|          99|   -5.383005|   -4.829993|    0.108146|    0.001282|
|         100|   -5.400600|   -4.847660|    0.108183|    0.001279|
|         101|   -5.418130|   -4.865313|    0.108210|    0.001273|
|         102|   -5.435701|   -4.883045|    0.108229|    0.001267|
|         103|   -5.453370|   -4.900895|    0.108240|    0.001260|
|         104|   -5.471233|   -4.918938|    0.108245|    0.001252|
|         105|   -5.489324|   -4.937189|    0.108246|    0.001244|
|         106|   -5.507657|   -4.955637|    0.108244|    0.001237|
|         107|   -5.526255|   -4.974296|    0.108240|    0.001229|
|         108|   -5.545082|   -4.993132|    0.108234|    0.001222|
|         109|   -5.564095|   -5.012107|    0.108227|    0.001216|
|         110|   -5.583222|   -5.031156|    0.108220|    0.001211|
|         111|   -5.602424|   -5.050251|    0.108212|    0.001206|
|         112|   -5.621644|   -5.069351|    0.108204|    0.001202|
|         113|   -5.640883|   -5.088477|    0.108197|    0.001199|
|         114|   -5.660280|   -5.107815|    0.108189|    0.001197|
|         115|   -5.679701|   -5.127207|    0.108182|    0.001195|
|         116|   -5.699233|   -5.146728|    0.108174|    0.001194|
|         117|   -5.718846|   -5.166364|    0.108167|    0.001193|
|         118|   -5.738598|   -5.186192|    0.108161|    0.001193|
|         119|   -5.758472|   -5.206188|    0.108154|    0.001193|
|         120|   -5.778447|   -5.226296|    0.108146|    0.001194|
|         121|   -5.798531|   -5.246501|    0.108139|    0.001194|
|         122|   -5.818727|   -5.266807|    0.108130|    0.001195|
|         123|   -5.839002|   -5.287172|    0.108121|    0.001196|
|         124|   -5.859288|   -5.307517|    0.108111|    0.001197|
|         125|   -5.879543|   -5.327805|    0.108101|    0.001198|
|         126|   -5.899671|   -5.347949|    0.108091|    0.001199|
|         127|   -5.919651|   -5.367935|    0.108080|    0.001200|
|         128|   -5.939438|   -5.387722|    0.108069|    0.001201|
|         129|   -5.959014|   -5.407299|    0.108058|    0.001201|
|         130|   -5.978360|   -5.426663|    0.108048|    0.001202|
|         131|   -5.997444|   -5.445785|    0.108038|    0.001202|
|         132|   -6.016302|   -5.464705|    0.108029|    0.001203|
|         133|   -6.034957|   -5.483444|    0.108021|    0.001203|
|         134|   -6.053420|   -5.502010|    0.108015|    0.001203|
|         135|   -6.071713|   -5.520421|    0.108009|    0.001204|
|         136|   -6.089877|   -5.538716|    0.108005|    0.001204|
|         137|   -6.107944|   -5.556920|    0.108003|    0.001204|
|         138|   -6.125915|   -5.575023|    0.108002|    0.001204|
|         139|   -6.143801|   -5.593028|    0.108004|    0.001204|
|         140|   -6.161618|   -5.610948|    0.108006|    0.001204|
|         141|   -6.179370|   -5.628782|    0.108011|    0.001204|
|         142|   -6.197067|   -5.646540|    0.108018|    0.001204|
|         143|   -6.214730|   -5.664244|    0.108026|    0.001204|
|         144|   -6.232350|   -5.681871|    0.108035|    0.001205|
|         145|   -6.249961|   -5.699463|    0.108046|    0.001205|
|         146|   -6.267549|   -5.717009|    0.108058|    0.001205|
|         147|   -6.285109|   -5.734504|    0.108071|    0.001205|
|         148|   -6.302660|   -5.751967|    0.108085|    0.001205|
|         149|   -6.320191|   -5.769387|    0.108099|    0.001206|
|         150|   -6.337733|   -5.786803|    0.108114|    0.001206|
|         151|   -6.355262|   -5.804200|    0.108129|    0.001206|
|         152|   -6.372762|   -5.821564|    0.108144|    0.001206|
|         153|   -6.390238|   -5.838904|    0.108158|    0.001206|
|         154|   -6.407711|   -5.856247|    0.108173|    0.001207|
|         155|   -6.425174|   -5.873588|    0.108187|    0.001207|
|         156|   -6.442560|   -5.890868|    0.108201|    0.001207|
|         157|   -6.459879|   -5.908098|    0.108214|    0.001207|
|         158|   -6.477129|   -5.925276|    0.108226|    0.001208|
|         159|   -6.494294|   -5.942392|    0.108237|    0.001208|
|         160|   -6.511391|   -5.959462|    0.108248|    0.001208|
|         161|   -6.528429|   -5.976492|    0.108258|    0.001208|
|         162|   -6.545418|   -5.993490|    0.108267|    0.001208|
|         163|   -6.562347|   -6.010439|    0.108275|    0.001208|
|         164|   -6.579199|   -6.027322|    0.108282|    0.001208|
|         165|   -6.595992|   -6.044152|    0.108288|    0.001208|
|         166|   -6.612741|   -6.060940|    0.108294|    0.001208|
|         167|   -6.629455|   -6.077693|    0.108299|    0.001208|
|         168|   -6.646136|   -6.094407|    0.108303|    0.001207|
|         169|   -6.662795|   -6.111095|    0.108306|    0.001207|
|         170|   -6.679442|   -6.127768|    0.108309|    0.001207|
|         171|   -6.696085|   -6.144430|    0.108311|    0.001207|
|         172|   -6.712739|   -6.161098|    0.108313|    0.001206|
|         173|   -6.729408|   -6.177779|    0.108314|    0.001206|
|         174|   -6.746086|   -6.194467|    0.108315|    0.001206|
|         175|   -6.762787|   -6.211183|    0.108315|    0.001206|
|         176|   -6.779508|   -6.227925|    0.108315|    0.001205|
|         177|   -6.796230|   -6.244677|    0.108314|    0.001205|
|         178|   -6.812931|   -6.261424|    0.108314|    0.001205|
|         179|   -6.829584|   -6.278138|    0.108313|    0.001205|
|         180|   -6.846139|   -6.294774|    0.108312|    0.001205|
|         181|   -6.862583|   -6.311327|    0.108311|    0.001204|
|         182|   -6.878880|   -6.327752|    0.108310|    0.001204|
|         183|   -6.895001|   -6.344016|    0.108309|    0.001204|
|         184|   -6.910892|   -6.360068|    0.108308|    0.001204|
|         185|   -6.926514|   -6.375867|    0.108307|    0.001204|
|         186|   -6.941845|   -6.391387|    0.108306|    0.001204|
|         187|   -6.956871|   -6.406612|    0.108305|    0.001204|
|         188|   -6.971576|   -6.421515|    0.108304|    0.001204|
|         189|   -6.985949|   -6.436078|    0.108303|    0.001204|
|         190|   -6.999994|   -6.450299|    0.108303|    0.001204|
|         191|   -7.013737|   -6.464198|    0.108302|    0.001204|
|         192|   -7.027198|   -6.477791|    0.108301|    0.001204|
|         193|   -7.040406|   -6.491101|    0.108301|    0.001204|
|         194|   -7.053415|   -6.504180|    0.108301|    0.001204|
|         195|   -7.066275|   -6.517076|    0.108300|    0.001204|
|         196|   -7.079030|   -6.529832|    0.108300|    0.001204|
|         197|   -7.091743|   -6.542512|    0.108300|    0.001204|
|         198|   -7.104469|   -6.555171|    0.108301|    0.001204|
|         199|   -7.117256|   -6.567860|    0.108301|    0.001204|
|         200|   -7.130183|   -6.580665|    0.108301|    0.001204|
|         201|   -7.143290|   -6.593630|    0.108302|    0.001204|
|         202|   -7.156616|   -6.606795|    0.108303|    0.001204|
|         203|   -7.170185|   -6.620185|    0.108303|    0.001204|
|         204|   -7.184012|   -6.633825|    0.108304|    0.001204|
|         205|   -7.198125|   -6.647748|    0.108305|    0.001205|
|         206|   -7.212537|   -6.661976|    0.108306|    0.001205|
|         207|   -7.227250|   -6.676513|    0.108307|    0.001205|
|         208|   -7.242268|   -6.691364|    0.108308|    0.001205|
|         209|   -7.257585|   -6.706528|    0.108309|    0.001205|
|         210|   -7.273193|   -6.721999|    0.108310|    0.001205|
|         211|   -7.289082|   -6.737772|    0.108311|    0.001205|
|         212|   -7.305230|   -6.753825|    0.108312|    0.001205|
|         213|   -7.321618|   -6.770139|    0.108313|    0.001205|
|         214|   -7.338224|   -6.786694|    0.108314|    0.001205|
|         215|   -7.355029|   -6.803468|    0.108315|    0.001205|
|         216|   -7.371995|   -6.820423|    0.108316|    0.001205|
|         217|   -7.389090|   -6.837529|    0.108317|    0.001205|
|         218|   -7.406286|   -6.854756|    0.108318|    0.001205|
|         219|   -7.423559|   -6.872077|    0.108319|    0.001205|
|         220|   -7.440881|   -6.889459|    0.108320|    0.001205|
|         221|   -7.458223|   -6.906873|    0.108321|    0.001205|
|         222|   -7.475532|   -6.924260|    0.108321|    0.001205|
|         223|   -7.492801|   -6.941612|    0.108322|    0.001205|
|         224|   -7.510022|   -6.958923|    0.108323|    0.001205|
|         225|   -7.527164|   -6.976160|    0.108323|    0.001205|
|         226|   -7.544202|   -6.993293|    0.108324|    0.001205|
|         227|   -7.561115|   -7.010298|    0.108324|    0.001205|
|         228|   -7.577875|   -7.027145|    0.108325|    0.001205|
|         229|   -7.594471|   -7.043824|    0.108325|    0.001205|
|         230|   -7.610897|   -7.060329|    0.108325|    0.001205|
|         231|   -7.627147|   -7.076651|    0.108326|    0.001205|
|         232|   -7.643217|   -7.092788|    0.108326|    0.001205|
|         233|   -7.659102|   -7.108733|    0.108326|    0.001205|
|         234|   -7.674801|   -7.124487|    0.108326|    0.001205|
|         235|   -7.690318|   -7.140052|    0.108326|    0.001205|
|         236|   -7.705655|   -7.155432|    0.108327|    0.001205|
|         237|   -7.720824|   -7.170636|    0.108327|    0.001205|
|         238|   -7.735831|   -7.185673|    0.108327|    0.001205|
|         239|   -7.750696|   -7.200561|    0.108327|    0.001205|
|         240|   -7.765434|   -7.215314|    0.108327|    0.001205|
|         241|   -7.780061|   -7.229949|    0.108327|    0.001205|
|         242|   -7.794585|   -7.244472|    0.108327|    0.001205|
|         243|   -7.809025|   -7.258901|    0.108327|    0.001205|
|         244|   -7.823400|   -7.273256|    0.108327|    0.001205|
|         245|   -7.837738|   -7.287566|    0.108327|    0.001205|
|         246|   -7.852053|   -7.301845|    0.108327|    0.001205|
|         247|   -7.866355|   -7.316104|    0.108328|    0.001205|
|         248|   -7.880656|   -7.330356|    0.108328|    0.001205|
|         249|   -7.894963|   -7.344609|    0.108328|    0.001205|
|         250|   -7.909281|   -7.358868|    0.108328|    0.001205|
+-----------------------------------------------------------------------+
|        File Writing Summary       |              Filename             |
+-----------------------------------------------------------------------+
|SU2 binary restart                 |restart_flow.dat                   |
|Paraview                           |flow.vtu                           |
|Paraview surface                   |surface_flow.vtu                   |
|CSV file                           |surface_flow.csv                   |
+-----------------------------------------------------------------------+
+----------------------------------------------------------------+
|  Inner_Iter|    rms[Rho]|   rms[RhoE]|          CL|          CD|
+----------------------------------------------------------------+
|         251|   -7.923612|   -7.373140|    0.108328|    0.001205|
|         252|   -7.937960|   -7.387426|    0.108328|    0.001205|
|         253|   -7.952324|   -7.401731|    0.108328|    0.001205|
|         254|   -7.966704|   -7.416056|    0.108328|    0.001205|
|         255|   -7.981099|   -7.430401|    0.108328|    0.001205|
|         256|   -7.995506|   -7.444767|    0.108328|    0.001205|
|         257|   -8.009924|   -7.459151|    0.108328|    0.001205|
|         258|   -8.024349|   -7.473554|    0.108329|    0.001205|
|         259|   -8.038781|   -7.487975|    0.108329|    0.001205|
|         260|   -8.053218|   -7.502413|    0.108329|    0.001205|
|         261|   -8.067661|   -7.516868|    0.108329|    0.001205|
|         262|   -8.082109|   -7.531341|    0.108329|    0.001205|
|         263|   -8.096567|   -7.545834|    0.108329|    0.001205|
|         264|   -8.111040|   -7.560349|    0.108329|    0.001205|
|         265|   -8.125531|   -7.574892|    0.108329|    0.001205|
|         266|   -8.140049|   -7.589464|    0.108329|    0.001205|
|         267|   -8.154599|   -7.604073|    0.108329|    0.001205|
|         268|   -8.169191|   -7.618724|    0.108329|    0.001205|
|         269|   -8.183833|   -7.633422|    0.108329|    0.001205|
|         270|   -8.198534|   -7.648175|    0.108329|    0.001205|
|         271|   -8.213300|   -7.662989|    0.108329|    0.001205|
|         272|   -8.228141|   -7.677868|    0.108329|    0.001205|
|         273|   -8.243061|   -7.692817|    0.108329|    0.001205|
|         274|   -8.258065|   -7.707841|    0.108329|    0.001205|
|         275|   -8.273156|   -7.722940|    0.108329|    0.001205|
|         276|   -8.288333|   -7.738116|    0.108329|    0.001205|
|         277|   -8.303596|   -7.753367|    0.108329|    0.001205|
|         278|   -8.318940|   -7.768689|    0.108329|    0.001205|
|         279|   -8.334359|   -7.784079|    0.108329|    0.001205|
|         280|   -8.349845|   -7.799528|    0.108329|    0.001205|
|         281|   -8.365386|   -7.815029|    0.108329|    0.001205|
|         282|   -8.380972|   -7.830571|    0.108329|    0.001205|
|         283|   -8.396590|   -7.846144|    0.108329|    0.001205|
|         284|   -8.412224|   -7.861736|    0.108329|    0.001205|
|         285|   -8.427860|   -7.877334|    0.108329|    0.001205|
|         286|   -8.443483|   -7.892925|    0.108329|    0.001205|
|         287|   -8.459080|   -7.908498|    0.108329|    0.001205|
|         288|   -8.474637|   -7.924040|    0.108329|    0.001205|
|         289|   -8.490143|   -7.939541|    0.108329|    0.001205|
|         290|   -8.505587|   -7.954992|    0.108329|    0.001205|
|         291|   -8.520962|   -7.970386|    0.108329|    0.001205|
|         292|   -8.536264|   -7.985717|    0.108329|    0.001205|
|         293|   -8.551490|   -8.000982|    0.108329|    0.001205|
|         294|   -8.566641|   -8.016181|    0.108329|    0.001205|
|         295|   -8.581719|   -8.031314|    0.108329|    0.001205|
|         296|   -8.596729|   -8.046386|    0.108329|    0.001205|
|         297|   -8.611679|   -8.061400|    0.108329|    0.001205|
|         298|   -8.626578|   -8.076364|    0.108329|    0.001205|
|         299|   -8.641434|   -8.091283|    0.108329|    0.001205|
|         300|   -8.656259|   -8.106167|    0.108329|    0.001205|
|         301|   -8.671062|   -8.121024|    0.108329|    0.001205|
|         302|   -8.685854|   -8.135861|    0.108329|    0.001205|
|         303|   -8.700644|   -8.150686|    0.108329|    0.001205|
|         304|   -8.715441|   -8.165506|    0.108329|    0.001205|
|         305|   -8.730251|   -8.180328|    0.108329|    0.001205|
|         306|   -8.745081|   -8.195156|    0.108329|    0.001205|
|         307|   -8.759936|   -8.209994|    0.108329|    0.001205|
|         308|   -8.774818|   -8.224847|    0.108329|    0.001205|
|         309|   -8.789730|   -8.239716|    0.108329|    0.001205|
|         310|   -8.804672|   -8.254603|    0.108329|    0.001205|
|         311|   -8.819644|   -8.269510|    0.108329|    0.001205|
|         312|   -8.834647|   -8.284436|    0.108329|    0.001205|
|         313|   -8.849678|   -8.299384|    0.108329|    0.001205|
|         314|   -8.864737|   -8.314353|    0.108329|    0.001205|
|         315|   -8.879824|   -8.329344|    0.108329|    0.001205|
|         316|   -8.894936|   -8.344360|    0.108329|    0.001205|
|         317|   -8.910075|   -8.359401|    0.108329|    0.001205|
|         318|   -8.925240|   -8.374470|    0.108329|    0.001205|
|         319|   -8.940433|   -8.389570|    0.108329|    0.001205|
|         320|   -8.955654|   -8.404704|    0.108329|    0.001205|
|         321|   -8.970905|   -8.419875|    0.108329|    0.001205|
|         322|   -8.986189|   -8.435087|    0.108328|    0.001205|
|         323|   -9.001509|   -8.450344|    0.108328|    0.001205|
|         324|   -9.016865|   -8.465648|    0.108328|    0.001205|
|         325|   -9.032261|   -8.481004|    0.108328|    0.001205|
|         326|   -9.047698|   -8.496412|    0.108328|    0.001205|
|         327|   -9.063177|   -8.511874|    0.108328|    0.001205|
|         328|   -9.078697|   -8.527390|    0.108328|    0.001205|
|         329|   -9.094258|   -8.542958|    0.108328|    0.001205|
|         330|   -9.109857|   -8.558577|    0.108328|    0.001205|
|         331|   -9.125490|   -8.574240|    0.108328|    0.001205|
|         332|   -9.141152|   -8.589943|    0.108328|    0.001205|
|         333|   -9.156836|   -8.605678|    0.108328|    0.001205|
|         334|   -9.172534|   -8.621436|    0.108328|    0.001205|
|         335|   -9.188237|   -8.637207|    0.108328|    0.001205|
|         336|   -9.203935|   -8.652979|    0.108328|    0.001205|
|         337|   -9.219617|   -8.668740|    0.108328|    0.001205|
|         338|   -9.235270|   -8.684478|    0.108328|    0.001205|
|         339|   -9.250884|   -8.700178|    0.108328|    0.001205|
|         340|   -9.266447|   -8.715828|    0.108328|    0.001205|
|         341|   -9.281947|   -8.731416|    0.108328|    0.001205|
|         342|   -9.297374|   -8.746929|    0.108328|    0.001205|
|         343|   -9.312720|   -8.762357|    0.108328|    0.001205|
|         344|   -9.327975|   -8.777692|    0.108328|    0.001205|
|         345|   -9.343135|   -8.792926|    0.108328|    0.001205|
|         346|   -9.358194|   -8.808054|    0.108328|    0.001205|
|         347|   -9.373152|   -8.823073|    0.108328|    0.001205|
|         348|   -9.388008|   -8.837983|    0.108328|    0.001205|
|         349|   -9.402765|   -8.852785|    0.108328|    0.001205|
|         350|   -9.417428|   -8.867484|    0.108328|    0.001205|
|         351|   -9.432002|   -8.882086|    0.108328|    0.001205|
|         352|   -9.446496|   -8.896598|    0.108328|    0.001205|
|         353|   -9.460920|   -8.911031|    0.108328|    0.001205|
|         354|   -9.475285|   -8.925396|    0.108328|    0.001205|
|         355|   -9.489603|   -8.939706|    0.108328|    0.001205|
|         356|   -9.503889|   -8.953974|    0.108328|    0.001205|
|         357|   -9.518156|   -8.968215|    0.108328|    0.001205|
|         358|   -9.532418|   -8.982444|    0.108328|    0.001205|
|         359|   -9.546690|   -8.996676|    0.108328|    0.001205|
|         360|   -9.560986|   -9.010924|    0.108328|    0.001205|
|         361|   -9.575319|   -9.025205|    0.108328|    0.001205|
|         362|   -9.589702|   -9.039531|    0.108328|    0.001205|
|         363|   -9.604149|   -9.053916|    0.108328|    0.001205|
|         364|   -9.618670|   -9.068372|    0.108328|    0.001205|
|         365|   -9.633275|   -9.082909|    0.108328|    0.001205|
|         366|   -9.647974|   -9.097537|    0.108328|    0.001205|
|         367|   -9.662774|   -9.112266|    0.108328|    0.001205|
|         368|   -9.677681|   -9.127102|    0.108328|    0.001205|
|         369|   -9.692701|   -9.142051|    0.108328|    0.001205|
|         370|   -9.707837|   -9.157117|    0.108328|    0.001205|
|         371|   -9.723091|   -9.172303|    0.108328|    0.001205|
|         372|   -9.738463|   -9.187609|    0.108328|    0.001205|
|         373|   -9.753952|   -9.203036|    0.108328|    0.001205|
|         374|   -9.769555|   -9.218581|    0.108328|    0.001205|
|         375|   -9.785267|   -9.234240|    0.108328|    0.001205|
|         376|   -9.801083|   -9.250008|    0.108328|    0.001205|
|         377|   -9.816994|   -9.265879|    0.108328|    0.001205|
|         378|   -9.832992|   -9.281843|    0.108328|    0.001205|
|         379|   -9.849067|   -9.297891|    0.108328|    0.001205|
|         380|   -9.865206|   -9.314012|    0.108328|    0.001205|
|         381|   -9.881398|   -9.330193|    0.108328|    0.001205|
|         382|   -9.897627|   -9.346422|    0.108328|    0.001205|
|         383|   -9.913880|   -9.362683|    0.108328|    0.001205|
|         384|   -9.930141|   -9.378962|    0.108328|    0.001205|
|         385|   -9.946394|   -9.395243|    0.108328|    0.001205|
|         386|   -9.962623|   -9.411511|    0.108328|    0.001205|
|         387|   -9.978812|   -9.427748|    0.108328|    0.001205|
|         388|   -9.994946|   -9.443938|    0.108328|    0.001205|
|         389|  -10.011008|   -9.460067|    0.108328|    0.001205|
|         390|  -10.026985|   -9.476119|    0.108328|    0.001205|
|         391|  -10.042862|   -9.492079|    0.108328|    0.001205|
|         392|  -10.058628|   -9.507935|    0.108328|    0.001205|
|         393|  -10.074271|   -9.523673|    0.108328|    0.001205|
|         394|  -10.089782|   -9.539285|    0.108328|    0.001205|
|         395|  -10.105153|   -9.554760|    0.108328|    0.001205|
|         396|  -10.120380|   -9.570093|    0.108328|    0.001205|
|         397|  -10.135459|   -9.585279|    0.108328|    0.001205|
|         398|  -10.150389|   -9.600315|    0.108328|    0.001205|
|         399|  -10.165171|   -9.615200|    0.108328|    0.001205|
|         400|  -10.179808|   -9.629937|    0.108328|    0.001205|
|         401|  -10.194307|   -9.644529|    0.108328|    0.001205|
|         402|  -10.208673|   -9.658982|    0.108328|    0.001205|
|         403|  -10.222917|   -9.673304|    0.108328|    0.001205|
|         404|  -10.237050|   -9.687504|    0.108328|    0.001205|
|         405|  -10.251082|   -9.701594|    0.108328|    0.001205|
|         406|  -10.265028|   -9.715584|    0.108328|    0.001205|
|         407|  -10.278901|   -9.729490|    0.108328|    0.001205|
|         408|  -10.292717|   -9.743325|    0.108328|    0.001205|
|         409|  -10.306491|   -9.757104|    0.108328|    0.001205|
|         410|  -10.320239|   -9.770843|    0.108328|    0.001205|
|         411|  -10.333976|   -9.784557|    0.108328|    0.001205|
|         412|  -10.347717|   -9.798263|    0.108328|    0.001205|
|         413|  -10.361479|   -9.811977|    0.108328|    0.001205|
|         414|  -10.375275|   -9.825713|    0.108328|    0.001205|
|         415|  -10.389120|   -9.839487|    0.108328|    0.001205|
|         416|  -10.403027|   -9.853313|    0.108328|    0.001205|
|         417|  -10.417008|   -9.867204|    0.108328|    0.001205|
|         418|  -10.431073|   -9.881173|    0.108328|    0.001205|
|         419|  -10.445233|   -9.895231|    0.108328|    0.001205|
|         420|  -10.459497|   -9.909388|    0.108328|    0.001205|
|         421|  -10.473870|   -9.923653|    0.108328|    0.001205|
|         422|  -10.488360|   -9.938033|    0.108328|    0.001205|
|         423|  -10.502969|   -9.952533|    0.108328|    0.001205|
|         424|  -10.517700|   -9.967158|    0.108328|    0.001205|
|         425|  -10.532554|   -9.981909|    0.108328|    0.001205|
|         426|  -10.547530|   -9.996789|    0.108328|    0.001205|
|         427|  -10.562627|  -10.011794|    0.108328|    0.001205|
|         428|  -10.577838|  -10.026924|    0.108328|    0.001205|
|         429|  -10.593159|  -10.042173|    0.108328|    0.001205|
|         430|  -10.608582|  -10.057534|    0.108328|    0.001205|
|         431|  -10.624099|  -10.073001|    0.108328|    0.001205|
|         432|  -10.639698|  -10.088562|    0.108328|    0.001205|
|         433|  -10.655368|  -10.104208|    0.108328|    0.001205|
|         434|  -10.671096|  -10.119924|    0.108328|    0.001205|
|         435|  -10.686867|  -10.135698|    0.108328|    0.001205|
|         436|  -10.702666|  -10.151513|    0.108328|    0.001205|
|         437|  -10.718477|  -10.167355|    0.108328|    0.001205|
|         438|  -10.734283|  -10.183204|    0.108328|    0.001205|
|         439|  -10.750068|  -10.199045|    0.108328|    0.001205|
|         440|  -10.765814|  -10.214859|    0.108328|    0.001205|
|         441|  -10.781504|  -10.230627|    0.108328|    0.001205|
|         442|  -10.797121|  -10.246333|    0.108328|    0.001205|
|         443|  -10.812651|  -10.261960|    0.108328|    0.001205|
|         444|  -10.828077|  -10.277489|    0.108328|    0.001205|
|         445|  -10.843387|  -10.292908|    0.108328|    0.001205|
|         446|  -10.858568|  -10.308202|    0.108328|    0.001205|
|         447|  -10.873611|  -10.323360|    0.108328|    0.001205|
|         448|  -10.888508|  -10.338370|    0.108328|    0.001205|
|         449|  -10.903252|  -10.353227|    0.108328|    0.001205|
|         450|  -10.917840|  -10.367925|    0.108328|    0.001205|
|         451|  -10.932271|  -10.382460|    0.108328|    0.001205|
|         452|  -10.946546|  -10.396833|    0.108328|    0.001205|
|         453|  -10.960669|  -10.411046|    0.108328|    0.001205|
|         454|  -10.974645|  -10.425103|    0.108328|    0.001205|
|         455|  -10.988482|  -10.439012|    0.108328|    0.001205|
|         456|  -11.002190|  -10.452782|    0.108328|    0.001205|
|         457|  -11.015780|  -10.466422|    0.108328|    0.001205|
|         458|  -11.029266|  -10.479947|    0.108328|    0.001205|
|         459|  -11.042661|  -10.493369|    0.108328|    0.001205|
|         460|  -11.055980|  -10.506703|    0.108328|    0.001205|
|         461|  -11.069238|  -10.519965|    0.108328|    0.001205|
|         462|  -11.082451|  -10.533171|    0.108328|    0.001205|
|         463|  -11.095636|  -10.546337|    0.108328|    0.001205|
|         464|  -11.108807|  -10.559480|    0.108328|    0.001205|
|         465|  -11.121980|  -10.572614|    0.108328|    0.001205|
|         466|  -11.135169|  -10.585757|    0.108328|    0.001205|
|         467|  -11.148389|  -10.598922|    0.108328|    0.001205|
|         468|  -11.161653|  -10.612123|    0.108328|    0.001205|
|         469|  -11.174972|  -10.625374|    0.108328|    0.001205|
|         470|  -11.188358|  -10.638687|    0.108328|    0.001205|
|         471|  -11.201820|  -10.652072|    0.108328|    0.001205|
|         472|  -11.215367|  -10.665539|    0.108328|    0.001205|
|         473|  -11.229007|  -10.679096|    0.108328|    0.001205|
|         474|  -11.242745|  -10.692751|    0.108328|    0.001205|
|         475|  -11.256585|  -10.706508|    0.108328|    0.001205|
|         476|  -11.270532|  -10.720373|    0.108328|    0.001205|
|         477|  -11.284587|  -10.734349|    0.108328|    0.001205|
|         478|  -11.298751|  -10.748436|    0.108328|    0.001205|
|         479|  -11.313024|  -10.762637|    0.108328|    0.001205|
|         480|  -11.327404|  -10.776949|    0.108328|    0.001205|
|         481|  -11.341888|  -10.791371|    0.108328|    0.001205|
|         482|  -11.356473|  -10.805899|    0.108328|    0.001205|
|         483|  -11.371153|  -10.820530|    0.108328|    0.001205|
|         484|  -11.385921|  -10.835257|    0.108328|    0.001205|
|         485|  -11.400773|  -10.850075|    0.108328|    0.001205|
|         486|  -11.415698|  -10.864975|    0.108328|    0.001205|
|         487|  -11.430689|  -10.879949|    0.108328|    0.001205|
|         488|  -11.445736|  -10.894988|    0.108328|    0.001205|
|         489|  -11.460829|  -10.910082|    0.108328|    0.001205|
|         490|  -11.475957|  -10.925220|    0.108328|    0.001205|
|         491|  -11.491110|  -10.940391|    0.108328|    0.001205|
|         492|  -11.506275|  -10.955584|    0.108328|    0.001205|
|         493|  -11.521443|  -10.970786|    0.108328|    0.001205|
|         494|  -11.536600|  -10.985986|    0.108328|    0.001205|
|         495|  -11.551735|  -11.001171|    0.108328|    0.001205|
|         496|  -11.566839|  -11.016331|    0.108328|    0.001205|
|         497|  -11.581899|  -11.031453|    0.108328|    0.001205|
|         498|  -11.596905|  -11.046526|    0.108328|    0.001205|
|         499|  -11.611849|  -11.061541|    0.108328|    0.001205|
|         500|  -11.626722|  -11.076488|    0.108328|    0.001205|
+-----------------------------------------------------------------------+
|        File Writing Summary       |              Filename             |
+-----------------------------------------------------------------------+
|SU2 binary restart                 |restart_flow.dat                   |
|Paraview                           |flow.vtu                           |
|Paraview surface                   |surface_flow.vtu                   |
|CSV file                           |surface_flow.csv                   |
+-----------------------------------------------------------------------+
+----------------------------------------------------------------+
|  Inner_Iter|    rms[Rho]|   rms[RhoE]|          CL|          CD|
+----------------------------------------------------------------+
|         501|  -11.641516|  -11.091358|    0.108328|    0.001205|
|         502|  -11.656225|  -11.106144|    0.108328|    0.001205|
|         503|  -11.670843|  -11.120840|    0.108328|    0.001205|
|         504|  -11.685368|  -11.135442|    0.108328|    0.001205|
|         505|  -11.699797|  -11.149945|    0.108328|    0.001205|
|         506|  -11.714129|  -11.164348|    0.108328|    0.001205|
|         507|  -11.728365|  -11.178652|    0.108328|    0.001205|
|         508|  -11.742508|  -11.192856|    0.108328|    0.001205|
|         509|  -11.756560|  -11.206965|    0.108328|    0.001205|
|         510|  -11.770528|  -11.220983|    0.108328|    0.001205|
|         511|  -11.784418|  -11.234916|    0.108328|    0.001205|
|         512|  -11.798237|  -11.248770|    0.108328|    0.001205|
|         513|  -11.811996|  -11.262554|    0.108328|    0.001205|
|         514|  -11.825702|  -11.276278|    0.108328|    0.001205|
|         515|  -11.839368|  -11.289952|    0.108328|    0.001205|
|         516|  -11.853005|  -11.303586|    0.108328|    0.001205|
|         517|  -11.866623|  -11.317193|    0.108328|    0.001205|
|         518|  -11.880235|  -11.330784|    0.108328|    0.001205|
|         519|  -11.893854|  -11.344373|    0.108328|    0.001205|
|         520|  -11.907491|  -11.357970|    0.108328|    0.001205|
|         521|  -11.921158|  -11.371588|    0.108328|    0.001205|
|         522|  -11.934867|  -11.385240|    0.108328|    0.001205|
|         523|  -11.948628|  -11.398938|    0.108328|    0.001205|
|         524|  -11.962452|  -11.412691|    0.108328|    0.001205|
|         525|  -11.976350|  -11.426512|    0.108328|    0.001205|
|         526|  -11.990329|  -11.440409|    0.108328|    0.001205|
|         527|  -12.004396|  -11.454391|    0.108328|    0.001205|
|         528|  -12.018560|  -11.468467|    0.108328|    0.001205|
|         529|  -12.032826|  -11.482643|    0.108328|    0.001205|
|         530|  -12.047199|  -11.496925|    0.108328|    0.001205|
|         531|  -12.061681|  -11.511317|    0.108328|    0.001205|
|         532|  -12.076275|  -11.525823|    0.108328|    0.001205|
|         533|  -12.090980|  -11.540444|    0.108328|    0.001205|
|         534|  -12.105798|  -11.555180|    0.108328|    0.001205|
|         535|  -12.120726|  -11.570032|    0.108328|    0.001205|
|         536|  -12.135761|  -11.584997|    0.108328|    0.001205|
|         537|  -12.150898|  -11.600071|    0.108328|    0.001205|
|         538|  -12.166131|  -11.615250|    0.108328|    0.001205|
|         539|  -12.181454|  -11.630527|    0.108328|    0.001205|
|         540|  -12.196858|  -11.645895|    0.108328|    0.001205|
|         541|  -12.212334|  -11.661344|    0.108328|    0.001205|
|         542|  -12.227871|  -11.676865|    0.108328|    0.001205|
|         543|  -12.243460|  -11.692448|    0.108328|    0.001205|
|         544|  -12.259086|  -11.708079|    0.108328|    0.001205|
|         545|  -12.274738|  -11.723746|    0.108328|    0.001205|
|         546|  -12.290403|  -11.739437|    0.108328|    0.001205|
|         547|  -12.306067|  -11.755137|    0.108328|    0.001205|
|         548|  -12.321716|  -11.770831|    0.108328|    0.001205|
|         549|  -12.337337|  -11.786506|    0.108328|    0.001205|
|         550|  -12.352915|  -11.802147|    0.108328|    0.001205|
|         551|  -12.368439|  -11.817741|    0.108328|    0.001205|
|         552|  -12.383896|  -11.833274|    0.108328|    0.001205|
|         553|  -12.399274|  -11.848733|    0.108328|    0.001205|
|         554|  -12.414563|  -11.864107|    0.108328|    0.001205|
|         555|  -12.429753|  -11.879385|    0.108328|    0.001205|
|         556|  -12.444838|  -11.894558|    0.108328|    0.001205|
|         557|  -12.459810|  -11.909619|    0.108328|    0.001205|
|         558|  -12.474666|  -11.924563|    0.108328|    0.001205|
|         559|  -12.489402|  -11.939384|    0.108328|    0.001205|
|         560|  -12.504018|  -11.954082|    0.108328|    0.001205|
|         561|  -12.518515|  -11.968655|    0.108328|    0.001205|
|         562|  -12.532897|  -11.983108|    0.108328|    0.001205|
|         563|  -12.547168|  -11.997442|    0.108328|    0.001205|
|         564|  -12.561335|  -12.011665|    0.108328|    0.001205|
|         565|  -12.575406|  -12.025783|    0.108328|    0.001205|
|         566|  -12.589391|  -12.039807|    0.108328|    0.001205|
|         567|  -12.603299|  -12.053744|    0.108328|    0.001205|
|         568|  -12.617147|  -12.067609|    0.108328|    0.001205|
|         569|  -12.630942|  -12.081412|    0.108328|    0.001205|
|         570|  -12.644701|  -12.095167|    0.108328|    0.001205|
|         571|  -12.658437|  -12.108890|    0.108328|    0.001205|
|         572|  -12.672163|  -12.122591|    0.108328|    0.001205|
|         573|  -12.685895|  -12.136290|    0.108328|    0.001205|
|         574|  -12.699645|  -12.149997|    0.108328|    0.001205|
|         575|  -12.713428|  -12.163727|    0.108328|    0.001205|
|         576|  -12.727256|  -12.177494|    0.108328|    0.001205|
|         577|  -12.741142|  -12.191312|    0.108328|    0.001205|
|         578|  -12.755097|  -12.205193|    0.108328|    0.001205|
|         579|  -12.769133|  -12.219148|    0.108328|    0.001205|
|         580|  -12.783257|  -12.233187|    0.108328|    0.001205|
|         581|  -12.797479|  -12.247321|    0.108328|    0.001205|
|         582|  -12.811807|  -12.261559|    0.108328|    0.001205|
|         583|  -12.826243|  -12.275904|    0.108328|    0.001205|
|         584|  -12.840795|  -12.290365|    0.108328|    0.001205|
|         585|  -12.855464|  -12.304944|    0.108328|    0.001205|
|         586|  -12.870253|  -12.319646|    0.108328|    0.001205|
|         587|  -12.885164|  -12.334472|    0.108328|    0.001205|
|         588|  -12.900191|  -12.349421|    0.108328|    0.001205|
|         589|  -12.915332|  -12.364488|    0.108328|    0.001205|
|         590|  -12.930588|  -12.379676|    0.108328|    0.001205|
|         591|  -12.945946|  -12.394975|    0.108328|    0.001205|
|         592|  -12.961406|  -12.410384|    0.108328|    0.001205|
|         593|  -12.976955|  -12.425892|    0.108328|    0.001205|
|         594|  -12.992586|  -12.441491|    0.108328|    0.001205|
|         595|  -13.008287|  -12.457171|    0.108328|    0.001205|

----------------------------- Solver Exit -------------------------------
All convergence criteria satisfied.
+-----------------------------------------------------------------------+
|      Convergence Field     |     Value    |   Criterion  |  Converged |
+-----------------------------------------------------------------------+
|                    rms[Rho]|      -13.0083|         < -13|         Yes|
+-----------------------------------------------------------------------+
-------------------------------------------------------------------------
+-----------------------------------------------------------------------+
|        File Writing Summary       |              Filename             |
+-----------------------------------------------------------------------+
|SU2 binary restart                 |restart_flow.dat                   |
|Paraview                           |flow.vtu                           |
|Paraview surface                   |surface_flow.vtu                   |
|CSV file                           |surface_flow.csv                   |
+-----------------------------------------------------------------------+

--------------------------- Finalizing Solver ---------------------------
Deleted CNumerics container.
Deleted CIntegration container.
Deleted CSolver container.
Deleted CIteration container.
Deleted CInterface container.
Deleted CGeometry container.
Deleted CFreeFormDefBox class.
Deleted CSurfaceMovement class.
Deleted CVolumetricMovement class.
Deleted CConfig container.
Deleted nInst container.
Deleted COutput class.
-------------------------------------------------------------------------

------------------------- Exit Success (SU2_CFD) ------------------------

