
-------------------------------------------------------------------------
|    ___ _   _ ___                                                      |
|   / __| | | |_  )   Release 8.3.0 "Harrier"                           |
|   \__ \ |_| |/ /                                                      |
|   |___/\___//___|   Suite (Computational Fluid Dynamics Code)         |
|                                                                       |
-------------------------------------------------------------------------
| SU2 Project Website: https://su2code.github.io                        |
|                                                                       |
| The SU2 Project is maintained by the SU2 Foundation                   |
| (http://su2foundation.org)                                            |
-------------------------------------------------------------------------
| Copyright 2012-2025, SU2 Contributors                                 |
|                                                                       |
| SU2 is free software; you can redistribute it and/or                  |
| modify it under the terms of the GNU Lesser General Public            |
| License as published by the Free Software Foundation; either          |
| version 2.1 of the License, or (at your option) any later version.    |
|                                                                       |
| SU2 is distributed in the hope that it will be useful,                |
| but WITHOUT ANY WARRANTY; without even the implied warranty of        |
| MERCHANTABILITY or FITNESS FOR A PARTICULAR PURPOSE. See the GNU      |
| Lesser General Public License for more details.                       |
|                                                                       |
| You should have received a copy of the GNU Lesser General Public      |
| License along with SU2. If not, see <http://www.gnu.org/licenses/>.   |
-------------------------------------------------------------------------

Parsing config file for zone 0

----------------- Physical Case Definition ( Zone 0 ) -------------------
Compressible Euler equations.
Mach number: 0.8.
Angle of attack (AoA): 1.25 deg, and angle of sideslip (AoS): 0 deg.
No restart solution, use the values at infinity (freestream).
Non-Dimensional simulation (P=1.0, Rho=1.0, T=1.0 at the farfield).
The reference area is 1 m^2.
The semi-span will be computed using the max y(3D) value.
The reference length is 1 m.
Reference origin for moment evaluation is (0.25, 0, 0).
Surface(s) where the force coefficients are evaluated: airfoil.

Surface(s) plotted in the output file: airfoil.
Surface(s) affected by the design variables: airfoil.
Input mesh file name: mesh_NACA0012_inv_deform.su2

--------------- Space Numerical Integration ( Zone 0 ) ------------------
Jameson-Schmidt-Turkel scheme (2nd order in space) for the flow inviscid terms.
JST viscous coefficients (2nd & 4th): 0.5, 0.02.
The method includes a grid stretching correction (p = 0.3).
Gradient for viscous and source terms: Green-Gauss.

--------------- Time Numerical Integration  ( Zone 0 ) ------------------
Local time stepping (steady state simulation).
Euler implicit method for the flow equations.
FGMRES is used for solving the linear system.
Using a LU-SGS preconditioning.
Convergence criteria of the linear solver: 0.0001.
Max number of linear iterations: 2.
V Multigrid Cycle, with 2 multigrid levels.
Damping factor for the residual restriction: 1.
Damping factor for the correction prolongation: 1.
No CFL adaptation.
+-------------------------------------------+
|  MG Level| Presmooth|PostSmooth|CorrectSmo|
+-------------------------------------------+
|         0|         1|         0|         0|
|         1|         2|         0|         0|
|         2|         3|         0|         0|
+-------------------------------------------+
Courant-Friedrichs-Lewy number:       10

------------------ Convergence Criteria  ( Zone 0 ) ---------------------
Maximum number of solver subiterations: 1000.
Begin convergence monitoring at iteration 10.
Residual minimum value: 1e-13.
Cauchy series min. value: 1e-06.
Number of Cauchy elements: 100.
Begin windowed time average at iteration 0.

-------------------- Output Information ( Zone 0 ) ----------------------
File writing frequency: 
+------------------------------------+
|                     File| Frequency|
+------------------------------------+
|                  RESTART|       250|
|                 PARAVIEW|       250|
|         SURFACE_PARAVIEW|       250|
|              SURFACE_CSV|       250|
+------------------------------------+
Writing the convergence history file every 1 inner iterations.
Writing the screen convergence history every 1 inner iterations.
The tabular file format is CSV (.csv).
Convergence history file name: history_direct.
Forces breakdown file name: forces_breakdown.dat.
Surface file name: surface_flow.
Volume file name: flow.
Restart file name: restart_flow.

------------- Config File Boundary Information ( Zone 0 ) ---------------
+-----------------------------------------------------------------------+
|                        Marker Type|                        Marker Name|
+-----------------------------------------------------------------------+
|                         Euler wall|                            airfoil|
+-----------------------------------------------------------------------+
|                          Far-field|                           farfield|
+-----------------------------------------------------------------------+

-------------------- Output Preprocessing ( Zone 0 ) --------------------

WARNING: SURFACE_PRESSURE_DROP can only be computed for at least 2 surfaces (outlet, inlet, ...)

Screen output fields: INNER_ITER, RMS_DENSITY, RMS_ENERGY, LIFT, DRAG
History output group(s): ITER, RMS_RES, AERO_COEFF
Convergence field(s): RMS_DENSITY
Warning: No (valid) fields chosen for time convergence monitoring. Time convergence monitoring inactive.
Volume output fields: COORDINATES, SOLUTION, PRIMITIVE

------------------- Geometry Preprocessing ( Zone 0 ) -------------------
Two dimensional problem.
5233 grid points.
10216 volume elements.
2 surface markers.
200 boundary elements in index 0 (Marker = airfoil).
50 boundary elements in index 1 (Marker = farfield).
10216 triangles.
Setting point connectivity.
Renumbering points (Reverse Cuthill McKee Ordering).
Recomputing point connectivity.
Setting element connectivity.
Checking the numerical grid orientation.
All volume elements are correctly oriented.
All surface elements are correctly oriented.
Identifying edges and vertices.
Setting the control volume structure.
Area of the computational grid: 1253.25.
Searching for the closest normal neighbors to the surfaces.
Storing a mapping from global to local point index.
Compute the surface curvature.
Max K: 7835.1. Mean K: 35.0736. Standard deviation K: 494.416.
Checking for periodicity.
Computing mesh quality statistics for the dual control volumes.
+--------------------------------------------------------------+
|           Mesh Quality Metric|        Minimum|        Maximum|
+--------------------------------------------------------------+
|    Orthogonality Angle (deg.)|        62.8748|        89.7318|
|     CV Face Area Aspect Ratio|        1.01411|        7.18682|
|           CV Sub-Volume Ratio|        1.00273|        6.47639|
+--------------------------------------------------------------+
Setting the multigrid structure.
+-------------------------------------------+
|  MG Level|       CVs|Aggl. Rate|       CFL|
+-------------------------------------------+
|         0|      5233|    1/1.00|        10|
|         1|      1690|     1/3.1|   8.52431|
|         2|       649|     1/2.6|   7.92373|
+-------------------------------------------+
Finding max control volume width.
Wetted area = 2.04152 m.
Area projection in the x-plane = 0.117118 m, y-plane = 0.999845 m.
Max. coordinate in the x-direction = 1 m, y-direction = 0.0529423 m.
Min. coordinate in the x-direction = 0 m, y-direction = -0.064193 m.
Computing wall distances.

-------------------- Solver Preprocessing ( Zone 0 ) --------------------
Inviscid flow: Computing density based on free-stream
temperature and pressure using the ideal gas law.
Force coefficients computed using free-stream values.

-- Models:
+------------------------------------------------------------------------------+
|          Viscosity Model|        Conductivity Model|              Fluid Model|
+------------------------------------------------------------------------------+
|                        -|                         -|             STANDARD_AIR|
+------------------------------------------------------------------------------+
-- Fluid properties:
+------------------------------------------------------------------------------+
|                  Name|    Dim. value|    Ref. value|      Unit|Non-dim. value|
+------------------------------------------------------------------------------+
|          Gas Constant|       287.058|       287.058|  N.m/kg.K|             1|
|      Spec. Heat Ratio|             -|             -|         -|           1.4|
+------------------------------------------------------------------------------+
-- Initial and free-stream conditions:
+------------------------------------------------------------------------------+
|                  Name|    Dim. value|    Ref. value|      Unit|Non-dim. value|
+------------------------------------------------------------------------------+
|       Static Pressure|        101325|        101325|        Pa|             1|
|               Density|       1.29225|       1.29225|    kg/m^3|             1|
|           Temperature|        273.15|        273.15|         K|             1|
|          Total Energy|        231152|       78409.9|   m^2/s^2|         2.948|
|            Velocity-X|       264.994|       280.018|       m/s|      0.946348|
|            Velocity-Y|       5.78219|       280.018|       m/s|     0.0206494|
|    Velocity Magnitude|       265.057|       280.018|       m/s|      0.946573|
+------------------------------------------------------------------------------+
|           Mach Number|             -|             -|         -|           0.8|
+------------------------------------------------------------------------------+
Initialize Jacobian structure (Euler). MG level: 0.
Initialize Jacobian structure (Euler). MG level: 1.
Initialize Jacobian structure (Euler). MG level: 2.

------------------- Numerics Preprocessing ( Zone 0 ) -------------------

----------------- Integration Preprocessing ( Zone 0 ) ------------------

------------------- Iteration Preprocessing ( Zone 0 ) ------------------
Euler/Navier-Stokes/RANS fluid iteration.

------------------------------ Begin Solver -----------------------------

Simulation Run using the Single-zone Driver
WARNING: SU2 was not compiled for an AVX-capable architecture. Performance could be better,
         see https://su2code.github.io/docs_v7/Build-SU2-Linux-MacOS/#compiler-optimizations
WARNING: SU2 was not compiled for an AVX-capable architecture. Performance could be better,
         see https://su2code.github.io/docs_v7/Build-SU2-Linux-MacOS/#compiler-optimizations
WARNING: SU2 was not compiled for an AVX-capable architecture. Performance could be better,
         see https://su2code.github.io/docs_v7/Build-SU2-Linux-MacOS/#compiler-optimizations
+----------------------------------------------------------------+
|  Inner_Iter|    rms[Rho]|   rms[RhoE]|          CL|          CD|
+----------------------------------------------------------------+
|           0|   -3.581338|   -2.984960|    0.140171|    0.240725|
|           1|   -3.833730|   -3.222804|    0.030091|    0.092455|
|           2|   -3.768584|   -3.170196|    0.038722|    0.068117|
|           3|   -3.714033|   -3.121662|    0.071322|    0.082998|
|           4|   -3.663345|   -3.074176|    0.066825|    0.062733|
|           5|   -3.658601|   -3.073527|    0.062478|    0.049486|
|           6|   -3.655032|   -3.076442|    0.061213|    0.045479|
|           7|   -3.659248|   -3.082855|    0.058439|    0.040951|
|           8|   -3.642200|   -3.064812|    0.056175|    0.035244|
|           9|   -3.656725|   -3.082879|    0.054726|    0.030544|
|          10|   -3.663392|   -3.093550|    0.053762|    0.027244|
|          11|   -3.669549|   -3.102025|    0.053050|    0.024214|
|          12|   -3.674688|   -3.107697|    0.052163|    0.020964|
|          13|   -3.677920|   -3.109529|    0.051302|    0.017768|
|          14|   -3.686042|   -3.115513|    0.050917|    0.014813|
|          15|   -3.696321|   -3.123927|    0.050930|    0.012042|
|          16|   -3.707327|   -3.134395|    0.051078|    0.009356|
|          17|   -3.720084|   -3.148201|    0.051290|    0.006715|
|          18|   -3.734893|   -3.164917|    0.051549|    0.004124|
|          19|   -3.752607|   -3.184465|    0.051689|    0.001620|
|          20|   -3.773966|   -3.207064|    0.051622|   -0.000728|
|          21|   -3.797415|   -3.231038|    0.051541|   -0.002810|
|          22|   -3.820305|   -3.253901|    0.051693|   -0.004520|
|          23|   -3.841574|   -3.274819|    0.052188|   -0.005780|
|          24|   -3.861334|   -3.294074|    0.053249|   -0.006518|
|          25|   -3.880636|   -3.312881|    0.054673|   -0.006744|
|          26|   -3.900879|   -3.332751|    0.056294|   -0.006484|
|          27|   -3.923143|   -3.354895|    0.058101|   -0.005778|
|          28|   -3.947357|   -3.379322|    0.059999|   -0.004700|
|          29|   -3.973002|   -3.405602|    0.061869|   -0.003360|
|          30|   -4.000260|   -3.434042|    0.063591|   -0.001877|
|          31|   -4.029696|   -3.465014|    0.065031|   -0.000355|
|          32|   -4.061025|   -3.497812|    0.066095|    0.001117|
|          33|   -4.093759|   -3.531675|    0.066709|    0.002468|
|          34|   -4.127396|   -3.565874|    0.066928|    0.003656|
|          35|   -4.161286|   -3.599736|    0.066859|    0.004654|
|          36|   -4.194909|   -3.632928|    0.066587|    0.005439|
|          37|   -4.227676|   -3.665192|    0.066159|    0.005995|
|          38|   -4.258993|   -3.696209|    0.065619|    0.006315|
|          39|   -4.288487|   -3.725746|    0.065029|    0.006409|
|          40|   -4.316034|   -3.753732|    0.064459|    0.006296|
|          41|   -4.341760|   -3.780264|    0.063961|    0.006007|
|          42|   -4.365836|   -3.805393|    0.063583|    0.005576|
|          43|   -4.388511|   -3.829193|    0.063344|    0.005043|
|          44|   -4.410004|   -3.851731|    0.063252|    0.004443|
|          45|   -4.430327|   -3.872899|    0.063303|    0.003812|
|          46|   -4.449315|   -3.892484|    0.063490|    0.003181|
|          47|   -4.466741|   -3.910277|    0.063803|    0.002578|
|          48|   -4.482311|   -3.926027|    0.064225|    0.002025|
|          49|   -4.495985|   -3.939775|    0.064746|    0.001540|
|          50|   -4.508021|   -3.951875|    0.065354|    0.001135|
|          51|   -4.518909|   -3.962913|    0.066045|    0.000817|
|          52|   -4.529238|   -3.973524|    0.066817|    0.000588|
|          53|   -4.539405|   -3.984071|    0.067660|    0.000447|
|          54|   -4.549874|   -3.994974|    0.068558|    0.000387|
|          55|   -4.561266|   -4.006814|    0.069480|    0.000400|
|          56|   -4.574245|   -4.020190|    0.070400|    0.000471|
|          57|   -4.589099|   -4.035390|    0.071304|    0.000588|
|          58|   -4.606033|   -4.052667|    0.072182|    0.000740|
|          59|   -4.625037|   -4.072072|    0.073013|    0.000911|
|          60|   -4.645866|   -4.093414|    0.073780|    0.001088|
|          61|   -4.668232|   -4.116401|    0.074479|    0.001260|
|          62|   -4.691819|   -4.140682|    0.075109|    0.001418|
|          63|   -4.716007|   -4.165564|    0.075669|    0.001553|
|          64|   -4.740127|   -4.190322|    0.076155|    0.001662|
|          65|   -4.763691|   -4.214381|    0.076567|    0.001740|
|          66|   -4.786317|   -4.237294|    0.076908|    0.001789|
|          67|   -4.807827|   -4.258878|    0.077173|    0.001808|
|          68|   -4.828328|   -4.279245|    0.077369|    0.001800|
|          69|   -4.848188|   -4.298784|    0.077505|    0.001769|
|          70|   -4.867686|   -4.317832|    0.077589|    0.001719|
|          71|   -4.887081|   -4.336698|    0.077635|    0.001654|
|          72|   -4.906581|   -4.355657|    0.077651|    0.001580|
|          73|   -4.926369|   -4.374956|    0.077642|    0.001499|
|          74|   -4.946563|   -4.394748|    0.077616|    0.001418|
|          75|   -4.967246|   -4.415129|    0.077583|    0.001338|
|          76|   -4.988318|   -4.436000|    0.077550|    0.001263|
|          77|   -5.009610|   -4.457181|    0.077523|    0.001196|
|          78|   -5.030876|   -4.478405|    0.077508|    0.001138|
|          79|   -5.051901|   -4.499437|    0.077506|    0.001090|
|          80|   -5.072570|   -4.520147|    0.077521|    0.001053|
|          81|   -5.092741|   -4.540373|    0.077556|    0.001025|
|          82|   -5.112358|   -4.560084|    0.077611|    0.001006|
|          83|   -5.131470|   -4.579369|    0.077686|    0.000995|
|          84|   -5.150149|   -4.598314|    0.077781|    0.000992|
|          85|   -5.168545|   -4.617071|    0.077894|    0.000994|
|          86|   -5.186766|   -4.635728|    0.078025|    0.001000|
|          87|   -5.204867|   -4.654326|    0.078170|    0.001010|
|          88|   -5.222911|   -4.672910|    0.078324|    0.001022|
|          89|   -5.240902|   -4.691434|    0.078484|    0.001035|
|          90|   -5.258788|   -4.709806|    0.078648|    0.001048|
|          91|   -5.276460|   -4.727891|    0.078811|    0.001061|
|          92|   -5.293883|   -4.745634|    0.078972|    0.001073|
|          93|   -5.311060|   -4.763013|    0.079128|    0.001083|
|          94|   -5.327987|   -4.779995|    0.079277|    0.001092|
|          95|   -5.344568|   -4.796485|    0.079418|    0.001098|
|          96|   -5.360686|   -4.812372|    0.079551|    0.001103|
|          97|   -5.376339|   -4.827687|    0.079676|    0.001107|
|          98|   -5.391644|   -4.842595|    0.079792|    0.001108|
|          99|   -5.406675|   -4.857214|    0.079899|    0.001109|
|         100|   -5.421510|   -4.871649|    0.079997|    0.001108|
|         101|   -5.436257|   -4.886030|    0.080089|    0.001106|
|         102|   -5.450979|   -4.900435|    0.080175|    0.001104|
|         103|   -5.465721|   -4.914916|    0.080255|    0.001102|
|         104|   -5.480503|   -4.929489|    0.080331|    0.001099|
|         105|   -5.495329|   -4.944161|    0.080403|    0.001097|
|         106|   -5.510149|   -4.958878|    0.080470|    0.001095|
|         107|   -5.524962|   -4.973622|    0.080535|    0.001093|
|         108|   -5.539726|   -4.988338|    0.080598|    0.001092|
|         109|   -5.554408|   -5.002974|    0.080658|    0.001091|
|         110|   -5.569050|   -5.017572|    0.080716|    0.001091|
|         111|   -5.583626|   -5.032093|    0.080773|    0.001090|
|         112|   -5.598206|   -5.046624|    0.080828|    0.001091|
|         113|   -5.612802|   -5.061187|    0.080881|    0.001091|
|         114|   -5.627512|   -5.075886|    0.080933|    0.001092|
|         115|   -5.642353|   -5.090736|    0.080984|    0.001092|
|         116|   -5.657297|   -5.105708|    0.081033|    0.001093|
|         117|   -5.672417|   -5.120876|    0.081081|    0.001094|
|         118|   -5.687753|   -5.136289|    0.081126|    0.001094|
|         119|   -5.703275|   -5.151912|    0.081169|    0.001094|
|         120|   -5.718958|   -5.167720|    0.081210|    0.001095|
|         121|   -5.734805|   -5.183710|    0.081248|    0.001095|
|         122|   -5.750790|   -5.199849|    0.081283|    0.001095|
|         123|   -5.766893|   -5.216117|    0.081315|    0.001094|
|         124|   -5.783068|   -5.232463|    0.081344|    0.001094|
|         125|   -5.799272|   -5.248839|    0.081369|    0.001094|
|         126|   -5.815471|   -5.265206|    0.081392|    0.001093|
|         127|   -5.831629|   -5.281520|    0.081411|    0.001093|
|         128|   -5.847682|   -5.297727|    0.081427|    0.001093|
|         129|   -5.863544|   -5.313733|    0.081439|    0.001092|
|         130|   -5.879193|   -5.329507|    0.081450|    0.001092|
|         131|   -5.894625|   -5.345039|    0.081457|    0.001091|
|         132|   -5.909777|   -5.360268|    0.081462|    0.001091|
|         133|   -5.924572|   -5.375120|    0.081465|    0.001091|
|         134|   -5.938965|   -5.389550|    0.081466|    0.001090|
|         135|   -5.952964|   -5.403564|    0.081465|    0.001090|
|         136|   -5.966581|   -5.417168|    0.081463|    0.001090|
|         137|   -5.979811|   -5.430362|    0.081459|    0.001090|
|         138|   -5.992674|   -5.443163|    0.081454|    0.001090|
|         139|   -6.005228|   -5.455633|    0.081447|    0.001089|
|         140|   -6.017528|   -5.467820|    0.081440|    0.001089|
|         141|   -6.029659|   -5.479811|    0.081432|    0.001089|
|         142|   -6.041687|   -5.491681|    0.081424|    0.001089|
|         143|   -6.053657|   -5.503474|    0.081416|    0.001088|
|         144|   -6.065619|   -5.515245|    0.081407|    0.001088|
|         145|   -6.077661|   -5.527090|    0.081398|    0.001087|
|         146|   -6.089825|   -5.539058|    0.081390|    0.001087|
|         147|   -6.102164|   -5.551206|    0.081381|    0.001087|
|         148|   -6.114713|   -5.563573|    0.081373|    0.001086|
|         149|   -6.127480|   -5.576167|    0.081365|    0.001086|
|         150|   -6.140509|   -5.589039|    0.081358|    0.001085|
|         151|   -6.153803|   -5.602199|    0.081351|    0.001085|
|         152|   -6.167364|   -5.615651|    0.081344|    0.001084|
|         153|   -6.181184|   -5.629392|    0.081338|    0.001084|
|         154|   -6.195226|   -5.643381|    0.081332|    0.001083|
|         155|   -6.209492|   -5.657620|    0.081327|    0.001083|
|         156|   -6.223956|   -5.672089|    0.081322|    0.001083|
|         157|   -6.238531|   -5.686704|    0.081318|    0.001083|
|         158|   -6.253181|   -5.701429|    0.081314|    0.001082|
|         159|   -6.267854|   -5.716206|    0.081311|    0.001082|
|         160|   -6.282472|   -5.730952|    0.081308|    0.001082|
|         161|   -6.296999|   -5.745629|    0.081306|    0.001082|
|         162|   -6.311379|   -5.760181|    0.081304|    0.001082|
|         163|   -6.325554|   -5.774541|    0.081302|    0.001082|
|         164|   -6.339452|   -5.788632|    0.081300|    0.001082|
|         165|   -6.353053|   -5.802433|    0.081299|    0.001082|
|         166|   -6.366348|   -5.815932|    0.081299|    0.001082|
|         167|   -6.379340|   -5.829124|    0.081298|    0.001082|
|         168|   -6.392061|   -5.842039|    0.081298|    0.001082|
|         169|   -6.404526|   -5.854683|    0.081298|    0.001082|
|         170|   -6.416758|   -5.867075|    0.081298|    0.001082|
|         171|   -6.428783|   -5.879240|    0.081299|    0.001083|
|         172|   -6.440649|   -5.891224|    0.081300|    0.001083|
|         173|   -6.452421|   -5.903089|    0.081301|    0.001083|
|         174|   -6.464147|   -5.914881|    0.081302|    0.001083|
|         175|   -6.475866|   -5.926640|    0.081303|    0.001083|
|         176|   -6.487599|   -5.938388|    0.081304|    0.001083|
|         177|   -6.499392|   -5.950171|    0.081306|    0.001083|
|         178|   -6.511283|   -5.962032|    0.081307|    0.001083|
|         179|   -6.523286|   -5.973981|    0.081309|    0.001083|
|         180|   -6.535417|   -5.986031|    0.081310|    0.001083|
|         181|   -6.547754|   -5.998270|    0.081312|    0.001083|
|         182|   -6.560272|   -6.010676|    0.081313|    0.001083|
|         183|   -6.572970|   -6.023250|    0.081314|    0.001083|
|         184|   -6.585857|   -6.036008|    0.081316|    0.001083|
|         185|   -6.598908|   -6.048921|    0.081317|    0.001083|
|         186|   -6.612116|   -6.061986|    0.081318|    0.001083|
|         187|   -6.625455|   -6.075178|    0.081319|    0.001083|
|         188|   -6.638869|   -6.088447|    0.081319|    0.001083|
|         189|   -6.652323|   -6.101760|    0.081320|    0.001082|
|         190|   -6.665809|   -6.115109|    0.081320|    0.001082|
|         191|   -6.679307|   -6.128479|    0.081320|    0.001082|
|         192|   -6.692799|   -6.141849|    0.081320|    0.001082|
|         193|   -6.706266|   -6.155206|    0.081320|    0.001082|
|         194|   -6.719697|   -6.168539|    0.081320|    0.001082|
|         195|   -6.733069|   -6.181826|    0.081319|    0.001082|
|         196|   -6.746357|   -6.195043|    0.081318|    0.001082|
|         197|   -6.759552|   -6.208184|    0.081317|    0.001082|
|         198|   -6.772684|   -6.221278|    0.081316|    0.001082|
|         199|   -6.785756|   -6.234320|    0.081315|    0.001082|
|         200|   -6.798784|   -6.247329|    0.081313|    0.001082|
|         201|   -6.811794|   -6.260331|    0.081311|    0.001082|
|         202|   -6.824805|   -6.273347|    0.081309|    0.001082|
|         203|   -6.837845|   -6.286403|    0.081307|    0.001082|
|         204|   -6.850947|   -6.299530|    0.081305|    0.001081|
|         205|   -6.864157|   -6.312774|    0.081303|    0.001081|
|         206|   -6.877467|   -6.326121|    0.081300|    0.001081|
|         207|   -6.890888|   -6.339582|    0.081298|    0.001081|
|         208|   -6.904436|   -6.353174|    0.081295|    0.001081|
|         209|   -6.918127|   -6.366913|    0.081293|    0.001081|
|         210|   -6.931977|   -6.380811|    0.081290|    0.001081|
|         211|   -6.945990|   -6.394875|    0.081288|    0.001081|
|         212|   -6.960161|   -6.409096|    0.081285|    0.001081|
|         213|   -6.974491|   -6.423478|    0.081283|    0.001081|
|         214|   -6.988975|   -6.438015|    0.081280|    0.001081|
|         215|   -7.003588|   -6.452683|    0.081278|    0.001081|
|         216|   -7.018309|   -6.467462|    0.081275|    0.001081|
|         217|   -7.033115|   -6.482328|    0.081273|    0.001081|
|         218|   -7.047963|   -6.497238|    0.081271|    0.001081|
|         219|   -7.062813|   -6.512153|    0.081269|    0.001081|
|         220|   -7.077634|   -6.527041|    0.081267|    0.001081|
|         221|   -7.092379|   -6.541854|    0.081265|    0.001081|
|         222|   -7.106998|   -6.556540|    0.081263|    0.001081|
|         223|   -7.121458|   -6.571069|    0.081261|    0.001081|
|         224|   -7.135722|   -6.585399|    0.081260|    0.001081|
|         225|   -7.149752|   -6.599492|    0.081258|    0.001081|
|         226|   -7.163522|   -6.613322|    0.081257|    0.001081|
|         227|   -7.177012|   -6.626865|    0.081256|    0.001081|
|         228|   -7.190193|   -6.640093|    0.081255|    0.001081|
|         229|   -7.203085|   -6.653027|    0.081254|    0.001081|
|         230|   -7.215700|   -6.665672|    0.081253|    0.001081|
|         231|   -7.228060|   -6.678049|    0.081252|    0.001081|
|         232|   -7.240192|   -6.690186|    0.081251|    0.001081|
|         233|   -7.252130|   -6.702114|    0.081250|    0.001081|
|         234|   -7.263913|   -6.713875|    0.081250|    0.001081|
|         235|   -7.275588|   -6.725515|    0.081249|    0.001081|
|         236|   -7.287205|   -6.737085|    0.081249|    0.001081|
|         237|   -7.298815|   -6.748636|    0.081248|    0.001081|
|         238|   -7.310467|   -6.760219|    0.081248|    0.001081|
|         239|   -7.322211|   -6.771885|    0.081247|    0.001081|
|         240|   -7.334091|   -6.783680|    0.081247|    0.001081|
|         241|   -7.346145|   -6.795644|    0.081247|    0.001081|
|         242|   -7.358407|   -6.807812|    0.081247|    0.001081|
|         243|   -7.370905|   -6.820215|    0.081246|    0.001082|
|         244|   -7.383661|   -6.832876|    0.081246|    0.001082|
|         245|   -7.396691|   -6.845812|    0.081246|    0.001082|
|         246|   -7.410003|   -6.859034|    0.081246|    0.001082|
|         247|   -7.423600|   -6.872545|    0.081246|    0.001082|
|         248|   -7.437477|   -6.886344|    0.081246|    0.001082|
|         249|   -7.451626|   -6.900422|    0.081246|    0.001082|
|         250|   -7.466030|   -6.914764|    0.081246|    0.001082|
+-----------------------------------------------------------------------+
|        File Writing Summary       |              Filename             |
+-----------------------------------------------------------------------+
|SU2 binary restart                 |restart_flow.dat                   |
|Paraview                           |flow.vtu                           |
|Paraview surface                   |surface_flow.vtu                   |
|CSV file                           |surface_flow.csv                   |
+-----------------------------------------------------------------------+
+----------------------------------------------------------------+
|  Inner_Iter|    rms[Rho]|   rms[RhoE]|          CL|          CD|
+----------------------------------------------------------------+
|         251|   -7.480669|   -6.929352|    0.081246|    0.001082|
|         252|   -7.495517|   -6.944158|    0.081246|    0.001082|
|         253|   -7.510543|   -6.959155|    0.081246|    0.001082|
|         254|   -7.525714|   -6.974308|    0.081246|    0.001082|
|         255|   -7.540995|   -6.989582|    0.081246|    0.001082|
|         256|   -7.556348|   -7.004941|    0.081246|    0.001082|
|         257|   -7.571735|   -7.020344|    0.081246|    0.001082|
|         258|   -7.587119|   -7.035755|    0.081246|    0.001082|
|         259|   -7.602465|   -7.051136|    0.081246|    0.001082|
|         260|   -7.617739|   -7.066453|    0.081246|    0.001082|
|         261|   -7.632914|   -7.081676|    0.081246|    0.001082|
|         262|   -7.647964|   -7.096780|    0.081246|    0.001082|
|         263|   -7.662872|   -7.111743|    0.081245|    0.001082|
|         264|   -7.677625|   -7.126553|    0.081245|    0.001082|
|         265|   -7.692217|   -7.141200|    0.081245|    0.001082|
|         266|   -7.706648|   -7.155683|    0.081245|    0.001082|
|         267|   -7.720925|   -7.170008|    0.081245|    0.001082|
|         268|   -7.735059|   -7.184184|    0.081245|    0.001082|
|         269|   -7.749066|   -7.198226|    0.081245|    0.001082|
|         270|   -7.762965|   -7.212154|    0.081245|    0.001082|
|         271|   -7.776779|   -7.225989|    0.081245|    0.001082|
|         272|   -7.790531|   -7.239755|    0.081245|    0.001082|
|         273|   -7.804245|   -7.253476|    0.081245|    0.001082|
|         274|   -7.817945|   -7.267175|    0.081245|    0.001082|
|         275|   -7.831650|   -7.280876|    0.081245|    0.001082|
|         276|   -7.845381|   -7.294597|    0.081245|    0.001082|
|         277|   -7.859151|   -7.308355|    0.081245|    0.001082|
|         278|   -7.872974|   -7.322163|    0.081245|    0.001082|
|         279|   -7.886856|   -7.336030|    0.081245|    0.001082|
|         280|   -7.900800|   -7.349961|    0.081245|    0.001082|
|         281|   -7.914805|   -7.363955|    0.081245|    0.001082|
|         282|   -7.928866|   -7.378009|    0.081245|    0.001082|
|         283|   -7.942974|   -7.392114|    0.081246|    0.001082|
|         284|   -7.957114|   -7.406259|    0.081246|    0.001082|
|         285|   -7.971273|   -7.420428|    0.081246|    0.001082|
|         286|   -7.985432|   -7.434605|    0.081246|    0.001082|
|         287|   -7.999573|   -7.448770|    0.081246|    0.001082|
|         288|   -8.013675|   -7.462905|    0.081246|    0.001082|
|         289|   -8.027720|   -7.476988|    0.081246|    0.001082|
|         290|   -8.041690|   -7.491003|    0.081246|    0.001082|
|         291|   -8.055567|   -7.504930|    0.081247|    0.001082|
|         292|   -8.069340|   -7.518756|    0.081247|    0.001082|
|         293|   -8.082998|   -7.532470|    0.081247|    0.001082|
|         294|   -8.096535|   -7.546063|    0.081247|    0.001082|
|         295|   -8.109949|   -7.559532|    0.081247|    0.001082|
|         296|   -8.123243|   -7.572878|    0.081247|    0.001082|
|         297|   -8.136423|   -7.586105|    0.081247|    0.001082|
|         298|   -8.149498|   -7.599223|    0.081248|    0.001082|
|         299|   -8.162484|   -7.612244|    0.081248|    0.001082|
|         300|   -8.175396|   -7.625182|    0.081248|    0.001082|
|         301|   -8.188253|   -7.638057|    0.081248|    0.001082|
|         302|   -8.201074|   -7.650885|    0.081248|    0.001082|
|         303|   -8.213879|   -7.663688|    0.081248|    0.001082|
|         304|   -8.226688|   -7.676485|    0.081248|    0.001082|
|         305|   -8.239521|   -7.689296|    0.081249|    0.001082|
|         306|   -8.252392|   -7.702136|    0.081249|    0.001082|
|         307|   -8.265318|   -7.715023|    0.081249|    0.001082|
|         308|   -8.278310|   -7.727968|    0.081249|    0.001082|
|         309|   -8.291376|   -7.740982|    0.081249|    0.001082|
|         310|   -8.304523|   -7.754071|    0.081249|    0.001082|
|         311|   -8.317750|   -7.767239|    0.081249|    0.001082|
|         312|   -8.331058|   -7.780486|    0.081249|    0.001082|
|         313|   -8.344441|   -7.793808|    0.081249|    0.001082|
|         314|   -8.357891|   -7.807199|    0.081249|    0.001082|
|         315|   -8.371396|   -7.820650|    0.081249|    0.001082|
|         316|   -8.384944|   -7.834150|    0.081249|    0.001082|
|         317|   -8.398518|   -7.847683|    0.081250|    0.001082|
|         318|   -8.412104|   -7.861236|    0.081250|    0.001082|
|         319|   -8.425683|   -7.874793|    0.081250|    0.001082|
|         320|   -8.439238|   -7.888336|    0.081250|    0.001082|
|         321|   -8.452753|   -7.901851|    0.081250|    0.001082|
|         322|   -8.466213|   -7.915321|    0.081250|    0.001082|
|         323|   -8.479603|   -7.928735|    0.081250|    0.001082|
|         324|   -8.492913|   -7.942079|    0.081250|    0.001082|
|         325|   -8.506135|   -7.955347|    0.081250|    0.001082|
|         326|   -8.519263|   -7.968531|    0.081250|    0.001082|
|         327|   -8.532296|   -7.981629|    0.081249|    0.001082|
|         328|   -8.545234|   -7.994640|    0.081249|    0.001082|
|         329|   -8.558082|   -8.007567|    0.081249|    0.001082|
|         330|   -8.570847|   -8.020416|    0.081249|    0.001082|
|         331|   -8.583540|   -8.033195|    0.081249|    0.001082|
|         332|   -8.596171|   -8.045915|    0.081249|    0.001082|
|         333|   -8.608755|   -8.058586|    0.081249|    0.001082|
|         334|   -8.621305|   -8.071221|    0.081249|    0.001082|
|         335|   -8.633836|   -8.083833|    0.081249|    0.001082|
|         336|   -8.646363|   -8.096436|    0.081249|    0.001082|
|         337|   -8.658897|   -8.109041|    0.081249|    0.001082|
|         338|   -8.671452|   -8.121658|    0.081249|    0.001082|
|         339|   -8.684037|   -8.134298|    0.081249|    0.001082|
|         340|   -8.696660|   -8.146966|    0.081249|    0.001082|
|         341|   -8.709325|   -8.159668|    0.081249|    0.001082|
|         342|   -8.722035|   -8.172407|    0.081249|    0.001082|
|         343|   -8.734790|   -8.185181|    0.081249|    0.001082|
|         344|   -8.747586|   -8.197987|    0.081249|    0.001082|
|         345|   -8.760417|   -8.210821|    0.081249|    0.001082|
|         346|   -8.773275|   -8.223675|    0.081249|    0.001082|
|         347|   -8.786150|   -8.236539|    0.081249|    0.001082|
|         348|   -8.799030|   -8.249402|    0.081249|    0.001082|
|         349|   -8.811903|   -8.262253|    0.081249|    0.001082|
|         350|   -8.824756|   -8.275080|    0.081249|    0.001082|
|         351|   -8.837574|   -8.287870|    0.081249|    0.001082|
|         352|   -8.850347|   -8.300612|    0.081249|    0.001082|
|         353|   -8.863063|   -8.313296|    0.081249|    0.001082|
|         354|   -8.875713|   -8.325913|    0.081249|    0.001082|
|         355|   -8.888289|   -8.338458|    0.081249|    0.001082|
|         356|   -8.900789|   -8.350926|    0.081249|    0.001082|
|         357|   -8.913210|   -8.363318|    0.081249|    0.001082|
|         358|   -8.925556|   -8.375636|    0.081249|    0.001082|
|         359|   -8.937831|   -8.387885|    0.081249|    0.001082|
|         360|   -8.950043|   -8.400074|    0.081249|    0.001082|
|         361|   -8.962205|   -8.412215|    0.081249|    0.001082|
|         362|   -8.974331|   -8.424321|    0.081249|    0.001082|
|         363|   -8.986436|   -8.436408|    0.081249|    0.001082|
|         364|   -8.998539|   -8.448495|    0.081249|    0.001082|
|         365|   -9.010658|   -8.460600|    0.081249|    0.001082|
|         366|   -9.022814|   -8.472741|    0.081249|    0.001082|
|         367|   -9.035026|   -8.484939|    0.081249|    0.001082|
|         368|   -9.047312|   -8.497212|    0.081249|    0.001082|
|         369|   -9.059691|   -8.509578|    0.081249|    0.001082|
|         370|   -9.072178|   -8.522051|    0.081249|    0.001082|
|         371|   -9.084788|   -8.534647|    0.081249|    0.001082|
|         372|   -9.097531|   -8.547375|    0.081249|    0.001082|
|         373|   -9.110416|   -8.560245|    0.081249|    0.001082|
|         374|   -9.123449|   -8.573262|    0.081249|    0.001082|
|         375|   -9.136631|   -8.586427|    0.081249|    0.001082|
|         376|   -9.149961|   -8.599740|    0.081249|    0.001082|
|         377|   -9.163434|   -8.613195|    0.081249|    0.001082|
|         378|   -9.177041|   -8.626785|    0.081249|    0.001082|
|         379|   -9.190771|   -8.640499|    0.081249|    0.001082|
|         380|   -9.204609|   -8.654321|    0.081249|    0.001082|
|         381|   -9.218537|   -8.668235|    0.081249|    0.001082|
|         382|   -9.232535|   -8.682221|    0.081249|    0.001082|
|         383|   -9.246581|   -8.696257|    0.081249|    0.001082|
|         384|   -9.260651|   -8.710321|    0.081249|    0.001082|
|         385|   -9.274721|   -8.724387|    0.081249|    0.001082|
|         386|   -9.288766|   -8.738433|    0.081249|    0.001082|
|         387|   -9.302762|   -8.752434|    0.081249|    0.001082|
|         388|   -9.316685|   -8.766368|    0.081249|    0.001082|
|         389|   -9.330514|   -8.780213|    0.081249|    0.001082|
|         390|   -9.344231|   -8.793950|    0.081249|    0.001082|
|         391|   -9.357819|   -8.807563|    0.081249|    0.001082|
|         392|   -9.371266|   -8.821040|    0.081249|    0.001082|
|         393|   -9.384563|   -8.834372|    0.081249|    0.001082|
|         394|   -9.397706|   -8.847553|    0.081249|    0.001082|
|         395|   -9.410693|   -8.860583|    0.081249|    0.001082|
|         396|   -9.423530|   -8.873464|    0.081249|    0.001082|
|         397|   -9.436222|   -8.886202|    0.081249|    0.001082|
|         398|   -9.448781|   -8.898809|    0.081249|    0.001082|
|         399|   -9.461222|   -8.911296|    0.081249|    0.001082|
|         400|   -9.473560|   -8.923681|    0.081249|    0.001082|
|         401|   -9.485814|   -8.935979|    0.081249|    0.001082|
|         402|   -9.498003|   -8.948211|    0.081249|    0.001082|
|         403|   -9.510148|   -8.960394|    0.081249|    0.001082|
|         404|   -9.522269|   -8.972550|    0.081249|    0.001082|
|         405|   -9.534384|   -8.984697|    0.081249|    0.001082|
|         406|   -9.546513|   -8.996852|    0.081249|    0.001082|
|         407|   -9.558671|   -9.009032|    0.081249|    0.001082|
|         408|   -9.570873|   -9.021251|    0.081249|    0.001082|
|         409|   -9.583132|   -9.033521|    0.081249|    0.001082|
|         410|   -9.595456|   -9.045852|    0.081249|    0.001082|
|         411|   -9.607853|   -9.058251|    0.081249|    0.001082|
|         412|   -9.620327|   -9.070723|    0.081249|    0.001082|
|         413|   -9.632881|   -9.083269|    0.081249|    0.001082|
|         414|   -9.645512|   -9.095890|    0.081249|    0.001082|
|         415|   -9.658219|   -9.108581|    0.081249|    0.001082|
|         416|   -9.670997|   -9.121340|    0.081249|    0.001082|
|         417|   -9.683838|   -9.134158|    0.081249|    0.001082|
|         418|   -9.696734|   -9.147029|    0.081249|    0.001082|
|         419|   -9.709676|   -9.159943|    0.081249|    0.001082|
|         420|   -9.722653|   -9.172890|    0.081249|    0.001082|
|         421|   -9.735656|   -9.185860|    0.081249|    0.001082|
|         422|   -9.748674|   -9.198844|    0.081249|    0.001082|
|         423|   -9.761697|   -9.211830|    0.081249|    0.001082|
|         424|   -9.774716|   -9.224810|    0.081249|    0.001082|
|         425|   -9.787721|   -9.237776|    0.081249|    0.001082|
|         426|   -9.800706|   -9.250722|    0.081249|    0.001082|
|         427|   -9.813666|   -9.263640|    0.081249|    0.001082|
|         428|   -9.826596|   -9.276529|    0.081249|    0.001082|
|         429|   -9.839493|   -9.289385|    0.081249|    0.001082|
|         430|   -9.852357|   -9.302208|    0.081249|    0.001082|
|         431|   -9.865189|   -9.314999|    0.081249|    0.001082|
|         432|   -9.877990|   -9.327761|    0.081249|    0.001082|
|         433|   -9.890763|   -9.340497|    0.081249|    0.001082|
|         434|   -9.903513|   -9.353211|    0.081249|    0.001082|
|         435|   -9.916244|   -9.365909|    0.081249|    0.001082|
|         436|   -9.928961|   -9.378597|    0.081249|    0.001082|
|         437|   -9.941671|   -9.391281|    0.081249|    0.001082|
|         438|   -9.954376|   -9.403965|    0.081249|    0.001082|
|         439|   -9.967082|   -9.416656|    0.081249|    0.001082|
|         440|   -9.979792|   -9.429357|    0.081249|    0.001082|
|         441|   -9.992509|   -9.442071|    0.081249|    0.001082|
|         442|  -10.005234|   -9.454800|    0.081249|    0.001082|
|         443|  -10.017966|   -9.467545|    0.081249|    0.001082|
|         444|  -10.030704|   -9.480304|    0.081249|    0.001082|
|         445|  -10.043444|   -9.493074|    0.081249|    0.001082|
|         446|  -10.056183|   -9.505852|    0.081249|    0.001082|
|         447|  -10.068913|   -9.518631|    0.081249|    0.001082|
|         448|  -10.081628|   -9.531404|    0.081249|    0.001082|
|         449|  -10.094319|   -9.544162|    0.081249|    0.001082|
|         450|  -10.106977|   -9.556897|    0.081249|    0.001082|
|         451|  -10.119593|   -9.569597|    0.081249|    0.001082|
|         452|  -10.132157|   -9.582253|    0.081249|    0.001082|
|         453|  -10.144659|   -9.594853|    0.081249|    0.001082|
|         454|  -10.157090|   -9.607387|    0.081249|    0.001082|
|         455|  -10.169442|   -9.619845|    0.081249|    0.001082|
|         456|  -10.181707|   -9.632219|    0.081249|    0.001082|
|         457|  -10.193881|   -9.644500|    0.081249|    0.001082|
|         458|  -10.205957|   -9.656683|    0.081249|    0.001082|
|         459|  -10.217935|   -9.668764|    0.081249|    0.001082|
|         460|  -10.229813|   -9.680739|    0.081249|    0.001082|
|         461|  -10.241593|   -9.692609|    0.081249|    0.001082|
|         462|  -10.253280|   -9.704376|    0.081249|    0.001082|
|         463|  -10.264878|   -9.716044|    0.081249|    0.001082|
|         464|  -10.276395|   -9.727618|    0.081249|    0.001082|
|         465|  -10.287841|   -9.739107|    0.081249|    0.001082|
|         466|  -10.299225|   -9.750520|    0.081249|    0.001082|
|         467|  -10.310559|   -9.761868|    0.081249|    0.001082|
|         468|  -10.321857|   -9.773164|    0.081249|    0.001082|
|         469|  -10.333130|   -9.784421|    0.081249|    0.001082|
|         470|  -10.344393|   -9.795652|    0.081249|    0.001082|
|         471|  -10.355657|   -9.806871|    0.081249|    0.001082|
|         472|  -10.366938|   -9.818093|    0.081249|    0.001082|
|         473|  -10.378245|   -9.829329|    0.081249|    0.001082|
|         474|  -10.389592|   -9.840594|    0.081249|    0.001082|
|         475|  -10.400988|   -9.851899|    0.081249|    0.001082|
|         476|  -10.412442|   -9.863255|    0.081249|    0.001082|
|         477|  -10.423964|   -9.874672|    0.081249|    0.001082|
|         478|  -10.435558|   -9.886158|    0.081249|    0.001082|
|         479|  -10.447232|   -9.897721|    0.081249|    0.001082|
|         480|  -10.458989|   -9.909366|    0.081249|    0.001082|
|         481|  -10.470831|   -9.921099|    0.081249|    0.001082|
|         482|  -10.482760|   -9.932922|    0.081249|    0.001082|
|         483|  -10.494776|   -9.944838|    0.081249|    0.001082|
|         484|  -10.506878|   -9.956846|    0.081249|    0.001082|
|         485|  -10.519065|   -9.968947|    0.081249|    0.001082|
|         486|  -10.531332|   -9.981139|    0.081249|    0.001082|
|         487|  -10.543678|   -9.993420|    0.081249|    0.001082|
|         488|  -10.556097|  -10.005785|    0.081249|    0.001082|
|         489|  -10.568584|  -10.018232|    0.081249|    0.001082|
|         490|  -10.581135|  -10.030754|    0.081249|    0.001082|
|         491|  -10.593743|  -10.043347|    0.081249|    0.001082|
|         492|  -10.606402|  -10.056005|    0.081249|    0.001082|
|         493|  -10.619106|  -10.068720|    0.081249|    0.001082|
|         494|  -10.631849|  -10.081488|    0.081249|    0.001082|
|         495|  -10.644624|  -10.094300|    0.081249|    0.001082|
|         496|  -10.657426|  -10.107150|    0.081249|    0.001082|
|         497|  -10.670248|  -10.120029|    0.081249|    0.001082|
|         498|  -10.683083|  -10.132932|    0.081249|    0.001082|
|         499|  -10.695926|  -10.145850|    0.081249|    0.001082|
|         500|  -10.708771|  -10.158776|    0.081249|    0.001082|
+-----------------------------------------------------------------------+
|        File Writing Summary       |              Filename             |
+-----------------------------------------------------------------------+
|SU2 binary restart                 |restart_flow.dat                   |
|Paraview                           |flow.vtu                           |
|Paraview surface                   |surface_flow.vtu                   |
|CSV file                           |surface_flow.csv                   |
+-----------------------------------------------------------------------+
+----------------------------------------------------------------+
|  Inner_Iter|    rms[Rho]|   rms[RhoE]|          CL|          CD|
+----------------------------------------------------------------+
|         501|  -10.721610|  -10.171701|    0.081249|    0.001082|
|         502|  -10.734440|  -10.184620|    0.081249|    0.001082|
|         503|  -10.747253|  -10.197524|    0.081249|    0.001082|
|         504|  -10.760044|  -10.210405|    0.081249|    0.001082|
|         505|  -10.772807|  -10.223258|    0.081249|    0.001082|
|         506|  -10.785537|  -10.236074|    0.081249|    0.001082|
|         507|  -10.798229|  -10.248847|    0.081249|    0.001082|
|         508|  -10.810878|  -10.261571|    0.081249|    0.001082|
|         509|  -10.823478|  -10.274241|    0.081249|    0.001082|
|         510|  -10.836027|  -10.286850|    0.081249|    0.001082|
|         511|  -10.848519|  -10.299395|    0.081249|    0.001082|
|         512|  -10.860952|  -10.311872|    0.081249|    0.001082|
|         513|  -10.873324|  -10.324277|    0.081249|    0.001082|
|         514|  -10.885632|  -10.336610|    0.081249|    0.001082|
|         515|  -10.897875|  -10.348868|    0.081249|    0.001082|
|         516|  -10.910055|  -10.361053|    0.081249|    0.001082|
|         517|  -10.922171|  -10.373165|    0.081249|    0.001082|
|         518|  -10.934227|  -10.385208|    0.081249|    0.001082|
|         519|  -10.946226|  -10.397185|    0.081249|    0.001082|
|         520|  -10.958172|  -10.409102|    0.081249|    0.001082|
|         521|  -10.970071|  -10.420965|    0.081249|    0.001082|
|         522|  -10.981931|  -10.432783|    0.081249|    0.001082|
|         523|  -10.993759|  -10.444564|    0.081249|    0.001082|
|         524|  -11.005565|  -10.456318|    0.081249|    0.001082|
|         525|  -11.017359|  -10.468057|    0.081249|    0.001082|
|         526|  -11.029151|  -10.479791|    0.081249|    0.001082|
|         527|  -11.040952|  -10.491532|    0.081249|    0.001082|
|         528|  -11.052775|  -10.503294|    0.081249|    0.001082|
|         529|  -11.064631|  -10.515088|    0.081249|    0.001082|
|         530|  -11.076531|  -10.526927|    0.081249|    0.001082|
|         531|  -11.088487|  -10.538823|    0.081249|    0.001082|
|         532|  -11.100509|  -10.550786|    0.081249|    0.001082|
|         533|  -11.112609|  -10.562828|    0.081249|    0.001082|
|         534|  -11.124795|  -10.574958|    0.081249|    0.001082|
|         535|  -11.137075|  -10.587185|    0.081249|    0.001082|
|         536|  -11.149457|  -10.599516|    0.081249|    0.001082|
|         537|  -11.161946|  -10.611958|    0.081249|    0.001082|
|         538|  -11.174547|  -10.624514|    0.081249|    0.001082|
|         539|  -11.187263|  -10.637189|    0.081249|    0.001082|
|         540|  -11.200095|  -10.649983|    0.081249|    0.001082|
|         541|  -11.213042|  -10.662895|    0.081249|    0.001082|
|         542|  -11.226103|  -10.675925|    0.081249|    0.001082|
|         543|  -11.239273|  -10.689069|    0.081249|    0.001082|
|         544|  -11.252549|  -10.702321|    0.081249|    0.001082|
|         545|  -11.265921|  -10.715674|    0.081249|    0.001082|
|         546|  -11.279384|  -10.729121|    0.081249|    0.001082|
|         547|  -11.292925|  -10.742652|    0.081249|    0.001082|
|         548|  -11.306535|  -10.756255|    0.081249|    0.001082|
|         549|  -11.320202|  -10.769919|    0.081249|    0.001082|
|         550|  -11.333912|  -10.783630|    0.081249|    0.001082|
|         551|  -11.347652|  -10.797376|    0.081249|    0.001082|
|         552|  -11.361407|  -10.811141|    0.081249|    0.001082|
|         553|  -11.375163|  -10.824912|    0.081249|    0.001082|
|         554|  -11.388907|  -10.838674|    0.081249|    0.001082|
|         555|  -11.402623|  -10.852413|    0.081249|    0.001082|
|         556|  -11.416299|  -10.866116|    0.081249|    0.001082|
|         557|  -11.429922|  -10.879770|    0.081249|    0.001082|
|         558|  -11.443480|  -10.893363|    0.081249|    0.001082|
|         559|  -11.456964|  -10.906885|    0.081249|    0.001082|
|         560|  -11.470365|  -10.920326|    0.081249|    0.001082|
|         561|  -11.483676|  -10.933681|    0.081249|    0.001082|
|         562|  -11.496892|  -10.946942|    0.081249|    0.001082|
|         563|  -11.510009|  -10.960106|    0.081249|    0.001082|
|         564|  -11.523026|  -10.973171|    0.081249|    0.001082|
|         565|  -11.535943|  -10.986137|    0.081249|    0.001082|
|         566|  -11.548762|  -10.999005|    0.081249|    0.001082|
|         567|  -11.561487|  -11.011779|    0.081249|    0.001082|
|         568|  -11.574123|  -11.024461|    0.081249|    0.001082|
|         569|  -11.586675|  -11.037058|    0.081249|    0.001082|
|         570|  -11.599152|  -11.049578|    0.081249|    0.001082|
|         571|  -11.611561|  -11.062026|    0.081249|    0.001082|
|         572|  -11.623911|  -11.074413|    0.081249|    0.001082|
|         573|  -11.636211|  -11.086746|    0.081249|    0.001082|
|         574|  -11.648472|  -11.099034|    0.081249|    0.001082|
|         575|  -11.660701|  -11.111287|    0.081249|    0.001082|
|         576|  -11.672909|  -11.123514|    0.081249|    0.001082|
|         577|  -11.685104|  -11.135722|    0.081249|    0.001082|
|         578|  -11.697294|  -11.147921|    0.081249|    0.001082|
|         579|  -11.709488|  -11.160118|    0.081249|    0.001082|
|         580|  -11.721692|  -11.172320|    0.081249|    0.001082|
|         581|  -11.733913|  -11.184534|    0.081249|    0.001082|
|         582|  -11.746157|  -11.196765|    0.081249|    0.001082|
|         583|  -11.758428|  -11.209018|    0.081249|    0.001082|
|         584|  -11.770731|  -11.221298|    0.081249|    0.001082|
|         585|  -11.783069|  -11.233609|    0.081249|    0.001082|
|         586|  -11.795444|  -11.245953|    0.081249|    0.001082|
|         587|  -11.807859|  -11.258332|    0.081249|    0.001082|
|         588|  -11.820315|  -11.270749|    0.081249|    0.001082|
|         589|  -11.832814|  -11.283205|    0.081249|    0.001082|
|         590|  -11.845355|  -11.295701|    0.081249|    0.001082|
|         591|  -11.857938|  -11.308237|    0.081249|    0.001082|
|         592|  -11.870565|  -11.320814|    0.081249|    0.001082|
|         593|  -11.883234|  -11.333431|    0.081249|    0.001082|
|         594|  -11.895943|  -11.346089|    0.081249|    0.001082|
|         595|  -11.908693|  -11.358786|    0.081249|    0.001082|
|         596|  -11.921482|  -11.371523|    0.081249|    0.001082|
|         597|  -11.934309|  -11.384299|    0.081249|    0.001082|
|         598|  -11.947173|  -11.397112|    0.081249|    0.001082|
|         599|  -11.960071|  -11.409962|    0.081249|    0.001082|
|         600|  -11.973002|  -11.422847|    0.081249|    0.001082|
|         601|  -11.985963|  -11.435767|    0.081249|    0.001082|
|         602|  -11.998953|  -11.448719|    0.081249|    0.001082|
|         603|  -12.011969|  -11.461701|    0.081249|    0.001082|
|         604|  -12.025008|  -11.474712|    0.081249|    0.001082|
|         605|  -12.038067|  -11.487748|    0.081249|    0.001082|
|         606|  -12.051142|  -11.500806|    0.081249|    0.001082|
|         607|  -12.064229|  -11.513883|    0.081249|    0.001082|
|         608|  -12.077324|  -11.526976|    0.081249|    0.001082|
|         609|  -12.090423|  -11.540079|    0.081249|    0.001082|
|         610|  -12.103519|  -11.553188|    0.081249|    0.001082|
|         611|  -12.116608|  -11.566297|    0.081249|    0.001082|
|         612|  -12.129684|  -11.579401|    0.081249|    0.001082|
|         613|  -12.142741|  -11.592494|    0.081249|    0.001082|
|         614|  -12.155772|  -11.605568|    0.081249|    0.001082|
|         615|  -12.168771|  -11.618618|    0.081249|    0.001082|
|         616|  -12.181731|  -11.631637|    0.081249|    0.001082|
|         617|  -12.194647|  -11.644617|    0.081249|    0.001082|
|         618|  -12.207512|  -11.657552|    0.081249|    0.001082|
|         619|  -12.220320|  -11.670435|    0.081249|    0.001082|
|         620|  -12.233066|  -11.683259|    0.081249|    0.001082|
|         621|  -12.245745|  -11.696020|    0.081249|    0.001082|
|         622|  -12.258354|  -11.708712|    0.081249|    0.001082|
|         623|  -12.270888|  -11.721330|    0.081249|    0.001082|
|         624|  -12.283345|  -11.733870|    0.081249|    0.001082|
|         625|  -12.295724|  -11.746331|    0.081249|    0.001082|
|         626|  -12.308025|  -11.758710|    0.081249|    0.001082|
|         627|  -12.320247|  -11.771006|    0.081249|    0.001082|
|         628|  -12.332393|  -11.783221|    0.081249|    0.001082|
|         629|  -12.344466|  -11.795355|    0.081249|    0.001082|
|         630|  -12.356470|  -11.807413|    0.081249|    0.001082|
|         631|  -12.368408|  -11.819396|    0.081249|    0.001082|
|         632|  -12.380287|  -11.831312|    0.081249|    0.001082|
|         633|  -12.392114|  -11.843166|    0.081249|    0.001082|
|         634|  -12.403896|  -11.854964|    0.081249|    0.001082|
|         635|  -12.415641|  -11.866715|    0.081249|    0.001082|
|         636|  -12.427356|  -11.878426|    0.081249|    0.001082|
|         637|  -12.439050|  -11.890106|    0.081249|    0.001082|
|         638|  -12.450733|  -11.901765|    0.081249|    0.001082|
|         639|  -12.462414|  -11.913413|    0.081249|    0.001082|
|         640|  -12.474100|  -11.925057|    0.081249|    0.001082|
|         641|  -12.485801|  -11.936708|    0.081249|    0.001082|
|         642|  -12.497524|  -11.948374|    0.081249|    0.001082|
|         643|  -12.509278|  -11.960065|    0.081249|    0.001082|
|         644|  -12.521071|  -11.971790|    0.081249|    0.001082|
|         645|  -12.532908|  -11.983554|    0.081249|    0.001082|
|         646|  -12.544795|  -11.995365|    0.081249|    0.001082|
|         647|  -12.556740|  -12.007233|    0.081249|    0.001082|
|         648|  -12.568746|  -12.019160|    0.081249|    0.001082|
|         649|  -12.580816|  -12.031153|    0.081249|    0.001082|
|         650|  -12.592956|  -12.043215|    0.081249|    0.001082|
|         651|  -12.605166|  -12.055350|    0.081249|    0.001082|
|         652|  -12.617449|  -12.067561|    0.081249|    0.001082|
|         653|  -12.629806|  -12.079852|    0.081249|    0.001082|
|         654|  -12.642235|  -12.092219|    0.081249|    0.001082|
|         655|  -12.654738|  -12.104665|    0.081249|    0.001082|
|         656|  -12.667314|  -12.117189|    0.081249|    0.001082|
|         657|  -12.679959|  -12.129792|    0.081249|    0.001082|
|         658|  -12.692671|  -12.142468|    0.081249|    0.001082|
|         659|  -12.705446|  -12.155215|    0.081249|    0.001082|
|         660|  -12.718282|  -12.168031|    0.081249|    0.001082|
|         661|  -12.731172|  -12.180910|    0.081249|    0.001082|
|         662|  -12.744113|  -12.193847|    0.081249|    0.001082|
|         663|  -12.757096|  -12.206836|    0.081249|    0.001082|
|         664|  -12.770119|  -12.219872|    0.081249|    0.001082|
|         665|  -12.783172|  -12.232945|    0.081249|    0.001082|
|         666|  -12.796249|  -12.246051|    0.081249|    0.001082|
|         667|  -12.809341|  -12.259180|    0.081249|    0.001082|
|         668|  -12.822442|  -12.272323|    0.081249|    0.001082|
|         669|  -12.835544|  -12.285472|    0.081249|    0.001082|
|         670|  -12.848639|  -12.298621|    0.081249|    0.001082|
|         671|  -12.861715|  -12.311755|    0.081249|    0.001082|
|         672|  -12.874766|  -12.324870|    0.081249|    0.001082|
|         673|  -12.887784|  -12.337952|    0.081249|    0.001082|
|         674|  -12.900765|  -12.350999|    0.081249|    0.001082|
|         675|  -12.913696|  -12.363998|    0.081249|    0.001082|
|         676|  -12.926571|  -12.376940|    0.081249|    0.001082|
|         677|  -12.939386|  -12.389823|    0.081249|    0.001082|
|         678|  -12.952133|  -12.402635|    0.081249|    0.001082|
|         679|  -12.964811|  -12.415378|    0.081249|    0.001082|
|         680|  -12.977412|  -12.428038|    0.081249|    0.001082|
|         681|  -12.989936|  -12.440617|    0.081249|    0.001082|
|         682|  -13.002381|  -12.453113|    0.081249|    0.001082|

----------------------------- Solver Exit -------------------------------
All convergence criteria satisfied.
+-----------------------------------------------------------------------+
|      Convergence Field     |     Value    |   Criterion  |  Converged |
+-----------------------------------------------------------------------+
|                    rms[Rho]|      -13.0024|         < -13|         Yes|
+-----------------------------------------------------------------------+
-------------------------------------------------------------------------
+-----------------------------------------------------------------------+
|        File Writing Summary       |              Filename             |
+-----------------------------------------------------------------------+
|SU2 binary restart                 |restart_flow.dat                   |
|Paraview                           |flow.vtu                           |
|Paraview surface                   |surface_flow.vtu                   |
|CSV file                           |surface_flow.csv                   |
+-----------------------------------------------------------------------+

--------------------------- Finalizing Solver ---------------------------
Deleted CNumerics container.
Deleted CIntegration container.
Deleted CSolver container.
Deleted CIteration container.
Deleted CInterface container.
Deleted CGeometry container.
Deleted CFreeFormDefBox class.
Deleted CSurfaceMovement class.
Deleted CVolumetricMovement class.
Deleted CConfig container.
Deleted nInst container.
Deleted COutput class.
-------------------------------------------------------------------------

------------------------- Exit Success (SU2_CFD) ------------------------

