
-------------------------------------------------------------------------
|    ___ _   _ ___                                                      |
|   / __| | | |_  )   Release 8.3.0 "Harrier"                           |
|   \__ \ |_| |/ /                                                      |
|   |___/\___//___|   Suite (Computational Fluid Dynamics Code)         |
|                                                                       |
-------------------------------------------------------------------------
| SU2 Project Website: https://su2code.github.io                        |
|                                                                       |
| The SU2 Project is maintained by the SU2 Foundation                   |
| (http://su2foundation.org)                                            |
-------------------------------------------------------------------------
| Copyright 2012-2025, SU2 Contributors                                 |
|                                                                       |
| SU2 is free software; you can redistribute it and/or                  |
| modify it under the terms of the GNU Lesser General Public            |
| License as published by the Free Software Foundation; either          |
| version 2.1 of the License, or (at your option) any later version.    |
|                                                                       |
| SU2 is distributed in the hope that it will be useful,                |
| but WITHOUT ANY WARRANTY; without even the implied warranty of        |
| MERCHANTABILITY or FITNESS FOR A PARTICULAR PURPOSE. See the GNU      |
| Lesser General Public License for more details.                       |
|                                                                       |
| You should have received a copy of the GNU Lesser General Public      |
| License along with SU2. If not, see <http://www.gnu.org/licenses/>.   |
-------------------------------------------------------------------------

Parsing config file for zone 0

----------------- Physical Case Definition ( Zone 0 ) -------------------
Compressible Euler equations.
Mach number: 0.8.
Angle of attack (AoA): 1.25 deg, and angle of sideslip (AoS): 0 deg.
No restart solution, use the values at infinity (freestream).
Non-Dimensional simulation (P=1.0, Rho=1.0, T=1.0 at the farfield).
The reference area is 1 m^2.
The semi-span will be computed using the max y(3D) value.
The reference length is 1 m.
Reference origin for moment evaluation is (0.25, 0, 0).
Surface(s) where the force coefficients are evaluated: airfoil.

Surface(s) plotted in the output file: airfoil.
Surface(s) affected by the design variables: airfoil.
Input mesh file name: mesh_NACA0012_inv_deform.su2

--------------- Space Numerical Integration ( Zone 0 ) ------------------
Jameson-Schmidt-Turkel scheme (2nd order in space) for the flow inviscid terms.
JST viscous coefficients (2nd & 4th): 0.5, 0.02.
The method includes a grid stretching correction (p = 0.3).
Gradient for viscous and source terms: Green-Gauss.

--------------- Time Numerical Integration  ( Zone 0 ) ------------------
Local time stepping (steady state simulation).
Euler implicit method for the flow equations.
FGMRES is used for solving the linear system.
Using a LU-SGS preconditioning.
Convergence criteria of the linear solver: 0.0001.
Max number of linear iterations: 2.
V Multigrid Cycle, with 2 multigrid levels.
Damping factor for the residual restriction: 1.
Damping factor for the correction prolongation: 1.
No CFL adaptation.
+-------------------------------------------+
|  MG Level| Presmooth|PostSmooth|CorrectSmo|
+-------------------------------------------+
|         0|         1|         0|         0|
|         1|         2|         0|         0|
|         2|         3|         0|         0|
+-------------------------------------------+
Courant-Friedrichs-Lewy number:       10

------------------ Convergence Criteria  ( Zone 0 ) ---------------------
Maximum number of solver subiterations: 1000.
Begin convergence monitoring at iteration 10.
Residual minimum value: 1e-13.
Cauchy series min. value: 1e-06.
Number of Cauchy elements: 100.
Begin windowed time average at iteration 0.

-------------------- Output Information ( Zone 0 ) ----------------------
File writing frequency: 
+------------------------------------+
|                     File| Frequency|
+------------------------------------+
|                  RESTART|       250|
|                 PARAVIEW|       250|
|         SURFACE_PARAVIEW|       250|
|              SURFACE_CSV|       250|
+------------------------------------+
Writing the convergence history file every 1 inner iterations.
Writing the screen convergence history every 1 inner iterations.
The tabular file format is CSV (.csv).
Convergence history file name: history_direct.
Forces breakdown file name: forces_breakdown.dat.
Surface file name: surface_flow.
Volume file name: flow.
Restart file name: restart_flow.

------------- Config File Boundary Information ( Zone 0 ) ---------------
+-----------------------------------------------------------------------+
|                        Marker Type|                        Marker Name|
+-----------------------------------------------------------------------+
|                         Euler wall|                            airfoil|
+-----------------------------------------------------------------------+
|                          Far-field|                           farfield|
+-----------------------------------------------------------------------+

-------------------- Output Preprocessing ( Zone 0 ) --------------------

WARNING: SURFACE_PRESSURE_DROP can only be computed for at least 2 surfaces (outlet, inlet, ...)

Screen output fields: INNER_ITER, RMS_DENSITY, RMS_ENERGY, LIFT, DRAG
History output group(s): ITER, RMS_RES, AERO_COEFF
Convergence field(s): RMS_DENSITY
Warning: No (valid) fields chosen for time convergence monitoring. Time convergence monitoring inactive.
Volume output fields: COORDINATES, SOLUTION, PRIMITIVE

------------------- Geometry Preprocessing ( Zone 0 ) -------------------
Two dimensional problem.
5233 grid points.
10216 volume elements.
2 surface markers.
200 boundary elements in index 0 (Marker = airfoil).
50 boundary elements in index 1 (Marker = farfield).
10216 triangles.
Setting point connectivity.
Renumbering points (Reverse Cuthill McKee Ordering).
Recomputing point connectivity.
Setting element connectivity.
Checking the numerical grid orientation.
All volume elements are correctly oriented.
All surface elements are correctly oriented.
Identifying edges and vertices.
Setting the control volume structure.
Area of the computational grid: 1253.25.
Searching for the closest normal neighbors to the surfaces.
Storing a mapping from global to local point index.
Compute the surface curvature.
Max K: 7835.1. Mean K: 35.0737. Standard deviation K: 494.416.
Checking for periodicity.
Computing mesh quality statistics for the dual control volumes.
+--------------------------------------------------------------+
|           Mesh Quality Metric|        Minimum|        Maximum|
+--------------------------------------------------------------+
|    Orthogonality Angle (deg.)|        62.8748|        89.7318|
|     CV Face Area Aspect Ratio|        1.01411|        7.18682|
|           CV Sub-Volume Ratio|        1.00273|        6.47639|
+--------------------------------------------------------------+
Setting the multigrid structure.
+-------------------------------------------+
|  MG Level|       CVs|Aggl. Rate|       CFL|
+-------------------------------------------+
|         0|      5233|    1/1.00|        10|
|         1|      1690|     1/3.1|   8.52431|
|         2|       649|     1/2.6|   7.92373|
+-------------------------------------------+
Finding max control volume width.
Wetted area = 2.04152 m.
Area projection in the x-plane = 0.117116 m, y-plane = 0.999845 m.
Max. coordinate in the x-direction = 1 m, y-direction = 0.0529414 m.
Min. coordinate in the x-direction = 0 m, y-direction = -0.0641924 m.
Computing wall distances.

-------------------- Solver Preprocessing ( Zone 0 ) --------------------
Inviscid flow: Computing density based on free-stream
temperature and pressure using the ideal gas law.
Force coefficients computed using free-stream values.

-- Models:
+------------------------------------------------------------------------------+
|          Viscosity Model|        Conductivity Model|              Fluid Model|
+------------------------------------------------------------------------------+
|                        -|                         -|             STANDARD_AIR|
+------------------------------------------------------------------------------+
-- Fluid properties:
+------------------------------------------------------------------------------+
|                  Name|    Dim. value|    Ref. value|      Unit|Non-dim. value|
+------------------------------------------------------------------------------+
|          Gas Constant|       287.058|       287.058|  N.m/kg.K|             1|
|      Spec. Heat Ratio|             -|             -|         -|           1.4|
+------------------------------------------------------------------------------+
-- Initial and free-stream conditions:
+------------------------------------------------------------------------------+
|                  Name|    Dim. value|    Ref. value|      Unit|Non-dim. value|
+------------------------------------------------------------------------------+
|       Static Pressure|        101325|        101325|        Pa|             1|
|               Density|       1.29225|       1.29225|    kg/m^3|             1|
|           Temperature|        273.15|        273.15|         K|             1|
|          Total Energy|        231152|       78409.9|   m^2/s^2|         2.948|
|            Velocity-X|       264.994|       280.018|       m/s|      0.946348|
|            Velocity-Y|       5.78219|       280.018|       m/s|     0.0206494|
|    Velocity Magnitude|       265.057|       280.018|       m/s|      0.946573|
+------------------------------------------------------------------------------+
|           Mach Number|             -|             -|         -|           0.8|
+------------------------------------------------------------------------------+
Initialize Jacobian structure (Euler). MG level: 0.
Initialize Jacobian structure (Euler). MG level: 1.
Initialize Jacobian structure (Euler). MG level: 2.

------------------- Numerics Preprocessing ( Zone 0 ) -------------------

----------------- Integration Preprocessing ( Zone 0 ) ------------------

------------------- Iteration Preprocessing ( Zone 0 ) ------------------
Euler/Navier-Stokes/RANS fluid iteration.

------------------------------ Begin Solver -----------------------------

Simulation Run using the Single-zone Driver
WARNING: SU2 was not compiled for an AVX-capable architecture. Performance could be better,
         see https://su2code.github.io/docs_v7/Build-SU2-Linux-MacOS/#compiler-optimizations
WARNING: SU2 was not compiled for an AVX-capable architecture. Performance could be better,
         see https://su2code.github.io/docs_v7/Build-SU2-Linux-MacOS/#compiler-optimizations
WARNING: SU2 was not compiled for an AVX-capable architecture. Performance could be better,
         see https://su2code.github.io/docs_v7/Build-SU2-Linux-MacOS/#compiler-optimizations
+----------------------------------------------------------------+
|  Inner_Iter|    rms[Rho]|   rms[RhoE]|          CL|          CD|
+----------------------------------------------------------------+
|           0|   -3.581346|   -2.984969|    0.140174|    0.240717|
|           1|   -3.833736|   -3.222809|    0.030093|    0.092452|
|           2|   -3.768591|   -3.170203|    0.038723|    0.068115|
|           3|   -3.714039|   -3.121669|    0.071324|    0.082996|
|           4|   -3.663353|   -3.074183|    0.066828|    0.062731|
|           5|   -3.658609|   -3.073535|    0.062482|    0.049484|
|           6|   -3.655039|   -3.076449|    0.061218|    0.045477|
|           7|   -3.659255|   -3.082863|    0.058445|    0.040950|
|           8|   -3.642207|   -3.064819|    0.056181|    0.035242|
|           9|   -3.656733|   -3.082886|    0.054733|    0.030542|
|          10|   -3.663400|   -3.093557|    0.053770|    0.027243|
|          11|   -3.669556|   -3.102032|    0.053058|    0.024213|
|          12|   -3.674695|   -3.107704|    0.052172|    0.020963|
|          13|   -3.677927|   -3.109536|    0.051312|    0.017767|
|          14|   -3.686049|   -3.115519|    0.050928|    0.014812|
|          15|   -3.696328|   -3.123933|    0.050942|    0.012041|
|          16|   -3.707333|   -3.134401|    0.051090|    0.009355|
|          17|   -3.720090|   -3.148207|    0.051303|    0.006714|
|          18|   -3.734900|   -3.164923|    0.051562|    0.004123|
|          19|   -3.752613|   -3.184471|    0.051704|    0.001619|
|          20|   -3.773972|   -3.207070|    0.051637|   -0.000729|
|          21|   -3.797421|   -3.231044|    0.051557|   -0.002811|
|          22|   -3.820311|   -3.253907|    0.051709|   -0.004520|
|          23|   -3.841580|   -3.274825|    0.052204|   -0.005780|
|          24|   -3.861340|   -3.294080|    0.053265|   -0.006519|
|          25|   -3.880642|   -3.312888|    0.054690|   -0.006744|
|          26|   -3.900885|   -3.332757|    0.056311|   -0.006484|
|          27|   -3.923149|   -3.354900|    0.058118|   -0.005778|
|          28|   -3.947363|   -3.379328|    0.060016|   -0.004700|
|          29|   -3.973007|   -3.405606|    0.061886|   -0.003360|
|          30|   -4.000264|   -3.434046|    0.063608|   -0.001877|
|          31|   -4.029700|   -3.465017|    0.065047|   -0.000355|
|          32|   -4.061028|   -3.497815|    0.066110|    0.001117|
|          33|   -4.093762|   -3.531678|    0.066724|    0.002468|
|          34|   -4.127399|   -3.565876|    0.066944|    0.003656|
|          35|   -4.161288|   -3.599739|    0.066874|    0.004654|
|          36|   -4.194911|   -3.632930|    0.066602|    0.005439|
|          37|   -4.227677|   -3.665193|    0.066174|    0.005995|
|          38|   -4.258994|   -3.696209|    0.065634|    0.006315|
|          39|   -4.288486|   -3.725745|    0.065044|    0.006409|
|          40|   -4.316033|   -3.753731|    0.064474|    0.006296|
|          41|   -4.341759|   -3.780262|    0.063977|    0.006006|
|          42|   -4.365834|   -3.805392|    0.063598|    0.005576|
|          43|   -4.388509|   -3.829191|    0.063360|    0.005042|
|          44|   -4.410002|   -3.851729|    0.063268|    0.004443|
|          45|   -4.430325|   -3.872897|    0.063319|    0.003812|
|          46|   -4.449313|   -3.892482|    0.063506|    0.003181|
|          47|   -4.466739|   -3.910274|    0.063820|    0.002577|
|          48|   -4.482308|   -3.926024|    0.064242|    0.002025|
|          49|   -4.495981|   -3.939771|    0.064763|    0.001540|
|          50|   -4.508016|   -3.951870|    0.065371|    0.001135|
|          51|   -4.518903|   -3.962907|    0.066062|    0.000817|
|          52|   -4.529232|   -3.973518|    0.066834|    0.000588|
|          53|   -4.539400|   -3.984066|    0.067677|    0.000447|
|          54|   -4.549870|   -3.994971|    0.068575|    0.000387|
|          55|   -4.561263|   -4.006811|    0.069497|    0.000399|
|          56|   -4.574242|   -4.020188|    0.070417|    0.000470|
|          57|   -4.589098|   -4.035388|    0.071322|    0.000588|
|          58|   -4.606032|   -4.052665|    0.072199|    0.000739|
|          59|   -4.625036|   -4.072071|    0.073030|    0.000911|
|          60|   -4.645865|   -4.093413|    0.073797|    0.001088|
|          61|   -4.668229|   -4.116399|    0.074496|    0.001260|
|          62|   -4.691815|   -4.140679|    0.075126|    0.001418|
|          63|   -4.716001|   -4.165559|    0.075686|    0.001553|
|          64|   -4.740119|   -4.190315|    0.076172|    0.001662|
|          65|   -4.763681|   -4.214372|    0.076584|    0.001740|
|          66|   -4.786307|   -4.237284|    0.076925|    0.001789|
|          67|   -4.807817|   -4.258867|    0.077190|    0.001808|
|          68|   -4.828318|   -4.279235|    0.077386|    0.001800|
|          69|   -4.848180|   -4.298775|    0.077521|    0.001769|
|          70|   -4.867679|   -4.317824|    0.077606|    0.001719|
|          71|   -4.887075|   -4.336691|    0.077652|    0.001654|
|          72|   -4.906577|   -4.355651|    0.077667|    0.001580|
|          73|   -4.926366|   -4.374952|    0.077659|    0.001499|
|          74|   -4.946561|   -4.394745|    0.077633|    0.001417|
|          75|   -4.967246|   -4.415128|    0.077600|    0.001338|
|          76|   -4.988319|   -4.436000|    0.077566|    0.001263|
|          77|   -5.009612|   -4.457182|    0.077539|    0.001196|
|          78|   -5.030878|   -4.478407|    0.077524|    0.001138|
|          79|   -5.051903|   -4.499439|    0.077523|    0.001090|
|          80|   -5.072571|   -4.520147|    0.077538|    0.001053|
|          81|   -5.092740|   -4.540372|    0.077573|    0.001025|
|          82|   -5.112356|   -4.560082|    0.077628|    0.001006|
|          83|   -5.131465|   -4.579365|    0.077703|    0.000995|
|          84|   -5.150143|   -4.598310|    0.077798|    0.000991|
|          85|   -5.168538|   -4.617065|    0.077911|    0.000994|
|          86|   -5.186758|   -4.635722|    0.078042|    0.001000|
|          87|   -5.204860|   -4.654320|    0.078187|    0.001010|
|          88|   -5.222903|   -4.672904|    0.078341|    0.001022|
|          89|   -5.240895|   -4.691429|    0.078501|    0.001035|
|          90|   -5.258782|   -4.709801|    0.078665|    0.001048|
|          91|   -5.276454|   -4.727886|    0.078828|    0.001061|
|          92|   -5.293877|   -4.745628|    0.078989|    0.001073|
|          93|   -5.311055|   -4.763008|    0.079146|    0.001083|
|          94|   -5.327983|   -4.779990|    0.079294|    0.001092|
|          95|   -5.344565|   -4.796480|    0.079436|    0.001098|
|          96|   -5.360683|   -4.812367|    0.079569|    0.001103|
|          97|   -5.376338|   -4.827683|    0.079693|    0.001106|
|          98|   -5.391644|   -4.842592|    0.079809|    0.001108|
|          99|   -5.406677|   -4.857214|    0.079916|    0.001108|
|         100|   -5.421514|   -4.871650|    0.080015|    0.001108|
|         101|   -5.436264|   -4.886034|    0.080107|    0.001106|
|         102|   -5.450989|   -4.900443|    0.080193|    0.001104|
|         103|   -5.465734|   -4.914926|    0.080273|    0.001102|
|         104|   -5.480519|   -4.929503|    0.080349|    0.001099|
|         105|   -5.495347|   -4.944178|    0.080420|    0.001097|
|         106|   -5.510171|   -4.958899|    0.080488|    0.001095|
|         107|   -5.524987|   -4.973647|    0.080553|    0.001093|
|         108|   -5.539754|   -4.988364|    0.080615|    0.001092|
|         109|   -5.554438|   -5.003003|    0.080675|    0.001091|
|         110|   -5.569082|   -5.017603|    0.080733|    0.001090|
|         111|   -5.583660|   -5.032126|    0.080790|    0.001090|
|         112|   -5.598242|   -5.046660|    0.080845|    0.001091|
|         113|   -5.612840|   -5.061226|    0.080898|    0.001091|
|         114|   -5.627553|   -5.075927|    0.080951|    0.001092|
|         115|   -5.642396|   -5.090780|    0.081001|    0.001092|
|         116|   -5.657342|   -5.105753|    0.081050|    0.001093|
|         117|   -5.672465|   -5.120925|    0.081098|    0.001093|
|         118|   -5.687804|   -5.136340|    0.081143|    0.001094|
|         119|   -5.703328|   -5.151966|    0.081186|    0.001094|
|         120|   -5.719013|   -5.167776|    0.081227|    0.001095|
|         121|   -5.734864|   -5.183769|    0.081265|    0.001095|
|         122|   -5.750852|   -5.199912|    0.081300|    0.001095|
|         123|   -5.766959|   -5.216184|    0.081332|    0.001094|
|         124|   -5.783137|   -5.232531|    0.081361|    0.001094|
|         125|   -5.799346|   -5.248915|    0.081386|    0.001094|
|         126|   -5.815548|   -5.265283|    0.081409|    0.001093|
|         127|   -5.831708|   -5.281600|    0.081428|    0.001093|
|         128|   -5.847762|   -5.297807|    0.081444|    0.001092|
|         129|   -5.863624|   -5.313814|    0.081456|    0.001092|
|         130|   -5.879273|   -5.329587|    0.081467|    0.001092|
|         131|   -5.894706|   -5.345119|    0.081474|    0.001091|
|         132|   -5.909859|   -5.360349|    0.081479|    0.001091|
|         133|   -5.924652|   -5.375200|    0.081482|    0.001091|
|         134|   -5.939043|   -5.389628|    0.081483|    0.001090|
|         135|   -5.953042|   -5.403640|    0.081482|    0.001090|
|         136|   -5.966657|   -5.417243|    0.081480|    0.001090|
|         137|   -5.979886|   -5.430435|    0.081476|    0.001090|
|         138|   -5.992748|   -5.443235|    0.081470|    0.001089|
|         139|   -6.005302|   -5.455704|    0.081464|    0.001089|
|         140|   -6.017601|   -5.467891|    0.081457|    0.001089|
|         141|   -6.029732|   -5.479883|    0.081449|    0.001089|
|         142|   -6.041761|   -5.491753|    0.081441|    0.001088|
|         143|   -6.053732|   -5.503547|    0.081433|    0.001088|
|         144|   -6.065696|   -5.515320|    0.081424|    0.001088|
|         145|   -6.077740|   -5.527167|    0.081415|    0.001087|
|         146|   -6.089906|   -5.539137|    0.081407|    0.001087|
|         147|   -6.102248|   -5.551290|    0.081398|    0.001086|
|         148|   -6.114801|   -5.563660|    0.081390|    0.001086|
|         149|   -6.127571|   -5.576258|    0.081382|    0.001086|
|         150|   -6.140604|   -5.589134|    0.081375|    0.001085|
|         151|   -6.153902|   -5.602298|    0.081368|    0.001085|
|         152|   -6.167466|   -5.615754|    0.081361|    0.001084|
|         153|   -6.181291|   -5.629499|    0.081355|    0.001084|
|         154|   -6.195337|   -5.643493|    0.081349|    0.001083|
|         155|   -6.209603|   -5.657732|    0.081344|    0.001083|
|         156|   -6.224067|   -5.672202|    0.081339|    0.001083|
|         157|   -6.238644|   -5.686819|    0.081335|    0.001082|
|         158|   -6.253296|   -5.701546|    0.081331|    0.001082|
|         159|   -6.267971|   -5.716325|    0.081328|    0.001082|
|         160|   -6.282591|   -5.731073|    0.081325|    0.001082|
|         161|   -6.297119|   -5.745752|    0.081322|    0.001082|
|         162|   -6.311500|   -5.760304|    0.081320|    0.001082|
|         163|   -6.325674|   -5.774664|    0.081319|    0.001082|
|         164|   -6.339574|   -5.788756|    0.081317|    0.001082|
|         165|   -6.353175|   -5.802557|    0.081316|    0.001082|
|         166|   -6.366467|   -5.816053|    0.081315|    0.001082|
|         167|   -6.379457|   -5.829243|    0.081315|    0.001082|
|         168|   -6.392175|   -5.842155|    0.081315|    0.001082|
|         169|   -6.404639|   -5.854797|    0.081315|    0.001082|
|         170|   -6.416869|   -5.867187|    0.081315|    0.001082|
|         171|   -6.428892|   -5.879350|    0.081316|    0.001082|
|         172|   -6.440758|   -5.891334|    0.081317|    0.001083|
|         173|   -6.452530|   -5.903197|    0.081317|    0.001083|
|         174|   -6.464257|   -5.914991|    0.081319|    0.001083|
|         175|   -6.475977|   -5.926750|    0.081320|    0.001083|
|         176|   -6.487711|   -5.938499|    0.081321|    0.001083|
|         177|   -6.499506|   -5.950284|    0.081322|    0.001083|
|         178|   -6.511400|   -5.962147|    0.081324|    0.001083|
|         179|   -6.523385|   -5.974075|    0.081325|    0.001083|
|         180|   -6.535524|   -5.986135|    0.081327|    0.001083|
|         181|   -6.547866|   -5.998380|    0.081328|    0.001083|
|         182|   -6.560393|   -6.010795|    0.081330|    0.001083|
|         183|   -6.573100|   -6.023378|    0.081331|    0.001083|
|         184|   -6.585992|   -6.036140|    0.081332|    0.001083|
|         185|   -6.599046|   -6.049058|    0.081334|    0.001083|
|         186|   -6.612258|   -6.062126|    0.081335|    0.001083|
|         187|   -6.625600|   -6.075321|    0.081336|    0.001083|
|         188|   -6.639017|   -6.088593|    0.081336|    0.001082|
|         189|   -6.652473|   -6.101908|    0.081337|    0.001082|
|         190|   -6.665961|   -6.115259|    0.081337|    0.001082|
|         191|   -6.679462|   -6.128631|    0.081337|    0.001082|
|         192|   -6.692955|   -6.142004|    0.081337|    0.001082|
|         193|   -6.706423|   -6.155363|    0.081337|    0.001082|
|         194|   -6.719856|   -6.168697|    0.081337|    0.001082|
|         195|   -6.733228|   -6.181985|    0.081336|    0.001082|
|         196|   -6.746516|   -6.195202|    0.081335|    0.001082|
|         197|   -6.759711|   -6.208343|    0.081334|    0.001082|
|         198|   -6.772843|   -6.221438|    0.081333|    0.001082|
|         199|   -6.785915|   -6.234480|    0.081331|    0.001082|
|         200|   -6.798943|   -6.247489|    0.081330|    0.001082|
|         201|   -6.811954|   -6.260492|    0.081328|    0.001082|
|         202|   -6.824966|   -6.273509|    0.081326|    0.001082|
|         203|   -6.838006|   -6.286566|    0.081324|    0.001081|
|         204|   -6.851110|   -6.299695|    0.081322|    0.001081|
|         205|   -6.864322|   -6.312941|    0.081320|    0.001081|
|         206|   -6.877634|   -6.326289|    0.081317|    0.001081|
|         207|   -6.891057|   -6.339753|    0.081315|    0.001081|
|         208|   -6.904607|   -6.353348|    0.081312|    0.001081|
|         209|   -6.918302|   -6.367089|    0.081310|    0.001081|
|         210|   -6.932155|   -6.380991|    0.081307|    0.001081|
|         211|   -6.946172|   -6.395058|    0.081304|    0.001081|
|         212|   -6.960346|   -6.409282|    0.081302|    0.001081|
|         213|   -6.974680|   -6.423668|    0.081299|    0.001081|
|         214|   -6.989167|   -6.438208|    0.081297|    0.001081|
|         215|   -7.003783|   -6.452879|    0.081294|    0.001081|
|         216|   -7.018507|   -6.467661|    0.081292|    0.001081|
|         217|   -7.033316|   -6.482529|    0.081290|    0.001081|
|         218|   -7.048166|   -6.497441|    0.081288|    0.001081|
|         219|   -7.063017|   -6.512357|    0.081286|    0.001081|
|         220|   -7.077840|   -6.527247|    0.081284|    0.001081|
|         221|   -7.092585|   -6.542060|    0.081282|    0.001081|
|         222|   -7.107204|   -6.556746|    0.081280|    0.001081|
|         223|   -7.121664|   -6.571275|    0.081278|    0.001081|
|         224|   -7.135927|   -6.585604|    0.081277|    0.001081|
|         225|   -7.149955|   -6.599695|    0.081275|    0.001081|
|         226|   -7.163724|   -6.613523|    0.081274|    0.001081|
|         227|   -7.177211|   -6.627063|    0.081273|    0.001081|
|         228|   -7.190390|   -6.640290|    0.081272|    0.001081|
|         229|   -7.203281|   -6.653221|    0.081270|    0.001081|
|         230|   -7.215893|   -6.665864|    0.081269|    0.001081|
|         231|   -7.228251|   -6.678240|    0.081269|    0.001081|
|         232|   -7.240383|   -6.690375|    0.081268|    0.001081|
|         233|   -7.252320|   -6.702303|    0.081267|    0.001081|
|         234|   -7.264103|   -6.714063|    0.081266|    0.001081|
|         235|   -7.275779|   -6.725704|    0.081266|    0.001081|
|         236|   -7.287398|   -6.737275|    0.081265|    0.001081|
|         237|   -7.299009|   -6.748828|    0.081265|    0.001081|
|         238|   -7.310665|   -6.760415|    0.081265|    0.001081|
|         239|   -7.322412|   -6.772084|    0.081264|    0.001081|
|         240|   -7.334296|   -6.783884|    0.081264|    0.001081|
|         241|   -7.346355|   -6.795852|    0.081264|    0.001081|
|         242|   -7.358622|   -6.808026|    0.081264|    0.001081|
|         243|   -7.371126|   -6.820435|    0.081263|    0.001081|
|         244|   -7.383888|   -6.833102|    0.081263|    0.001081|
|         245|   -7.396924|   -6.846044|    0.081263|    0.001081|
|         246|   -7.410242|   -6.859272|    0.081263|    0.001082|
|         247|   -7.423845|   -6.872790|    0.081263|    0.001082|
|         248|   -7.437728|   -6.886595|    0.081263|    0.001082|
|         249|   -7.451883|   -6.900678|    0.081263|    0.001082|
|         250|   -7.466292|   -6.915026|    0.081263|    0.001082|
+-----------------------------------------------------------------------+
|        File Writing Summary       |              Filename             |
+-----------------------------------------------------------------------+
|SU2 binary restart                 |restart_flow.dat                   |
|Paraview                           |flow.vtu                           |
|Paraview surface                   |surface_flow.vtu                   |
|CSV file                           |surface_flow.csv                   |
+-----------------------------------------------------------------------+
+----------------------------------------------------------------+
|  Inner_Iter|    rms[Rho]|   rms[RhoE]|          CL|          CD|
+----------------------------------------------------------------+
|         251|   -7.480936|   -6.929618|    0.081263|    0.001082|
|         252|   -7.495787|   -6.944429|    0.081263|    0.001082|
|         253|   -7.510817|   -6.959429|    0.081263|    0.001082|
|         254|   -7.525991|   -6.974585|    0.081263|    0.001082|
|         255|   -7.541273|   -6.989862|    0.081263|    0.001082|
|         256|   -7.556627|   -7.005221|    0.081263|    0.001082|
|         257|   -7.572015|   -7.020625|    0.081263|    0.001082|
|         258|   -7.587399|   -7.036036|    0.081263|    0.001082|
|         259|   -7.602743|   -7.051416|    0.081262|    0.001082|
|         260|   -7.618016|   -7.066732|    0.081262|    0.001082|
|         261|   -7.633188|   -7.081953|    0.081262|    0.001082|
|         262|   -7.648236|   -7.097053|    0.081262|    0.001082|
|         263|   -7.663140|   -7.112014|    0.081262|    0.001082|
|         264|   -7.677890|   -7.126820|    0.081262|    0.001082|
|         265|   -7.692479|   -7.141463|    0.081262|    0.001082|
|         266|   -7.706907|   -7.155943|    0.081262|    0.001082|
|         267|   -7.721180|   -7.170264|    0.081262|    0.001082|
|         268|   -7.735311|   -7.184437|    0.081262|    0.001082|
|         269|   -7.749316|   -7.198477|    0.081262|    0.001082|
|         270|   -7.763214|   -7.212403|    0.081262|    0.001082|
|         271|   -7.777026|   -7.226236|    0.081262|    0.001082|
|         272|   -7.790778|   -7.240001|    0.081262|    0.001082|
|         273|   -7.804492|   -7.253722|    0.081262|    0.001082|
|         274|   -7.818192|   -7.267422|    0.081262|    0.001082|
|         275|   -7.831899|   -7.281123|    0.081262|    0.001082|
|         276|   -7.845631|   -7.294845|    0.081262|    0.001082|
|         277|   -7.859403|   -7.308605|    0.081262|    0.001081|
|         278|   -7.873229|   -7.322416|    0.081262|    0.001081|
|         279|   -7.887114|   -7.336287|    0.081262|    0.001081|
|         280|   -7.901062|   -7.350221|    0.081262|    0.001081|
|         281|   -7.915070|   -7.364218|    0.081262|    0.001081|
|         282|   -7.929134|   -7.378275|    0.081262|    0.001081|
|         283|   -7.943245|   -7.392384|    0.081262|    0.001081|
|         284|   -7.957389|   -7.406531|    0.081263|    0.001081|
|         285|   -7.971550|   -7.420704|    0.081263|    0.001081|
|         286|   -7.985712|   -7.434883|    0.081263|    0.001081|
|         287|   -7.999854|   -7.449051|    0.081263|    0.001081|
|         288|   -8.013958|   -7.463187|    0.081263|    0.001081|
|         289|   -8.028004|   -7.477272|    0.081263|    0.001081|
|         290|   -8.041974|   -7.491287|    0.081263|    0.001081|
|         291|   -8.055852|   -7.505215|    0.081263|    0.001081|
|         292|   -8.069624|   -7.519041|    0.081264|    0.001081|
|         293|   -8.083282|   -7.532754|    0.081264|    0.001081|
|         294|   -8.096818|   -7.546346|    0.081264|    0.001081|
|         295|   -8.110231|   -7.559815|    0.081264|    0.001081|
|         296|   -8.123523|   -7.573159|    0.081264|    0.001081|
|         297|   -8.136701|   -7.586385|    0.081264|    0.001081|
|         298|   -8.149775|   -7.599502|    0.081264|    0.001081|
|         299|   -8.162760|   -7.612521|    0.081265|    0.001081|
|         300|   -8.175670|   -7.625458|    0.081265|    0.001081|
|         301|   -8.188525|   -7.638331|    0.081265|    0.001081|
|         302|   -8.201345|   -7.651159|    0.081265|    0.001081|
|         303|   -8.214150|   -7.663961|    0.081265|    0.001082|
|         304|   -8.226958|   -7.676757|    0.081265|    0.001082|
|         305|   -8.239790|   -7.689567|    0.081265|    0.001082|
|         306|   -8.252661|   -7.702407|    0.081266|    0.001082|
|         307|   -8.265587|   -7.715293|    0.081266|    0.001082|
|         308|   -8.278578|   -7.728238|    0.081266|    0.001082|
|         309|   -8.291644|   -7.741251|    0.081266|    0.001082|
|         310|   -8.304790|   -7.754340|    0.081266|    0.001082|
|         311|   -8.318018|   -7.767508|    0.081266|    0.001082|
|         312|   -8.331325|   -7.780754|    0.081266|    0.001082|
|         313|   -8.344707|   -7.794075|    0.081266|    0.001082|
|         314|   -8.358155|   -7.807465|    0.081266|    0.001082|
|         315|   -8.371659|   -7.820915|    0.081266|    0.001082|
|         316|   -8.385205|   -7.834413|    0.081266|    0.001082|
|         317|   -8.398777|   -7.847944|    0.081266|    0.001082|
|         318|   -8.412360|   -7.861495|    0.081266|    0.001082|
|         319|   -8.425936|   -7.875048|    0.081266|    0.001082|
|         320|   -8.439488|   -7.888588|    0.081266|    0.001082|
|         321|   -8.453000|   -7.902099|    0.081266|    0.001082|
|         322|   -8.466455|   -7.915565|    0.081266|    0.001082|
|         323|   -8.479841|   -7.928975|    0.081266|    0.001082|
|         324|   -8.493147|   -7.942315|    0.081266|    0.001082|
|         325|   -8.506365|   -7.955579|    0.081266|    0.001082|
|         326|   -8.519489|   -7.968759|    0.081266|    0.001082|
|         327|   -8.532518|   -7.981852|    0.081266|    0.001082|
|         328|   -8.545452|   -7.994860|    0.081266|    0.001082|
|         329|   -8.558297|   -8.007784|    0.081266|    0.001081|
|         330|   -8.571060|   -8.020630|    0.081266|    0.001081|
|         331|   -8.583750|   -8.033407|    0.081266|    0.001081|
|         332|   -8.596380|   -8.046125|    0.081266|    0.001081|
|         333|   -8.608963|   -8.058794|    0.081266|    0.001081|
|         334|   -8.621513|   -8.071429|    0.081266|    0.001081|
|         335|   -8.634044|   -8.084042|    0.081266|    0.001081|
|         336|   -8.646571|   -8.096645|    0.081266|    0.001081|
|         337|   -8.659108|   -8.109251|    0.081266|    0.001081|
|         338|   -8.671664|   -8.121870|    0.081266|    0.001081|
|         339|   -8.684252|   -8.134512|    0.081266|    0.001081|
|         340|   -8.696877|   -8.147183|    0.081266|    0.001081|
|         341|   -8.709545|   -8.159888|    0.081266|    0.001081|
|         342|   -8.722258|   -8.172629|    0.081266|    0.001081|
|         343|   -8.735016|   -8.185406|    0.081266|    0.001081|
|         344|   -8.747814|   -8.198216|    0.081266|    0.001081|
|         345|   -8.760648|   -8.211052|    0.081266|    0.001081|
|         346|   -8.773509|   -8.223909|    0.081266|    0.001081|
|         347|   -8.786386|   -8.236775|    0.081266|    0.001081|
|         348|   -8.799268|   -8.249640|    0.081266|    0.001081|
|         349|   -8.812142|   -8.262493|    0.081266|    0.001081|
|         350|   -8.824996|   -8.275320|    0.081266|    0.001081|
|         351|   -8.837815|   -8.288111|    0.081266|    0.001081|
|         352|   -8.850587|   -8.300853|    0.081266|    0.001081|
|         353|   -8.863302|   -8.313536|    0.081266|    0.001081|
|         354|   -8.875950|   -8.326152|    0.081266|    0.001081|
|         355|   -8.888525|   -8.338695|    0.081266|    0.001081|
|         356|   -8.901022|   -8.351162|    0.081266|    0.001081|
|         357|   -8.913441|   -8.363551|    0.081266|    0.001081|
|         358|   -8.925784|   -8.375867|    0.081266|    0.001081|
|         359|   -8.938056|   -8.388113|    0.081266|    0.001081|
|         360|   -8.950266|   -8.400299|    0.081266|    0.001081|
|         361|   -8.962425|   -8.412437|    0.081266|    0.001081|
|         362|   -8.974548|   -8.424541|    0.081266|    0.001081|
|         363|   -8.986651|   -8.436626|    0.081266|    0.001081|
|         364|   -8.998751|   -8.448710|    0.081266|    0.001081|
|         365|   -9.010869|   -8.460813|    0.081266|    0.001081|
|         366|   -9.023023|   -8.472953|    0.081266|    0.001081|
|         367|   -9.035234|   -8.485150|    0.081266|    0.001081|
|         368|   -9.047519|   -8.497422|    0.081266|    0.001082|
|         369|   -9.059898|   -8.509787|    0.081266|    0.001082|
|         370|   -9.072385|   -8.522260|    0.081266|    0.001082|
|         371|   -9.084995|   -8.534856|    0.081266|    0.001082|
|         372|   -9.097739|   -8.547585|    0.081266|    0.001082|
|         373|   -9.110626|   -8.560456|    0.081266|    0.001082|
|         374|   -9.123660|   -8.573473|    0.081266|    0.001082|
|         375|   -9.136843|   -8.586640|    0.081266|    0.001082|
|         376|   -9.150174|   -8.599954|    0.081266|    0.001082|
|         377|   -9.163649|   -8.613411|    0.081266|    0.001082|
|         378|   -9.177257|   -8.627002|    0.081266|    0.001082|
|         379|   -9.190988|   -8.640717|    0.081266|    0.001082|
|         380|   -9.204827|   -8.654540|    0.081266|    0.001082|
|         381|   -9.218756|   -8.668454|    0.081266|    0.001082|
|         382|   -9.232754|   -8.682440|    0.081266|    0.001082|
|         383|   -9.246800|   -8.696476|    0.081266|    0.001082|
|         384|   -9.260870|   -8.710540|    0.081266|    0.001082|
|         385|   -9.274939|   -8.724606|    0.081266|    0.001082|
|         386|   -9.288983|   -8.738650|    0.081266|    0.001082|
|         387|   -9.302977|   -8.752650|    0.081266|    0.001082|
|         388|   -9.316899|   -8.766582|    0.081266|    0.001082|
|         389|   -9.330726|   -8.780425|    0.081266|    0.001082|
|         390|   -9.344441|   -8.794160|    0.081266|    0.001082|
|         391|   -9.358026|   -8.807771|    0.081266|    0.001082|
|         392|   -9.371471|   -8.821246|    0.081266|    0.001082|
|         393|   -9.384766|   -8.834575|    0.081266|    0.001082|
|         394|   -9.397906|   -8.847754|    0.081266|    0.001082|
|         395|   -9.410892|   -8.860782|    0.081266|    0.001082|
|         396|   -9.423727|   -8.873661|    0.081266|    0.001082|
|         397|   -9.436418|   -8.886398|    0.081266|    0.001082|
|         398|   -9.448976|   -8.899004|    0.081266|    0.001082|
|         399|   -9.461416|   -8.911491|    0.081266|    0.001082|
|         400|   -9.473754|   -8.923875|    0.081266|    0.001082|
|         401|   -9.486009|   -8.936174|    0.081266|    0.001082|
|         402|   -9.498199|   -8.948407|    0.081266|    0.001082|
|         403|   -9.510345|   -8.960592|    0.081266|    0.001082|
|         404|   -9.522467|   -8.972749|    0.081266|    0.001082|
|         405|   -9.534585|   -8.984898|    0.081266|    0.001082|
|         406|   -9.546716|   -8.997055|    0.081266|    0.001081|
|         407|   -9.558876|   -9.009238|    0.081266|    0.001081|
|         408|   -9.571081|   -9.021459|    0.081266|    0.001081|
|         409|   -9.583342|   -9.033732|    0.081266|    0.001081|
|         410|   -9.595669|   -9.046066|    0.081266|    0.001081|
|         411|   -9.608068|   -9.058467|    0.081266|    0.001081|
|         412|   -9.620545|   -9.070941|    0.081266|    0.001081|
|         413|   -9.633100|   -9.083489|    0.081266|    0.001081|
|         414|   -9.645733|   -9.096111|    0.081266|    0.001081|
|         415|   -9.658441|   -9.108804|    0.081266|    0.001081|
|         416|   -9.671219|   -9.121563|    0.081266|    0.001081|
|         417|   -9.684059|   -9.134381|    0.081266|    0.001081|
|         418|   -9.696955|   -9.147252|    0.081266|    0.001081|
|         419|   -9.709896|   -9.160164|    0.081266|    0.001081|
|         420|   -9.722872|   -9.173110|    0.081266|    0.001081|
|         421|   -9.735873|   -9.186078|    0.081266|    0.001081|
|         422|   -9.748888|   -9.199059|    0.081266|    0.001081|
|         423|   -9.761908|   -9.212042|    0.081266|    0.001081|
|         424|   -9.774923|   -9.225019|    0.081266|    0.001081|
|         425|   -9.787924|   -9.237982|    0.081266|    0.001081|
|         426|   -9.800906|   -9.250923|    0.081266|    0.001081|
|         427|   -9.813861|   -9.263838|    0.081266|    0.001081|
|         428|   -9.826787|   -9.276722|    0.081266|    0.001081|
|         429|   -9.839681|   -9.289574|    0.081266|    0.001081|
|         430|   -9.852541|   -9.302394|    0.081266|    0.001081|
|         431|   -9.865369|   -9.315181|    0.081266|    0.001081|
|         432|   -9.878166|   -9.327939|    0.081266|    0.001081|
|         433|   -9.890936|   -9.340671|    0.081266|    0.001081|
|         434|   -9.903683|   -9.353383|    0.081266|    0.001081|
|         435|   -9.916412|   -9.366078|    0.081266|    0.001081|
|         436|   -9.929127|   -9.378764|    0.081266|    0.001081|
|         437|   -9.941835|   -9.391446|    0.081266|    0.001081|
|         438|   -9.954539|   -9.404129|    0.081266|    0.001081|
|         439|   -9.967244|   -9.416819|    0.081266|    0.001081|
|         440|   -9.979954|   -9.429519|    0.081266|    0.001081|
|         441|   -9.992671|   -9.442233|    0.081266|    0.001081|
|         442|  -10.005396|   -9.454962|    0.081266|    0.001081|
|         443|  -10.018128|   -9.467707|    0.081266|    0.001081|
|         444|  -10.030866|   -9.480467|    0.081266|    0.001081|
|         445|  -10.043607|   -9.493238|    0.081266|    0.001081|
|         446|  -10.056346|   -9.506016|    0.081266|    0.001081|
|         447|  -10.069077|   -9.518796|    0.081266|    0.001081|
|         448|  -10.081793|   -9.531570|    0.081266|    0.001081|
|         449|  -10.094485|   -9.544329|    0.081266|    0.001081|
|         450|  -10.107143|   -9.557064|    0.081266|    0.001081|
|         451|  -10.119760|   -9.569764|    0.081266|    0.001081|
|         452|  -10.132324|   -9.582420|    0.081266|    0.001081|
|         453|  -10.144826|   -9.595020|    0.081266|    0.001081|
|         454|  -10.157257|   -9.607554|    0.081266|    0.001081|
|         455|  -10.169608|   -9.620012|    0.081266|    0.001081|
|         456|  -10.181873|   -9.632386|    0.081266|    0.001081|
|         457|  -10.194046|   -9.644667|    0.081266|    0.001081|
|         458|  -10.206122|   -9.656849|    0.081266|    0.001081|
|         459|  -10.218098|   -9.668929|    0.081266|    0.001081|
|         460|  -10.229976|   -9.680904|    0.081266|    0.001081|
|         461|  -10.241756|   -9.692773|    0.081266|    0.001081|
|         462|  -10.253442|   -9.704539|    0.081266|    0.001081|
|         463|  -10.265040|   -9.716206|    0.081266|    0.001081|
|         464|  -10.276557|   -9.727780|    0.081266|    0.001081|
|         465|  -10.288002|   -9.739268|    0.081266|    0.001081|
|         466|  -10.299386|   -9.750681|    0.081266|    0.001081|
|         467|  -10.310721|   -9.762029|    0.081266|    0.001081|
|         468|  -10.322018|   -9.773326|    0.081266|    0.001081|
|         469|  -10.333292|   -9.784583|    0.081266|    0.001081|
|         470|  -10.344555|   -9.795815|    0.081266|    0.001081|
|         471|  -10.355821|   -9.807035|    0.081266|    0.001081|
|         472|  -10.367103|   -9.818257|    0.081266|    0.001081|
|         473|  -10.378411|   -9.829495|    0.081266|    0.001081|
|         474|  -10.389759|   -9.840761|    0.081266|    0.001081|
|         475|  -10.401157|   -9.852067|    0.081266|    0.001081|
|         476|  -10.412613|   -9.863424|    0.081266|    0.001081|
|         477|  -10.424136|   -9.874843|    0.081266|    0.001081|
|         478|  -10.435732|   -9.886330|    0.081266|    0.001081|
|         479|  -10.447407|   -9.897895|    0.081266|    0.001081|
|         480|  -10.459165|   -9.909542|    0.081266|    0.001081|
|         481|  -10.471008|   -9.921276|    0.081266|    0.001081|
|         482|  -10.482938|   -9.933100|    0.081266|    0.001081|
|         483|  -10.494955|   -9.945017|    0.081266|    0.001081|
|         484|  -10.507059|   -9.957027|    0.081266|    0.001081|
|         485|  -10.519246|   -9.969129|    0.081266|    0.001081|
|         486|  -10.531515|   -9.981322|    0.081266|    0.001081|
|         487|  -10.543861|   -9.993603|    0.081266|    0.001081|
|         488|  -10.556281|  -10.005969|    0.081266|    0.001081|
|         489|  -10.568768|  -10.018417|    0.081266|    0.001081|
|         490|  -10.581319|  -10.030940|    0.081266|    0.001081|
|         491|  -10.593927|  -10.043533|    0.081266|    0.001081|
|         492|  -10.606587|  -10.056191|    0.081266|    0.001081|
|         493|  -10.619291|  -10.068908|    0.081266|    0.001081|
|         494|  -10.632035|  -10.081676|    0.081266|    0.001081|
|         495|  -10.644811|  -10.094488|    0.081266|    0.001081|
|         496|  -10.657613|  -10.107339|    0.081266|    0.001081|
|         497|  -10.670436|  -10.120219|    0.081266|    0.001081|
|         498|  -10.683272|  -10.133123|    0.081266|    0.001081|
|         499|  -10.696116|  -10.146042|    0.081266|    0.001081|
|         500|  -10.708962|  -10.158968|    0.081266|    0.001081|
+-----------------------------------------------------------------------+
|        File Writing Summary       |              Filename             |
+-----------------------------------------------------------------------+
|SU2 binary restart                 |restart_flow.dat                   |
|Paraview                           |flow.vtu                           |
|Paraview surface                   |surface_flow.vtu                   |
|CSV file                           |surface_flow.csv                   |
+-----------------------------------------------------------------------+
+----------------------------------------------------------------+
|  Inner_Iter|    rms[Rho]|   rms[RhoE]|          CL|          CD|
+----------------------------------------------------------------+
|         501|  -10.721803|  -10.171895|    0.081266|    0.001081|
|         502|  -10.734634|  -10.184815|    0.081266|    0.001081|
|         503|  -10.747449|  -10.197720|    0.081266|    0.001081|
|         504|  -10.760241|  -10.210603|    0.081266|    0.001081|
|         505|  -10.773006|  -10.223457|    0.081266|    0.001081|
|         506|  -10.785739|  -10.236275|    0.081266|    0.001081|
|         507|  -10.798432|  -10.249050|    0.081266|    0.001081|
|         508|  -10.811083|  -10.261776|    0.081266|    0.001081|
|         509|  -10.823686|  -10.274448|    0.081266|    0.001081|
|         510|  -10.836236|  -10.287059|    0.081266|    0.001081|
|         511|  -10.848731|  -10.299606|    0.081266|    0.001081|
|         512|  -10.861166|  -10.312085|    0.081266|    0.001081|
|         513|  -10.873540|  -10.324492|    0.081266|    0.001081|
|         514|  -10.885850|  -10.336826|    0.081266|    0.001081|
|         515|  -10.898095|  -10.349086|    0.081266|    0.001081|
|         516|  -10.910276|  -10.361272|    0.081266|    0.001081|
|         517|  -10.922395|  -10.373386|    0.081266|    0.001081|
|         518|  -10.934452|  -10.385431|    0.081266|    0.001081|
|         519|  -10.946452|  -10.397409|    0.081266|    0.001081|
|         520|  -10.958400|  -10.409328|    0.081266|    0.001081|
|         521|  -10.970300|  -10.421193|    0.081266|    0.001081|
|         522|  -10.982161|  -10.433012|    0.081266|    0.001081|
|         523|  -10.993991|  -10.444794|    0.081266|    0.001081|
|         524|  -11.005798|  -10.456550|    0.081266|    0.001081|
|         525|  -11.017593|  -10.468290|    0.081266|    0.001081|
|         526|  -11.029387|  -10.480026|    0.081266|    0.001081|
|         527|  -11.041190|  -10.491769|    0.081266|    0.001081|
|         528|  -11.053014|  -10.503533|    0.081266|    0.001081|
|         529|  -11.064872|  -10.515329|    0.081266|    0.001081|
|         530|  -11.076773|  -10.527170|    0.081266|    0.001081|
|         531|  -11.088731|  -10.539067|    0.081266|    0.001081|
|         532|  -11.100756|  -10.551033|    0.081266|    0.001081|
|         533|  -11.112858|  -10.563077|    0.081266|    0.001081|
|         534|  -11.125046|  -10.575209|    0.081266|    0.001081|
|         535|  -11.137328|  -10.587439|    0.081266|    0.001081|
|         536|  -11.149712|  -10.599772|    0.081266|    0.001081|
|         537|  -11.162204|  -10.612216|    0.081266|    0.001081|
|         538|  -11.174807|  -10.624775|    0.081266|    0.001081|
|         539|  -11.187525|  -10.637452|    0.081266|    0.001081|
|         540|  -11.200359|  -10.650248|    0.081266|    0.001081|
|         541|  -11.213309|  -10.663163|    0.081266|    0.001081|
|         542|  -11.226372|  -10.676195|    0.081266|    0.001081|
|         543|  -11.239544|  -10.689341|    0.081266|    0.001081|
|         544|  -11.252821|  -10.702594|    0.081266|    0.001081|
|         545|  -11.266195|  -10.715950|    0.081266|    0.001081|
|         546|  -11.279659|  -10.729398|    0.081266|    0.001081|
|         547|  -11.293202|  -10.742929|    0.081266|    0.001081|
|         548|  -11.306813|  -10.756533|    0.081266|    0.001081|
|         549|  -11.320480|  -10.770198|    0.081266|    0.001081|
|         550|  -11.334190|  -10.783909|    0.081266|    0.001081|
|         551|  -11.347930|  -10.797655|    0.081266|    0.001081|
|         552|  -11.361685|  -10.811420|    0.081266|    0.001081|
|         553|  -11.375441|  -10.825191|    0.081266|    0.001081|
|         554|  -11.389184|  -10.838952|    0.081266|    0.001081|
|         555|  -11.402900|  -10.852690|    0.081266|    0.001081|
|         556|  -11.416575|  -10.866392|    0.081266|    0.001081|
|         557|  -11.430196|  -10.880045|    0.081266|    0.001081|
|         558|  -11.443754|  -10.893636|    0.081266|    0.001081|
|         559|  -11.457237|  -10.907157|    0.081266|    0.001081|
|         560|  -11.470637|  -10.920597|    0.081266|    0.001081|
|         561|  -11.483947|  -10.933951|    0.081266|    0.001081|
|         562|  -11.497161|  -10.947211|    0.081266|    0.001081|
|         563|  -11.510278|  -10.960374|    0.081266|    0.001081|
|         564|  -11.523294|  -10.973439|    0.081266|    0.001081|
|         565|  -11.536211|  -10.986405|    0.081266|    0.001081|
|         566|  -11.549030|  -10.999273|    0.081266|    0.001081|
|         567|  -11.561755|  -11.012046|    0.081266|    0.001081|
|         568|  -11.574391|  -11.024728|    0.081266|    0.001081|
|         569|  -11.586944|  -11.037327|    0.081266|    0.001081|
|         570|  -11.599422|  -11.049847|    0.081266|    0.001081|
|         571|  -11.611832|  -11.062297|    0.081266|    0.001081|
|         572|  -11.624183|  -11.074685|    0.081266|    0.001081|
|         573|  -11.636485|  -11.087019|    0.081266|    0.001081|
|         574|  -11.648747|  -11.099309|    0.081266|    0.001081|
|         575|  -11.660978|  -11.111564|    0.081266|    0.001081|
|         576|  -11.673188|  -11.123792|    0.081266|    0.001081|
|         577|  -11.685384|  -11.136003|    0.081266|    0.001081|
|         578|  -11.697577|  -11.148204|    0.081266|    0.001081|
|         579|  -11.709772|  -11.160402|    0.081266|    0.001081|
|         580|  -11.721978|  -11.172606|    0.081266|    0.001081|
|         581|  -11.734201|  -11.184821|    0.081266|    0.001081|
|         582|  -11.746445|  -11.197054|    0.081266|    0.001081|
|         583|  -11.758718|  -11.209308|    0.081266|    0.001081|
|         584|  -11.771021|  -11.221589|    0.081266|    0.001081|
|         585|  -11.783359|  -11.233901|    0.081266|    0.001081|
|         586|  -11.795735|  -11.246245|    0.081266|    0.001081|
|         587|  -11.808150|  -11.258625|    0.081266|    0.001081|
|         588|  -11.820606|  -11.271041|    0.081266|    0.001081|
|         589|  -11.833104|  -11.283497|    0.081266|    0.001081|
|         590|  -11.845644|  -11.295992|    0.081266|    0.001081|
|         591|  -11.858227|  -11.308527|    0.081266|    0.001081|
|         592|  -11.870853|  -11.321103|    0.081266|    0.001081|
|         593|  -11.883520|  -11.333719|    0.081266|    0.001081|
|         594|  -11.896228|  -11.346375|    0.081266|    0.001081|
|         595|  -11.908976|  -11.359071|    0.081266|    0.001081|
|         596|  -11.921764|  -11.371806|    0.081266|    0.001081|
|         597|  -11.934589|  -11.384580|    0.081266|    0.001081|
|         598|  -11.947450|  -11.397391|    0.081266|    0.001081|
|         599|  -11.960346|  -11.410239|    0.081266|    0.001081|
|         600|  -11.973276|  -11.423123|    0.081266|    0.001081|
|         601|  -11.986235|  -11.436040|    0.081266|    0.001081|
|         602|  -11.999223|  -11.448990|    0.081266|    0.001081|
|         603|  -12.012238|  -11.461971|    0.081266|    0.001081|
|         604|  -12.025275|  -11.474980|    0.081266|    0.001081|
|         605|  -12.038332|  -11.488014|    0.081266|    0.001081|
|         606|  -12.051406|  -11.501071|    0.081266|    0.001081|
|         607|  -12.064492|  -11.514147|    0.081266|    0.001081|
|         608|  -12.077586|  -11.527238|    0.081266|    0.001081|
|         609|  -12.090683|  -11.540340|    0.081266|    0.001081|
|         610|  -12.103778|  -11.553448|    0.081266|    0.001081|
|         611|  -12.116866|  -11.566556|    0.081266|    0.001081|
|         612|  -12.129941|  -11.579659|    0.081266|    0.001081|
|         613|  -12.142997|  -11.592751|    0.081266|    0.001081|
|         614|  -12.156028|  -11.605825|    0.081266|    0.001081|
|         615|  -12.169026|  -11.618875|    0.081266|    0.001081|
|         616|  -12.181986|  -11.631893|    0.081266|    0.001081|
|         617|  -12.194902|  -11.644872|    0.081266|    0.001081|
|         618|  -12.207766|  -11.657807|    0.081266|    0.001081|
|         619|  -12.220574|  -11.670689|    0.081266|    0.001081|
|         620|  -12.233320|  -11.683514|    0.081266|    0.001081|
|         621|  -12.245999|  -11.696275|    0.081266|    0.001081|
|         622|  -12.258607|  -11.708966|    0.081266|    0.001081|
|         623|  -12.271140|  -11.721584|    0.081266|    0.001081|
|         624|  -12.283598|  -11.734124|    0.081266|    0.001081|
|         625|  -12.295977|  -11.746585|    0.081266|    0.001081|
|         626|  -12.308277|  -11.758963|    0.081266|    0.001081|
|         627|  -12.320500|  -11.771259|    0.081266|    0.001081|
|         628|  -12.332646|  -11.783474|    0.081266|    0.001081|
|         629|  -12.344719|  -11.795609|    0.081266|    0.001081|
|         630|  -12.356723|  -11.807666|    0.081266|    0.001081|
|         631|  -12.368662|  -11.819650|    0.081266|    0.001081|
|         632|  -12.380541|  -11.831566|    0.081266|    0.001081|
|         633|  -12.392369|  -11.843420|    0.081266|    0.001081|
|         634|  -12.404151|  -11.855219|    0.081266|    0.001081|
|         635|  -12.415896|  -11.866970|    0.081266|    0.001081|
|         636|  -12.427612|  -11.878682|    0.081266|    0.001081|
|         637|  -12.439307|  -11.890363|    0.081266|    0.001081|
|         638|  -12.450990|  -11.902022|    0.081266|    0.001081|
|         639|  -12.462671|  -11.913670|    0.081266|    0.001081|
|         640|  -12.474358|  -11.925315|    0.081266|    0.001081|
|         641|  -12.486059|  -11.936966|    0.081266|    0.001081|
|         642|  -12.497783|  -11.948634|    0.081266|    0.001081|
|         643|  -12.509537|  -11.960324|    0.081266|    0.001081|
|         644|  -12.521332|  -11.972050|    0.081266|    0.001081|
|         645|  -12.533169|  -11.983815|    0.081266|    0.001081|
|         646|  -12.545057|  -11.995627|    0.081266|    0.001081|
|         647|  -12.557002|  -12.007495|    0.081266|    0.001081|
|         648|  -12.569008|  -12.019422|    0.081266|    0.001081|
|         649|  -12.581078|  -12.031415|    0.081266|    0.001081|
|         650|  -12.593218|  -12.043478|    0.081266|    0.001081|
|         651|  -12.605428|  -12.055614|    0.081266|    0.001081|
|         652|  -12.617712|  -12.067825|    0.081266|    0.001081|
|         653|  -12.630069|  -12.080114|    0.081266|    0.001081|
|         654|  -12.642499|  -12.092483|    0.081266|    0.001081|
|         655|  -12.655001|  -12.104929|    0.081266|    0.001081|
|         656|  -12.667577|  -12.117453|    0.081266|    0.001081|
|         657|  -12.680222|  -12.130057|    0.081266|    0.001081|
|         658|  -12.692934|  -12.142732|    0.081266|    0.001081|
|         659|  -12.705709|  -12.155480|    0.081266|    0.001081|
|         660|  -12.718545|  -12.168295|    0.081266|    0.001081|
|         661|  -12.731435|  -12.181173|    0.081266|    0.001081|
|         662|  -12.744376|  -12.194111|    0.081266|    0.001081|
|         663|  -12.757360|  -12.207102|    0.081266|    0.001081|
|         664|  -12.770383|  -12.220137|    0.081266|    0.001081|
|         665|  -12.783435|  -12.233210|    0.081266|    0.001081|
|         666|  -12.796512|  -12.246316|    0.081266|    0.001081|
|         667|  -12.809606|  -12.259446|    0.081266|    0.001081|
|         668|  -12.822707|  -12.272588|    0.081266|    0.001081|
|         669|  -12.835809|  -12.285738|    0.081266|    0.001081|
|         670|  -12.848902|  -12.298884|    0.081266|    0.001081|
|         671|  -12.861979|  -12.312020|    0.081266|    0.001081|
|         672|  -12.875031|  -12.325133|    0.081266|    0.001081|
|         673|  -12.888050|  -12.338218|    0.081266|    0.001081|
|         674|  -12.901032|  -12.351266|    0.081266|    0.001081|
|         675|  -12.913963|  -12.364265|    0.081266|    0.001081|
|         676|  -12.926840|  -12.377209|    0.081266|    0.001081|
|         677|  -12.939653|  -12.390091|    0.081266|    0.001081|
|         678|  -12.952403|  -12.402905|    0.081266|    0.001081|
|         679|  -12.965080|  -12.415645|    0.081266|    0.001081|
|         680|  -12.977682|  -12.428307|    0.081266|    0.001081|
|         681|  -12.990206|  -12.440887|    0.081266|    0.001081|
|         682|  -13.002651|  -12.453382|    0.081266|    0.001081|

----------------------------- Solver Exit -------------------------------
All convergence criteria satisfied.
+-----------------------------------------------------------------------+
|      Convergence Field     |     Value    |   Criterion  |  Converged |
+-----------------------------------------------------------------------+
|                    rms[Rho]|      -13.0027|         < -13|         Yes|
+-----------------------------------------------------------------------+
-------------------------------------------------------------------------
+-----------------------------------------------------------------------+
|        File Writing Summary       |              Filename             |
+-----------------------------------------------------------------------+
|SU2 binary restart                 |restart_flow.dat                   |
|Paraview                           |flow.vtu                           |
|Paraview surface                   |surface_flow.vtu                   |
|CSV file                           |surface_flow.csv                   |
+-----------------------------------------------------------------------+

--------------------------- Finalizing Solver ---------------------------
Deleted CNumerics container.
Deleted CIntegration container.
Deleted CSolver container.
Deleted CIteration container.
Deleted CInterface container.
Deleted CGeometry container.
Deleted CFreeFormDefBox class.
Deleted CSurfaceMovement class.
Deleted CVolumetricMovement class.
Deleted CConfig container.
Deleted nInst container.
Deleted COutput class.
-------------------------------------------------------------------------

------------------------- Exit Success (SU2_CFD) ------------------------

