
-------------------------------------------------------------------------
|    ___ _   _ ___                                                      |
|   / __| | | |_  )   Release 8.3.0 "Harrier"                           |
|   \__ \ |_| |/ /                                                      |
|   |___/\___//___|   Suite (Computational Fluid Dynamics Code)         |
|                                                                       |
-------------------------------------------------------------------------
| SU2 Project Website: https://su2code.github.io                        |
|                                                                       |
| The SU2 Project is maintained by the SU2 Foundation                   |
| (http://su2foundation.org)                                            |
-------------------------------------------------------------------------
| Copyright 2012-2025, SU2 Contributors                                 |
|                                                                       |
| SU2 is free software; you can redistribute it and/or                  |
| modify it under the terms of the GNU Lesser General Public            |
| License as published by the Free Software Foundation; either          |
| version 2.1 of the License, or (at your option) any later version.    |
|                                                                       |
| SU2 is distributed in the hope that it will be useful,                |
| but WITHOUT ANY WARRANTY; without even the implied warranty of        |
| MERCHANTABILITY or FITNESS FOR A PARTICULAR PURPOSE. See the GNU      |
| Lesser General Public License for more details.                       |
|                                                                       |
| You should have received a copy of the GNU Lesser General Public      |
| License along with SU2. If not, see <http://www.gnu.org/licenses/>.   |
-------------------------------------------------------------------------

Parsing config file for zone 0

----------------- Physical Case Definition ( Zone 0 ) -------------------
Compressible Euler equations.
Mach number: 0.8.
Angle of attack (AoA): 1.25 deg, and angle of sideslip (AoS): 0 deg.
No restart solution, use the values at infinity (freestream).
Non-Dimensional simulation (P=1.0, Rho=1.0, T=1.0 at the farfield).
The reference area is 1 m^2.
The semi-span will be computed using the max y(3D) value.
The reference length is 1 m.
Reference origin for moment evaluation is (0.25, 0, 0).
Surface(s) where the force coefficients are evaluated: airfoil.

Surface(s) plotted in the output file: airfoil.
Surface(s) affected by the design variables: airfoil.
Input mesh file name: mesh_NACA0012_inv_deform.su2

--------------- Space Numerical Integration ( Zone 0 ) ------------------
Jameson-Schmidt-Turkel scheme (2nd order in space) for the flow inviscid terms.
JST viscous coefficients (2nd & 4th): 0.5, 0.02.
The method includes a grid stretching correction (p = 0.3).
Gradient for viscous and source terms: Green-Gauss.

--------------- Time Numerical Integration  ( Zone 0 ) ------------------
Local time stepping (steady state simulation).
Euler implicit method for the flow equations.
FGMRES is used for solving the linear system.
Using a LU-SGS preconditioning.
Convergence criteria of the linear solver: 0.0001.
Max number of linear iterations: 2.
V Multigrid Cycle, with 2 multigrid levels.
Damping factor for the residual restriction: 1.
Damping factor for the correction prolongation: 1.
No CFL adaptation.
+-------------------------------------------+
|  MG Level| Presmooth|PostSmooth|CorrectSmo|
+-------------------------------------------+
|         0|         1|         0|         0|
|         1|         2|         0|         0|
|         2|         3|         0|         0|
+-------------------------------------------+
Courant-Friedrichs-Lewy number:       10

------------------ Convergence Criteria  ( Zone 0 ) ---------------------
Maximum number of solver subiterations: 1000.
Begin convergence monitoring at iteration 10.
Residual minimum value: 1e-13.
Cauchy series min. value: 1e-06.
Number of Cauchy elements: 100.
Begin windowed time average at iteration 0.

-------------------- Output Information ( Zone 0 ) ----------------------
File writing frequency: 
+------------------------------------+
|                     File| Frequency|
+------------------------------------+
|                  RESTART|       250|
|                 PARAVIEW|       250|
|         SURFACE_PARAVIEW|       250|
|              SURFACE_CSV|       250|
+------------------------------------+
Writing the convergence history file every 1 inner iterations.
Writing the screen convergence history every 1 inner iterations.
The tabular file format is CSV (.csv).
Convergence history file name: history_direct.
Forces breakdown file name: forces_breakdown.dat.
Surface file name: surface_flow.
Volume file name: flow.
Restart file name: restart_flow.

------------- Config File Boundary Information ( Zone 0 ) ---------------
+-----------------------------------------------------------------------+
|                        Marker Type|                        Marker Name|
+-----------------------------------------------------------------------+
|                         Euler wall|                            airfoil|
+-----------------------------------------------------------------------+
|                          Far-field|                           farfield|
+-----------------------------------------------------------------------+

-------------------- Output Preprocessing ( Zone 0 ) --------------------

WARNING: SURFACE_PRESSURE_DROP can only be computed for at least 2 surfaces (outlet, inlet, ...)

Screen output fields: INNER_ITER, RMS_DENSITY, RMS_ENERGY, LIFT, DRAG
History output group(s): ITER, RMS_RES, AERO_COEFF
Convergence field(s): RMS_DENSITY
Warning: No (valid) fields chosen for time convergence monitoring. Time convergence monitoring inactive.
Volume output fields: COORDINATES, SOLUTION, PRIMITIVE

------------------- Geometry Preprocessing ( Zone 0 ) -------------------
Two dimensional problem.
5233 grid points.
10216 volume elements.
2 surface markers.
200 boundary elements in index 0 (Marker = airfoil).
50 boundary elements in index 1 (Marker = farfield).
10216 triangles.
Setting point connectivity.
Renumbering points (Reverse Cuthill McKee Ordering).
Recomputing point connectivity.
Setting element connectivity.
Checking the numerical grid orientation.
All volume elements are correctly oriented.
All surface elements are correctly oriented.
Identifying edges and vertices.
Setting the control volume structure.
Area of the computational grid: 1253.25.
Searching for the closest normal neighbors to the surfaces.
Storing a mapping from global to local point index.
Compute the surface curvature.
Max K: 7835.1. Mean K: 35.0737. Standard deviation K: 494.416.
Checking for periodicity.
Computing mesh quality statistics for the dual control volumes.
+--------------------------------------------------------------+
|           Mesh Quality Metric|        Minimum|        Maximum|
+--------------------------------------------------------------+
|    Orthogonality Angle (deg.)|        62.8748|        89.7318|
|     CV Face Area Aspect Ratio|        1.01411|        7.18682|
|           CV Sub-Volume Ratio|        1.00273|        6.47639|
+--------------------------------------------------------------+
Setting the multigrid structure.
+-------------------------------------------+
|  MG Level|       CVs|Aggl. Rate|       CFL|
+-------------------------------------------+
|         0|      5233|    1/1.00|        10|
|         1|      1690|     1/3.1|   8.52431|
|         2|       649|     1/2.6|   7.92373|
+-------------------------------------------+
Finding max control volume width.
Wetted area = 2.04152 m.
Area projection in the x-plane = 0.117116 m, y-plane = 0.999845 m.
Max. coordinate in the x-direction = 1 m, y-direction = 0.0529413 m.
Min. coordinate in the x-direction = 0 m, y-direction = -0.0641923 m.
Computing wall distances.

-------------------- Solver Preprocessing ( Zone 0 ) --------------------
Inviscid flow: Computing density based on free-stream
temperature and pressure using the ideal gas law.
Force coefficients computed using free-stream values.

-- Models:
+------------------------------------------------------------------------------+
|          Viscosity Model|        Conductivity Model|              Fluid Model|
+------------------------------------------------------------------------------+
|                        -|                         -|             STANDARD_AIR|
+------------------------------------------------------------------------------+
-- Fluid properties:
+------------------------------------------------------------------------------+
|                  Name|    Dim. value|    Ref. value|      Unit|Non-dim. value|
+------------------------------------------------------------------------------+
|          Gas Constant|       287.058|       287.058|  N.m/kg.K|             1|
|      Spec. Heat Ratio|             -|             -|         -|           1.4|
+------------------------------------------------------------------------------+
-- Initial and free-stream conditions:
+------------------------------------------------------------------------------+
|                  Name|    Dim. value|    Ref. value|      Unit|Non-dim. value|
+------------------------------------------------------------------------------+
|       Static Pressure|        101325|        101325|        Pa|             1|
|               Density|       1.29225|       1.29225|    kg/m^3|             1|
|           Temperature|        273.15|        273.15|         K|             1|
|          Total Energy|        231152|       78409.9|   m^2/s^2|         2.948|
|            Velocity-X|       264.994|       280.018|       m/s|      0.946348|
|            Velocity-Y|       5.78219|       280.018|       m/s|     0.0206494|
|    Velocity Magnitude|       265.057|       280.018|       m/s|      0.946573|
+------------------------------------------------------------------------------+
|           Mach Number|             -|             -|         -|           0.8|
+------------------------------------------------------------------------------+
Initialize Jacobian structure (Euler). MG level: 0.
Initialize Jacobian structure (Euler). MG level: 1.
Initialize Jacobian structure (Euler). MG level: 2.

------------------- Numerics Preprocessing ( Zone 0 ) -------------------

----------------- Integration Preprocessing ( Zone 0 ) ------------------

------------------- Iteration Preprocessing ( Zone 0 ) ------------------
Euler/Navier-Stokes/RANS fluid iteration.

------------------------------ Begin Solver -----------------------------

Simulation Run using the Single-zone Driver
WARNING: SU2 was not compiled for an AVX-capable architecture. Performance could be better,
         see https://su2code.github.io/docs_v7/Build-SU2-Linux-MacOS/#compiler-optimizations
WARNING: SU2 was not compiled for an AVX-capable architecture. Performance could be better,
         see https://su2code.github.io/docs_v7/Build-SU2-Linux-MacOS/#compiler-optimizations
WARNING: SU2 was not compiled for an AVX-capable architecture. Performance could be better,
         see https://su2code.github.io/docs_v7/Build-SU2-Linux-MacOS/#compiler-optimizations
+----------------------------------------------------------------+
|  Inner_Iter|    rms[Rho]|   rms[RhoE]|          CL|          CD|
+----------------------------------------------------------------+
|           0|   -3.581347|   -2.984969|    0.140174|    0.240716|
|           1|   -3.833736|   -3.222810|    0.030093|    0.092452|
|           2|   -3.768591|   -3.170203|    0.038724|    0.068115|
|           3|   -3.714040|   -3.121669|    0.071325|    0.082996|
|           4|   -3.663353|   -3.074184|    0.066829|    0.062731|
|           5|   -3.658610|   -3.073536|    0.062483|    0.049484|
|           6|   -3.655040|   -3.076450|    0.061219|    0.045477|
|           7|   -3.659256|   -3.082863|    0.058445|    0.040950|
|           8|   -3.642208|   -3.064820|    0.056182|    0.035242|
|           9|   -3.656733|   -3.082887|    0.054734|    0.030542|
|          10|   -3.663400|   -3.093558|    0.053771|    0.027243|
|          11|   -3.669557|   -3.102033|    0.053059|    0.024213|
|          12|   -3.674696|   -3.107704|    0.052173|    0.020963|
|          13|   -3.677928|   -3.109536|    0.051313|    0.017767|
|          14|   -3.686049|   -3.115520|    0.050929|    0.014812|
|          15|   -3.696328|   -3.123934|    0.050943|    0.012041|
|          16|   -3.707333|   -3.134402|    0.051091|    0.009355|
|          17|   -3.720091|   -3.148208|    0.051304|    0.006714|
|          18|   -3.734900|   -3.164924|    0.051564|    0.004123|
|          19|   -3.752613|   -3.184472|    0.051705|    0.001619|
|          20|   -3.773972|   -3.207070|    0.051639|   -0.000729|
|          21|   -3.797421|   -3.231044|    0.051558|   -0.002811|
|          22|   -3.820311|   -3.253907|    0.051711|   -0.004520|
|          23|   -3.841581|   -3.274825|    0.052206|   -0.005780|
|          24|   -3.861341|   -3.294081|    0.053267|   -0.006519|
|          25|   -3.880643|   -3.312888|    0.054691|   -0.006744|
|          26|   -3.900886|   -3.332758|    0.056312|   -0.006484|
|          27|   -3.923150|   -3.354901|    0.058120|   -0.005778|
|          28|   -3.947363|   -3.379328|    0.060017|   -0.004700|
|          29|   -3.973008|   -3.405607|    0.061887|   -0.003360|
|          30|   -4.000265|   -3.434047|    0.063609|   -0.001877|
|          31|   -4.029700|   -3.465017|    0.065049|   -0.000355|
|          32|   -4.061028|   -3.497816|    0.066112|    0.001117|
|          33|   -4.093762|   -3.531678|    0.066726|    0.002468|
|          34|   -4.127399|   -3.565876|    0.066945|    0.003656|
|          35|   -4.161288|   -3.599739|    0.066875|    0.004654|
|          36|   -4.194911|   -3.632930|    0.066603|    0.005439|
|          37|   -4.227678|   -3.665193|    0.066176|    0.005994|
|          38|   -4.258994|   -3.696209|    0.065635|    0.006315|
|          39|   -4.288486|   -3.725745|    0.065046|    0.006409|
|          40|   -4.316032|   -3.753730|    0.064475|    0.006296|
|          41|   -4.341758|   -3.780262|    0.063978|    0.006006|
|          42|   -4.365834|   -3.805391|    0.063599|    0.005576|
|          43|   -4.388508|   -3.829191|    0.063361|    0.005042|
|          44|   -4.410002|   -3.851729|    0.063270|    0.004443|
|          45|   -4.430325|   -3.872897|    0.063321|    0.003812|
|          46|   -4.449313|   -3.892482|    0.063508|    0.003181|
|          47|   -4.466739|   -3.910274|    0.063821|    0.002577|
|          48|   -4.482308|   -3.926023|    0.064243|    0.002025|
|          49|   -4.495980|   -3.939770|    0.064765|    0.001540|
|          50|   -4.508016|   -3.951870|    0.065373|    0.001135|
|          51|   -4.518903|   -3.962906|    0.066064|    0.000817|
|          52|   -4.529231|   -3.973518|    0.066836|    0.000588|
|          53|   -4.539399|   -3.984066|    0.067679|    0.000447|
|          54|   -4.549869|   -3.994970|    0.068577|    0.000387|
|          55|   -4.561263|   -4.006811|    0.069499|    0.000399|
|          56|   -4.574242|   -4.020187|    0.070419|    0.000470|
|          57|   -4.589098|   -4.035388|    0.071323|    0.000588|
|          58|   -4.606032|   -4.052665|    0.072201|    0.000739|
|          59|   -4.625036|   -4.072071|    0.073032|    0.000911|
|          60|   -4.645864|   -4.093413|    0.073799|    0.001088|
|          61|   -4.668229|   -4.116399|    0.074497|    0.001260|
|          62|   -4.691814|   -4.140679|    0.075128|    0.001418|
|          63|   -4.716001|   -4.165558|    0.075688|    0.001553|
|          64|   -4.740118|   -4.190314|    0.076173|    0.001662|
|          65|   -4.763681|   -4.214371|    0.076586|    0.001740|
|          66|   -4.786306|   -4.237283|    0.076926|    0.001789|
|          67|   -4.807816|   -4.258866|    0.077192|    0.001808|
|          68|   -4.828317|   -4.279234|    0.077388|    0.001800|
|          69|   -4.848180|   -4.298774|    0.077523|    0.001769|
|          70|   -4.867678|   -4.317823|    0.077608|    0.001719|
|          71|   -4.887074|   -4.336690|    0.077653|    0.001654|
|          72|   -4.906576|   -4.355650|    0.077669|    0.001580|
|          73|   -4.926366|   -4.374951|    0.077660|    0.001499|
|          74|   -4.946561|   -4.394745|    0.077635|    0.001417|
|          75|   -4.967246|   -4.415128|    0.077601|    0.001338|
|          76|   -4.988319|   -4.436000|    0.077568|    0.001263|
|          77|   -5.009612|   -4.457182|    0.077541|    0.001196|
|          78|   -5.030878|   -4.478407|    0.077526|    0.001138|
|          79|   -5.051903|   -4.499439|    0.077524|    0.001090|
|          80|   -5.072571|   -4.520148|    0.077540|    0.001053|
|          81|   -5.092740|   -4.540372|    0.077575|    0.001025|
|          82|   -5.112355|   -4.560082|    0.077629|    0.001006|
|          83|   -5.131465|   -4.579365|    0.077705|    0.000995|
|          84|   -5.150142|   -4.598309|    0.077799|    0.000991|
|          85|   -5.168537|   -4.617065|    0.077913|    0.000994|
|          86|   -5.186757|   -4.635722|    0.078044|    0.001000|
|          87|   -5.204859|   -4.654320|    0.078189|    0.001010|
|          88|   -5.222902|   -4.672904|    0.078343|    0.001022|
|          89|   -5.240895|   -4.691428|    0.078503|    0.001035|
|          90|   -5.258781|   -4.709801|    0.078667|    0.001048|
|          91|   -5.276454|   -4.727885|    0.078830|    0.001061|
|          92|   -5.293876|   -4.745628|    0.078991|    0.001073|
|          93|   -5.311055|   -4.763007|    0.079147|    0.001083|
|          94|   -5.327983|   -4.779990|    0.079296|    0.001092|
|          95|   -5.344565|   -4.796480|    0.079437|    0.001098|
|          96|   -5.360683|   -4.812367|    0.079570|    0.001103|
|          97|   -5.376338|   -4.827682|    0.079695|    0.001106|
|          98|   -5.391644|   -4.842591|    0.079811|    0.001108|
|          99|   -5.406677|   -4.857213|    0.079918|    0.001108|
|         100|   -5.421515|   -4.871651|    0.080017|    0.001108|
|         101|   -5.436265|   -4.886035|    0.080108|    0.001106|
|         102|   -5.450990|   -4.900443|    0.080194|    0.001104|
|         103|   -5.465735|   -4.914927|    0.080274|    0.001102|
|         104|   -5.480521|   -4.929504|    0.080350|    0.001099|
|         105|   -5.495349|   -4.944179|    0.080422|    0.001097|
|         106|   -5.510173|   -4.958901|    0.080489|    0.001095|
|         107|   -5.524989|   -4.973649|    0.080554|    0.001093|
|         108|   -5.539757|   -4.988367|    0.080617|    0.001092|
|         109|   -5.554441|   -5.003006|    0.080677|    0.001091|
|         110|   -5.569085|   -5.017606|    0.080735|    0.001090|
|         111|   -5.583663|   -5.032130|    0.080792|    0.001090|
|         112|   -5.598246|   -5.046664|    0.080847|    0.001091|
|         113|   -5.612844|   -5.061230|    0.080900|    0.001091|
|         114|   -5.627557|   -5.075931|    0.080952|    0.001092|
|         115|   -5.642400|   -5.090784|    0.081003|    0.001092|
|         116|   -5.657347|   -5.105758|    0.081052|    0.001093|
|         117|   -5.672470|   -5.120930|    0.081100|    0.001093|
|         118|   -5.687809|   -5.136345|    0.081145|    0.001094|
|         119|   -5.703333|   -5.151971|    0.081188|    0.001094|
|         120|   -5.719019|   -5.167781|    0.081229|    0.001095|
|         121|   -5.734870|   -5.183775|    0.081267|    0.001095|
|         122|   -5.750859|   -5.199919|    0.081302|    0.001095|
|         123|   -5.766965|   -5.216190|    0.081334|    0.001094|
|         124|   -5.783143|   -5.232538|    0.081363|    0.001094|
|         125|   -5.799354|   -5.248922|    0.081388|    0.001094|
|         126|   -5.815556|   -5.265291|    0.081410|    0.001093|
|         127|   -5.831716|   -5.281608|    0.081429|    0.001093|
|         128|   -5.847770|   -5.297815|    0.081445|    0.001092|
|         129|   -5.863632|   -5.313822|    0.081458|    0.001092|
|         130|   -5.879281|   -5.329595|    0.081468|    0.001092|
|         131|   -5.894714|   -5.345127|    0.081476|    0.001091|
|         132|   -5.909867|   -5.360357|    0.081481|    0.001091|
|         133|   -5.924660|   -5.375208|    0.081484|    0.001091|
|         134|   -5.939051|   -5.389636|    0.081485|    0.001090|
|         135|   -5.953049|   -5.403648|    0.081484|    0.001090|
|         136|   -5.966665|   -5.417251|    0.081481|    0.001090|
|         137|   -5.979894|   -5.430442|    0.081477|    0.001090|
|         138|   -5.992755|   -5.443243|    0.081472|    0.001089|
|         139|   -6.005309|   -5.455711|    0.081466|    0.001089|
|         140|   -6.017608|   -5.467898|    0.081459|    0.001089|
|         141|   -6.029739|   -5.479890|    0.081451|    0.001089|
|         142|   -6.041769|   -5.491760|    0.081443|    0.001088|
|         143|   -6.053740|   -5.503555|    0.081434|    0.001088|
|         144|   -6.065704|   -5.515328|    0.081426|    0.001088|
|         145|   -6.077748|   -5.527175|    0.081417|    0.001087|
|         146|   -6.089914|   -5.539145|    0.081408|    0.001087|
|         147|   -6.102257|   -5.551298|    0.081400|    0.001086|
|         148|   -6.114810|   -5.563669|    0.081392|    0.001086|
|         149|   -6.127581|   -5.576267|    0.081384|    0.001086|
|         150|   -6.140614|   -5.589143|    0.081376|    0.001085|
|         151|   -6.153912|   -5.602307|    0.081369|    0.001085|
|         152|   -6.167477|   -5.615765|    0.081363|    0.001084|
|         153|   -6.181301|   -5.629510|    0.081356|    0.001084|
|         154|   -6.195348|   -5.643504|    0.081351|    0.001083|
|         155|   -6.209614|   -5.657744|    0.081345|    0.001083|
|         156|   -6.224078|   -5.672214|    0.081341|    0.001083|
|         157|   -6.238656|   -5.686831|    0.081336|    0.001082|
|         158|   -6.253307|   -5.701558|    0.081333|    0.001082|
|         159|   -6.267983|   -5.716337|    0.081329|    0.001082|
|         160|   -6.282603|   -5.731085|    0.081327|    0.001082|
|         161|   -6.297131|   -5.745764|    0.081324|    0.001082|
|         162|   -6.311512|   -5.760316|    0.081322|    0.001082|
|         163|   -6.325686|   -5.774677|    0.081320|    0.001082|
|         164|   -6.339586|   -5.788768|    0.081319|    0.001082|
|         165|   -6.353188|   -5.802569|    0.081318|    0.001082|
|         166|   -6.366479|   -5.816065|    0.081317|    0.001082|
|         167|   -6.379468|   -5.829255|    0.081317|    0.001082|
|         168|   -6.392187|   -5.842167|    0.081316|    0.001082|
|         169|   -6.404651|   -5.854809|    0.081316|    0.001082|
|         170|   -6.416880|   -5.867198|    0.081317|    0.001082|
|         171|   -6.428903|   -5.879361|    0.081317|    0.001082|
|         172|   -6.440769|   -5.891345|    0.081318|    0.001083|
|         173|   -6.452541|   -5.903208|    0.081319|    0.001083|
|         174|   -6.464268|   -5.915002|    0.081320|    0.001083|
|         175|   -6.475988|   -5.926761|    0.081321|    0.001083|
|         176|   -6.487722|   -5.938510|    0.081323|    0.001083|
|         177|   -6.499517|   -5.950295|    0.081324|    0.001083|
|         178|   -6.511409|   -5.962157|    0.081326|    0.001083|
|         179|   -6.523395|   -5.974085|    0.081327|    0.001083|
|         180|   -6.535535|   -5.986145|    0.081329|    0.001083|
|         181|   -6.547877|   -5.998391|    0.081330|    0.001083|
|         182|   -6.560405|   -6.010807|    0.081332|    0.001083|
|         183|   -6.573113|   -6.023391|    0.081333|    0.001083|
|         184|   -6.586005|   -6.036154|    0.081334|    0.001083|
|         185|   -6.599060|   -6.049071|    0.081335|    0.001083|
|         186|   -6.612272|   -6.062140|    0.081336|    0.001083|
|         187|   -6.625614|   -6.075335|    0.081337|    0.001083|
|         188|   -6.639032|   -6.088607|    0.081338|    0.001082|
|         189|   -6.652489|   -6.101923|    0.081338|    0.001082|
|         190|   -6.665976|   -6.115275|    0.081339|    0.001082|
|         191|   -6.679477|   -6.128647|    0.081339|    0.001082|
|         192|   -6.692970|   -6.142020|    0.081339|    0.001082|
|         193|   -6.706439|   -6.155379|    0.081339|    0.001082|
|         194|   -6.719871|   -6.168713|    0.081338|    0.001082|
|         195|   -6.733244|   -6.182000|    0.081338|    0.001082|
|         196|   -6.746532|   -6.195218|    0.081337|    0.001082|
|         197|   -6.759727|   -6.208359|    0.081336|    0.001082|
|         198|   -6.772859|   -6.221454|    0.081334|    0.001082|
|         199|   -6.785931|   -6.234496|    0.081333|    0.001082|
|         200|   -6.798959|   -6.247505|    0.081331|    0.001082|
|         201|   -6.811970|   -6.260508|    0.081330|    0.001082|
|         202|   -6.824982|   -6.273525|    0.081328|    0.001082|
|         203|   -6.838022|   -6.286582|    0.081326|    0.001081|
|         204|   -6.851126|   -6.299711|    0.081323|    0.001081|
|         205|   -6.864339|   -6.312958|    0.081321|    0.001081|
|         206|   -6.877651|   -6.326306|    0.081319|    0.001081|
|         207|   -6.891074|   -6.339770|    0.081316|    0.001081|
|         208|   -6.904625|   -6.353365|    0.081314|    0.001081|
|         209|   -6.918319|   -6.367106|    0.081311|    0.001081|
|         210|   -6.932172|   -6.381008|    0.081309|    0.001081|
|         211|   -6.946190|   -6.395077|    0.081306|    0.001081|
|         212|   -6.960365|   -6.409301|    0.081304|    0.001081|
|         213|   -6.974699|   -6.423686|    0.081301|    0.001081|
|         214|   -6.989186|   -6.438227|    0.081299|    0.001081|
|         215|   -7.003802|   -6.452898|    0.081296|    0.001081|
|         216|   -7.018527|   -6.467680|    0.081294|    0.001081|
|         217|   -7.033336|   -6.482549|    0.081292|    0.001081|
|         218|   -7.048186|   -6.497461|    0.081289|    0.001081|
|         219|   -7.063038|   -6.512378|    0.081287|    0.001081|
|         220|   -7.077860|   -6.527267|    0.081285|    0.001081|
|         221|   -7.092606|   -6.542081|    0.081283|    0.001081|
|         222|   -7.107225|   -6.556767|    0.081282|    0.001081|
|         223|   -7.121685|   -6.571296|    0.081280|    0.001081|
|         224|   -7.135947|   -6.585624|    0.081278|    0.001081|
|         225|   -7.149976|   -6.599716|    0.081277|    0.001081|
|         226|   -7.163744|   -6.613543|    0.081276|    0.001081|
|         227|   -7.177231|   -6.627083|    0.081274|    0.001081|
|         228|   -7.190410|   -6.640309|    0.081273|    0.001081|
|         229|   -7.203300|   -6.653240|    0.081272|    0.001081|
|         230|   -7.215913|   -6.665883|    0.081271|    0.001081|
|         231|   -7.228270|   -6.678259|    0.081270|    0.001081|
|         232|   -7.240402|   -6.690394|    0.081269|    0.001081|
|         233|   -7.252339|   -6.702321|    0.081269|    0.001081|
|         234|   -7.264122|   -6.714082|    0.081268|    0.001081|
|         235|   -7.275798|   -6.725723|    0.081268|    0.001081|
|         236|   -7.287417|   -6.737294|    0.081267|    0.001081|
|         237|   -7.299029|   -6.748847|    0.081267|    0.001081|
|         238|   -7.310685|   -6.760434|    0.081266|    0.001081|
|         239|   -7.322432|   -6.772104|    0.081266|    0.001081|
|         240|   -7.334317|   -6.783904|    0.081266|    0.001081|
|         241|   -7.346376|   -6.795873|    0.081265|    0.001081|
|         242|   -7.358643|   -6.808047|    0.081265|    0.001081|
|         243|   -7.371148|   -6.820457|    0.081265|    0.001081|
|         244|   -7.383911|   -6.833124|    0.081265|    0.001081|
|         245|   -7.396947|   -6.846067|    0.081265|    0.001081|
|         246|   -7.410266|   -6.859296|    0.081265|    0.001082|
|         247|   -7.423869|   -6.872814|    0.081265|    0.001082|
|         248|   -7.437753|   -6.886620|    0.081265|    0.001082|
|         249|   -7.451908|   -6.900704|    0.081264|    0.001082|
|         250|   -7.466318|   -6.915052|    0.081264|    0.001082|
+-----------------------------------------------------------------------+
|        File Writing Summary       |              Filename             |
+-----------------------------------------------------------------------+
|SU2 binary restart                 |restart_flow.dat                   |
|Paraview                           |flow.vtu                           |
|Paraview surface                   |surface_flow.vtu                   |
|CSV file                           |surface_flow.csv                   |
+-----------------------------------------------------------------------+
+----------------------------------------------------------------+
|  Inner_Iter|    rms[Rho]|   rms[RhoE]|          CL|          CD|
+----------------------------------------------------------------+
|         251|   -7.480962|   -6.929645|    0.081264|    0.001082|
|         252|   -7.495814|   -6.944456|    0.081264|    0.001082|
|         253|   -7.510844|   -6.959457|    0.081264|    0.001082|
|         254|   -7.526018|   -6.974613|    0.081264|    0.001082|
|         255|   -7.541301|   -6.989890|    0.081264|    0.001082|
|         256|   -7.556655|   -7.005250|    0.081264|    0.001082|
|         257|   -7.572043|   -7.020654|    0.081264|    0.001082|
|         258|   -7.587427|   -7.036064|    0.081264|    0.001082|
|         259|   -7.602771|   -7.051444|    0.081264|    0.001082|
|         260|   -7.618044|   -7.066759|    0.081264|    0.001082|
|         261|   -7.633215|   -7.081980|    0.081264|    0.001082|
|         262|   -7.648263|   -7.097081|    0.081264|    0.001082|
|         263|   -7.663167|   -7.112041|    0.081264|    0.001082|
|         264|   -7.677917|   -7.126846|    0.081264|    0.001082|
|         265|   -7.692505|   -7.141490|    0.081264|    0.001082|
|         266|   -7.706933|   -7.155969|    0.081264|    0.001082|
|         267|   -7.721206|   -7.170290|    0.081264|    0.001082|
|         268|   -7.735337|   -7.184463|    0.081264|    0.001082|
|         269|   -7.749341|   -7.198502|    0.081264|    0.001082|
|         270|   -7.763239|   -7.212428|    0.081264|    0.001082|
|         271|   -7.777051|   -7.226261|    0.081264|    0.001082|
|         272|   -7.790802|   -7.240026|    0.081264|    0.001082|
|         273|   -7.804517|   -7.253746|    0.081264|    0.001082|
|         274|   -7.818217|   -7.267447|    0.081264|    0.001082|
|         275|   -7.831924|   -7.281148|    0.081264|    0.001081|
|         276|   -7.845656|   -7.294870|    0.081264|    0.001081|
|         277|   -7.859428|   -7.308630|    0.081264|    0.001081|
|         278|   -7.873254|   -7.322441|    0.081264|    0.001081|
|         279|   -7.887140|   -7.336312|    0.081264|    0.001081|
|         280|   -7.901088|   -7.350247|    0.081264|    0.001081|
|         281|   -7.915097|   -7.364245|    0.081264|    0.001081|
|         282|   -7.929161|   -7.378302|    0.081264|    0.001081|
|         283|   -7.943272|   -7.392411|    0.081264|    0.001081|
|         284|   -7.957416|   -7.406559|    0.081264|    0.001081|
|         285|   -7.971578|   -7.420731|    0.081264|    0.001081|
|         286|   -7.985740|   -7.434911|    0.081264|    0.001081|
|         287|   -7.999882|   -7.449079|    0.081265|    0.001081|
|         288|   -8.013986|   -7.463215|    0.081265|    0.001081|
|         289|   -8.028033|   -7.477300|    0.081265|    0.001081|
|         290|   -8.042003|   -7.491315|    0.081265|    0.001081|
|         291|   -8.055880|   -7.505243|    0.081265|    0.001081|
|         292|   -8.069653|   -7.519069|    0.081265|    0.001081|
|         293|   -8.083310|   -7.532782|    0.081265|    0.001081|
|         294|   -8.096846|   -7.546375|    0.081265|    0.001081|
|         295|   -8.110259|   -7.559843|    0.081266|    0.001081|
|         296|   -8.123551|   -7.573187|    0.081266|    0.001081|
|         297|   -8.136729|   -7.586413|    0.081266|    0.001081|
|         298|   -8.149803|   -7.599530|    0.081266|    0.001081|
|         299|   -8.162787|   -7.612549|    0.081266|    0.001081|
|         300|   -8.175698|   -7.625486|    0.081266|    0.001081|
|         301|   -8.188553|   -7.638359|    0.081267|    0.001081|
|         302|   -8.201373|   -7.651186|    0.081267|    0.001081|
|         303|   -8.214177|   -7.663988|    0.081267|    0.001081|
|         304|   -8.226985|   -7.676784|    0.081267|    0.001081|
|         305|   -8.239817|   -7.689594|    0.081267|    0.001081|
|         306|   -8.252688|   -7.702434|    0.081267|    0.001081|
|         307|   -8.265614|   -7.715320|    0.081267|    0.001082|
|         308|   -8.278605|   -7.728265|    0.081267|    0.001082|
|         309|   -8.291671|   -7.741278|    0.081268|    0.001082|
|         310|   -8.304817|   -7.754367|    0.081268|    0.001082|
|         311|   -8.318044|   -7.767535|    0.081268|    0.001082|
|         312|   -8.331352|   -7.780781|    0.081268|    0.001082|
|         313|   -8.344733|   -7.794102|    0.081268|    0.001082|
|         314|   -8.358182|   -7.807492|    0.081268|    0.001082|
|         315|   -8.371685|   -7.820942|    0.081268|    0.001082|
|         316|   -8.385231|   -7.834439|    0.081268|    0.001082|
|         317|   -8.398803|   -7.847970|    0.081268|    0.001082|
|         318|   -8.412386|   -7.861520|    0.081268|    0.001082|
|         319|   -8.425962|   -7.875073|    0.081268|    0.001082|
|         320|   -8.439513|   -7.888613|    0.081268|    0.001082|
|         321|   -8.453024|   -7.902124|    0.081268|    0.001082|
|         322|   -8.466479|   -7.915590|    0.081268|    0.001082|
|         323|   -8.479865|   -7.928999|    0.081268|    0.001081|
|         324|   -8.493171|   -7.942339|    0.081268|    0.001081|
|         325|   -8.506388|   -7.955602|    0.081268|    0.001081|
|         326|   -8.519512|   -7.968781|    0.081268|    0.001081|
|         327|   -8.532540|   -7.981875|    0.081268|    0.001081|
|         328|   -8.545474|   -7.994882|    0.081268|    0.001081|
|         329|   -8.558319|   -8.007805|    0.081268|    0.001081|
|         330|   -8.571081|   -8.020652|    0.081268|    0.001081|
|         331|   -8.583771|   -8.033428|    0.081268|    0.001081|
|         332|   -8.596401|   -8.046146|    0.081268|    0.001081|
|         333|   -8.608984|   -8.058815|    0.081268|    0.001081|
|         334|   -8.621533|   -8.071450|    0.081268|    0.001081|
|         335|   -8.634065|   -8.084063|    0.081268|    0.001081|
|         336|   -8.646592|   -8.096666|    0.081268|    0.001081|
|         337|   -8.659129|   -8.109272|    0.081268|    0.001081|
|         338|   -8.671686|   -8.121891|    0.081268|    0.001081|
|         339|   -8.684273|   -8.134533|    0.081268|    0.001081|
|         340|   -8.696899|   -8.147204|    0.081268|    0.001081|
|         341|   -8.709567|   -8.159910|    0.081267|    0.001081|
|         342|   -8.722281|   -8.172652|    0.081267|    0.001081|
|         343|   -8.735038|   -8.185429|    0.081267|    0.001081|
|         344|   -8.747837|   -8.198239|    0.081267|    0.001081|
|         345|   -8.760671|   -8.211076|    0.081267|    0.001081|
|         346|   -8.773532|   -8.223932|    0.081267|    0.001081|
|         347|   -8.786410|   -8.236798|    0.081267|    0.001081|
|         348|   -8.799292|   -8.249664|    0.081267|    0.001081|
|         349|   -8.812166|   -8.262517|    0.081267|    0.001081|
|         350|   -8.825020|   -8.275344|    0.081267|    0.001081|
|         351|   -8.837839|   -8.288135|    0.081267|    0.001081|
|         352|   -8.850611|   -8.300877|    0.081267|    0.001081|
|         353|   -8.863326|   -8.313560|    0.081267|    0.001081|
|         354|   -8.875974|   -8.326176|    0.081267|    0.001081|
|         355|   -8.888549|   -8.338719|    0.081267|    0.001081|
|         356|   -8.901046|   -8.351185|    0.081267|    0.001081|
|         357|   -8.913465|   -8.363575|    0.081267|    0.001081|
|         358|   -8.925807|   -8.375890|    0.081267|    0.001081|
|         359|   -8.938079|   -8.388136|    0.081267|    0.001081|
|         360|   -8.950288|   -8.400322|    0.081267|    0.001081|
|         361|   -8.962447|   -8.412459|    0.081267|    0.001081|
|         362|   -8.974570|   -8.424563|    0.081267|    0.001081|
|         363|   -8.986672|   -8.436647|    0.081267|    0.001081|
|         364|   -8.998773|   -8.448732|    0.081267|    0.001081|
|         365|   -9.010890|   -8.460834|    0.081267|    0.001081|
|         366|   -9.023044|   -8.472974|    0.081267|    0.001081|
|         367|   -9.035255|   -8.485171|    0.081267|    0.001081|
|         368|   -9.047540|   -8.497443|    0.081267|    0.001081|
|         369|   -9.059919|   -8.509808|    0.081267|    0.001081|
|         370|   -9.072406|   -8.522281|    0.081267|    0.001081|
|         371|   -9.085016|   -8.534877|    0.081267|    0.001081|
|         372|   -9.097760|   -8.547606|    0.081267|    0.001081|
|         373|   -9.110647|   -8.560477|    0.081267|    0.001081|
|         374|   -9.123681|   -8.573495|    0.081267|    0.001081|
|         375|   -9.136864|   -8.586661|    0.081267|    0.001081|
|         376|   -9.150196|   -8.599975|    0.081267|    0.001081|
|         377|   -9.163670|   -8.613432|    0.081267|    0.001081|
|         378|   -9.177279|   -8.627024|    0.081267|    0.001081|
|         379|   -9.191010|   -8.640738|    0.081267|    0.001081|
|         380|   -9.204849|   -8.654562|    0.081267|    0.001081|
|         381|   -9.218778|   -8.668476|    0.081267|    0.001081|
|         382|   -9.232776|   -8.682462|    0.081267|    0.001081|
|         383|   -9.246822|   -8.696498|    0.081267|    0.001081|
|         384|   -9.260892|   -8.710562|    0.081267|    0.001081|
|         385|   -9.274961|   -8.724627|    0.081267|    0.001081|
|         386|   -9.289005|   -8.738672|    0.081267|    0.001081|
|         387|   -9.302999|   -8.752672|    0.081267|    0.001081|
|         388|   -9.316920|   -8.766603|    0.081267|    0.001081|
|         389|   -9.330747|   -8.780446|    0.081267|    0.001081|
|         390|   -9.344462|   -8.794181|    0.081267|    0.001081|
|         391|   -9.358047|   -8.807792|    0.081267|    0.001081|
|         392|   -9.371492|   -8.821266|    0.081267|    0.001081|
|         393|   -9.384786|   -8.834595|    0.081267|    0.001081|
|         394|   -9.397926|   -8.847774|    0.081267|    0.001081|
|         395|   -9.410912|   -8.860802|    0.081267|    0.001081|
|         396|   -9.423746|   -8.873681|    0.081267|    0.001081|
|         397|   -9.436437|   -8.886418|    0.081267|    0.001081|
|         398|   -9.448996|   -8.899023|    0.081267|    0.001081|
|         399|   -9.461436|   -8.911510|    0.081267|    0.001081|
|         400|   -9.473774|   -8.923895|    0.081267|    0.001081|
|         401|   -9.486028|   -8.936194|    0.081267|    0.001081|
|         402|   -9.498218|   -8.948426|    0.081267|    0.001081|
|         403|   -9.510365|   -8.960611|    0.081267|    0.001081|
|         404|   -9.522487|   -8.972769|    0.081267|    0.001081|
|         405|   -9.534605|   -8.984918|    0.081267|    0.001081|
|         406|   -9.546736|   -8.997076|    0.081267|    0.001081|
|         407|   -9.558897|   -9.009258|    0.081267|    0.001081|
|         408|   -9.571102|   -9.021480|    0.081267|    0.001081|
|         409|   -9.583363|   -9.033753|    0.081267|    0.001081|
|         410|   -9.595690|   -9.046087|    0.081267|    0.001081|
|         411|   -9.608090|   -9.058489|    0.081267|    0.001081|
|         412|   -9.620566|   -9.070963|    0.081267|    0.001081|
|         413|   -9.633122|   -9.083511|    0.081267|    0.001081|
|         414|   -9.645755|   -9.096133|    0.081267|    0.001081|
|         415|   -9.658463|   -9.108826|    0.081267|    0.001081|
|         416|   -9.671241|   -9.121585|    0.081267|    0.001081|
|         417|   -9.684081|   -9.134404|    0.081267|    0.001081|
|         418|   -9.696977|   -9.147274|    0.081267|    0.001081|
|         419|   -9.709917|   -9.160186|    0.081267|    0.001081|
|         420|   -9.722893|   -9.173132|    0.081267|    0.001081|
|         421|   -9.735894|   -9.186100|    0.081267|    0.001081|
|         422|   -9.748909|   -9.199080|    0.081267|    0.001081|
|         423|   -9.761929|   -9.212063|    0.081267|    0.001081|
|         424|   -9.774943|   -9.225040|    0.081267|    0.001081|
|         425|   -9.787945|   -9.238002|    0.081267|    0.001081|
|         426|   -9.800926|   -9.250943|    0.081267|    0.001081|
|         427|   -9.813881|   -9.263857|    0.081267|    0.001081|
|         428|   -9.826806|   -9.276741|    0.081267|    0.001081|
|         429|   -9.839699|   -9.289593|    0.081267|    0.001081|
|         430|   -9.852559|   -9.302412|    0.081267|    0.001081|
|         431|   -9.865387|   -9.315199|    0.081267|    0.001081|
|         432|   -9.878184|   -9.327957|    0.081267|    0.001081|
|         433|   -9.890953|   -9.340689|    0.081267|    0.001081|
|         434|   -9.903700|   -9.353400|    0.081267|    0.001081|
|         435|   -9.916429|   -9.366095|    0.081267|    0.001081|
|         436|   -9.929144|   -9.378781|    0.081267|    0.001081|
|         437|   -9.941851|   -9.391463|    0.081267|    0.001081|
|         438|   -9.954555|   -9.404146|    0.081267|    0.001081|
|         439|   -9.967261|   -9.416835|    0.081267|    0.001081|
|         440|   -9.979970|   -9.429535|    0.081267|    0.001081|
|         441|   -9.992687|   -9.442249|    0.081267|    0.001081|
|         442|  -10.005412|   -9.454979|    0.081267|    0.001081|
|         443|  -10.018144|   -9.467724|    0.081267|    0.001081|
|         444|  -10.030883|   -9.480483|    0.081267|    0.001081|
|         445|  -10.043624|   -9.493254|    0.081267|    0.001081|
|         446|  -10.056363|   -9.506033|    0.081267|    0.001081|
|         447|  -10.069094|   -9.518812|    0.081267|    0.001081|
|         448|  -10.081809|   -9.531586|    0.081267|    0.001081|
|         449|  -10.094501|   -9.544345|    0.081267|    0.001081|
|         450|  -10.107160|   -9.557080|    0.081267|    0.001081|
|         451|  -10.119776|   -9.569781|    0.081267|    0.001081|
|         452|  -10.132340|   -9.582437|    0.081267|    0.001081|
|         453|  -10.144842|   -9.595037|    0.081267|    0.001081|
|         454|  -10.157273|   -9.607571|    0.081267|    0.001081|
|         455|  -10.169625|   -9.620029|    0.081267|    0.001081|
|         456|  -10.181890|   -9.632402|    0.081267|    0.001081|
|         457|  -10.194062|   -9.644683|    0.081267|    0.001081|
|         458|  -10.206138|   -9.656865|    0.081267|    0.001081|
|         459|  -10.218115|   -9.668945|    0.081267|    0.001081|
|         460|  -10.229992|   -9.680920|    0.081267|    0.001081|
|         461|  -10.241772|   -9.692789|    0.081267|    0.001081|
|         462|  -10.253458|   -9.704555|    0.081267|    0.001081|
|         463|  -10.265056|   -9.716222|    0.081267|    0.001081|
|         464|  -10.276572|   -9.727796|    0.081267|    0.001081|
|         465|  -10.288018|   -9.739284|    0.081267|    0.001081|
|         466|  -10.299402|   -9.750697|    0.081267|    0.001081|
|         467|  -10.310737|   -9.762045|    0.081267|    0.001081|
|         468|  -10.322034|   -9.773342|    0.081267|    0.001081|
|         469|  -10.333308|   -9.784599|    0.081267|    0.001081|
|         470|  -10.344572|   -9.795831|    0.081267|    0.001081|
|         471|  -10.355838|   -9.807051|    0.081267|    0.001081|
|         472|  -10.367119|   -9.818274|    0.081267|    0.001081|
|         473|  -10.378428|   -9.829511|    0.081267|    0.001081|
|         474|  -10.389776|   -9.840778|    0.081267|    0.001081|
|         475|  -10.401174|   -9.852084|    0.081267|    0.001081|
|         476|  -10.412630|   -9.863441|    0.081267|    0.001081|
|         477|  -10.424153|   -9.874860|    0.081267|    0.001081|
|         478|  -10.435749|   -9.886348|    0.081267|    0.001081|
|         479|  -10.447424|   -9.897912|    0.081267|    0.001081|
|         480|  -10.459182|   -9.909559|    0.081267|    0.001081|
|         481|  -10.471026|   -9.921294|    0.081267|    0.001081|
|         482|  -10.482956|   -9.933118|    0.081267|    0.001081|
|         483|  -10.494973|   -9.945035|    0.081267|    0.001081|
|         484|  -10.507077|   -9.957045|    0.081267|    0.001081|
|         485|  -10.519264|   -9.969147|    0.081267|    0.001081|
|         486|  -10.531533|   -9.981340|    0.081267|    0.001081|
|         487|  -10.543879|   -9.993621|    0.081267|    0.001081|
|         488|  -10.556299|  -10.005988|    0.081267|    0.001081|
|         489|  -10.568787|  -10.018435|    0.081267|    0.001081|
|         490|  -10.581338|  -10.030958|    0.081267|    0.001081|
|         491|  -10.593946|  -10.043552|    0.081267|    0.001081|
|         492|  -10.606605|  -10.056210|    0.081267|    0.001081|
|         493|  -10.619310|  -10.068926|    0.081267|    0.001081|
|         494|  -10.632053|  -10.081694|    0.081267|    0.001081|
|         495|  -10.644830|  -10.094507|    0.081267|    0.001081|
|         496|  -10.657632|  -10.107357|    0.081267|    0.001081|
|         497|  -10.670455|  -10.120238|    0.081267|    0.001081|
|         498|  -10.683291|  -10.133142|    0.081267|    0.001081|
|         499|  -10.696135|  -10.146061|    0.081267|    0.001081|
|         500|  -10.708981|  -10.158987|    0.081267|    0.001081|
+-----------------------------------------------------------------------+
|        File Writing Summary       |              Filename             |
+-----------------------------------------------------------------------+
|SU2 binary restart                 |restart_flow.dat                   |
|Paraview                           |flow.vtu                           |
|Paraview surface                   |surface_flow.vtu                   |
|CSV file                           |surface_flow.csv                   |
+-----------------------------------------------------------------------+
+----------------------------------------------------------------+
|  Inner_Iter|    rms[Rho]|   rms[RhoE]|          CL|          CD|
+----------------------------------------------------------------+
|         501|  -10.721822|  -10.171915|    0.081267|    0.001081|
|         502|  -10.734653|  -10.184834|    0.081267|    0.001081|
|         503|  -10.747468|  -10.197740|    0.081267|    0.001081|
|         504|  -10.760261|  -10.210623|    0.081267|    0.001081|
|         505|  -10.773026|  -10.223477|    0.081267|    0.001081|
|         506|  -10.785759|  -10.236295|    0.081267|    0.001081|
|         507|  -10.798453|  -10.249070|    0.081267|    0.001081|
|         508|  -10.811104|  -10.261797|    0.081267|    0.001081|
|         509|  -10.823707|  -10.274468|    0.081267|    0.001081|
|         510|  -10.836257|  -10.287080|    0.081267|    0.001081|
|         511|  -10.848752|  -10.299627|    0.081267|    0.001081|
|         512|  -10.861187|  -10.312106|    0.081267|    0.001081|
|         513|  -10.873561|  -10.324513|    0.081267|    0.001081|
|         514|  -10.885871|  -10.336848|    0.081267|    0.001081|
|         515|  -10.898117|  -10.349108|    0.081267|    0.001081|
|         516|  -10.910299|  -10.361294|    0.081267|    0.001081|
|         517|  -10.922417|  -10.373408|    0.081267|    0.001081|
|         518|  -10.934475|  -10.385453|    0.081267|    0.001081|
|         519|  -10.946475|  -10.397432|    0.081267|    0.001081|
|         520|  -10.958422|  -10.409350|    0.081267|    0.001081|
|         521|  -10.970323|  -10.421215|    0.081267|    0.001081|
|         522|  -10.982184|  -10.433035|    0.081267|    0.001081|
|         523|  -10.994014|  -10.444817|    0.081267|    0.001081|
|         524|  -11.005822|  -10.456573|    0.081267|    0.001081|
|         525|  -11.017617|  -10.468313|    0.081267|    0.001081|
|         526|  -11.029410|  -10.480049|    0.081267|    0.001081|
|         527|  -11.041214|  -10.491793|    0.081267|    0.001081|
|         528|  -11.053038|  -10.503557|    0.081267|    0.001081|
|         529|  -11.064896|  -10.515353|    0.081267|    0.001081|
|         530|  -11.076798|  -10.527194|    0.081267|    0.001081|
|         531|  -11.088756|  -10.539092|    0.081267|    0.001081|
|         532|  -11.100781|  -10.551057|    0.081267|    0.001081|
|         533|  -11.112883|  -10.563102|    0.081267|    0.001081|
|         534|  -11.125071|  -10.575234|    0.081267|    0.001081|
|         535|  -11.137353|  -10.587464|    0.081267|    0.001081|
|         536|  -11.149738|  -10.599798|    0.081267|    0.001081|
|         537|  -11.162230|  -10.612242|    0.081267|    0.001081|
|         538|  -11.174833|  -10.624801|    0.081267|    0.001081|
|         539|  -11.187552|  -10.637478|    0.081267|    0.001081|
|         540|  -11.200386|  -10.650275|    0.081267|    0.001081|
|         541|  -11.213335|  -10.663190|    0.081267|    0.001081|
|         542|  -11.226398|  -10.676222|    0.081267|    0.001081|
|         543|  -11.239571|  -10.689368|    0.081267|    0.001081|
|         544|  -11.252848|  -10.702622|    0.081267|    0.001081|
|         545|  -11.266223|  -10.715977|    0.081267|    0.001081|
|         546|  -11.279686|  -10.729425|    0.081267|    0.001081|
|         547|  -11.293229|  -10.742957|    0.081267|    0.001081|
|         548|  -11.306841|  -10.756561|    0.081267|    0.001081|
|         549|  -11.320508|  -10.770226|    0.081267|    0.001081|
|         550|  -11.334218|  -10.783937|    0.081267|    0.001081|
|         551|  -11.347958|  -10.797683|    0.081267|    0.001081|
|         552|  -11.361713|  -10.811448|    0.081267|    0.001081|
|         553|  -11.375469|  -10.825218|    0.081267|    0.001081|
|         554|  -11.389212|  -10.838980|    0.081267|    0.001081|
|         555|  -11.402927|  -10.852718|    0.081267|    0.001081|
|         556|  -11.416602|  -10.866420|    0.081267|    0.001081|
|         557|  -11.430224|  -10.880072|    0.081267|    0.001081|
|         558|  -11.443781|  -10.893664|    0.081267|    0.001081|
|         559|  -11.457264|  -10.907184|    0.081267|    0.001081|
|         560|  -11.470664|  -10.920624|    0.081267|    0.001081|
|         561|  -11.483974|  -10.933978|    0.081267|    0.001081|
|         562|  -11.497188|  -10.947238|    0.081267|    0.001081|
|         563|  -11.510305|  -10.960401|    0.081267|    0.001081|
|         564|  -11.523321|  -10.973466|    0.081267|    0.001081|
|         565|  -11.536238|  -10.986431|    0.081267|    0.001081|
|         566|  -11.549057|  -10.999299|    0.081267|    0.001081|
|         567|  -11.561782|  -11.012072|    0.081267|    0.001081|
|         568|  -11.574418|  -11.024755|    0.081267|    0.001081|
|         569|  -11.586971|  -11.037353|    0.081267|    0.001081|
|         570|  -11.599448|  -11.049874|    0.081267|    0.001081|
|         571|  -11.611859|  -11.062324|    0.081267|    0.001081|
|         572|  -11.624210|  -11.074712|    0.081267|    0.001081|
|         573|  -11.636513|  -11.087047|    0.081267|    0.001081|
|         574|  -11.648775|  -11.099337|    0.081267|    0.001081|
|         575|  -11.661006|  -11.111592|    0.081267|    0.001081|
|         576|  -11.673216|  -11.123820|    0.081267|    0.001081|
|         577|  -11.685412|  -11.136031|    0.081267|    0.001081|
|         578|  -11.697605|  -11.148232|    0.081267|    0.001081|
|         579|  -11.709801|  -11.160431|    0.081267|    0.001081|
|         580|  -11.722007|  -11.172635|    0.081267|    0.001081|
|         581|  -11.734229|  -11.184850|    0.081267|    0.001081|
|         582|  -11.746474|  -11.197083|    0.081267|    0.001081|
|         583|  -11.758747|  -11.209337|    0.081267|    0.001081|
|         584|  -11.771050|  -11.221618|    0.081267|    0.001081|
|         585|  -11.783388|  -11.233930|    0.081267|    0.001081|
|         586|  -11.795764|  -11.246274|    0.081267|    0.001081|
|         587|  -11.808179|  -11.258654|    0.081267|    0.001081|
|         588|  -11.820635|  -11.271071|    0.081267|    0.001081|
|         589|  -11.833133|  -11.283526|    0.081267|    0.001081|
|         590|  -11.845673|  -11.296021|    0.081267|    0.001081|
|         591|  -11.858256|  -11.308557|    0.081267|    0.001081|
|         592|  -11.870881|  -11.321132|    0.081267|    0.001081|
|         593|  -11.883548|  -11.333748|    0.081267|    0.001081|
|         594|  -11.896256|  -11.346404|    0.081267|    0.001081|
|         595|  -11.909005|  -11.359100|    0.081267|    0.001081|
|         596|  -11.921792|  -11.371834|    0.081267|    0.001081|
|         597|  -11.934617|  -11.384608|    0.081267|    0.001081|
|         598|  -11.947478|  -11.397419|    0.081267|    0.001081|
|         599|  -11.960374|  -11.410267|    0.081267|    0.001081|
|         600|  -11.973303|  -11.423150|    0.081267|    0.001081|
|         601|  -11.986262|  -11.436068|    0.081267|    0.001081|
|         602|  -11.999250|  -11.449018|    0.081267|    0.001081|
|         603|  -12.012264|  -11.461998|    0.081267|    0.001081|
|         604|  -12.025302|  -11.475007|    0.081267|    0.001081|
|         605|  -12.038359|  -11.488041|    0.081267|    0.001081|
|         606|  -12.051432|  -11.501097|    0.081267|    0.001081|
|         607|  -12.064518|  -11.514173|    0.081267|    0.001081|
|         608|  -12.077612|  -11.527264|    0.081267|    0.001081|
|         609|  -12.090709|  -11.540366|    0.081267|    0.001081|
|         610|  -12.103804|  -11.553474|    0.081267|    0.001081|
|         611|  -12.116892|  -11.566582|    0.081267|    0.001081|
|         612|  -12.129967|  -11.579685|    0.081267|    0.001081|
|         613|  -12.143023|  -11.592777|    0.081267|    0.001081|
|         614|  -12.156053|  -11.605851|    0.081267|    0.001081|
|         615|  -12.169052|  -11.618900|    0.081267|    0.001081|
|         616|  -12.182012|  -11.631918|    0.081267|    0.001081|
|         617|  -12.194927|  -11.644898|    0.081267|    0.001081|
|         618|  -12.207791|  -11.657832|    0.081267|    0.001081|
|         619|  -12.220599|  -11.670715|    0.081267|    0.001081|
|         620|  -12.233345|  -11.683539|    0.081267|    0.001081|
|         621|  -12.246024|  -11.696300|    0.081267|    0.001081|
|         622|  -12.258632|  -11.708991|    0.081267|    0.001081|
|         623|  -12.271166|  -11.721609|    0.081267|    0.001081|
|         624|  -12.283623|  -11.734149|    0.081267|    0.001081|
|         625|  -12.296002|  -11.746609|    0.081267|    0.001081|
|         626|  -12.308302|  -11.758988|    0.081267|    0.001081|
|         627|  -12.320525|  -11.771285|    0.081267|    0.001081|
|         628|  -12.332672|  -11.783499|    0.081267|    0.001081|
|         629|  -12.344745|  -11.795634|    0.081267|    0.001081|
|         630|  -12.356748|  -11.807692|    0.081267|    0.001081|
|         631|  -12.368687|  -11.819676|    0.081267|    0.001081|
|         632|  -12.380567|  -11.831592|    0.081267|    0.001081|
|         633|  -12.392394|  -11.843446|    0.081267|    0.001081|
|         634|  -12.404176|  -11.855244|    0.081267|    0.001081|
|         635|  -12.415921|  -11.866995|    0.081267|    0.001081|
|         636|  -12.427637|  -11.878707|    0.081267|    0.001081|
|         637|  -12.439332|  -11.890388|    0.081267|    0.001081|
|         638|  -12.451016|  -11.902048|    0.081267|    0.001081|
|         639|  -12.462697|  -11.913696|    0.081267|    0.001081|
|         640|  -12.474383|  -11.925340|    0.081267|    0.001081|
|         641|  -12.486085|  -11.936992|    0.081267|    0.001081|
|         642|  -12.497809|  -11.948659|    0.081267|    0.001081|
|         643|  -12.509564|  -11.960351|    0.081267|    0.001081|
|         644|  -12.521357|  -11.972075|    0.081267|    0.001081|
|         645|  -12.533194|  -11.983841|    0.081267|    0.001081|
|         646|  -12.545083|  -11.995654|    0.081267|    0.001081|
|         647|  -12.557028|  -12.007521|    0.081267|    0.001081|
|         648|  -12.569034|  -12.019449|    0.081267|    0.001081|
|         649|  -12.581105|  -12.031441|    0.081267|    0.001081|
|         650|  -12.593245|  -12.043504|    0.081267|    0.001081|
|         651|  -12.605455|  -12.055639|    0.081267|    0.001081|
|         652|  -12.617738|  -12.067852|    0.081267|    0.001081|
|         653|  -12.630094|  -12.080140|    0.081267|    0.001081|
|         654|  -12.642524|  -12.092508|    0.081267|    0.001081|
|         655|  -12.655028|  -12.104955|    0.081267|    0.001081|
|         656|  -12.667603|  -12.117479|    0.081267|    0.001081|
|         657|  -12.680247|  -12.130081|    0.081267|    0.001081|
|         658|  -12.692960|  -12.142758|    0.081267|    0.001081|
|         659|  -12.705736|  -12.155507|    0.081267|    0.001081|
|         660|  -12.718569|  -12.168320|    0.081267|    0.001081|
|         661|  -12.731460|  -12.181200|    0.081267|    0.001081|
|         662|  -12.744402|  -12.194138|    0.081267|    0.001081|
|         663|  -12.757386|  -12.207126|    0.081267|    0.001081|
|         664|  -12.770408|  -12.220162|    0.081267|    0.001081|
|         665|  -12.783462|  -12.233237|    0.081267|    0.001081|
|         666|  -12.796538|  -12.246342|    0.081267|    0.001081|
|         667|  -12.809631|  -12.259469|    0.081267|    0.001081|
|         668|  -12.822733|  -12.272614|    0.081267|    0.001081|
|         669|  -12.835835|  -12.285765|    0.081267|    0.001081|
|         670|  -12.848928|  -12.298912|    0.081267|    0.001081|
|         671|  -12.862005|  -12.312046|    0.081267|    0.001081|
|         672|  -12.875058|  -12.325161|    0.081267|    0.001081|
|         673|  -12.888077|  -12.338245|    0.081267|    0.001081|
|         674|  -12.901057|  -12.351291|    0.081267|    0.001081|
|         675|  -12.913989|  -12.364291|    0.081267|    0.001081|
|         676|  -12.926865|  -12.377235|    0.081267|    0.001081|
|         677|  -12.939681|  -12.390117|    0.081267|    0.001081|
|         678|  -12.952432|  -12.402935|    0.081267|    0.001081|
|         679|  -12.965105|  -12.415672|    0.081267|    0.001081|
|         680|  -12.977707|  -12.428333|    0.081267|    0.001081|
|         681|  -12.990233|  -12.440914|    0.081267|    0.001081|
|         682|  -13.002679|  -12.453410|    0.081267|    0.001081|

----------------------------- Solver Exit -------------------------------
All convergence criteria satisfied.
+-----------------------------------------------------------------------+
|      Convergence Field     |     Value    |   Criterion  |  Converged |
+-----------------------------------------------------------------------+
|                    rms[Rho]|      -13.0027|         < -13|         Yes|
+-----------------------------------------------------------------------+
-------------------------------------------------------------------------
+-----------------------------------------------------------------------+
|        File Writing Summary       |              Filename             |
+-----------------------------------------------------------------------+
|SU2 binary restart                 |restart_flow.dat                   |
|Paraview                           |flow.vtu                           |
|Paraview surface                   |surface_flow.vtu                   |
|CSV file                           |surface_flow.csv                   |
+-----------------------------------------------------------------------+

--------------------------- Finalizing Solver ---------------------------
Deleted CNumerics container.
Deleted CIntegration container.
Deleted CSolver container.
Deleted CIteration container.
Deleted CInterface container.
Deleted CGeometry container.
Deleted CFreeFormDefBox class.
Deleted CSurfaceMovement class.
Deleted CVolumetricMovement class.
Deleted CConfig container.
Deleted nInst container.
Deleted COutput class.
-------------------------------------------------------------------------

------------------------- Exit Success (SU2_CFD) ------------------------

