
-------------------------------------------------------------------------
|    ___ _   _ ___                                                      |
|   / __| | | |_  )   Release 8.3.0 "Harrier"                           |
|   \__ \ |_| |/ /                                                      |
|   |___/\___//___|   Suite (Computational Fluid Dynamics Code)         |
|                                                                       |
-------------------------------------------------------------------------
| SU2 Project Website: https://su2code.github.io                        |
|                                                                       |
| The SU2 Project is maintained by the SU2 Foundation                   |
| (http://su2foundation.org)                                            |
-------------------------------------------------------------------------
| Copyright 2012-2025, SU2 Contributors                                 |
|                                                                       |
| SU2 is free software; you can redistribute it and/or                  |
| modify it under the terms of the GNU Lesser General Public            |
| License as published by the Free Software Foundation; either          |
| version 2.1 of the License, or (at your option) any later version.    |
|                                                                       |
| SU2 is distributed in the hope that it will be useful,                |
| but WITHOUT ANY WARRANTY; without even the implied warranty of        |
| MERCHANTABILITY or FITNESS FOR A PARTICULAR PURPOSE. See the GNU      |
| Lesser General Public License for more details.                       |
|                                                                       |
| You should have received a copy of the GNU Lesser General Public      |
| License along with SU2. If not, see <http://www.gnu.org/licenses/>.   |
-------------------------------------------------------------------------

Parsing config file for zone 0

----------------- Physical Case Definition ( Zone 0 ) -------------------
Compressible Euler equations.
Mach number: 0.8.
Angle of attack (AoA): 1.25 deg, and angle of sideslip (AoS): 0 deg.
No restart solution, use the values at infinity (freestream).
Non-Dimensional simulation (P=1.0, Rho=1.0, T=1.0 at the farfield).
The reference area is 1 m^2.
The semi-span will be computed using the max y(3D) value.
The reference length is 1 m.
Reference origin for moment evaluation is (0.25, 0, 0).
Surface(s) where the force coefficients are evaluated: airfoil.

Surface(s) plotted in the output file: airfoil.
Surface(s) affected by the design variables: airfoil.
Input mesh file name: mesh_NACA0012_inv_deform.su2

--------------- Space Numerical Integration ( Zone 0 ) ------------------
Jameson-Schmidt-Turkel scheme (2nd order in space) for the flow inviscid terms.
JST viscous coefficients (2nd & 4th): 0.5, 0.02.
The method includes a grid stretching correction (p = 0.3).
Gradient for viscous and source terms: Green-Gauss.

--------------- Time Numerical Integration  ( Zone 0 ) ------------------
Local time stepping (steady state simulation).
Euler implicit method for the flow equations.
FGMRES is used for solving the linear system.
Using a LU-SGS preconditioning.
Convergence criteria of the linear solver: 0.0001.
Max number of linear iterations: 2.
V Multigrid Cycle, with 2 multigrid levels.
Damping factor for the residual restriction: 1.
Damping factor for the correction prolongation: 1.
No CFL adaptation.
+-------------------------------------------+
|  MG Level| Presmooth|PostSmooth|CorrectSmo|
+-------------------------------------------+
|         0|         1|         0|         0|
|         1|         2|         0|         0|
|         2|         3|         0|         0|
+-------------------------------------------+
Courant-Friedrichs-Lewy number:       10

------------------ Convergence Criteria  ( Zone 0 ) ---------------------
Maximum number of solver subiterations: 1000.
Begin convergence monitoring at iteration 10.
Residual minimum value: 1e-13.
Cauchy series min. value: 1e-06.
Number of Cauchy elements: 100.
Begin windowed time average at iteration 0.

-------------------- Output Information ( Zone 0 ) ----------------------
File writing frequency: 
+------------------------------------+
|                     File| Frequency|
+------------------------------------+
|                  RESTART|       250|
|                 PARAVIEW|       250|
|         SURFACE_PARAVIEW|       250|
|              SURFACE_CSV|       250|
+------------------------------------+
Writing the convergence history file every 1 inner iterations.
Writing the screen convergence history every 1 inner iterations.
The tabular file format is CSV (.csv).
Convergence history file name: history_direct.
Forces breakdown file name: forces_breakdown.dat.
Surface file name: surface_flow.
Volume file name: flow.
Restart file name: restart_flow.

------------- Config File Boundary Information ( Zone 0 ) ---------------
+-----------------------------------------------------------------------+
|                        Marker Type|                        Marker Name|
+-----------------------------------------------------------------------+
|                         Euler wall|                            airfoil|
+-----------------------------------------------------------------------+
|                          Far-field|                           farfield|
+-----------------------------------------------------------------------+

-------------------- Output Preprocessing ( Zone 0 ) --------------------

WARNING: SURFACE_PRESSURE_DROP can only be computed for at least 2 surfaces (outlet, inlet, ...)

Screen output fields: INNER_ITER, RMS_DENSITY, RMS_ENERGY, LIFT, DRAG
History output group(s): ITER, RMS_RES, AERO_COEFF
Convergence field(s): RMS_DENSITY
Warning: No (valid) fields chosen for time convergence monitoring. Time convergence monitoring inactive.
Volume output fields: COORDINATES, SOLUTION, PRIMITIVE

------------------- Geometry Preprocessing ( Zone 0 ) -------------------
Two dimensional problem.
5233 grid points.
10216 volume elements.
2 surface markers.
200 boundary elements in index 0 (Marker = airfoil).
50 boundary elements in index 1 (Marker = farfield).
10216 triangles.
Setting point connectivity.
Renumbering points (Reverse Cuthill McKee Ordering).
Recomputing point connectivity.
Setting element connectivity.
Checking the numerical grid orientation.
All volume elements are correctly oriented.
All surface elements are correctly oriented.
Identifying edges and vertices.
Setting the control volume structure.
Area of the computational grid: 1253.25.
Searching for the closest normal neighbors to the surfaces.
Storing a mapping from global to local point index.
Compute the surface curvature.
Max K: 7835.1. Mean K: 34.9458. Standard deviation K: 494.426.
Checking for periodicity.
Computing mesh quality statistics for the dual control volumes.
+--------------------------------------------------------------+
|           Mesh Quality Metric|        Minimum|        Maximum|
+--------------------------------------------------------------+
|    Orthogonality Angle (deg.)|        62.7412|        89.7097|
|     CV Face Area Aspect Ratio|        1.00875|        7.18731|
|           CV Sub-Volume Ratio|        1.00273|        6.47702|
+--------------------------------------------------------------+
Setting the multigrid structure.
+-------------------------------------------+
|  MG Level|       CVs|Aggl. Rate|       CFL|
+-------------------------------------------+
|         0|      5233|    1/1.00|        10|
|         1|      1690|     1/3.1|   8.52431|
|         2|       649|     1/2.6|   7.92373|
+-------------------------------------------+
Finding max control volume width.
Wetted area = 2.04099 m.
Area projection in the x-plane = 0.119526 m, y-plane = 0.999845 m.
Max. coordinate in the x-direction = 1 m, y-direction = 0.0582146 m.
Min. coordinate in the x-direction = 0 m, y-direction = -0.0613336 m.
Computing wall distances.

-------------------- Solver Preprocessing ( Zone 0 ) --------------------
Inviscid flow: Computing density based on free-stream
temperature and pressure using the ideal gas law.
Force coefficients computed using free-stream values.

-- Models:
+------------------------------------------------------------------------------+
|          Viscosity Model|        Conductivity Model|              Fluid Model|
+------------------------------------------------------------------------------+
|                        -|                         -|             STANDARD_AIR|
+------------------------------------------------------------------------------+
-- Fluid properties:
+------------------------------------------------------------------------------+
|                  Name|    Dim. value|    Ref. value|      Unit|Non-dim. value|
+------------------------------------------------------------------------------+
|          Gas Constant|       287.058|       287.058|  N.m/kg.K|             1|
|      Spec. Heat Ratio|             -|             -|         -|           1.4|
+------------------------------------------------------------------------------+
-- Initial and free-stream conditions:
+------------------------------------------------------------------------------+
|                  Name|    Dim. value|    Ref. value|      Unit|Non-dim. value|
+------------------------------------------------------------------------------+
|       Static Pressure|        101325|        101325|        Pa|             1|
|               Density|       1.29225|       1.29225|    kg/m^3|             1|
|           Temperature|        273.15|        273.15|         K|             1|
|          Total Energy|        231152|       78409.9|   m^2/s^2|         2.948|
|            Velocity-X|       264.994|       280.018|       m/s|      0.946348|
|            Velocity-Y|       5.78219|       280.018|       m/s|     0.0206494|
|    Velocity Magnitude|       265.057|       280.018|       m/s|      0.946573|
+------------------------------------------------------------------------------+
|           Mach Number|             -|             -|         -|           0.8|
+------------------------------------------------------------------------------+
Initialize Jacobian structure (Euler). MG level: 0.
Initialize Jacobian structure (Euler). MG level: 1.
Initialize Jacobian structure (Euler). MG level: 2.

------------------- Numerics Preprocessing ( Zone 0 ) -------------------

----------------- Integration Preprocessing ( Zone 0 ) ------------------

------------------- Iteration Preprocessing ( Zone 0 ) ------------------
Euler/Navier-Stokes/RANS fluid iteration.

------------------------------ Begin Solver -----------------------------

Simulation Run using the Single-zone Driver
WARNING: SU2 was not compiled for an AVX-capable architecture. Performance could be better,
         see https://su2code.github.io/docs_v7/Build-SU2-Linux-MacOS/#compiler-optimizations
WARNING: SU2 was not compiled for an AVX-capable architecture. Performance could be better,
         see https://su2code.github.io/docs_v7/Build-SU2-Linux-MacOS/#compiler-optimizations
WARNING: SU2 was not compiled for an AVX-capable architecture. Performance could be better,
         see https://su2code.github.io/docs_v7/Build-SU2-Linux-MacOS/#compiler-optimizations
+----------------------------------------------------------------+
|  Inner_Iter|    rms[Rho]|   rms[RhoE]|          CL|          CD|
+----------------------------------------------------------------+
|           0|   -3.579339|   -2.982961|    0.156166|    0.242021|
|           1|   -3.823960|   -3.213095|    0.053595|    0.093474|
|           2|   -3.761012|   -3.162661|    0.065393|    0.069349|
|           3|   -3.706412|   -3.113784|    0.099912|    0.085248|
|           4|   -3.656864|   -3.067641|    0.100033|    0.064720|
|           5|   -3.652253|   -3.067316|    0.099869|    0.051216|
|           6|   -3.647238|   -3.068659|    0.103309|    0.047757|
|           7|   -3.650521|   -3.073988|    0.106306|    0.043779|
|           8|   -3.634504|   -3.057311|    0.109326|    0.038428|
|           9|   -3.648174|   -3.074683|    0.112106|    0.034114|
|          10|   -3.655367|   -3.085722|    0.114975|    0.031268|
|          11|   -3.662013|   -3.094418|    0.118170|    0.028752|
|          12|   -3.667704|   -3.100640|    0.121371|    0.026079|
|          13|   -3.671319|   -3.103007|    0.124653|    0.023485|
|          14|   -3.679387|   -3.109058|    0.128311|    0.021133|
|          15|   -3.689466|   -3.117361|    0.132223|    0.018962|
|          16|   -3.700674|   -3.128136|    0.136141|    0.016866|
|          17|   -3.714219|   -3.142825|    0.139964|    0.014780|
|          18|   -3.730218|   -3.160754|    0.143610|    0.012689|
|          19|   -3.748783|   -3.181058|    0.147022|    0.010640|
|          20|   -3.769439|   -3.202785|    0.150225|    0.008725|
|          21|   -3.790816|   -3.224670|    0.153364|    0.007054|
|          22|   -3.811277|   -3.245410|    0.156529|    0.005707|
|          23|   -3.830581|   -3.264951|    0.159708|    0.004740|
|          24|   -3.848828|   -3.283255|    0.162843|    0.004188|
|          25|   -3.865486|   -3.299725|    0.165931|    0.004076|
|          26|   -3.880130|   -3.314201|    0.168771|    0.004379|
|          27|   -3.894720|   -3.329093|    0.171204|    0.005033|
|          28|   -3.912988|   -3.348278|    0.173035|    0.005944|
|          29|   -3.936798|   -3.373294|    0.174681|    0.007078|
|          30|   -3.962857|   -3.400513|    0.176033|    0.008330|
|          31|   -3.988543|   -3.427297|    0.176889|    0.009593|
|          32|   -4.013926|   -3.453863|    0.177317|    0.010802|
|          33|   -4.041250|   -3.482210|    0.177363|    0.011914|
|          34|   -4.072548|   -3.513929|    0.177291|    0.012918|
|          35|   -4.107304|   -3.548474|    0.177085|    0.013776|
|          36|   -4.144551|   -3.585102|    0.176621|    0.014446|
|          37|   -4.183631|   -3.623262|    0.175963|    0.014911|
|          38|   -4.221616|   -3.660096|    0.175213|    0.015174|
|          39|   -4.257961|   -3.695467|    0.174549|    0.015253|
|          40|   -4.291101|   -3.728085|    0.174067|    0.015167|
|          41|   -4.320235|   -3.757374|    0.173792|    0.014941|
|          42|   -4.345029|   -3.782985|    0.173730|    0.014607|
|          43|   -4.365150|   -3.804446|    0.173856|    0.014193|
|          44|   -4.380587|   -3.821530|    0.174143|    0.013731|
|          45|   -4.392142|   -3.834794|    0.174589|    0.013250|
|          46|   -4.400201|   -3.844368|    0.175180|    0.012773|
|          47|   -4.405943|   -3.851210|    0.175883|    0.012320|
|          48|   -4.410510|   -3.856328|    0.176643|    0.011904|
|          49|   -4.414719|   -3.860362|    0.177423|    0.011539|
|          50|   -4.419138|   -3.863931|    0.178162|    0.011233|
|          51|   -4.426608|   -3.870080|    0.178904|    0.011004|
|          52|   -4.440943|   -3.882917|    0.179527|    0.010846|
|          53|   -4.463162|   -3.903899|    0.179978|    0.010757|
|          54|   -4.492725|   -3.933020|    0.180374|    0.010743|
|          55|   -4.526517|   -3.966845|    0.180752|    0.010797|
|          56|   -4.561832|   -4.003145|    0.181026|    0.010897|
|          57|   -4.594057|   -4.037227|    0.181193|    0.011030|
|          58|   -4.620699|   -4.066077|    0.181256|    0.011185|
|          59|   -4.641254|   -4.088575|    0.181205|    0.011349|
|          60|   -4.657380|   -4.105935|    0.181039|    0.011513|
|          61|   -4.671499|   -4.120491|    0.180774|    0.011672|
|          62|   -4.686021|   -4.134834|    0.180418|    0.011816|
|          63|   -4.702631|   -4.150857|    0.180025|    0.011943|
|          64|   -4.721822|   -4.169273|    0.179591|    0.012047|
|          65|   -4.743943|   -4.190605|    0.179145|    0.012125|
|          66|   -4.768701|   -4.214619|    0.178691|    0.012174|
|          67|   -4.795688|   -4.241107|    0.178226|    0.012194|
|          68|   -4.824192|   -4.269347|    0.177753|    0.012184|
|          69|   -4.853236|   -4.298364|    0.177312|    0.012152|
|          70|   -4.882029|   -4.327471|    0.176921|    0.012101|
|          71|   -4.909699|   -4.355839|    0.176590|    0.012037|
|          72|   -4.935378|   -4.382517|    0.176320|    0.011965|
|          73|   -4.958211|   -4.406416|    0.176113|    0.011888|
|          74|   -4.978090|   -4.427209|    0.175965|    0.011810|
|          75|   -4.995664|   -4.445394|    0.175865|    0.011733|
|          76|   -5.012008|   -4.462015|    0.175818|    0.011660|
|          77|   -5.028175|   -4.478187|    0.175821|    0.011594|
|          78|   -5.044912|   -4.494755|    0.175865|    0.011537|
|          79|   -5.062496|   -4.512122|    0.175944|    0.011489|
|          80|   -5.080650|   -4.530086|    0.176049|    0.011452|
|          81|   -5.099053|   -4.548348|    0.176172|    0.011425|
|          82|   -5.117130|   -4.566383|    0.176305|    0.011408|
|          83|   -5.134152|   -4.583432|    0.176442|    0.011400|
|          84|   -5.149969|   -4.599279|    0.176577|    0.011400|
|          85|   -5.164837|   -4.614129|    0.176704|    0.011407|
|          86|   -5.179157|   -4.628338|    0.176823|    0.011419|
|          87|   -5.193491|   -4.642457|    0.176928|    0.011435|
|          88|   -5.208440|   -4.657102|    0.177019|    0.011454|
|          89|   -5.224533|   -4.672840|    0.177096|    0.011474|
|          90|   -5.242112|   -4.690040|    0.177157|    0.011495|
|          91|   -5.261225|   -4.708775|    0.177202|    0.011516|
|          92|   -5.281836|   -4.729061|    0.177233|    0.011536|
|          93|   -5.303656|   -4.750657|    0.177250|    0.011554|
|          94|   -5.326206|   -4.773090|    0.177254|    0.011569|
|          95|   -5.349091|   -4.796012|    0.177248|    0.011582|
|          96|   -5.371725|   -4.818885|    0.177232|    0.011592|
|          97|   -5.393748|   -4.841384|    0.177207|    0.011599|
|          98|   -5.414674|   -4.862946|    0.177175|    0.011603|
|          99|   -5.434350|   -4.883351|    0.177138|    0.011605|
|         100|   -5.452837|   -4.902586|    0.177097|    0.011605|
|         101|   -5.470343|   -4.920781|    0.177052|    0.011603|
|         102|   -5.487244|   -4.938242|    0.177006|    0.011600|
|         103|   -5.503974|   -4.955365|    0.176959|    0.011595|
|         104|   -5.520869|   -4.972464|    0.176912|    0.011589|
|         105|   -5.538218|   -4.989845|    0.176867|    0.011582|
|         106|   -5.556247|   -5.007767|    0.176824|    0.011576|
|         107|   -5.575011|   -5.026320|    0.176782|    0.011569|
|         108|   -5.594458|   -5.045498|    0.176744|    0.011562|
|         109|   -5.614432|   -5.065180|    0.176707|    0.011556|
|         110|   -5.634630|   -5.085093|    0.176674|    0.011550|
|         111|   -5.654691|   -5.104913|    0.176643|    0.011545|
|         112|   -5.674295|   -5.124339|    0.176615|    0.011540|
|         113|   -5.693189|   -5.143118|    0.176590|    0.011536|
|         114|   -5.711196|   -5.161068|    0.176567|    0.011533|
|         115|   -5.728153|   -5.178005|    0.176547|    0.011530|
|         116|   -5.744027|   -5.193863|    0.176530|    0.011529|
|         117|   -5.758913|   -5.208705|    0.176515|    0.011528|
|         118|   -5.772987|   -5.222688|    0.176502|    0.011527|
|         119|   -5.786463|   -5.236019|    0.176490|    0.011527|
|         120|   -5.799587|   -5.248948|    0.176481|    0.011527|
|         121|   -5.812568|   -5.261697|    0.176472|    0.011528|
|         122|   -5.825688|   -5.274571|    0.176466|    0.011529|
|         123|   -5.839122|   -5.287770|    0.176460|    0.011530|
|         124|   -5.853006|   -5.301451|    0.176456|    0.011531|
|         125|   -5.867376|   -5.315669|    0.176452|    0.011532|
|         126|   -5.882377|   -5.330603|    0.176450|    0.011533|
|         127|   -5.897932|   -5.346174|    0.176449|    0.011534|
|         128|   -5.914002|   -5.362350|    0.176448|    0.011535|
|         129|   -5.930514|   -5.379054|    0.176448|    0.011535|
|         130|   -5.947355|   -5.396161|    0.176449|    0.011536|
|         131|   -5.964377|   -5.413521|    0.176451|    0.011536|
|         132|   -5.981425|   -5.430965|    0.176453|    0.011536|
|         133|   -5.998353|   -5.448325|    0.176456|    0.011536|
|         134|   -6.015076|   -5.465486|    0.176460|    0.011536|
|         135|   -6.031511|   -5.482335|    0.176464|    0.011535|
|         136|   -6.047583|   -5.498780|    0.176468|    0.011535|
|         137|   -6.063259|   -5.514775|    0.176473|    0.011534|
|         138|   -6.078540|   -5.530313|    0.176478|    0.011534|
|         139|   -6.093426|   -5.545382|    0.176483|    0.011533|
|         140|   -6.107933|   -5.559995|    0.176489|    0.011533|
|         141|   -6.122097|   -5.574198|    0.176495|    0.011532|
|         142|   -6.135977|   -5.588058|    0.176501|    0.011532|
|         143|   -6.149643|   -5.601650|    0.176506|    0.011531|
|         144|   -6.163154|   -5.615044|    0.176512|    0.011531|
|         145|   -6.176535|   -5.628273|    0.176517|    0.011530|
|         146|   -6.189814|   -5.641372|    0.176523|    0.011530|
|         147|   -6.203042|   -5.654406|    0.176527|    0.011530|
|         148|   -6.216246|   -5.667402|    0.176532|    0.011530|
|         149|   -6.229463|   -5.680403|    0.176536|    0.011530|
|         150|   -6.242667|   -5.693390|    0.176539|    0.011530|
|         151|   -6.255941|   -5.706457|    0.176542|    0.011530|
|         152|   -6.269253|   -5.719581|    0.176544|    0.011530|
|         153|   -6.282610|   -5.732768|    0.176546|    0.011531|
|         154|   -6.296050|   -5.746070|    0.176547|    0.011531|
|         155|   -6.309544|   -5.759459|    0.176548|    0.011531|
|         156|   -6.323130|   -5.772974|    0.176548|    0.011531|
|         157|   -6.336840|   -5.786634|    0.176548|    0.011531|
|         158|   -6.350673|   -5.800444|    0.176547|    0.011532|
|         159|   -6.364619|   -5.814399|    0.176545|    0.011532|
|         160|   -6.378703|   -5.828517|    0.176544|    0.011532|
|         161|   -6.392955|   -5.842824|    0.176542|    0.011532|
|         162|   -6.407367|   -5.857306|    0.176540|    0.011532|
|         163|   -6.421901|   -5.871918|    0.176537|    0.011532|
|         164|   -6.436572|   -5.886673|    0.176535|    0.011532|
|         165|   -6.451404|   -5.901598|    0.176532|    0.011532|
|         166|   -6.466388|   -5.916672|    0.176529|    0.011532|
|         167|   -6.481551|   -5.931915|    0.176526|    0.011532|
|         168|   -6.496846|   -5.947273|    0.176523|    0.011532|
|         169|   -6.512216|   -5.962690|    0.176520|    0.011531|
|         170|   -6.527619|   -5.978123|    0.176517|    0.011531|
|         171|   -6.543042|   -5.993559|    0.176514|    0.011531|
|         172|   -6.558489|   -6.008999|    0.176510|    0.011531|
|         173|   -6.573957|   -6.024443|    0.176507|    0.011531|
|         174|   -6.589380|   -6.039823|    0.176504|    0.011531|
|         175|   -6.604706|   -6.055087|    0.176501|    0.011530|
|         176|   -6.619937|   -6.070237|    0.176498|    0.011530|
|         177|   -6.635071|   -6.085279|    0.176495|    0.011530|
|         178|   -6.650067|   -6.100166|    0.176491|    0.011530|
|         179|   -6.664951|   -6.114934|    0.176488|    0.011530|
|         180|   -6.679723|   -6.129584|    0.176485|    0.011530|
|         181|   -6.694411|   -6.144148|    0.176482|    0.011530|
|         182|   -6.709052|   -6.158661|    0.176479|    0.011530|
|         183|   -6.723666|   -6.173143|    0.176476|    0.011529|
|         184|   -6.738231|   -6.187573|    0.176473|    0.011529|
|         185|   -6.752809|   -6.202025|    0.176470|    0.011529|
|         186|   -6.767425|   -6.216527|    0.176467|    0.011529|
|         187|   -6.782081|   -6.231076|    0.176464|    0.011529|
|         188|   -6.796806|   -6.245708|    0.176461|    0.011529|
|         189|   -6.811623|   -6.260449|    0.176459|    0.011529|
|         190|   -6.826561|   -6.275322|    0.176456|    0.011529|
|         191|   -6.841628|   -6.290338|    0.176453|    0.011529|
|         192|   -6.856838|   -6.305513|    0.176451|    0.011529|
|         193|   -6.872207|   -6.320864|    0.176448|    0.011529|
|         194|   -6.887715|   -6.336366|    0.176446|    0.011529|
|         195|   -6.903349|   -6.352013|    0.176444|    0.011529|
|         196|   -6.919124|   -6.367816|    0.176442|    0.011529|
|         197|   -6.935034|   -6.383769|    0.176440|    0.011529|
|         198|   -6.951045|   -6.399836|    0.176438|    0.011528|
|         199|   -6.967131|   -6.415992|    0.176436|    0.011528|
|         200|   -6.983263|   -6.432207|    0.176434|    0.011528|
|         201|   -6.999399|   -6.448435|    0.176433|    0.011528|
|         202|   -7.015510|   -6.464644|    0.176432|    0.011528|
|         203|   -7.031571|   -6.480809|    0.176430|    0.011528|
|         204|   -7.047553|   -6.496899|    0.176429|    0.011528|
|         205|   -7.063433|   -6.512890|    0.176428|    0.011528|
|         206|   -7.079178|   -6.528748|    0.176427|    0.011528|
|         207|   -7.094779|   -6.544459|    0.176426|    0.011528|
|         208|   -7.110228|   -6.560013|    0.176426|    0.011528|
|         209|   -7.125481|   -6.575366|    0.176425|    0.011528|
|         210|   -7.140508|   -6.590485|    0.176424|    0.011528|
|         211|   -7.155322|   -6.605387|    0.176424|    0.011528|
|         212|   -7.169939|   -6.620083|    0.176423|    0.011527|
|         213|   -7.184356|   -6.634570|    0.176423|    0.011527|
|         214|   -7.198554|   -6.648826|    0.176423|    0.011527|
|         215|   -7.212552|   -6.662873|    0.176423|    0.011527|
|         216|   -7.226381|   -6.676745|    0.176422|    0.011527|
|         217|   -7.240023|   -6.690415|    0.176422|    0.011527|
|         218|   -7.253539|   -6.703953|    0.176422|    0.011527|
|         219|   -7.266957|   -6.717387|    0.176422|    0.011527|
|         220|   -7.280306|   -6.730746|    0.176422|    0.011527|
|         221|   -7.293604|   -6.744048|    0.176422|    0.011527|
|         222|   -7.306874|   -6.757314|    0.176422|    0.011527|
|         223|   -7.320137|   -6.770568|    0.176422|    0.011527|
|         224|   -7.333413|   -6.783830|    0.176422|    0.011527|
|         225|   -7.346695|   -6.797093|    0.176422|    0.011527|
|         226|   -7.360017|   -6.810389|    0.176422|    0.011527|
|         227|   -7.373391|   -6.823731|    0.176422|    0.011527|
|         228|   -7.386829|   -6.837132|    0.176421|    0.011527|
|         229|   -7.400329|   -6.850588|    0.176421|    0.011527|
|         230|   -7.413924|   -6.864136|    0.176421|    0.011527|
|         231|   -7.427628|   -6.877788|    0.176421|    0.011527|
|         232|   -7.441448|   -6.891553|    0.176421|    0.011527|
|         233|   -7.455404|   -6.905454|    0.176421|    0.011527|
|         234|   -7.469497|   -6.919490|    0.176421|    0.011527|
|         235|   -7.483716|   -6.933650|    0.176421|    0.011527|
|         236|   -7.498050|   -6.947926|    0.176421|    0.011527|
|         237|   -7.512501|   -6.962317|    0.176420|    0.011527|
|         238|   -7.527064|   -6.976824|    0.176420|    0.011527|
|         239|   -7.541735|   -6.991441|    0.176420|    0.011527|
|         240|   -7.556504|   -7.006161|    0.176420|    0.011527|
|         241|   -7.571360|   -7.020974|    0.176420|    0.011527|
|         242|   -7.586290|   -7.035869|    0.176419|    0.011527|
|         243|   -7.601280|   -7.050832|    0.176419|    0.011527|
|         244|   -7.616315|   -7.065849|    0.176419|    0.011527|
|         245|   -7.631377|   -7.080903|    0.176419|    0.011527|
|         246|   -7.646448|   -7.095976|    0.176418|    0.011527|
|         247|   -7.661509|   -7.111051|    0.176418|    0.011527|
|         248|   -7.676540|   -7.126108|    0.176418|    0.011527|
|         249|   -7.691523|   -7.141126|    0.176418|    0.011527|
|         250|   -7.706432|   -7.156082|    0.176417|    0.011527|
+-----------------------------------------------------------------------+
|        File Writing Summary       |              Filename             |
+-----------------------------------------------------------------------+
|SU2 binary restart                 |restart_flow.dat                   |
|Paraview                           |flow.vtu                           |
|Paraview surface                   |surface_flow.vtu                   |
|CSV file                           |surface_flow.csv                   |
+-----------------------------------------------------------------------+
+----------------------------------------------------------------+
|  Inner_Iter|    rms[Rho]|   rms[RhoE]|          CL|          CD|
+----------------------------------------------------------------+
|         251|   -7.721243|   -7.170949|    0.176417|    0.011527|
|         252|   -7.735948|   -7.185720|    0.176417|    0.011527|
|         253|   -7.750531|   -7.200378|    0.176416|    0.011527|
|         254|   -7.764977|   -7.214906|    0.176416|    0.011527|
|         255|   -7.779269|   -7.229286|    0.176416|    0.011527|
|         256|   -7.793393|   -7.243504|    0.176415|    0.011527|
|         257|   -7.807340|   -7.257547|    0.176415|    0.011527|
|         258|   -7.821089|   -7.271392|    0.176415|    0.011527|
|         259|   -7.834649|   -7.285048|    0.176414|    0.011527|
|         260|   -7.848019|   -7.298512|    0.176414|    0.011527|
|         261|   -7.861199|   -7.311782|    0.176414|    0.011527|
|         262|   -7.874188|   -7.324855|    0.176414|    0.011527|
|         263|   -7.886988|   -7.337735|    0.176413|    0.011527|
|         264|   -7.899606|   -7.350425|    0.176413|    0.011527|
|         265|   -7.912051|   -7.362933|    0.176413|    0.011527|
|         266|   -7.924336|   -7.375273|    0.176412|    0.011527|
|         267|   -7.936476|   -7.387457|    0.176412|    0.011527|
|         268|   -7.948486|   -7.399501|    0.176412|    0.011527|
|         269|   -7.960386|   -7.411423|    0.176412|    0.011527|
|         270|   -7.972194|   -7.423242|    0.176411|    0.011527|
|         271|   -7.983930|   -7.434979|    0.176411|    0.011527|
|         272|   -7.995615|   -7.446654|    0.176411|    0.011527|
|         273|   -8.007271|   -7.458288|    0.176411|    0.011527|
|         274|   -8.018919|   -7.469905|    0.176410|    0.011527|
|         275|   -8.030579|   -7.481524|    0.176410|    0.011527|
|         276|   -8.042273|   -7.493167|    0.176410|    0.011527|
|         277|   -8.054018|   -7.504855|    0.176410|    0.011527|
|         278|   -8.065835|   -7.516605|    0.176410|    0.011527|
|         279|   -8.077739|   -7.528438|    0.176409|    0.011527|
|         280|   -8.089748|   -7.540369|    0.176409|    0.011527|
|         281|   -8.101874|   -7.552413|    0.176409|    0.011527|
|         282|   -8.114131|   -7.564584|    0.176409|    0.011527|
|         283|   -8.126531|   -7.576895|    0.176409|    0.011527|
|         284|   -8.139081|   -7.589355|    0.176409|    0.011527|
|         285|   -8.151791|   -7.601973|    0.176409|    0.011527|
|         286|   -8.164666|   -7.614756|    0.176408|    0.011527|
|         287|   -8.177710|   -7.627710|    0.176408|    0.011527|
|         288|   -8.190925|   -7.640836|    0.176408|    0.011527|
|         289|   -8.204314|   -7.654139|    0.176408|    0.011527|
|         290|   -8.217876|   -7.667616|    0.176408|    0.011527|
|         291|   -8.231607|   -7.681269|    0.176408|    0.011527|
|         292|   -8.245506|   -7.695092|    0.176408|    0.011527|
|         293|   -8.259567|   -7.709083|    0.176408|    0.011527|
|         294|   -8.273784|   -7.723236|    0.176408|    0.011527|
|         295|   -8.288150|   -7.737544|    0.176408|    0.011527|
|         296|   -8.302656|   -7.751999|    0.176407|    0.011527|
|         297|   -8.317293|   -7.766592|    0.176407|    0.011527|
|         298|   -8.332051|   -7.781313|    0.176407|    0.011527|
|         299|   -8.346918|   -7.796151|    0.176407|    0.011527|
|         300|   -8.361881|   -7.811094|    0.176407|    0.011527|
|         301|   -8.376929|   -7.826129|    0.176407|    0.011527|
|         302|   -8.392048|   -7.841243|    0.176407|    0.011527|
|         303|   -8.407224|   -7.856422|    0.176407|    0.011527|
|         304|   -8.422443|   -7.871652|    0.176407|    0.011527|
|         305|   -8.437689|   -7.886918|    0.176407|    0.011527|
|         306|   -8.452950|   -7.902206|    0.176407|    0.011527|
|         307|   -8.468209|   -7.917499|    0.176407|    0.011527|
|         308|   -8.483453|   -7.932784|    0.176407|    0.011527|
|         309|   -8.498667|   -7.948046|    0.176407|    0.011527|
|         310|   -8.513838|   -7.963271|    0.176407|    0.011527|
|         311|   -8.528952|   -7.978444|    0.176407|    0.011527|
|         312|   -8.543998|   -7.993553|    0.176407|    0.011527|
|         313|   -8.558964|   -8.008586|    0.176407|    0.011527|
|         314|   -8.573839|   -8.023531|    0.176407|    0.011527|
|         315|   -8.588615|   -8.038379|    0.176407|    0.011527|
|         316|   -8.603283|   -8.053122|    0.176407|    0.011527|
|         317|   -8.617838|   -8.067751|    0.176407|    0.011527|
|         318|   -8.632275|   -8.082262|    0.176407|    0.011527|
|         319|   -8.646591|   -8.096651|    0.176407|    0.011527|
|         320|   -8.660785|   -8.110916|    0.176407|    0.011527|
|         321|   -8.674857|   -8.125056|    0.176407|    0.011527|
|         322|   -8.688810|   -8.139074|    0.176407|    0.011527|
|         323|   -8.702647|   -8.152973|    0.176407|    0.011527|
|         324|   -8.716375|   -8.166758|    0.176407|    0.011527|
|         325|   -8.730002|   -8.180436|    0.176407|    0.011527|
|         326|   -8.743535|   -8.194015|    0.176407|    0.011527|
|         327|   -8.756985|   -8.207505|    0.176407|    0.011527|
|         328|   -8.770362|   -8.220915|    0.176407|    0.011527|
|         329|   -8.783680|   -8.234259|    0.176407|    0.011527|
|         330|   -8.796951|   -8.247547|    0.176407|    0.011527|
|         331|   -8.810189|   -8.260794|    0.176407|    0.011527|
|         332|   -8.823407|   -8.274014|    0.176407|    0.011527|
|         333|   -8.836620|   -8.287219|    0.176407|    0.011527|
|         334|   -8.849842|   -8.300426|    0.176407|    0.011527|
|         335|   -8.863087|   -8.313647|    0.176407|    0.011527|
|         336|   -8.876370|   -8.326898|    0.176407|    0.011527|
|         337|   -8.889704|   -8.340191|    0.176407|    0.011527|
|         338|   -8.903103|   -8.353542|    0.176407|    0.011527|
|         339|   -8.916579|   -8.366963|    0.176407|    0.011527|
|         340|   -8.930145|   -8.380467|    0.176407|    0.011527|
|         341|   -8.943811|   -8.394065|    0.176407|    0.011527|
|         342|   -8.957589|   -8.407769|    0.176407|    0.011527|
|         343|   -8.971487|   -8.421588|    0.176407|    0.011527|
|         344|   -8.985514|   -8.435532|    0.176407|    0.011527|
|         345|   -8.999677|   -8.449608|    0.176407|    0.011527|
|         346|   -9.013981|   -8.463824|    0.176407|    0.011527|
|         347|   -9.028433|   -8.478185|    0.176407|    0.011527|
|         348|   -9.043034|   -8.492696|    0.176407|    0.011527|
|         349|   -9.057787|   -8.507359|    0.176407|    0.011527|
|         350|   -9.072694|   -8.522176|    0.176407|    0.011527|
|         351|   -9.087752|   -8.537148|    0.176407|    0.011527|
|         352|   -9.102960|   -8.552272|    0.176407|    0.011527|
|         353|   -9.118314|   -8.567547|    0.176407|    0.011527|
|         354|   -9.133809|   -8.582968|    0.176407|    0.011527|
|         355|   -9.149438|   -8.598530|    0.176407|    0.011527|
|         356|   -9.165194|   -8.614225|    0.176407|    0.011527|
|         357|   -9.181067|   -8.630044|    0.176407|    0.011527|
|         358|   -9.197046|   -8.645977|    0.176407|    0.011527|
|         359|   -9.213119|   -8.662014|    0.176407|    0.011527|
|         360|   -9.229272|   -8.678140|    0.176407|    0.011527|
|         361|   -9.245491|   -8.694341|    0.176407|    0.011527|
|         362|   -9.261761|   -8.710603|    0.176407|    0.011527|
|         363|   -9.278064|   -8.726908|    0.176407|    0.011527|
|         364|   -9.294384|   -8.743240|    0.176407|    0.011527|
|         365|   -9.310701|   -8.759579|    0.176407|    0.011527|
|         366|   -9.326998|   -8.775907|    0.176407|    0.011527|
|         367|   -9.343255|   -8.792204|    0.176407|    0.011527|
|         368|   -9.359454|   -8.808452|    0.176407|    0.011527|
|         369|   -9.375576|   -8.824629|    0.176407|    0.011527|
|         370|   -9.391602|   -8.840718|    0.176407|    0.011527|
|         371|   -9.407516|   -8.856700|    0.176407|    0.011527|
|         372|   -9.423302|   -8.872558|    0.176407|    0.011527|
|         373|   -9.438945|   -8.888276|    0.176407|    0.011527|
|         374|   -9.454431|   -8.903839|    0.176407|    0.011527|
|         375|   -9.469751|   -8.919235|    0.176407|    0.011527|
|         376|   -9.484895|   -8.934456|    0.176407|    0.011527|
|         377|   -9.499858|   -8.949493|    0.176407|    0.011527|
|         378|   -9.514638|   -8.964343|    0.176407|    0.011527|
|         379|   -9.529234|   -8.979005|    0.176407|    0.011527|
|         380|   -9.543650|   -8.993480|    0.176407|    0.011527|
|         381|   -9.557890|   -9.007775|    0.176407|    0.011527|
|         382|   -9.571964|   -9.021896|    0.176407|    0.011527|
|         383|   -9.585883|   -9.035853|    0.176407|    0.011527|
|         384|   -9.599660|   -9.049659|    0.176407|    0.011527|
|         385|   -9.613311|   -9.063329|    0.176407|    0.011527|
|         386|   -9.626853|   -9.076879|    0.176407|    0.011527|
|         387|   -9.640304|   -9.090330|    0.176407|    0.011527|
|         388|   -9.653686|   -9.103699|    0.176407|    0.011527|
|         389|   -9.667018|   -9.117010|    0.176407|    0.011527|
|         390|   -9.680324|   -9.130284|    0.176407|    0.011527|
|         391|   -9.693624|   -9.143543|    0.176407|    0.011527|
|         392|   -9.706939|   -9.156810|    0.176407|    0.011527|
|         393|   -9.720291|   -9.170104|    0.176407|    0.011527|
|         394|   -9.733700|   -9.183449|    0.176407|    0.011527|
|         395|   -9.747185|   -9.196863|    0.176407|    0.011527|
|         396|   -9.760764|   -9.210365|    0.176407|    0.011527|
|         397|   -9.774454|   -9.223973|    0.176407|    0.011527|
|         398|   -9.788269|   -9.237702|    0.176407|    0.011527|
|         399|   -9.802224|   -9.251568|    0.176407|    0.011527|
|         400|   -9.816329|   -9.265583|    0.176407|    0.011527|
|         401|   -9.830596|   -9.279757|    0.176407|    0.011527|
|         402|   -9.845032|   -9.294101|    0.176407|    0.011527|
|         403|   -9.859644|   -9.308621|    0.176407|    0.011527|
|         404|   -9.874437|   -9.323324|    0.176407|    0.011527|
|         405|   -9.889413|   -9.338212|    0.176407|    0.011527|
|         406|   -9.904574|   -9.353288|    0.176407|    0.011527|
|         407|   -9.919919|   -9.368552|    0.176407|    0.011527|
|         408|   -9.935446|   -9.384003|    0.176407|    0.011527|
|         409|   -9.951149|   -9.399636|    0.176407|    0.011527|
|         410|   -9.967024|   -9.415446|    0.176407|    0.011527|
|         411|   -9.983061|   -9.431427|    0.176407|    0.011527|
|         412|   -9.999253|   -9.447569|    0.176407|    0.011527|
|         413|  -10.015589|   -9.463864|    0.176407|    0.011527|
|         414|  -10.032055|   -9.480298|    0.176407|    0.011527|
|         415|  -10.048640|   -9.496859|    0.176407|    0.011527|
|         416|  -10.065326|   -9.513532|    0.176407|    0.011527|
|         417|  -10.082099|   -9.530301|    0.176407|    0.011527|
|         418|  -10.098942|   -9.547150|    0.176407|    0.011527|
|         419|  -10.115836|   -9.564061|    0.176407|    0.011527|
|         420|  -10.132762|   -9.581014|    0.176407|    0.011527|
|         421|  -10.149701|   -9.597990|    0.176407|    0.011527|
|         422|  -10.166632|   -9.614970|    0.176407|    0.011527|
|         423|  -10.183537|   -9.631931|    0.176407|    0.011527|
|         424|  -10.200395|   -9.648854|    0.176407|    0.011527|
|         425|  -10.217185|   -9.665718|    0.176407|    0.011527|
|         426|  -10.233888|   -9.682503|    0.176407|    0.011527|
|         427|  -10.250487|   -9.699190|    0.176407|    0.011527|
|         428|  -10.266962|   -9.715759|    0.176407|    0.011527|
|         429|  -10.283299|   -9.732194|    0.176407|    0.011527|
|         430|  -10.299483|   -9.748479|    0.176407|    0.011527|
|         431|  -10.315500|   -9.764599|    0.176407|    0.011527|
|         432|  -10.331341|   -9.780544|    0.176407|    0.011527|
|         433|  -10.346998|   -9.796303|    0.176407|    0.011527|
|         434|  -10.362464|   -9.811871|    0.176407|    0.011527|
|         435|  -10.377738|   -9.827242|    0.176407|    0.011527|
|         436|  -10.392820|   -9.842417|    0.176407|    0.011527|
|         437|  -10.407712|   -9.857397|    0.176407|    0.011527|
|         438|  -10.422421|   -9.872187|    0.176407|    0.011527|
|         439|  -10.436955|   -9.886795|    0.176407|    0.011527|
|         440|  -10.451324|   -9.901230|    0.176407|    0.011527|
|         441|  -10.465542|   -9.915506|    0.176407|    0.011527|
|         442|  -10.479622|   -9.929634|    0.176407|    0.011527|
|         443|  -10.493582|   -9.943632|    0.176407|    0.011527|
|         444|  -10.507438|   -9.957517|    0.176407|    0.011527|
|         445|  -10.521209|   -9.971306|    0.176407|    0.011527|
|         446|  -10.534916|   -9.985020|    0.176407|    0.011527|
|         447|  -10.548578|   -9.998679|    0.176407|    0.011527|
|         448|  -10.562215|  -10.012304|    0.176407|    0.011527|
|         449|  -10.575847|  -10.025914|    0.176407|    0.011527|
|         450|  -10.589494|  -10.039530|    0.176407|    0.011527|
|         451|  -10.603175|  -10.053172|    0.176407|    0.011527|
|         452|  -10.616909|  -10.066859|    0.176407|    0.011527|
|         453|  -10.630713|  -10.080608|    0.176407|    0.011527|
|         454|  -10.644603|  -10.094437|    0.176407|    0.011527|
|         455|  -10.658593|  -10.108361|    0.176407|    0.011527|
|         456|  -10.672699|  -10.122395|    0.176407|    0.011527|
|         457|  -10.686930|  -10.136551|    0.176407|    0.011527|
|         458|  -10.701299|  -10.150841|    0.176407|    0.011527|
|         459|  -10.715814|  -10.165275|    0.176407|    0.011527|
|         460|  -10.730483|  -10.179861|    0.176407|    0.011527|
|         461|  -10.745311|  -10.194606|    0.176407|    0.011527|
|         462|  -10.760303|  -10.209514|    0.176407|    0.011527|
|         463|  -10.775460|  -10.224590|    0.176407|    0.011527|
|         464|  -10.790785|  -10.239833|    0.176407|    0.011527|
|         465|  -10.806275|  -10.255245|    0.176407|    0.011527|
|         466|  -10.821928|  -10.270824|    0.176407|    0.011527|
|         467|  -10.837741|  -10.286566|    0.176407|    0.011527|
|         468|  -10.853708|  -10.302467|    0.176407|    0.011527|
|         469|  -10.869820|  -10.318519|    0.176407|    0.011527|
|         470|  -10.886071|  -10.334715|    0.176407|    0.011527|
|         471|  -10.902448|  -10.351046|    0.176407|    0.011527|
|         472|  -10.918942|  -10.367499|    0.176407|    0.011527|
|         473|  -10.935540|  -10.384064|    0.176407|    0.011527|
|         474|  -10.952227|  -10.400726|    0.176407|    0.011527|
|         475|  -10.968988|  -10.417471|    0.176407|    0.011527|
|         476|  -10.985807|  -10.434283|    0.176407|    0.011527|
|         477|  -11.002669|  -10.451145|    0.176407|    0.011527|
|         478|  -11.019554|  -10.468040|    0.176407|    0.011527|
|         479|  -11.036446|  -10.484949|    0.176407|    0.011527|
|         480|  -11.053324|  -10.501855|    0.176407|    0.011527|
|         481|  -11.070172|  -10.518737|    0.176407|    0.011527|
|         482|  -11.086970|  -10.535576|    0.176407|    0.011527|
|         483|  -11.103699|  -10.552355|    0.176407|    0.011527|
|         484|  -11.120342|  -10.569053|    0.176407|    0.011527|
|         485|  -11.136882|  -10.585653|    0.176407|    0.011527|
|         486|  -11.153302|  -10.602137|    0.176407|    0.011527|
|         487|  -11.169586|  -10.618490|    0.176407|    0.011527|
|         488|  -11.185723|  -10.634696|    0.176407|    0.011527|
|         489|  -11.201699|  -10.650744|    0.176407|    0.011527|
|         490|  -11.217506|  -10.666622|    0.176407|    0.011527|
|         491|  -11.233136|  -10.682322|    0.176407|    0.011527|
|         492|  -11.248584|  -10.697839|    0.176407|    0.011527|
|         493|  -11.263849|  -10.713169|    0.176407|    0.011527|
|         494|  -11.278931|  -10.728312|    0.176407|    0.011527|
|         495|  -11.293834|  -10.743271|    0.176407|    0.011527|
|         496|  -11.308564|  -10.758051|    0.176407|    0.011527|
|         497|  -11.323131|  -10.772662|    0.176407|    0.011527|
|         498|  -11.337544|  -10.787112|    0.176407|    0.011527|
|         499|  -11.351817|  -10.801414|    0.176407|    0.011527|
|         500|  -11.365965|  -10.815583|    0.176407|    0.011527|
+-----------------------------------------------------------------------+
|        File Writing Summary       |              Filename             |
+-----------------------------------------------------------------------+
|SU2 binary restart                 |restart_flow.dat                   |
|Paraview                           |flow.vtu                           |
|Paraview surface                   |surface_flow.vtu                   |
|CSV file                           |surface_flow.csv                   |
+-----------------------------------------------------------------------+
+----------------------------------------------------------------+
|  Inner_Iter|    rms[Rho]|   rms[RhoE]|          CL|          CD|
+----------------------------------------------------------------+
|         501|  -11.380004|  -10.829634|    0.176407|    0.011527|
|         502|  -11.393954|  -10.843586|    0.176407|    0.011527|
|         503|  -11.407832|  -10.857458|    0.176407|    0.011527|
|         504|  -11.421660|  -10.871270|    0.176407|    0.011527|
|         505|  -11.435457|  -10.885043|    0.176407|    0.011527|
|         506|  -11.449245|  -10.898798|    0.176407|    0.011527|
|         507|  -11.463044|  -10.912557|    0.176407|    0.011527|
|         508|  -11.476875|  -10.926339|    0.176407|    0.011527|
|         509|  -11.490757|  -10.940166|    0.176407|    0.011527|
|         510|  -11.504708|  -10.954056|    0.176407|    0.011527|
|         511|  -11.518747|  -10.968028|    0.176407|    0.011527|
|         512|  -11.532890|  -10.982098|    0.176407|    0.011527|
|         513|  -11.547151|  -10.996283|    0.176407|    0.011527|
|         514|  -11.561545|  -11.010597|    0.176407|    0.011527|
|         515|  -11.576083|  -11.025053|    0.176407|    0.011527|
|         516|  -11.590778|  -11.039663|    0.176407|    0.011527|
|         517|  -11.605637|  -11.054437|    0.176407|    0.011527|
|         518|  -11.620669|  -11.069382|    0.176407|    0.011527|
|         519|  -11.635878|  -11.084507|    0.176407|    0.011527|
|         520|  -11.651271|  -11.099815|    0.176407|    0.011527|
|         521|  -11.666849|  -11.115310|    0.176407|    0.011527|
|         522|  -11.682613|  -11.130994|    0.176407|    0.011527|
|         523|  -11.698562|  -11.146867|    0.176407|    0.011527|
|         524|  -11.714696|  -11.162928|    0.176407|    0.011527|
|         525|  -11.731008|  -11.179173|    0.176407|    0.011527|
|         526|  -11.747495|  -11.195598|    0.176407|    0.011527|
|         527|  -11.764149|  -11.212195|    0.176407|    0.011527|
|         528|  -11.780961|  -11.228958|    0.176407|    0.011527|
|         529|  -11.797922|  -11.245877|    0.176407|    0.011527|
|         530|  -11.815021|  -11.262941|    0.176407|    0.011527|
|         531|  -11.832243|  -11.280137|    0.176407|    0.011527|
|         532|  -11.849577|  -11.297453|    0.176407|    0.011527|
|         533|  -11.867006|  -11.314873|    0.176407|    0.011527|
|         534|  -11.884514|  -11.332381|    0.176407|    0.011527|
|         535|  -11.902083|  -11.349961|    0.176407|    0.011527|
|         536|  -11.919696|  -11.367593|    0.176407|    0.011527|
|         537|  -11.937334|  -11.385260|    0.176407|    0.011527|
|         538|  -11.954978|  -11.402941|    0.176407|    0.011527|
|         539|  -11.972606|  -11.420616|    0.176407|    0.011527|
|         540|  -11.990200|  -11.438265|    0.176407|    0.011527|
|         541|  -12.007739|  -11.455868|    0.176407|    0.011527|
|         542|  -12.025203|  -11.473403|    0.176407|    0.011527|
|         543|  -12.042574|  -11.490850|    0.176407|    0.011527|
|         544|  -12.059832|  -11.508191|    0.176407|    0.011527|
|         545|  -12.076960|  -11.525407|    0.176407|    0.011527|
|         546|  -12.093942|  -11.542480|    0.176407|    0.011527|
|         547|  -12.110764|  -11.559395|    0.176407|    0.011527|
|         548|  -12.127413|  -11.576139|    0.176407|    0.011527|
|         549|  -12.143880|  -11.592700|    0.176407|    0.011527|
|         550|  -12.160156|  -11.609069|    0.176407|    0.011527|
|         551|  -12.176239|  -11.625242|    0.176407|    0.011527|
|         552|  -12.192124|  -11.641214|    0.176407|    0.011527|
|         553|  -12.207814|  -11.656986|    0.176407|    0.011527|
|         554|  -12.223314|  -11.672563|    0.176407|    0.011527|
|         555|  -12.238629|  -11.687949|    0.176407|    0.011527|
|         556|  -12.253771|  -11.703154|    0.176407|    0.011527|
|         557|  -12.268748|  -11.718188|    0.176407|    0.011527|
|         558|  -12.283577|  -11.733063|    0.176407|    0.011527|
|         559|  -12.298272|  -11.747794|    0.176407|    0.011527|
|         560|  -12.312850|  -11.762400|    0.176407|    0.011527|
|         561|  -12.327329|  -11.776897|    0.176407|    0.011527|
|         562|  -12.341732|  -11.791307|    0.176407|    0.011527|
|         563|  -12.356077|  -11.805649|    0.176407|    0.011527|
|         564|  -12.370387|  -11.819945|    0.176407|    0.011527|
|         565|  -12.384682|  -11.834218|    0.176407|    0.011527|
|         566|  -12.398984|  -11.848489|    0.176407|    0.011527|
|         567|  -12.413312|  -11.862778|    0.176407|    0.011527|
|         568|  -12.427688|  -11.877108|    0.176407|    0.011527|
|         569|  -12.442128|  -11.891495|    0.176407|    0.011527|
|         570|  -12.456653|  -11.905960|    0.176407|    0.011527|
|         571|  -12.471278|  -11.920520|    0.176407|    0.011527|
|         572|  -12.486018|  -11.935188|    0.176407|    0.011527|
|         573|  -12.500887|  -11.949983|    0.176407|    0.011527|
|         574|  -12.515897|  -11.964916|    0.176407|    0.011527|
|         575|  -12.531058|  -11.979997|    0.176407|    0.011527|
|         576|  -12.546379|  -11.995238|    0.176407|    0.011527|
|         577|  -12.561867|  -12.010644|    0.176407|    0.011527|
|         578|  -12.577528|  -12.026223|    0.176407|    0.011527|
|         579|  -12.593364|  -12.041979|    0.176407|    0.011527|
|         580|  -12.609378|  -12.057914|    0.176407|    0.011527|
|         581|  -12.625570|  -12.074030|    0.176407|    0.011527|
|         582|  -12.641936|  -12.090323|    0.176407|    0.011527|
|         583|  -12.658475|  -12.106794|    0.176407|    0.011527|
|         584|  -12.675181|  -12.123435|    0.176407|    0.011527|
|         585|  -12.692046|  -12.140241|    0.176407|    0.011527|
|         586|  -12.709063|  -12.157204|    0.176407|    0.011527|
|         587|  -12.726222|  -12.174316|    0.176407|    0.011527|
|         588|  -12.743510|  -12.191564|    0.176407|    0.011527|
|         589|  -12.760913|  -12.208935|    0.176407|    0.011527|
|         590|  -12.778420|  -12.226417|    0.176407|    0.011527|
|         591|  -12.796013|  -12.243993|    0.176407|    0.011527|
|         592|  -12.813676|  -12.261647|    0.176407|    0.011527|
|         593|  -12.831391|  -12.279363|    0.176407|    0.011527|
|         594|  -12.849138|  -12.297119|    0.176407|    0.011527|
|         595|  -12.866902|  -12.314899|    0.176407|    0.011527|
|         596|  -12.884659|  -12.332681|    0.176407|    0.011527|
|         597|  -12.902390|  -12.350445|    0.176407|    0.011527|
|         598|  -12.920074|  -12.368170|    0.176407|    0.011527|
|         599|  -12.937691|  -12.385836|    0.176407|    0.011527|
|         600|  -12.955222|  -12.403421|    0.176407|    0.011527|
|         601|  -12.972647|  -12.420905|    0.176407|    0.011527|
|         602|  -12.989945|  -12.438267|    0.176407|    0.011527|
|         603|  -13.007101|  -12.455492|    0.176407|    0.011527|

----------------------------- Solver Exit -------------------------------
All convergence criteria satisfied.
+-----------------------------------------------------------------------+
|      Convergence Field     |     Value    |   Criterion  |  Converged |
+-----------------------------------------------------------------------+
|                    rms[Rho]|      -13.0071|         < -13|         Yes|
+-----------------------------------------------------------------------+
-------------------------------------------------------------------------
+-----------------------------------------------------------------------+
|        File Writing Summary       |              Filename             |
+-----------------------------------------------------------------------+
|SU2 binary restart                 |restart_flow.dat                   |
|Paraview                           |flow.vtu                           |
|Paraview surface                   |surface_flow.vtu                   |
|CSV file                           |surface_flow.csv                   |
+-----------------------------------------------------------------------+

--------------------------- Finalizing Solver ---------------------------
Deleted CNumerics container.
Deleted CIntegration container.
Deleted CSolver container.
Deleted CIteration container.
Deleted CInterface container.
Deleted CGeometry container.
Deleted CFreeFormDefBox class.
Deleted CSurfaceMovement class.
Deleted CVolumetricMovement class.
Deleted CConfig container.
Deleted nInst container.
Deleted COutput class.
-------------------------------------------------------------------------

------------------------- Exit Success (SU2_CFD) ------------------------

