
-------------------------------------------------------------------------
|    ___ _   _ ___                                                      |
|   / __| | | |_  )   Release 8.3.0 "Harrier"                           |
|   \__ \ |_| |/ /                                                      |
|   |___/\___//___|   Suite (Computational Fluid Dynamics Code)         |
|                                                                       |
-------------------------------------------------------------------------
| SU2 Project Website: https://su2code.github.io                        |
|                                                                       |
| The SU2 Project is maintained by the SU2 Foundation                   |
| (http://su2foundation.org)                                            |
-------------------------------------------------------------------------
| Copyright 2012-2025, SU2 Contributors                                 |
|                                                                       |
| SU2 is free software; you can redistribute it and/or                  |
| modify it under the terms of the GNU Lesser General Public            |
| License as published by the Free Software Foundation; either          |
| version 2.1 of the License, or (at your option) any later version.    |
|                                                                       |
| SU2 is distributed in the hope that it will be useful,                |
| but WITHOUT ANY WARRANTY; without even the implied warranty of        |
| MERCHANTABILITY or FITNESS FOR A PARTICULAR PURPOSE. See the GNU      |
| Lesser General Public License for more details.                       |
|                                                                       |
| You should have received a copy of the GNU Lesser General Public      |
| License along with SU2. If not, see <http://www.gnu.org/licenses/>.   |
-------------------------------------------------------------------------

Parsing config file for zone 0

----------------- Physical Case Definition ( Zone 0 ) -------------------
Compressible Euler equations.
Mach number: 0.8.
Angle of attack (AoA): 1.25 deg, and angle of sideslip (AoS): 0 deg.
No restart solution, use the values at infinity (freestream).
Non-Dimensional simulation (P=1.0, Rho=1.0, T=1.0 at the farfield).
The reference area is 1 m^2.
The semi-span will be computed using the max y(3D) value.
The reference length is 1 m.
Reference origin for moment evaluation is (0.25, 0, 0).
Surface(s) where the force coefficients are evaluated: airfoil.

Surface(s) plotted in the output file: airfoil.
Surface(s) affected by the design variables: airfoil.
Input mesh file name: mesh_NACA0012_inv_deform.su2

--------------- Space Numerical Integration ( Zone 0 ) ------------------
Jameson-Schmidt-Turkel scheme (2nd order in space) for the flow inviscid terms.
JST viscous coefficients (2nd & 4th): 0.5, 0.02.
The method includes a grid stretching correction (p = 0.3).
Gradient for viscous and source terms: Green-Gauss.

--------------- Time Numerical Integration  ( Zone 0 ) ------------------
Local time stepping (steady state simulation).
Euler implicit method for the flow equations.
FGMRES is used for solving the linear system.
Using a LU-SGS preconditioning.
Convergence criteria of the linear solver: 0.0001.
Max number of linear iterations: 2.
V Multigrid Cycle, with 2 multigrid levels.
Damping factor for the residual restriction: 1.
Damping factor for the correction prolongation: 1.
No CFL adaptation.
+-------------------------------------------+
|  MG Level| Presmooth|PostSmooth|CorrectSmo|
+-------------------------------------------+
|         0|         1|         0|         0|
|         1|         2|         0|         0|
|         2|         3|         0|         0|
+-------------------------------------------+
Courant-Friedrichs-Lewy number:       10

------------------ Convergence Criteria  ( Zone 0 ) ---------------------
Maximum number of solver subiterations: 1000.
Begin convergence monitoring at iteration 10.
Residual minimum value: 1e-13.
Cauchy series min. value: 1e-06.
Number of Cauchy elements: 100.
Begin windowed time average at iteration 0.

-------------------- Output Information ( Zone 0 ) ----------------------
File writing frequency: 
+------------------------------------+
|                     File| Frequency|
+------------------------------------+
|                  RESTART|       250|
|                 PARAVIEW|       250|
|         SURFACE_PARAVIEW|       250|
|              SURFACE_CSV|       250|
+------------------------------------+
Writing the convergence history file every 1 inner iterations.
Writing the screen convergence history every 1 inner iterations.
The tabular file format is CSV (.csv).
Convergence history file name: history_direct.
Forces breakdown file name: forces_breakdown.dat.
Surface file name: surface_flow.
Volume file name: flow.
Restart file name: restart_flow.

------------- Config File Boundary Information ( Zone 0 ) ---------------
+-----------------------------------------------------------------------+
|                        Marker Type|                        Marker Name|
+-----------------------------------------------------------------------+
|                         Euler wall|                            airfoil|
+-----------------------------------------------------------------------+
|                          Far-field|                           farfield|
+-----------------------------------------------------------------------+

-------------------- Output Preprocessing ( Zone 0 ) --------------------

WARNING: SURFACE_PRESSURE_DROP can only be computed for at least 2 surfaces (outlet, inlet, ...)

Screen output fields: INNER_ITER, RMS_DENSITY, RMS_ENERGY, LIFT, DRAG
History output group(s): ITER, RMS_RES, AERO_COEFF
Convergence field(s): RMS_DENSITY
Warning: No (valid) fields chosen for time convergence monitoring. Time convergence monitoring inactive.
Volume output fields: COORDINATES, SOLUTION, PRIMITIVE

------------------- Geometry Preprocessing ( Zone 0 ) -------------------
Two dimensional problem.
5233 grid points.
10216 volume elements.
2 surface markers.
200 boundary elements in index 0 (Marker = airfoil).
50 boundary elements in index 1 (Marker = farfield).
10216 triangles.
Setting point connectivity.
Renumbering points (Reverse Cuthill McKee Ordering).
Recomputing point connectivity.
Setting element connectivity.
Checking the numerical grid orientation.
All volume elements are correctly oriented.
All surface elements are correctly oriented.
Identifying edges and vertices.
Setting the control volume structure.
Area of the computational grid: 1253.25.
Searching for the closest normal neighbors to the surfaces.
Storing a mapping from global to local point index.
Compute the surface curvature.
Max K: 7835.1. Mean K: 35.3879. Standard deviation K: 494.433.
Checking for periodicity.
Computing mesh quality statistics for the dual control volumes.
+--------------------------------------------------------------+
|           Mesh Quality Metric|        Minimum|        Maximum|
+--------------------------------------------------------------+
|    Orthogonality Angle (deg.)|        63.0015|         89.785|
|     CV Face Area Aspect Ratio|        1.01263|         7.1745|
|           CV Sub-Volume Ratio|        1.00195|        6.47664|
+--------------------------------------------------------------+
Setting the multigrid structure.
+-------------------------------------------+
|  MG Level|       CVs|Aggl. Rate|       CFL|
+-------------------------------------------+
|         0|      5233|    1/1.00|        10|
|         1|      1690|     1/3.1|   8.52431|
|         2|       649|     1/2.6|   7.92373|
+-------------------------------------------+
Finding max control volume width.
Wetted area = 2.03578 m.
Area projection in the x-plane = 0.108606 m, y-plane = 0.999845 m.
Max. coordinate in the x-direction = 1 m, y-direction = 0.0452094 m.
Min. coordinate in the x-direction = 0 m, y-direction = -0.0634231 m.
Computing wall distances.

-------------------- Solver Preprocessing ( Zone 0 ) --------------------
Inviscid flow: Computing density based on free-stream
temperature and pressure using the ideal gas law.
Force coefficients computed using free-stream values.

-- Models:
+------------------------------------------------------------------------------+
|          Viscosity Model|        Conductivity Model|              Fluid Model|
+------------------------------------------------------------------------------+
|                        -|                         -|             STANDARD_AIR|
+------------------------------------------------------------------------------+
-- Fluid properties:
+------------------------------------------------------------------------------+
|                  Name|    Dim. value|    Ref. value|      Unit|Non-dim. value|
+------------------------------------------------------------------------------+
|          Gas Constant|       287.058|       287.058|  N.m/kg.K|             1|
|      Spec. Heat Ratio|             -|             -|         -|           1.4|
+------------------------------------------------------------------------------+
-- Initial and free-stream conditions:
+------------------------------------------------------------------------------+
|                  Name|    Dim. value|    Ref. value|      Unit|Non-dim. value|
+------------------------------------------------------------------------------+
|       Static Pressure|        101325|        101325|        Pa|             1|
|               Density|       1.29225|       1.29225|    kg/m^3|             1|
|           Temperature|        273.15|        273.15|         K|             1|
|          Total Energy|        231152|       78409.9|   m^2/s^2|         2.948|
|            Velocity-X|       264.994|       280.018|       m/s|      0.946348|
|            Velocity-Y|       5.78219|       280.018|       m/s|     0.0206494|
|    Velocity Magnitude|       265.057|       280.018|       m/s|      0.946573|
+------------------------------------------------------------------------------+
|           Mach Number|             -|             -|         -|           0.8|
+------------------------------------------------------------------------------+
Initialize Jacobian structure (Euler). MG level: 0.
Initialize Jacobian structure (Euler). MG level: 1.
Initialize Jacobian structure (Euler). MG level: 2.

------------------- Numerics Preprocessing ( Zone 0 ) -------------------

----------------- Integration Preprocessing ( Zone 0 ) ------------------

------------------- Iteration Preprocessing ( Zone 0 ) ------------------
Euler/Navier-Stokes/RANS fluid iteration.

------------------------------ Begin Solver -----------------------------

Simulation Run using the Single-zone Driver
WARNING: SU2 was not compiled for an AVX-capable architecture. Performance could be better,
         see https://su2code.github.io/docs_v7/Build-SU2-Linux-MacOS/#compiler-optimizations
WARNING: SU2 was not compiled for an AVX-capable architecture. Performance could be better,
         see https://su2code.github.io/docs_v7/Build-SU2-Linux-MacOS/#compiler-optimizations
WARNING: SU2 was not compiled for an AVX-capable architecture. Performance could be better,
         see https://su2code.github.io/docs_v7/Build-SU2-Linux-MacOS/#compiler-optimizations
+----------------------------------------------------------------+
|  Inner_Iter|    rms[Rho]|   rms[RhoE]|          CL|          CD|
+----------------------------------------------------------------+
|           0|   -3.617213|   -3.020836|    0.143460|    0.208879|
|           1|   -3.867365|   -3.256515|    0.024154|    0.081980|
|           2|   -3.803526|   -3.205320|    0.024562|    0.059247|
|           3|   -3.750016|   -3.157654|    0.059296|    0.073273|
|           4|   -3.701600|   -3.112288|    0.053376|    0.056178|
|           5|   -3.698043|   -3.112813|    0.047132|    0.043356|
|           6|   -3.694255|   -3.115012|    0.045283|    0.038892|
|           7|   -3.699163|   -3.122326|    0.040514|    0.034335|
|           8|   -3.683370|   -3.105848|    0.035797|    0.028701|
|           9|   -3.697951|   -3.123938|    0.032984|    0.024021|
|          10|   -3.703177|   -3.133086|    0.031339|    0.020788|
|          11|   -3.707929|   -3.140231|    0.029853|    0.017942|
|          12|   -3.712451|   -3.145423|    0.027845|    0.014943|
|          13|   -3.715677|   -3.147424|    0.025615|    0.011979|
|          14|   -3.723486|   -3.153210|    0.023923|    0.009251|
|          15|   -3.733041|   -3.160831|    0.022890|    0.006765|
|          16|   -3.743173|   -3.170158|    0.022130|    0.004441|
|          17|   -3.755148|   -3.182859|    0.021341|    0.002221|
|          18|   -3.769584|   -3.199015|    0.020495|    0.000112|
|          19|   -3.787237|   -3.218495|    0.019655|   -0.001824|
|          20|   -3.808508|   -3.241105|    0.018866|   -0.003510|
|          21|   -3.832154|   -3.265436|    0.018159|   -0.004875|
|          22|   -3.856377|   -3.289786|    0.017475|   -0.005869|
|          23|   -3.880211|   -3.313270|    0.016855|   -0.006445|
|          24|   -3.903265|   -3.335546|    0.016392|   -0.006565|
|          25|   -3.925501|   -3.356704|    0.016244|   -0.006212|
|          26|   -3.947464|   -3.377570|    0.016482|   -0.005412|
|          27|   -3.969859|   -3.399151|    0.017102|   -0.004228|
|          28|   -3.993087|   -3.422093|    0.017960|   -0.002761|
|          29|   -4.017272|   -3.446679|    0.018890|   -0.001131|
|          30|   -4.042784|   -3.473338|    0.019772|    0.000554|
|          31|   -4.070191|   -3.502494|    0.020524|    0.002199|
|          32|   -4.099893|   -3.534139|    0.021114|    0.003731|
|          33|   -4.131751|   -3.567595|    0.021530|    0.005099|
|          34|   -4.164909|   -3.601594|    0.021781|    0.006268|
|          35|   -4.198115|   -3.634759|    0.021898|    0.007211|
|          36|   -4.230103|   -3.666062|    0.021908|    0.007907|
|          37|   -4.259955|   -3.695071|    0.021839|    0.008345|
|          38|   -4.287398|   -3.721982|    0.021729|    0.008532|
|          39|   -4.312599|   -3.747210|    0.021616|    0.008484|
|          40|   -4.335812|   -3.771026|    0.021529|    0.008228|
|          41|   -4.357374|   -3.793611|    0.021494|    0.007801|
|          42|   -4.377639|   -3.815093|    0.021537|    0.007242|
|          43|   -4.396836|   -3.835510|    0.021666|    0.006592|
|          44|   -4.415028|   -3.854809|    0.021887|    0.005890|
|          45|   -4.432232|   -3.872943|    0.022210|    0.005173|
|          46|   -4.448404|   -3.889839|    0.022631|    0.004472|
|          47|   -4.463494|   -3.905472|    0.023133|    0.003813|
|          48|   -4.477404|   -3.919807|    0.023713|    0.003220|
|          49|   -4.489872|   -3.932668|    0.024361|    0.002709|
|          50|   -4.500873|   -3.944120|    0.025061|    0.002291|
|          51|   -4.510840|   -3.954639|    0.025794|    0.001970|
|          52|   -4.520550|   -3.964965|    0.026522|    0.001744|
|          53|   -4.530807|   -3.975826|    0.027225|    0.001611|
|          54|   -4.542208|   -3.987751|    0.027884|    0.001560|
|          55|   -4.555429|   -4.001422|    0.028476|    0.001580|
|          56|   -4.570938|   -4.017351|    0.028999|    0.001659|
|          57|   -4.588694|   -4.035562|    0.029455|    0.001786|
|          58|   -4.608270|   -4.055620|    0.029837|    0.001945|
|          59|   -4.629072|   -4.076892|    0.030156|    0.002126|
|          60|   -4.650685|   -4.098971|    0.030424|    0.002315|
|          61|   -4.672800|   -4.121526|    0.030642|    0.002502|
|          62|   -4.695100|   -4.144217|    0.030810|    0.002678|
|          63|   -4.717478|   -4.166904|    0.030926|    0.002835|
|          64|   -4.739823|   -4.189457|    0.030983|    0.002968|
|          65|   -4.762052|   -4.211796|    0.030980|    0.003072|
|          66|   -4.784161|   -4.233918|    0.030915|    0.003146|
|          67|   -4.806062|   -4.255728|    0.030789|    0.003189|
|          68|   -4.827641|   -4.277134|    0.030613|    0.003203|
|          69|   -4.848806|   -4.298054|    0.030403|    0.003192|
|          70|   -4.869472|   -4.318421|    0.030166|    0.003161|
|          71|   -4.889580|   -4.338226|    0.029911|    0.003115|
|          72|   -4.909103|   -4.357488|    0.029649|    0.003058|
|          73|   -4.928086|   -4.376267|    0.029394|    0.002995|
|          74|   -4.946607|   -4.394636|    0.029154|    0.002931|
|          75|   -4.964763|   -4.412697|    0.028933|    0.002869|
|          76|   -4.982741|   -4.430630|    0.028738|    0.002813|
|          77|   -5.000759|   -4.448649|    0.028573|    0.002764|
|          78|   -5.018933|   -4.466861|    0.028443|    0.002725|
|          79|   -5.037321|   -4.485289|    0.028352|    0.002697|
|          80|   -5.055903|   -4.503891|    0.028298|    0.002680|
|          81|   -5.074675|   -4.522668|    0.028277|    0.002672|
|          82|   -5.093685|   -4.541678|    0.028289|    0.002673|
|          83|   -5.112990|   -4.560964|    0.028331|    0.002681|
|          84|   -5.132565|   -4.580522|    0.028398|    0.002696|
|          85|   -5.152532|   -4.600492|    0.028487|    0.002716|
|          86|   -5.172972|   -4.620937|    0.028590|    0.002739|
|          87|   -5.193870|   -4.641843|    0.028704|    0.002764|
|          88|   -5.215232|   -4.663201|    0.028825|    0.002789|
|          89|   -5.237199|   -4.685162|    0.028951|    0.002813|
|          90|   -5.259855|   -4.707808|    0.029078|    0.002836|
|          91|   -5.283231|   -4.731145|    0.029206|    0.002856|
|          92|   -5.307275|   -4.755108|    0.029330|    0.002872|
|          93|   -5.331843|   -4.779554|    0.029448|    0.002884|
|          94|   -5.356743|   -4.804298|    0.029559|    0.002893|
|          95|   -5.381767|   -4.829136|    0.029662|    0.002897|
|          96|   -5.406629|   -4.853779|    0.029758|    0.002896|
|          97|   -5.431002|   -4.877906|    0.029844|    0.002893|
|          98|   -5.454628|   -4.901282|    0.029922|    0.002886|
|          99|   -5.477373|   -4.923799|    0.029990|    0.002876|
|         100|   -5.499135|   -4.945380|    0.030049|    0.002864|
|         101|   -5.519926|   -4.966053|    0.030101|    0.002851|
|         102|   -5.539812|   -4.985906|    0.030145|    0.002836|
|         103|   -5.558948|   -5.005109|    0.030182|    0.002821|
|         104|   -5.577536|   -5.023848|    0.030214|    0.002805|
|         105|   -5.595727|   -5.042239|    0.030241|    0.002790|
|         106|   -5.613708|   -5.060454|    0.030263|    0.002776|
|         107|   -5.631714|   -5.078705|    0.030281|    0.002763|
|         108|   -5.649941|   -5.097139|    0.030296|    0.002750|
|         109|   -5.668600|   -5.115924|    0.030309|    0.002739|
|         110|   -5.687798|   -5.135156|    0.030320|    0.002730|
|         111|   -5.707625|   -5.154934|    0.030330|    0.002722|
|         112|   -5.728129|   -5.175317|    0.030340|    0.002715|
|         113|   -5.749311|   -5.196321|    0.030348|    0.002709|
|         114|   -5.771132|   -5.217924|    0.030356|    0.002705|
|         115|   -5.793507|   -5.240077|    0.030363|    0.002702|
|         116|   -5.816299|   -5.262669|    0.030370|    0.002700|
|         117|   -5.839350|   -5.285571|    0.030377|    0.002700|
|         118|   -5.862462|   -5.308614|    0.030384|    0.002700|
|         119|   -5.885366|   -5.331546|    0.030390|    0.002701|
|         120|   -5.907787|   -5.354094|    0.030395|    0.002703|
|         121|   -5.929469|   -5.375994|    0.030399|    0.002705|
|         122|   -5.950107|   -5.396910|    0.030403|    0.002708|
|         123|   -5.969439|   -5.416550|    0.030404|    0.002711|
|         124|   -5.987257|   -5.434676|    0.030405|    0.002715|
|         125|   -6.003464|   -5.451158|    0.030405|    0.002719|
|         126|   -6.018074|   -5.465983|    0.030402|    0.002723|
|         127|   -6.031143|   -5.479178|    0.030399|    0.002727|
|         128|   -6.042843|   -5.490913|    0.030395|    0.002732|
|         129|   -6.053385|   -5.501414|    0.030389|    0.002736|
|         130|   -6.063056|   -5.510983|    0.030383|    0.002740|
|         131|   -6.072161|   -5.519948|    0.030376|    0.002745|
|         132|   -6.081033|   -5.528662|    0.030368|    0.002749|
|         133|   -6.089980|   -5.537452|    0.030360|    0.002753|
|         134|   -6.099266|   -5.546592|    0.030352|    0.002757|
|         135|   -6.109110|   -5.556310|    0.030345|    0.002760|
|         136|   -6.119708|   -5.566811|    0.030337|    0.002763|
|         137|   -6.131222|   -5.578251|    0.030331|    0.002766|
|         138|   -6.143755|   -5.590738|    0.030325|    0.002769|
|         139|   -6.157374|   -5.604336|    0.030320|    0.002771|
|         140|   -6.172129|   -5.619095|    0.030315|    0.002773|
|         141|   -6.188044|   -5.635039|    0.030313|    0.002775|
|         142|   -6.205068|   -5.652107|    0.030311|    0.002776|
|         143|   -6.223178|   -5.670280|    0.030311|    0.002777|
|         144|   -6.242292|   -5.689467|    0.030312|    0.002778|
|         145|   -6.262252|   -5.709506|    0.030314|    0.002779|
|         146|   -6.282910|   -5.730250|    0.030318|    0.002779|
|         147|   -6.304136|   -5.751570|    0.030324|    0.002779|
|         148|   -6.325572|   -5.773096|    0.030331|    0.002778|
|         149|   -6.346871|   -5.794485|    0.030339|    0.002778|
|         150|   -6.367721|   -5.815421|    0.030349|    0.002777|
|         151|   -6.387830|   -5.835603|    0.030359|    0.002776|
|         152|   -6.406861|   -5.854680|    0.030371|    0.002775|
|         153|   -6.424525|   -5.872371|    0.030383|    0.002774|
|         154|   -6.440613|   -5.888471|    0.030396|    0.002773|
|         155|   -6.455042|   -5.902894|    0.030410|    0.002771|
|         156|   -6.467822|   -5.915635|    0.030424|    0.002770|
|         157|   -6.479115|   -5.926871|    0.030438|    0.002768|
|         158|   -6.489178|   -5.936878|    0.030453|    0.002767|
|         159|   -6.498349|   -5.945994|    0.030467|    0.002766|
|         160|   -6.507000|   -5.954585|    0.030481|    0.002764|
|         161|   -6.515522|   -5.963052|    0.030495|    0.002763|
|         162|   -6.524225|   -5.971704|    0.030508|    0.002761|
|         163|   -6.533396|   -5.980827|    0.030521|    0.002760|
|         164|   -6.543288|   -5.990675|    0.030534|    0.002759|
|         165|   -6.554152|   -6.001501|    0.030546|    0.002758|
|         166|   -6.566139|   -6.013455|    0.030557|    0.002757|
|         167|   -6.579333|   -6.026627|    0.030568|    0.002756|
|         168|   -6.593762|   -6.041045|    0.030578|    0.002755|
|         169|   -6.609453|   -6.056740|    0.030587|    0.002754|
|         170|   -6.626412|   -6.073707|    0.030595|    0.002754|
|         171|   -6.644575|   -6.091879|    0.030603|    0.002753|
|         172|   -6.663805|   -6.111122|    0.030610|    0.002753|
|         173|   -6.683917|   -6.131258|    0.030616|    0.002752|
|         174|   -6.704663|   -6.152036|    0.030622|    0.002752|
|         175|   -6.725744|   -6.173154|    0.030627|    0.002752|
|         176|   -6.746718|   -6.194166|    0.030631|    0.002752|
|         177|   -6.767303|   -6.214800|    0.030634|    0.002751|
|         178|   -6.787127|   -6.234672|    0.030637|    0.002752|
|         179|   -6.805762|   -6.253354|    0.030639|    0.002752|
|         180|   -6.822820|   -6.270454|    0.030641|    0.002752|
|         181|   -6.838003|   -6.285670|    0.030642|    0.002752|
|         182|   -6.851151|   -6.298845|    0.030643|    0.002752|
|         183|   -6.862318|   -6.310032|    0.030643|    0.002753|
|         184|   -6.871613|   -6.319330|    0.030643|    0.002753|
|         185|   -6.879295|   -6.326995|    0.030643|    0.002754|
|         186|   -6.885688|   -6.333353|    0.030643|    0.002754|
|         187|   -6.891172|   -6.338785|    0.030642|    0.002755|
|         188|   -6.896134|   -6.343679|    0.030641|    0.002755|
|         189|   -6.900981|   -6.348446|    0.030640|    0.002756|
|         190|   -6.906080|   -6.353458|    0.030639|    0.002756|
|         191|   -6.911733|   -6.359017|    0.030637|    0.002757|
|         192|   -6.918190|   -6.365380|    0.030636|    0.002757|
|         193|   -6.925660|   -6.372758|    0.030635|    0.002758|
|         194|   -6.934298|   -6.381308|    0.030634|    0.002758|
|         195|   -6.944194|   -6.391120|    0.030632|    0.002759|
|         196|   -6.955445|   -6.402292|    0.030631|    0.002759|
|         197|   -6.968141|   -6.414915|    0.030630|    0.002759|
|         198|   -6.982282|   -6.428991|    0.030629|    0.002760|
|         199|   -6.997855|   -6.444516|    0.030628|    0.002760|
|         200|   -7.014834|   -6.461462|    0.030627|    0.002760|
|         201|   -7.033155|   -6.479756|    0.030626|    0.002760|
|         202|   -7.052720|   -6.499305|    0.030626|    0.002761|
|         203|   -7.073413|   -6.519993|    0.030625|    0.002761|
|         204|   -7.095070|   -6.541655|    0.030625|    0.002761|
|         205|   -7.117481|   -6.564082|    0.030625|    0.002761|
|         206|   -7.140420|   -6.587053|    0.030625|    0.002761|
|         207|   -7.163606|   -6.610284|    0.030625|    0.002761|
|         208|   -7.186729|   -6.633460|    0.030626|    0.002761|
|         209|   -7.209420|   -6.656208|    0.030626|    0.002761|
|         210|   -7.231288|   -6.678138|    0.030627|    0.002761|
|         211|   -7.251972|   -6.698885|    0.030628|    0.002761|
|         212|   -7.271168|   -6.718141|    0.030628|    0.002761|
|         213|   -7.288658|   -6.735684|    0.030630|    0.002761|
|         214|   -7.304320|   -6.751391|    0.030631|    0.002760|
|         215|   -7.318182|   -6.765291|    0.030632|    0.002760|
|         216|   -7.330387|   -6.777521|    0.030633|    0.002760|
|         217|   -7.341148|   -6.788299|    0.030634|    0.002760|
|         218|   -7.350841|   -6.798009|    0.030636|    0.002760|
|         219|   -7.359868|   -6.807044|    0.030637|    0.002759|
|         220|   -7.368583|   -6.815751|    0.030639|    0.002759|
|         221|   -7.377328|   -6.824484|    0.030640|    0.002759|
|         222|   -7.386429|   -6.833575|    0.030642|    0.002759|
|         223|   -7.396164|   -6.843302|    0.030643|    0.002759|
|         224|   -7.406756|   -6.853888|    0.030644|    0.002759|
|         225|   -7.418373|   -6.865502|    0.030646|    0.002758|
|         226|   -7.431136|   -6.878267|    0.030647|    0.002758|
|         227|   -7.445123|   -6.892262|    0.030648|    0.002758|
|         228|   -7.460379|   -6.907532|    0.030649|    0.002758|
|         229|   -7.476907|   -6.924081|    0.030650|    0.002758|
|         230|   -7.494671|   -6.941872|    0.030651|    0.002758|
|         231|   -7.513589|   -6.960825|    0.030652|    0.002758|
|         232|   -7.533542|   -6.980821|    0.030653|    0.002758|
|         233|   -7.554337|   -7.001670|    0.030654|    0.002758|
|         234|   -7.575777|   -7.023166|    0.030655|    0.002758|
|         235|   -7.597582|   -7.045027|    0.030655|    0.002758|
|         236|   -7.619402|   -7.066903|    0.030656|    0.002758|
|         237|   -7.640862|   -7.088423|    0.030656|    0.002758|
|         238|   -7.661583|   -7.109206|    0.030656|    0.002758|
|         239|   -7.681170|   -7.128846|    0.030657|    0.002758|
|         240|   -7.699230|   -7.146940|    0.030657|    0.002758|
|         241|   -7.715460|   -7.163187|    0.030657|    0.002758|
|         242|   -7.729669|   -7.177391|    0.030657|    0.002758|
|         243|   -7.741813|   -7.189511|    0.030657|    0.002758|
|         244|   -7.752008|   -7.199658|    0.030658|    0.002758|
|         245|   -7.760502|   -7.208085|    0.030658|    0.002758|
|         246|   -7.767652|   -7.215152|    0.030657|    0.002758|
|         247|   -7.773832|   -7.221234|    0.030657|    0.002758|
|         248|   -7.779459|   -7.226761|    0.030657|    0.002758|
|         249|   -7.784967|   -7.232174|    0.030657|    0.002758|
|         250|   -7.790744|   -7.237854|    0.030657|    0.002758|
+-----------------------------------------------------------------------+
|        File Writing Summary       |              Filename             |
+-----------------------------------------------------------------------+
|SU2 binary restart                 |restart_flow.dat                   |
|Paraview                           |flow.vtu                           |
|Paraview surface                   |surface_flow.vtu                   |
|CSV file                           |surface_flow.csv                   |
+-----------------------------------------------------------------------+
+----------------------------------------------------------------+
|  Inner_Iter|    rms[Rho]|   rms[RhoE]|          CL|          CD|
+----------------------------------------------------------------+
|         251|   -7.797092|   -7.244109|    0.030657|    0.002758|
|         252|   -7.804264|   -7.251201|    0.030657|    0.002758|
|         253|   -7.812481|   -7.259349|    0.030657|    0.002759|
|         254|   -7.821910|   -7.268715|    0.030657|    0.002759|
|         255|   -7.832667|   -7.279417|    0.030657|    0.002759|
|         256|   -7.844843|   -7.291548|    0.030657|    0.002759|
|         257|   -7.858482|   -7.305150|    0.030657|    0.002759|
|         258|   -7.873591|   -7.320232|    0.030657|    0.002759|
|         259|   -7.890154|   -7.336780|    0.030657|    0.002759|
|         260|   -7.908126|   -7.354746|    0.030657|    0.002759|
|         261|   -7.927433|   -7.374056|    0.030657|    0.002759|
|         262|   -7.947973|   -7.394609|    0.030657|    0.002759|
|         263|   -7.969605|   -7.416265|    0.030657|    0.002759|
|         264|   -7.992150|   -7.438841|    0.030657|    0.002759|
|         265|   -8.015373|   -7.462104|    0.030657|    0.002759|
|         266|   -8.038971|   -7.485746|    0.030657|    0.002759|
|         267|   -8.062621|   -7.509449|    0.030657|    0.002759|
|         268|   -8.085966|   -7.532850|    0.030657|    0.002759|
|         269|   -8.108612|   -7.555550|    0.030657|    0.002759|
|         270|   -8.130152|   -7.577136|    0.030658|    0.002759|
|         271|   -8.150228|   -7.597254|    0.030658|    0.002759|
|         272|   -8.168582|   -7.615641|    0.030658|    0.002759|
|         273|   -8.185058|   -7.632139|    0.030658|    0.002759|
|         274|   -8.199634|   -7.646725|    0.030658|    0.002759|
|         275|   -8.212418|   -7.659510|    0.030659|    0.002759|
|         276|   -8.223644|   -7.670728|    0.030659|    0.002759|
|         277|   -8.233642|   -7.680711|    0.030659|    0.002759|
|         278|   -8.242792|   -7.689841|    0.030659|    0.002759|
|         279|   -8.251490|   -7.698519|    0.030660|    0.002759|
|         280|   -8.260121|   -7.707130|    0.030660|    0.002759|
|         281|   -8.269029|   -7.716022|    0.030660|    0.002759|
|         282|   -8.278517|   -7.725500|    0.030660|    0.002759|
|         283|   -8.288829|   -7.735810|    0.030660|    0.002759|
|         284|   -8.300152|   -7.747138|    0.030660|    0.002759|
|         285|   -8.312614|   -7.759614|    0.030661|    0.002759|
|         286|   -8.326298|   -7.773323|    0.030661|    0.002759|
|         287|   -8.341247|   -7.788308|    0.030661|    0.002759|
|         288|   -8.357457|   -7.804566|    0.030661|    0.002759|
|         289|   -8.374876|   -7.822046|    0.030661|    0.002758|
|         290|   -8.393405|   -7.840650|    0.030661|    0.002758|
|         291|   -8.412899|   -7.860230|    0.030661|    0.002758|
|         292|   -8.433157|   -7.880587|    0.030662|    0.002758|
|         293|   -8.453923|   -7.901460|    0.030662|    0.002758|
|         294|   -8.474882|   -7.922534|    0.030662|    0.002758|
|         295|   -8.495673|   -7.943441|    0.030662|    0.002758|
|         296|   -8.515906|   -7.963786|    0.030662|    0.002758|
|         297|   -8.535146|   -7.983123|    0.030662|    0.002758|
|         298|   -8.552977|   -8.001028|    0.030662|    0.002758|
|         299|   -8.569056|   -8.017155|    0.030662|    0.002758|
|         300|   -8.583149|   -8.031263|    0.030662|    0.002758|
|         301|   -8.595160|   -8.043253|    0.030662|    0.002758|
|         302|   -8.605143|   -8.053181|    0.030662|    0.002758|
|         303|   -8.613294|   -8.061245|    0.030662|    0.002758|
|         304|   -8.619930|   -8.067769|    0.030662|    0.002759|
|         305|   -8.625446|   -8.073156|    0.030662|    0.002759|
|         306|   -8.630272|   -8.077841|    0.030662|    0.002759|
|         307|   -8.634831|   -8.082257|    0.030662|    0.002759|
|         308|   -8.639515|   -8.086799|    0.030662|    0.002759|
|         309|   -8.644667|   -8.091816|    0.030662|    0.002759|
|         310|   -8.650575|   -8.097598|    0.030662|    0.002759|
|         311|   -8.657470|   -8.104378|    0.030662|    0.002759|
|         312|   -8.665533|   -8.112339|    0.030662|    0.002759|
|         313|   -8.674904|   -8.121623|    0.030662|    0.002759|
|         314|   -8.685680|   -8.132324|    0.030662|    0.002759|
|         315|   -8.697914|   -8.144497|    0.030662|    0.002759|
|         316|   -8.711631|   -8.158168|    0.030662|    0.002759|
|         317|   -8.726830|   -8.173335|    0.030662|    0.002759|
|         318|   -8.743482|   -8.189970|    0.030662|    0.002759|
|         319|   -8.761529|   -8.208014|    0.030662|    0.002759|
|         320|   -8.780882|   -8.227379|    0.030662|    0.002759|
|         321|   -8.801419|   -8.247943|    0.030662|    0.002759|
|         322|   -8.822980|   -8.269544|    0.030662|    0.002759|
|         323|   -8.845359|   -8.291978|    0.030662|    0.002759|
|         324|   -8.868303|   -8.314990|    0.030662|    0.002759|
|         325|   -8.891512|   -8.338275|    0.030662|    0.002759|
|         326|   -8.914638|   -8.361485|    0.030662|    0.002759|
|         327|   -8.937297|   -8.384230|    0.030662|    0.002759|
|         328|   -8.959092|   -8.406111|    0.030662|    0.002759|
|         329|   -8.979641|   -8.426738|    0.030662|    0.002759|
|         330|   -8.998616|   -8.445780|    0.030662|    0.002759|
|         331|   -9.015778|   -8.462994|    0.030662|    0.002759|
|         332|   -9.031013|   -8.478263|    0.030662|    0.002759|
|         333|   -9.044347|   -8.491614|    0.030662|    0.002759|
|         334|   -9.055944|   -8.503209|    0.030662|    0.002759|
|         335|   -9.066082|   -8.513329|    0.030662|    0.002759|
|         336|   -9.075118|   -8.522336|    0.030662|    0.002759|
|         337|   -9.083451|   -8.530630|    0.030662|    0.002759|
|         338|   -9.091479|   -8.538615|    0.030662|    0.002759|
|         339|   -9.099579|   -8.546670|    0.030662|    0.002759|
|         340|   -9.108083|   -8.555131|    0.030662|    0.002759|
|         341|   -9.117270|   -8.564280|    0.030662|    0.002759|
|         342|   -9.127364|   -8.574345|    0.030662|    0.002759|
|         343|   -9.138539|   -8.585498|    0.030662|    0.002759|
|         344|   -9.150915|   -8.597863|    0.030662|    0.002759|
|         345|   -9.164566|   -8.611515|    0.030662|    0.002759|
|         346|   -9.179524|   -8.626487|    0.030662|    0.002759|
|         347|   -9.195778|   -8.642768|    0.030662|    0.002759|
|         348|   -9.213275|   -8.660306|    0.030662|    0.002759|
|         349|   -9.231916|   -8.679003|    0.030662|    0.002759|
|         350|   -9.251556|   -8.698714|    0.030662|    0.002759|
|         351|   -9.271998|   -8.719242|    0.030662|    0.002759|
|         352|   -9.292990|   -8.740332|    0.030662|    0.002759|
|         353|   -9.314221|   -8.761673|    0.030662|    0.002759|
|         354|   -9.335331|   -8.782898|    0.030662|    0.002759|
|         355|   -9.355914|   -8.803599|    0.030662|    0.002759|
|         356|   -9.375551|   -8.823346|    0.030662|    0.002759|
|         357|   -9.393834|   -8.841724|    0.030662|    0.002759|
|         358|   -9.410411|   -8.858376|    0.030662|    0.002759|
|         359|   -9.425033|   -8.873043|    0.030662|    0.002759|
|         360|   -9.437583|   -8.885605|    0.030662|    0.002759|
|         361|   -9.448097|   -8.896096|    0.030662|    0.002759|
|         362|   -9.456756|   -8.904700|    0.030662|    0.002759|
|         363|   -9.463867|   -8.911726|    0.030662|    0.002759|
|         364|   -9.469813|   -8.917566|    0.030662|    0.002759|
|         365|   -9.475019|   -8.922650|    0.030662|    0.002759|
|         366|   -9.479908|   -8.927407|    0.030662|    0.002759|
|         367|   -9.484875|   -8.932240|    0.030662|    0.002759|
|         368|   -9.490267|   -8.937499|    0.030662|    0.002759|
|         369|   -9.496377|   -8.943482|    0.030662|    0.002759|
|         370|   -9.503444|   -8.950430|    0.030662|    0.002759|
|         371|   -9.511653|   -8.958531|    0.030662|    0.002759|
|         372|   -9.521145|   -8.967926|    0.030662|    0.002759|
|         373|   -9.532018|   -8.978714|    0.030662|    0.002759|
|         374|   -9.544336|   -8.990960|    0.030662|    0.002759|
|         375|   -9.558131|   -9.004696|    0.030662|    0.002759|
|         376|   -9.573405|   -9.019924|    0.030662|    0.002759|
|         377|   -9.590133|   -9.036621|    0.030662|    0.002759|
|         378|   -9.608262|   -9.054733|    0.030662|    0.002759|
|         379|   -9.627709|   -9.074177|    0.030662|    0.002759|
|         380|   -9.648355|   -9.094836|    0.030662|    0.002759|
|         381|   -9.670046|   -9.116554|    0.030662|    0.002759|
|         382|   -9.692582|   -9.139131|    0.030662|    0.002759|
|         383|   -9.715718|   -9.162322|    0.030662|    0.002759|
|         384|   -9.739157|   -9.185828|    0.030662|    0.002759|
|         385|   -9.762556|   -9.209302|    0.030662|    0.002759|
|         386|   -9.785534|   -9.232361|    0.030662|    0.002759|
|         387|   -9.807692|   -9.254602|    0.030662|    0.002759|
|         388|   -9.828643|   -9.275631|    0.030662|    0.002759|
|         389|   -9.848047|   -9.295106|    0.030662|    0.002759|
|         390|   -9.865652|   -9.312770|    0.030662|    0.002759|
|         391|   -9.881329|   -9.328489|    0.030662|    0.002759|
|         392|   -9.895085|   -9.342271|    0.030662|    0.002759|
|         393|   -9.907071|   -9.354264|    0.030662|    0.002759|
|         394|   -9.917555|   -9.364737|    0.030662|    0.002759|
|         395|   -9.926888|   -9.374046|    0.030662|    0.002759|
|         396|   -9.935469|   -9.382591|    0.030662|    0.002759|
|         397|   -9.943702|   -9.390779|    0.030662|    0.002759|
|         398|   -9.951969|   -9.398998|    0.030662|    0.002759|
|         399|   -9.960612|   -9.407592|    0.030662|    0.002759|
|         400|   -9.969919|   -9.416853|    0.030662|    0.002759|
|         401|   -9.980124|   -9.427017|    0.030662|    0.002759|
|         402|   -9.991410|   -9.438268|    0.030662|    0.002759|
|         403|  -10.003905|   -9.450737|    0.030662|    0.002759|
|         404|  -10.017693|   -9.464510|    0.030662|    0.002759|
|         405|  -10.032814|   -9.479626|    0.030662|    0.002759|
|         406|  -10.049264|   -9.496084|    0.030662|    0.002759|
|         407|  -10.066999|   -9.513840|    0.030662|    0.002759|
|         408|  -10.085929|   -9.532806|    0.030662|    0.002759|
|         409|  -10.105917|   -9.552844|    0.030662|    0.002759|
|         410|  -10.126772|   -9.573765|    0.030662|    0.002759|
|         411|  -10.148249|   -9.595322|    0.030662|    0.002759|
|         412|  -10.170042|   -9.617207|    0.030662|    0.002759|
|         413|  -10.191785|   -9.639052|    0.030662|    0.002759|
|         414|  -10.213068|   -9.660442|    0.030662|    0.002759|
|         415|  -10.233451|   -9.680932|    0.030662|    0.002759|
|         416|  -10.252503|   -9.700082|    0.030662|    0.002759|
|         417|  -10.269842|   -9.717503|    0.030662|    0.002759|
|         418|  -10.285179|   -9.732900|    0.030662|    0.002759|
|         419|  -10.298365|   -9.746118|    0.030662|    0.002759|
|         420|  -10.309410|   -9.757165|    0.030662|    0.002759|
|         421|  -10.318481|   -9.766206|    0.030662|    0.002759|
|         422|  -10.325879|   -9.773548|    0.030662|    0.002759|
|         423|  -10.332000|   -9.779587|    0.030662|    0.002759|
|         424|  -10.337284|   -9.784772|    0.030662|    0.002759|
|         425|  -10.342175|   -9.789552|    0.030662|    0.002759|
|         426|  -10.347089|   -9.794348|    0.030662|    0.002759|
|         427|  -10.352393|   -9.799534|    0.030662|    0.002759|
|         428|  -10.358398|   -9.805423|    0.030662|    0.002759|
|         429|  -10.365356|   -9.812270|    0.030662|    0.002759|
|         430|  -10.373465|   -9.820276|    0.030662|    0.002759|
|         431|  -10.382871|   -9.829589|    0.030662|    0.002759|
|         432|  -10.393681|   -9.840315|    0.030662|    0.002759|
|         433|  -10.405962|   -9.852523|    0.030662|    0.002759|
|         434|  -10.419748|   -9.866249|    0.030662|    0.002759|
|         435|  -10.435045|   -9.881497|    0.030662|    0.002759|
|         436|  -10.451827|   -9.898244|    0.030662|    0.002759|
|         437|  -10.470042|   -9.916438|    0.030662|    0.002759|
|         438|  -10.489605|   -9.935993|    0.030662|    0.002759|
|         439|  -10.510395|   -9.956791|    0.030662|    0.002759|
|         440|  -10.532253|   -9.978671|    0.030662|    0.002759|
|         441|  -10.554973|  -10.001428|    0.030662|    0.002759|
|         442|  -10.578300|  -10.024807|    0.030662|    0.002759|
|         443|  -10.601925|  -10.048496|    0.030662|    0.002759|
|         444|  -10.625489|  -10.072135|    0.030662|    0.002759|
|         445|  -10.648593|  -10.095322|    0.030662|    0.002759|
|         446|  -10.670818|  -10.117634|    0.030662|    0.002759|
|         447|  -10.691760|  -10.138661|    0.030662|    0.002759|
|         448|  -10.711063|  -10.158045|    0.030662|    0.002759|
|         449|  -10.728470|  -10.175522|    0.030662|    0.002759|
|         450|  -10.743852|  -10.190961|    0.030662|    0.002759|
|         451|  -10.757232|  -10.204382|    0.030662|    0.002759|
|         452|  -10.768779|  -10.215951|    0.030662|    0.002759|
|         453|  -10.778786|  -10.225962|    0.030662|    0.002759|
|         454|  -10.787629|  -10.234796|    0.030662|    0.002759|
|         455|  -10.795730|  -10.242874|    0.030662|    0.002759|
|         456|  -10.803508|  -10.250620|    0.030662|    0.002759|
|         457|  -10.811359|  -10.258434|    0.030662|    0.002759|
|         458|  -10.819629|  -10.266664|    0.030662|    0.002759|
|         459|  -10.828610|  -10.275607|    0.030662|    0.002759|
|         460|  -10.838535|  -10.285497|    0.030662|    0.002759|
|         461|  -10.849582|  -10.296514|    0.030662|    0.002759|
|         462|  -10.861876|  -10.308787|    0.030662|    0.002759|
|         463|  -10.875496|  -10.322393|    0.030662|    0.002759|
|         464|  -10.890474|  -10.337369|    0.030662|    0.002759|
|         465|  -10.906801|  -10.353706|    0.030662|    0.002759|
|         466|  -10.924426|  -10.371353|    0.030662|    0.002759|
|         467|  -10.943251|  -10.390214|    0.030662|    0.002759|
|         468|  -10.963129|  -10.410143|    0.030662|    0.002759|
|         469|  -10.983864|  -10.430942|    0.030662|    0.002759|
|         470|  -11.005197|  -10.452354|    0.030662|    0.002759|
|         471|  -11.026812|  -10.474060|    0.030662|    0.002759|
|         472|  -11.048337|  -10.495684|    0.030662|    0.002759|
|         473|  -11.069351|  -10.516801|    0.030662|    0.002759|
|         474|  -11.089412|  -10.536964|    0.030662|    0.002759|
|         475|  -11.108089|  -10.555734|    0.030662|    0.002759|
|         476|  -11.125008|  -10.572729|    0.030662|    0.002759|
|         477|  -11.139895|  -10.587670|    0.030662|    0.002759|
|         478|  -11.152621|  -10.600421|    0.030662|    0.002759|
|         479|  -11.163216|  -10.611013|    0.030662|    0.002759|
|         480|  -11.171869|  -10.619633|    0.030662|    0.002759|
|         481|  -11.178899|  -10.626602|    0.030662|    0.002759|
|         482|  -11.184710|  -10.632332|    0.030662|    0.002759|
|         483|  -11.189748|  -10.637271|    0.030662|    0.002759|
|         484|  -11.194456|  -10.641871|    0.030662|    0.002759|
|         485|  -11.199246|  -10.646546|    0.030662|    0.002759|
|         486|  -11.204477|  -10.651663|    0.030662|    0.002759|
|         487|  -11.210453|  -10.657528|    0.030662|    0.002759|
|         488|  -11.217417|  -10.664386|    0.030662|    0.002759|
|         489|  -11.225558|  -10.672430|    0.030662|    0.002759|
|         490|  -11.235017|  -10.681800|    0.030662|    0.002759|
|         491|  -11.245893|  -10.692598|    0.030662|    0.002759|
|         492|  -11.258248|  -10.704886|    0.030662|    0.002759|
|         493|  -11.272111|  -10.718692|    0.030662|    0.002759|
|         494|  -11.287480|  -10.734018|    0.030662|    0.002759|
|         495|  -11.304326|  -10.750833|    0.030662|    0.002759|
|         496|  -11.322589|  -10.769080|    0.030662|    0.002759|
|         497|  -11.342177|  -10.788665|    0.030662|    0.002759|
|         498|  -11.362964|  -10.809462|    0.030662|    0.002759|
|         499|  -11.384779|  -10.831303|    0.030662|    0.002759|
|         500|  -11.407410|  -10.853973|    0.030662|    0.002759|
+-----------------------------------------------------------------------+
|        File Writing Summary       |              Filename             |
+-----------------------------------------------------------------------+
|SU2 binary restart                 |restart_flow.dat                   |
|Paraview                           |flow.vtu                           |
|Paraview surface                   |surface_flow.vtu                   |
|CSV file                           |surface_flow.csv                   |
+-----------------------------------------------------------------------+
+----------------------------------------------------------------+
|  Inner_Iter|    rms[Rho]|   rms[RhoE]|          CL|          CD|
+----------------------------------------------------------------+
|         501|  -11.430589|  -10.877205|    0.030662|    0.002759|
|         502|  -11.453999|  -10.900680|    0.030662|    0.002759|
|         503|  -11.477273|  -10.924028|    0.030662|    0.002759|
|         504|  -11.500008|  -10.946844|    0.030662|    0.002759|
|         505|  -11.521789|  -10.968707|    0.030662|    0.002759|
|         506|  -11.542217|  -10.989216|    0.030662|    0.002759|
|         507|  -11.560958|  -11.008030|    0.030662|    0.002759|
|         508|  -11.577777|  -11.024911|    0.030662|    0.002759|
|         509|  -11.592575|  -11.039756|    0.030662|    0.002759|
|         510|  -11.605402|  -11.052614|    0.030662|    0.002759|
|         511|  -11.616453|  -11.063679|    0.030662|    0.002759|
|         512|  -11.626037|  -11.073260|    0.030662|    0.002759|
|         513|  -11.634542|  -11.081747|    0.030662|    0.002759|
|         514|  -11.642386|  -11.089563|    0.030662|    0.002759|
|         515|  -11.649986|  -11.097127|    0.030662|    0.002759|
|         516|  -11.657726|  -11.104827|    0.030662|    0.002759|
|         517|  -11.665943|  -11.113003|    0.030662|    0.002759|
|         518|  -11.674915|  -11.121936|    0.030662|    0.002759|
|         519|  -11.684867|  -11.131852|    0.030662|    0.002759|
|         520|  -11.695965|  -11.142922|    0.030662|    0.002759|
|         521|  -11.708328|  -11.155264|    0.030662|    0.002759|
|         522|  -11.722026|  -11.168951|    0.030662|    0.002759|
|         523|  -11.737089|  -11.184013|    0.030662|    0.002759|
|         524|  -11.753504|  -11.200437|    0.030662|    0.002759|
|         525|  -11.771213|  -11.218170|    0.030662|    0.002759|
|         526|  -11.790118|  -11.237112|    0.030662|    0.002759|
|         527|  -11.810073|  -11.257116|    0.030662|    0.002759|
|         528|  -11.830877|  -11.277985|    0.030662|    0.002759|
|         529|  -11.852273|  -11.299459|    0.030662|    0.002759|
|         530|  -11.873947|  -11.321221|    0.030662|    0.002759|
|         531|  -11.895526|  -11.342897|    0.030662|    0.002759|
|         532|  -11.916593|  -11.364065|    0.030662|    0.002759|
|         533|  -11.936710|  -11.384279|    0.030662|    0.002759|
|         534|  -11.955449|  -11.403106|    0.030662|    0.002759|
|         535|  -11.972439|  -11.420168|    0.030662|    0.002759|
|         536|  -11.987412|  -11.435190|    0.030662|    0.002759|
|         537|  -12.000237|  -11.448038|    0.030662|    0.002759|
|         538|  -12.010947|  -11.458741|    0.030662|    0.002759|
|         539|  -12.019727|  -11.467487|    0.030662|    0.002759|
|         540|  -12.026895|  -11.474593|    0.030662|    0.002759|
|         541|  -12.032850|  -11.480466|    0.030662|    0.002759|
|         542|  -12.038035|  -11.485554|    0.030662|    0.002759|
|         543|  -12.042888|  -11.490300|    0.030662|    0.002759|
|         544|  -12.047819|  -11.495120|    0.030662|    0.002759|
|         545|  -12.053187|  -11.500376|    0.030662|    0.002759|
|         546|  -12.059293|  -11.506374|    0.030662|    0.002759|
|         547|  -12.066379|  -11.513358|    0.030662|    0.002759|
|         548|  -12.074634|  -11.521519|    0.030662|    0.002759|
|         549|  -12.084199|  -11.530999|    0.030662|    0.002759|
|         550|  -12.095173|  -11.541899|    0.030662|    0.002759|
|         551|  -12.107617|  -11.554279|    0.030662|    0.002759|
|         552|  -12.121560|  -11.568169|    0.030662|    0.002759|
|         553|  -12.137000|  -11.583570|    0.030662|    0.002759|
|         554|  -12.153907|  -11.600449|    0.030662|    0.002759|
|         555|  -12.172222|  -11.618750|    0.030662|    0.002759|
|         556|  -12.191851|  -11.638378|    0.030662|    0.002759|
|         557|  -12.212664|  -11.659205|    0.030662|    0.002759|
|         558|  -12.234494|  -11.681060|    0.030662|    0.002759|
|         559|  -12.257123|  -11.703730|    0.030662|    0.002759|
|         560|  -12.280284|  -11.726945|    0.030662|    0.002759|
|         561|  -12.303659|  -11.750384|    0.030662|    0.002759|
|         562|  -12.326880|  -11.773677|    0.030662|    0.002759|
|         563|  -12.349545|  -11.796421|    0.030662|    0.002759|
|         564|  -12.371240|  -11.818193|    0.030662|    0.002759|
|         565|  -12.391573|  -11.838602|    0.030662|    0.002759|
|         566|  -12.410214|  -11.857309|    0.030662|    0.002759|
|         567|  -12.426933|  -11.874084|    0.030662|    0.002759|
|         568|  -12.441641|  -11.888833|    0.030662|    0.002759|
|         569|  -12.454394|  -11.901610|    0.030662|    0.002759|
|         570|  -12.465389|  -11.912612|    0.030662|    0.002759|
|         571|  -12.474939|  -11.922155|    0.030662|    0.002759|
|         572|  -12.483430|  -11.930623|    0.030662|    0.002759|
|         573|  -12.491282|  -11.938443|    0.030662|    0.002759|
|         574|  -12.498907|  -11.946029|    0.030662|    0.002759|
|         575|  -12.506684|  -11.953764|    0.030662|    0.002759|
|         576|  -12.514949|  -11.961986|    0.030662|    0.002759|
|         577|  -12.523977|  -11.970975|    0.030662|    0.002759|
|         578|  -12.533989|  -11.980952|    0.030662|    0.002759|
|         579|  -12.545153|  -11.992087|    0.030662|    0.002759|
|         580|  -12.557581|  -12.004495|    0.030662|    0.002759|
|         581|  -12.571349|  -12.018251|    0.030662|    0.002759|
|         582|  -12.586481|  -12.033384|    0.030662|    0.002759|
|         583|  -12.602961|  -12.049876|    0.030662|    0.002759|
|         584|  -12.620742|  -12.067681|    0.030662|    0.002759|
|         585|  -12.639717|  -12.086694|    0.030662|    0.002759|
|         586|  -12.659745|  -12.106773|    0.030662|    0.002759|
|         587|  -12.680630|  -12.127722|    0.030662|    0.002759|
|         588|  -12.702111|  -12.149281|    0.030662|    0.002759|
|         589|  -12.723875|  -12.171135|    0.030662|    0.002759|
|         590|  -12.745554|  -12.192911|    0.030662|    0.002759|
|         591|  -12.766733|  -12.214188|    0.030662|    0.002759|
|         592|  -12.786970|  -12.234523|    0.030662|    0.002759|
|         593|  -12.805845|  -12.253483|    0.030662|    0.002759|
|         594|  -12.822983|  -12.270691|    0.030662|    0.002759|
|         595|  -12.838105|  -12.285862|    0.030662|    0.002759|
|         596|  -12.851090|  -12.298869|    0.030662|    0.002759|
|         597|  -12.861958|  -12.309728|    0.030662|    0.002759|
|         598|  -12.870891|  -12.318625|    0.030662|    0.002759|
|         599|  -12.878207|  -12.325883|    0.030662|    0.002759|
|         600|  -12.884300|  -12.331893|    0.030662|    0.002759|
|         601|  -12.889615|  -12.337113|    0.030662|    0.002759|
|         602|  -12.894589|  -12.341978|    0.030662|    0.002759|
|         603|  -12.899634|  -12.346915|    0.030662|    0.002759|
|         604|  -12.905104|  -12.352274|    0.030662|    0.002759|
|         605|  -12.911307|  -12.358371|    0.030662|    0.002759|
|         606|  -12.918488|  -12.365454|    0.030662|    0.002759|
|         607|  -12.926826|  -12.373700|    0.030662|    0.002759|
|         608|  -12.936474|  -12.383267|    0.030662|    0.002759|
|         609|  -12.947528|  -12.394247|    0.030662|    0.002759|
|         610|  -12.960046|  -12.406708|    0.030662|    0.002759|
|         611|  -12.974061|  -12.420672|    0.030662|    0.002759|
|         612|  -12.989564|  -12.436140|    0.030662|    0.002759|
|         613|  -13.006529|  -12.453084|    0.030662|    0.002759|

----------------------------- Solver Exit -------------------------------
All convergence criteria satisfied.
+-----------------------------------------------------------------------+
|      Convergence Field     |     Value    |   Criterion  |  Converged |
+-----------------------------------------------------------------------+
|                    rms[Rho]|      -13.0065|         < -13|         Yes|
+-----------------------------------------------------------------------+
-------------------------------------------------------------------------
+-----------------------------------------------------------------------+
|        File Writing Summary       |              Filename             |
+-----------------------------------------------------------------------+
|SU2 binary restart                 |restart_flow.dat                   |
|Paraview                           |flow.vtu                           |
|Paraview surface                   |surface_flow.vtu                   |
|CSV file                           |surface_flow.csv                   |
+-----------------------------------------------------------------------+

--------------------------- Finalizing Solver ---------------------------
Deleted CNumerics container.
Deleted CIntegration container.
Deleted CSolver container.
Deleted CIteration container.
Deleted CInterface container.
Deleted CGeometry container.
Deleted CFreeFormDefBox class.
Deleted CSurfaceMovement class.
Deleted CVolumetricMovement class.
Deleted CConfig container.
Deleted nInst container.
Deleted COutput class.
-------------------------------------------------------------------------

------------------------- Exit Success (SU2_CFD) ------------------------

