
-------------------------------------------------------------------------
|    ___ _   _ ___                                                      |
|   / __| | | |_  )   Release 8.3.0 "Harrier"                           |
|   \__ \ |_| |/ /                                                      |
|   |___/\___//___|   Suite (Computational Fluid Dynamics Code)         |
|                                                                       |
-------------------------------------------------------------------------
| SU2 Project Website: https://su2code.github.io                        |
|                                                                       |
| The SU2 Project is maintained by the SU2 Foundation                   |
| (http://su2foundation.org)                                            |
-------------------------------------------------------------------------
| Copyright 2012-2025, SU2 Contributors                                 |
|                                                                       |
| SU2 is free software; you can redistribute it and/or                  |
| modify it under the terms of the GNU Lesser General Public            |
| License as published by the Free Software Foundation; either          |
| version 2.1 of the License, or (at your option) any later version.    |
|                                                                       |
| SU2 is distributed in the hope that it will be useful,                |
| but WITHOUT ANY WARRANTY; without even the implied warranty of        |
| MERCHANTABILITY or FITNESS FOR A PARTICULAR PURPOSE. See the GNU      |
| Lesser General Public License for more details.                       |
|                                                                       |
| You should have received a copy of the GNU Lesser General Public      |
| License along with SU2. If not, see <http://www.gnu.org/licenses/>.   |
-------------------------------------------------------------------------

Parsing config file for zone 0

----------------- Physical Case Definition ( Zone 0 ) -------------------
Compressible Euler equations.
Mach number: 0.8.
Angle of attack (AoA): 1.25 deg, and angle of sideslip (AoS): 0 deg.
No restart solution, use the values at infinity (freestream).
Non-Dimensional simulation (P=1.0, Rho=1.0, T=1.0 at the farfield).
The reference area is 1 m^2.
The semi-span will be computed using the max y(3D) value.
The reference length is 1 m.
Reference origin for moment evaluation is (0.25, 0, 0).
Surface(s) where the force coefficients are evaluated: airfoil.

Surface(s) plotted in the output file: airfoil.
Surface(s) affected by the design variables: airfoil.
Input mesh file name: mesh_NACA0012_inv_deform.su2

--------------- Space Numerical Integration ( Zone 0 ) ------------------
Jameson-Schmidt-Turkel scheme (2nd order in space) for the flow inviscid terms.
JST viscous coefficients (2nd & 4th): 0.5, 0.02.
The method includes a grid stretching correction (p = 0.3).
Gradient for viscous and source terms: Green-Gauss.

--------------- Time Numerical Integration  ( Zone 0 ) ------------------
Local time stepping (steady state simulation).
Euler implicit method for the flow equations.
FGMRES is used for solving the linear system.
Using a LU-SGS preconditioning.
Convergence criteria of the linear solver: 0.0001.
Max number of linear iterations: 2.
V Multigrid Cycle, with 2 multigrid levels.
Damping factor for the residual restriction: 1.
Damping factor for the correction prolongation: 1.
No CFL adaptation.
+-------------------------------------------+
|  MG Level| Presmooth|PostSmooth|CorrectSmo|
+-------------------------------------------+
|         0|         1|         0|         0|
|         1|         2|         0|         0|
|         2|         3|         0|         0|
+-------------------------------------------+
Courant-Friedrichs-Lewy number:       10

------------------ Convergence Criteria  ( Zone 0 ) ---------------------
Maximum number of solver subiterations: 1000.
Begin convergence monitoring at iteration 10.
Residual minimum value: 1e-13.
Cauchy series min. value: 1e-06.
Number of Cauchy elements: 100.
Begin windowed time average at iteration 0.

-------------------- Output Information ( Zone 0 ) ----------------------
File writing frequency: 
+------------------------------------+
|                     File| Frequency|
+------------------------------------+
|                  RESTART|       250|
|                 PARAVIEW|       250|
|         SURFACE_PARAVIEW|       250|
|              SURFACE_CSV|       250|
+------------------------------------+
Writing the convergence history file every 1 inner iterations.
Writing the screen convergence history every 1 inner iterations.
The tabular file format is CSV (.csv).
Convergence history file name: history_direct.
Forces breakdown file name: forces_breakdown.dat.
Surface file name: surface_flow.
Volume file name: flow.
Restart file name: restart_flow.

------------- Config File Boundary Information ( Zone 0 ) ---------------
+-----------------------------------------------------------------------+
|                        Marker Type|                        Marker Name|
+-----------------------------------------------------------------------+
|                         Euler wall|                            airfoil|
+-----------------------------------------------------------------------+
|                          Far-field|                           farfield|
+-----------------------------------------------------------------------+

-------------------- Output Preprocessing ( Zone 0 ) --------------------

WARNING: SURFACE_PRESSURE_DROP can only be computed for at least 2 surfaces (outlet, inlet, ...)

Screen output fields: INNER_ITER, RMS_DENSITY, RMS_ENERGY, LIFT, DRAG
History output group(s): ITER, RMS_RES, AERO_COEFF
Convergence field(s): RMS_DENSITY
Warning: No (valid) fields chosen for time convergence monitoring. Time convergence monitoring inactive.
Volume output fields: COORDINATES, SOLUTION, PRIMITIVE

------------------- Geometry Preprocessing ( Zone 0 ) -------------------
Two dimensional problem.
5233 grid points.
10216 volume elements.
2 surface markers.
200 boundary elements in index 0 (Marker = airfoil).
50 boundary elements in index 1 (Marker = farfield).
10216 triangles.
Setting point connectivity.
Renumbering points (Reverse Cuthill McKee Ordering).
Recomputing point connectivity.
Setting element connectivity.
Checking the numerical grid orientation.
All volume elements are correctly oriented.
All surface elements are correctly oriented.
Identifying edges and vertices.
Setting the control volume structure.
Area of the computational grid: 1253.25.
Searching for the closest normal neighbors to the surfaces.
Storing a mapping from global to local point index.
Compute the surface curvature.
Max K: 7835.1. Mean K: 35.091. Standard deviation K: 494.423.
Checking for periodicity.
Computing mesh quality statistics for the dual control volumes.
+--------------------------------------------------------------+
|           Mesh Quality Metric|        Minimum|        Maximum|
+--------------------------------------------------------------+
|    Orthogonality Angle (deg.)|        62.8623|        89.7388|
|     CV Face Area Aspect Ratio|        1.01215|        7.18419|
|           CV Sub-Volume Ratio|        1.00284|        6.47672|
+--------------------------------------------------------------+
Setting the multigrid structure.
+-------------------------------------------+
|  MG Level|       CVs|Aggl. Rate|       CFL|
+-------------------------------------------+
|         0|      5233|    1/1.00|        10|
|         1|      1690|     1/3.1|   8.52431|
|         2|       649|     1/2.6|   7.92373|
+-------------------------------------------+
Finding max control volume width.
Wetted area = 2.03988 m.
Area projection in the x-plane = 0.115941 m, y-plane = 0.999845 m.
Max. coordinate in the x-direction = 1 m, y-direction = 0.0526235 m.
Min. coordinate in the x-direction = 0 m, y-direction = -0.0633343 m.
Computing wall distances.

-------------------- Solver Preprocessing ( Zone 0 ) --------------------
Inviscid flow: Computing density based on free-stream
temperature and pressure using the ideal gas law.
Force coefficients computed using free-stream values.

-- Models:
+------------------------------------------------------------------------------+
|          Viscosity Model|        Conductivity Model|              Fluid Model|
+------------------------------------------------------------------------------+
|                        -|                         -|             STANDARD_AIR|
+------------------------------------------------------------------------------+
-- Fluid properties:
+------------------------------------------------------------------------------+
|                  Name|    Dim. value|    Ref. value|      Unit|Non-dim. value|
+------------------------------------------------------------------------------+
|          Gas Constant|       287.058|       287.058|  N.m/kg.K|             1|
|      Spec. Heat Ratio|             -|             -|         -|           1.4|
+------------------------------------------------------------------------------+
-- Initial and free-stream conditions:
+------------------------------------------------------------------------------+
|                  Name|    Dim. value|    Ref. value|      Unit|Non-dim. value|
+------------------------------------------------------------------------------+
|       Static Pressure|        101325|        101325|        Pa|             1|
|               Density|       1.29225|       1.29225|    kg/m^3|             1|
|           Temperature|        273.15|        273.15|         K|             1|
|          Total Energy|        231152|       78409.9|   m^2/s^2|         2.948|
|            Velocity-X|       264.994|       280.018|       m/s|      0.946348|
|            Velocity-Y|       5.78219|       280.018|       m/s|     0.0206494|
|    Velocity Magnitude|       265.057|       280.018|       m/s|      0.946573|
+------------------------------------------------------------------------------+
|           Mach Number|             -|             -|         -|           0.8|
+------------------------------------------------------------------------------+
Initialize Jacobian structure (Euler). MG level: 0.
Initialize Jacobian structure (Euler). MG level: 1.
Initialize Jacobian structure (Euler). MG level: 2.

------------------- Numerics Preprocessing ( Zone 0 ) -------------------

----------------- Integration Preprocessing ( Zone 0 ) ------------------

------------------- Iteration Preprocessing ( Zone 0 ) ------------------
Euler/Navier-Stokes/RANS fluid iteration.

------------------------------ Begin Solver -----------------------------

Simulation Run using the Single-zone Driver
WARNING: SU2 was not compiled for an AVX-capable architecture. Performance could be better,
         see https://su2code.github.io/docs_v7/Build-SU2-Linux-MacOS/#compiler-optimizations
WARNING: SU2 was not compiled for an AVX-capable architecture. Performance could be better,
         see https://su2code.github.io/docs_v7/Build-SU2-Linux-MacOS/#compiler-optimizations
WARNING: SU2 was not compiled for an AVX-capable architecture. Performance could be better,
         see https://su2code.github.io/docs_v7/Build-SU2-Linux-MacOS/#compiler-optimizations
+----------------------------------------------------------------+
|  Inner_Iter|    rms[Rho]|   rms[RhoE]|          CL|          CD|
+----------------------------------------------------------------+
|           0|   -3.589692|   -2.993315|    0.144268|    0.233006|
|           1|   -3.838220|   -3.227303|    0.035649|    0.089812|
|           2|   -3.774483|   -3.176124|    0.043954|    0.065939|
|           3|   -3.719831|   -3.127359|    0.077481|    0.081033|
|           4|   -3.670313|   -3.081106|    0.074756|    0.061404|
|           5|   -3.665980|   -3.080907|    0.071787|    0.048060|
|           6|   -3.661777|   -3.083038|    0.072029|    0.044073|
|           7|   -3.665998|   -3.089491|    0.070864|    0.039708|
|           8|   -3.649572|   -3.072254|    0.070065|    0.034054|
|           9|   -3.663627|   -3.089897|    0.069996|    0.029349|
|          10|   -3.669980|   -3.100189|    0.070444|    0.026095|
|          11|   -3.675916|   -3.108366|    0.071179|    0.023170|
|          12|   -3.681084|   -3.114082|    0.071723|    0.020046|
|          13|   -3.684417|   -3.116085|    0.072265|    0.016967|
|          14|   -3.692307|   -3.121871|    0.073295|    0.014128|
|          15|   -3.702193|   -3.129873|    0.074754|    0.011490|
|          16|   -3.712945|   -3.140042|    0.076321|    0.008953|
|          17|   -3.725608|   -3.153712|    0.077903|    0.006469|
|          18|   -3.740412|   -3.170401|    0.079482|    0.004040|
|          19|   -3.758099|   -3.189923|    0.080916|    0.001702|
|          20|   -3.779303|   -3.212383|    0.082078|   -0.000479|
|          21|   -3.802494|   -3.236144|    0.083063|   -0.002400|
|          22|   -3.825151|   -3.258850|    0.084081|   -0.003964|
|          23|   -3.846222|   -3.279662|    0.085274|   -0.005098|
|          24|   -3.865706|   -3.298725|    0.086857|   -0.005737|
|          25|   -3.884596|   -3.317138|    0.088672|   -0.005884|
|          26|   -3.904281|   -3.336372|    0.090544|   -0.005566|
|          27|   -3.925592|   -3.357441|    0.092412|   -0.004827|
|          28|   -3.948433|   -3.380431|    0.094231|   -0.003749|
|          29|   -3.972727|   -3.405430|    0.095923|   -0.002439|
|          30|   -3.999035|   -3.433110|    0.097364|   -0.001009|
|          31|   -4.027755|   -3.463564|    0.098495|    0.000443|
|          32|   -4.058418|   -3.495817|    0.099241|    0.001830|
|          33|   -4.090390|   -3.528931|    0.099576|    0.003088|
|          34|   -4.123096|   -3.562142|    0.099586|    0.004179|
|          35|   -4.155958|   -3.594930|    0.099397|    0.005083|
|          36|   -4.188556|   -3.627103|    0.099084|    0.005778|
|          37|   -4.220328|   -3.658425|    0.098682|    0.006249|
|          38|   -4.250793|   -3.688647|    0.098241|    0.006493|
|          39|   -4.279603|   -3.717533|    0.097820|    0.006520|
|          40|   -4.306725|   -3.745098|    0.097476|    0.006352|
|          41|   -4.332303|   -3.771455|    0.097267|    0.006019|
|          42|   -4.356395|   -3.796562|    0.097232|    0.005560|
|          43|   -4.379200|   -3.820443|    0.097367|    0.005007|
|          44|   -4.400903|   -3.843101|    0.097668|    0.004398|
|          45|   -4.421413|   -3.864317|    0.098124|    0.003765|
|          46|   -4.440504|   -3.883835|    0.098722|    0.003139|
|          47|   -4.457934|   -3.901462|    0.099452|    0.002544|
|          48|   -4.473539|   -3.917122|    0.100299|    0.002004|
|          49|   -4.487354|   -3.930966|    0.101239|    0.001533|
|          50|   -4.499757|   -3.943448|    0.102250|    0.001147|
|          51|   -4.511307|   -3.955144|    0.103304|    0.000852|
|          52|   -4.522488|   -3.966515|    0.104375|    0.000652|
|          53|   -4.533663|   -3.977910|    0.105443|    0.000544|
|          54|   -4.545347|   -3.989880|    0.106496|    0.000521|
|          55|   -4.558065|   -4.003013|    0.107515|    0.000570|
|          56|   -4.572281|   -4.017829|    0.108482|    0.000679|
|          57|   -4.588231|   -4.034551|    0.109404|    0.000833|
|          58|   -4.605888|   -4.053094|    0.110277|    0.001019|
|          59|   -4.625038|   -4.073159|    0.111087|    0.001220|
|          60|   -4.645389|   -4.094335|    0.111822|    0.001423|
|          61|   -4.666758|   -4.116374|    0.112481|    0.001617|
|          62|   -4.688842|   -4.138933|    0.113057|    0.001794|
|          63|   -4.711436|   -4.161782|    0.113545|    0.001947|
|          64|   -4.734172|   -4.184545|    0.113949|    0.002071|
|          65|   -4.756765|   -4.206922|    0.114269|    0.002162|
|          66|   -4.778873|   -4.228651|    0.114513|    0.002219|
|          67|   -4.800477|   -4.249796|    0.114686|    0.002241|
|          68|   -4.821733|   -4.270565|    0.114797|    0.002233|
|          69|   -4.842845|   -4.291225|    0.114856|    0.002199|
|          70|   -4.864035|   -4.312065|    0.114874|    0.002144|
|          71|   -4.885512|   -4.333312|    0.114866|    0.002073|
|          72|   -4.907293|   -4.354985|    0.114841|    0.001992|
|          73|   -4.929293|   -4.376998|    0.114813|    0.001905|
|          74|   -4.951422|   -4.399251|    0.114792|    0.001818|
|          75|   -4.973378|   -4.421424|    0.114784|    0.001735|
|          76|   -4.994854|   -4.443172|    0.114795|    0.001659|
|          77|   -5.015485|   -4.464090|    0.114827|    0.001591|
|          78|   -5.035066|   -4.483967|    0.114885|    0.001535|
|          79|   -5.053679|   -4.502895|    0.114968|    0.001489|
|          80|   -5.071599|   -4.521137|    0.115075|    0.001455|
|          81|   -5.089169|   -4.539013|    0.115204|    0.001433|
|          82|   -5.106680|   -4.556822|    0.115350|    0.001421|
|          83|   -5.124323|   -4.574730|    0.115512|    0.001418|
|          84|   -5.142208|   -4.592801|    0.115684|    0.001423|
|          85|   -5.160324|   -4.611011|    0.115861|    0.001436|
|          86|   -5.178740|   -4.629424|    0.116041|    0.001453|
|          87|   -5.197530|   -4.648084|    0.116220|    0.001475|
|          88|   -5.216731|   -4.667024|    0.116395|    0.001499|
|          89|   -5.236342|   -4.686276|    0.116563|    0.001523|
|          90|   -5.256311|   -4.705810|    0.116719|    0.001548|
|          91|   -5.276616|   -4.725640|    0.116863|    0.001571|
|          92|   -5.297216|   -4.745763|    0.116994|    0.001592|
|          93|   -5.318060|   -4.766155|    0.117109|    0.001610|
|          94|   -5.339071|   -4.786761|    0.117207|    0.001625|
|          95|   -5.360097|   -4.807434|    0.117290|    0.001636|
|          96|   -5.381130|   -4.828200|    0.117357|    0.001645|
|          97|   -5.402046|   -4.848947|    0.117408|    0.001650|
|          98|   -5.422826|   -4.869660|    0.117444|    0.001652|
|          99|   -5.443477|   -4.890346|    0.117467|    0.001651|
|         100|   -5.464015|   -4.911019|    0.117478|    0.001649|
|         101|   -5.484412|   -4.931643|    0.117478|    0.001644|
|         102|   -5.504669|   -4.952207|    0.117470|    0.001638|
|         103|   -5.524810|   -4.972711|    0.117452|    0.001632|
|         104|   -5.544882|   -4.993167|    0.117428|    0.001625|
|         105|   -5.564897|   -5.013548|    0.117399|    0.001618|
|         106|   -5.584848|   -5.033808|    0.117366|    0.001610|
|         107|   -5.604756|   -5.053958|    0.117331|    0.001603|
|         108|   -5.624611|   -5.073986|    0.117294|    0.001597|
|         109|   -5.644418|   -5.093907|    0.117257|    0.001591|
|         110|   -5.664168|   -5.113713|    0.117219|    0.001586|
|         111|   -5.683861|   -5.133419|    0.117183|    0.001581|
|         112|   -5.703484|   -5.153032|    0.117148|    0.001577|
|         113|   -5.723026|   -5.172559|    0.117114|    0.001574|
|         114|   -5.742530|   -5.192068|    0.117081|    0.001572|
|         115|   -5.761949|   -5.211525|    0.117050|    0.001570|
|         116|   -5.781297|   -5.230939|    0.117021|    0.001568|
|         117|   -5.800561|   -5.250291|    0.116993|    0.001568|
|         118|   -5.819666|   -5.269494|    0.116966|    0.001567|
|         119|   -5.838535|   -5.288467|    0.116939|    0.001567|
|         120|   -5.857108|   -5.307131|    0.116913|    0.001567|
|         121|   -5.875383|   -5.325475|    0.116887|    0.001567|
|         122|   -5.893308|   -5.343441|    0.116861|    0.001568|
|         123|   -5.910772|   -5.360895|    0.116835|    0.001568|
|         124|   -5.927784|   -5.377847|    0.116809|    0.001569|
|         125|   -5.944343|   -5.394311|    0.116782|    0.001569|
|         126|   -5.960404|   -5.410258|    0.116755|    0.001570|
|         127|   -5.975966|   -5.425696|    0.116727|    0.001570|
|         128|   -5.991141|   -5.440752|    0.116700|    0.001571|
|         129|   -6.005969|   -5.455482|    0.116672|    0.001571|
|         130|   -6.020490|   -5.469934|    0.116644|    0.001572|
|         131|   -6.034780|   -5.484190|    0.116617|    0.001572|
|         132|   -6.048926|   -5.498339|    0.116590|    0.001572|
|         133|   -6.063022|   -5.512477|    0.116564|    0.001572|
|         134|   -6.077115|   -5.526646|    0.116538|    0.001572|
|         135|   -6.091273|   -5.540905|    0.116514|    0.001572|
|         136|   -6.105547|   -5.555296|    0.116490|    0.001572|
|         137|   -6.119982|   -5.569855|    0.116468|    0.001572|
|         138|   -6.134577|   -5.584566|    0.116447|    0.001572|
|         139|   -6.149329|   -5.599425|    0.116428|    0.001572|
|         140|   -6.164252|   -5.614438|    0.116410|    0.001571|
|         141|   -6.179341|   -5.629597|    0.116394|    0.001571|
|         142|   -6.194539|   -5.644839|    0.116378|    0.001571|
|         143|   -6.209854|   -5.660178|    0.116365|    0.001570|
|         144|   -6.225274|   -5.675600|    0.116352|    0.001570|
|         145|   -6.240762|   -5.691059|    0.116341|    0.001570|
|         146|   -6.256318|   -5.706573|    0.116331|    0.001570|
|         147|   -6.271924|   -5.722129|    0.116322|    0.001569|
|         148|   -6.287592|   -5.737736|    0.116315|    0.001569|
|         149|   -6.303343|   -5.753416|    0.116308|    0.001569|
|         150|   -6.319181|   -5.769172|    0.116302|    0.001569|
|         151|   -6.335095|   -5.784998|    0.116296|    0.001568|
|         152|   -6.351084|   -5.800898|    0.116291|    0.001568|
|         153|   -6.367140|   -5.816865|    0.116287|    0.001568|
|         154|   -6.383249|   -5.832887|    0.116284|    0.001568|
|         155|   -6.399392|   -5.848944|    0.116280|    0.001568|
|         156|   -6.415549|   -5.865015|    0.116277|    0.001568|
|         157|   -6.431706|   -5.881087|    0.116275|    0.001568|
|         158|   -6.447850|   -5.897150|    0.116272|    0.001568|
|         159|   -6.463985|   -5.913209|    0.116270|    0.001568|
|         160|   -6.480100|   -5.929255|    0.116268|    0.001568|
|         161|   -6.496170|   -5.945269|    0.116266|    0.001568|
|         162|   -6.512196|   -5.961246|    0.116264|    0.001568|
|         163|   -6.528191|   -5.977197|    0.116262|    0.001568|
|         164|   -6.544171|   -5.993143|    0.116261|    0.001568|
|         165|   -6.560136|   -6.009079|    0.116259|    0.001568|
|         166|   -6.576099|   -6.025019|    0.116257|    0.001568|
|         167|   -6.592083|   -6.040988|    0.116256|    0.001568|
|         168|   -6.608135|   -6.057032|    0.116254|    0.001568|
|         169|   -6.624257|   -6.073146|    0.116253|    0.001568|
|         170|   -6.640453|   -6.089337|    0.116251|    0.001567|
|         171|   -6.656714|   -6.105601|    0.116250|    0.001567|
|         172|   -6.673032|   -6.121920|    0.116248|    0.001567|
|         173|   -6.689436|   -6.138331|    0.116247|    0.001567|
|         174|   -6.705925|   -6.154830|    0.116245|    0.001567|
|         175|   -6.722495|   -6.171414|    0.116244|    0.001567|
|         176|   -6.739120|   -6.188054|    0.116242|    0.001567|
|         177|   -6.755803|   -6.204758|    0.116241|    0.001567|
|         178|   -6.772534|   -6.221519|    0.116239|    0.001567|
|         179|   -6.789284|   -6.238304|    0.116238|    0.001567|
|         180|   -6.806022|   -6.255083|    0.116236|    0.001567|
|         181|   -6.822691|   -6.271798|    0.116235|    0.001567|
|         182|   -6.839264|   -6.288425|    0.116233|    0.001567|
|         183|   -6.855734|   -6.304954|    0.116232|    0.001567|
|         184|   -6.872087|   -6.321369|    0.116230|    0.001567|
|         185|   -6.888293|   -6.337636|    0.116228|    0.001567|
|         186|   -6.904332|   -6.353738|    0.116227|    0.001567|
|         187|   -6.920199|   -6.369671|    0.116225|    0.001567|
|         188|   -6.935896|   -6.385433|    0.116223|    0.001567|
|         189|   -6.951425|   -6.401024|    0.116222|    0.001567|
|         190|   -6.966783|   -6.416436|    0.116220|    0.001567|
|         191|   -6.981980|   -6.431681|    0.116218|    0.001567|
|         192|   -6.997027|   -6.446766|    0.116217|    0.001567|
|         193|   -7.011956|   -6.461726|    0.116215|    0.001567|
|         194|   -7.026788|   -6.476576|    0.116213|    0.001567|
|         195|   -7.041535|   -6.491330|    0.116211|    0.001567|
|         196|   -7.056214|   -6.506005|    0.116209|    0.001567|
|         197|   -7.070856|   -6.520633|    0.116208|    0.001567|
|         198|   -7.085496|   -6.535248|    0.116206|    0.001567|
|         199|   -7.100130|   -6.549846|    0.116204|    0.001567|
|         200|   -7.114775|   -6.564445|    0.116202|    0.001567|
|         201|   -7.129470|   -6.579087|    0.116201|    0.001567|
|         202|   -7.144236|   -6.593789|    0.116199|    0.001567|
|         203|   -7.159080|   -6.608564|    0.116198|    0.001567|
|         204|   -7.174006|   -6.623415|    0.116196|    0.001567|
|         205|   -7.189025|   -6.638355|    0.116195|    0.001567|
|         206|   -7.204165|   -6.653414|    0.116193|    0.001567|
|         207|   -7.219424|   -6.668589|    0.116192|    0.001567|
|         208|   -7.234797|   -6.683876|    0.116191|    0.001567|
|         209|   -7.250277|   -6.699274|    0.116190|    0.001567|
|         210|   -7.265865|   -6.714782|    0.116188|    0.001567|
|         211|   -7.281554|   -6.730394|    0.116187|    0.001567|
|         212|   -7.297341|   -6.746108|    0.116186|    0.001567|
|         213|   -7.313216|   -6.761917|    0.116186|    0.001567|
|         214|   -7.329188|   -6.777830|    0.116185|    0.001567|
|         215|   -7.345248|   -6.793839|    0.116184|    0.001567|
|         216|   -7.361383|   -6.809934|    0.116183|    0.001567|
|         217|   -7.377584|   -6.826106|    0.116183|    0.001567|
|         218|   -7.393840|   -6.842345|    0.116182|    0.001567|
|         219|   -7.410137|   -6.858637|    0.116182|    0.001567|
|         220|   -7.426458|   -6.874966|    0.116181|    0.001567|
|         221|   -7.442785|   -6.891314|    0.116181|    0.001567|
|         222|   -7.459101|   -6.907663|    0.116181|    0.001567|
|         223|   -7.475395|   -6.924007|    0.116181|    0.001567|
|         224|   -7.491626|   -6.940299|    0.116181|    0.001567|
|         225|   -7.507773|   -6.956519|    0.116181|    0.001567|
|         226|   -7.523796|   -6.972623|    0.116180|    0.001567|
|         227|   -7.539687|   -6.988605|    0.116180|    0.001567|
|         228|   -7.555426|   -7.004442|    0.116181|    0.001567|
|         229|   -7.571000|   -7.020124|    0.116181|    0.001567|
|         230|   -7.586398|   -7.035639|    0.116181|    0.001567|
|         231|   -7.601612|   -7.050976|    0.116181|    0.001567|
|         232|   -7.616634|   -7.066124|    0.116181|    0.001567|
|         233|   -7.631455|   -7.081075|    0.116181|    0.001567|
|         234|   -7.646074|   -7.095823|    0.116182|    0.001567|
|         235|   -7.660490|   -7.110367|    0.116182|    0.001567|
|         236|   -7.674705|   -7.124708|    0.116182|    0.001567|
|         237|   -7.688725|   -7.138850|    0.116183|    0.001567|
|         238|   -7.702559|   -7.152799|    0.116183|    0.001567|
|         239|   -7.716215|   -7.166564|    0.116183|    0.001567|
|         240|   -7.729705|   -7.180155|    0.116184|    0.001567|
|         241|   -7.743041|   -7.193583|    0.116184|    0.001567|
|         242|   -7.756236|   -7.206859|    0.116184|    0.001567|
|         243|   -7.769301|   -7.219995|    0.116185|    0.001567|
|         244|   -7.782248|   -7.233003|    0.116185|    0.001567|
|         245|   -7.795091|   -7.245895|    0.116186|    0.001567|
|         246|   -7.807829|   -7.258669|    0.116186|    0.001567|
|         247|   -7.820478|   -7.271342|    0.116186|    0.001567|
|         248|   -7.833066|   -7.283942|    0.116187|    0.001567|
|         249|   -7.845598|   -7.296476|    0.116187|    0.001567|
|         250|   -7.858083|   -7.308952|    0.116187|    0.001567|
+-----------------------------------------------------------------------+
|        File Writing Summary       |              Filename             |
+-----------------------------------------------------------------------+
|SU2 binary restart                 |restart_flow.dat                   |
|Paraview                           |flow.vtu                           |
|Paraview surface                   |surface_flow.vtu                   |
|CSV file                           |surface_flow.csv                   |
+-----------------------------------------------------------------------+
+----------------------------------------------------------------+
|  Inner_Iter|    rms[Rho]|   rms[RhoE]|          CL|          CD|
+----------------------------------------------------------------+
|         251|   -7.870529|   -7.321378|    0.116188|    0.001567|
|         252|   -7.882945|   -7.333763|    0.116188|    0.001567|
|         253|   -7.895338|   -7.346116|    0.116188|    0.001567|
|         254|   -7.907721|   -7.358447|    0.116189|    0.001567|
|         255|   -7.920103|   -7.370769|    0.116189|    0.001567|
|         256|   -7.932497|   -7.383094|    0.116189|    0.001567|
|         257|   -7.944916|   -7.395437|    0.116190|    0.001567|
|         258|   -7.957374|   -7.407812|    0.116190|    0.001567|
|         259|   -7.969885|   -7.420235|    0.116190|    0.001567|
|         260|   -7.982463|   -7.432722|    0.116190|    0.001567|
|         261|   -7.995124|   -7.445289|    0.116191|    0.001567|
|         262|   -8.007882|   -7.457952|    0.116191|    0.001567|
|         263|   -8.020749|   -7.470725|    0.116191|    0.001567|
|         264|   -8.033737|   -7.483622|    0.116191|    0.001567|
|         265|   -8.046856|   -7.496654|    0.116191|    0.001567|
|         266|   -8.060115|   -7.509831|    0.116191|    0.001567|
|         267|   -8.073517|   -7.523159|    0.116192|    0.001567|
|         268|   -8.087065|   -7.536642|    0.116192|    0.001567|
|         269|   -8.100759|   -7.550281|    0.116192|    0.001567|
|         270|   -8.114593|   -7.564073|    0.116192|    0.001567|
|         271|   -8.128560|   -7.578010|    0.116192|    0.001567|
|         272|   -8.142649|   -7.592084|    0.116192|    0.001567|
|         273|   -8.156845|   -7.606279|    0.116192|    0.001567|
|         274|   -8.171131|   -7.620579|    0.116192|    0.001567|
|         275|   -8.185485|   -7.634964|    0.116192|    0.001567|
|         276|   -8.199885|   -7.649410|    0.116192|    0.001567|
|         277|   -8.214307|   -7.663893|    0.116192|    0.001567|
|         278|   -8.228722|   -7.678384|    0.116192|    0.001567|
|         279|   -8.243098|   -7.692848|    0.116192|    0.001567|
|         280|   -8.257418|   -7.707268|    0.116192|    0.001567|
|         281|   -8.271661|   -7.721623|    0.116192|    0.001567|
|         282|   -8.285801|   -7.735883|    0.116192|    0.001567|
|         283|   -8.299813|   -7.750021|    0.116192|    0.001567|
|         284|   -8.313676|   -7.764015|    0.116192|    0.001567|
|         285|   -8.327374|   -7.777845|    0.116192|    0.001567|
|         286|   -8.340896|   -7.791499|    0.116192|    0.001567|
|         287|   -8.354234|   -7.804965|    0.116192|    0.001567|
|         288|   -8.367384|   -7.818238|    0.116192|    0.001567|
|         289|   -8.380346|   -7.831316|    0.116192|    0.001567|
|         290|   -8.393125|   -7.844202|    0.116192|    0.001567|
|         291|   -8.405730|   -7.856903|    0.116192|    0.001567|
|         292|   -8.418173|   -7.869429|    0.116192|    0.001567|
|         293|   -8.430468|   -7.881796|    0.116192|    0.001567|
|         294|   -8.442634|   -7.894020|    0.116192|    0.001567|
|         295|   -8.454687|   -7.906118|    0.116192|    0.001567|
|         296|   -8.466648|   -7.918110|    0.116192|    0.001567|
|         297|   -8.478537|   -7.930017|    0.116192|    0.001567|
|         298|   -8.490372|   -7.941857|    0.116192|    0.001567|
|         299|   -8.502173|   -7.953652|    0.116192|    0.001567|
|         300|   -8.513959|   -7.965419|    0.116192|    0.001567|
|         301|   -8.525747|   -7.977178|    0.116192|    0.001567|
|         302|   -8.537553|   -7.988944|    0.116192|    0.001567|
|         303|   -8.549391|   -8.000735|    0.116192|    0.001567|
|         304|   -8.561275|   -8.012564|    0.116192|    0.001567|
|         305|   -8.573217|   -8.024444|    0.116192|    0.001567|
|         306|   -8.585228|   -8.036386|    0.116192|    0.001567|
|         307|   -8.597318|   -8.048403|    0.116192|    0.001567|
|         308|   -8.609493|   -8.060502|    0.116192|    0.001567|
|         309|   -8.621763|   -8.072691|    0.116192|    0.001567|
|         310|   -8.634131|   -8.084978|    0.116192|    0.001567|
|         311|   -8.646603|   -8.097367|    0.116192|    0.001567|
|         312|   -8.659182|   -8.109863|    0.116192|    0.001567|
|         313|   -8.671871|   -8.122470|    0.116192|    0.001567|
|         314|   -8.684670|   -8.135188|    0.116192|    0.001567|
|         315|   -8.697580|   -8.148021|    0.116192|    0.001567|
|         316|   -8.710600|   -8.160966|    0.116192|    0.001567|
|         317|   -8.723727|   -8.174023|    0.116191|    0.001567|
|         318|   -8.736957|   -8.187189|    0.116191|    0.001567|
|         319|   -8.750287|   -8.200460|    0.116191|    0.001567|
|         320|   -8.763710|   -8.213830|    0.116191|    0.001567|
|         321|   -8.777221|   -8.227295|    0.116191|    0.001567|
|         322|   -8.790810|   -8.240847|    0.116191|    0.001567|
|         323|   -8.804471|   -8.254477|    0.116191|    0.001567|
|         324|   -8.818193|   -8.268177|    0.116191|    0.001567|
|         325|   -8.831967|   -8.281937|    0.116191|    0.001567|
|         326|   -8.845782|   -8.295747|    0.116191|    0.001567|
|         327|   -8.859636|   -8.309605|    0.116191|    0.001567|
|         328|   -8.873510|   -8.323492|    0.116191|    0.001567|
|         329|   -8.887384|   -8.337385|    0.116191|    0.001567|
|         330|   -8.901249|   -8.351276|    0.116191|    0.001567|
|         331|   -8.915098|   -8.365158|    0.116191|    0.001567|
|         332|   -8.928925|   -8.379023|    0.116191|    0.001567|
|         333|   -8.942720|   -8.392861|    0.116191|    0.001567|
|         334|   -8.956475|   -8.406665|    0.116191|    0.001567|
|         335|   -8.970184|   -8.420426|    0.116191|    0.001567|
|         336|   -8.983841|   -8.434138|    0.116191|    0.001567|
|         337|   -8.997441|   -8.447796|    0.116191|    0.001567|
|         338|   -9.010980|   -8.461394|    0.116191|    0.001567|
|         339|   -9.024457|   -8.474930|    0.116191|    0.001567|
|         340|   -9.037866|   -8.488399|    0.116191|    0.001567|
|         341|   -9.051207|   -8.501798|    0.116191|    0.001567|
|         342|   -9.064478|   -8.515127|    0.116191|    0.001567|
|         343|   -9.077678|   -8.528382|    0.116191|    0.001567|
|         344|   -9.090808|   -8.541565|    0.116191|    0.001567|
|         345|   -9.103867|   -8.554674|    0.116191|    0.001567|
|         346|   -9.116857|   -8.567710|    0.116191|    0.001567|
|         347|   -9.129781|   -8.580676|    0.116191|    0.001567|
|         348|   -9.142641|   -8.593574|    0.116191|    0.001567|
|         349|   -9.155441|   -8.606407|    0.116191|    0.001567|
|         350|   -9.168184|   -8.619178|    0.116191|    0.001567|
|         351|   -9.180877|   -8.631892|    0.116191|    0.001567|
|         352|   -9.193525|   -8.644555|    0.116191|    0.001567|
|         353|   -9.206135|   -8.657174|    0.116191|    0.001567|
|         354|   -9.218715|   -8.669755|    0.116191|    0.001567|
|         355|   -9.231272|   -8.682307|    0.116191|    0.001567|
|         356|   -9.243817|   -8.694838|    0.116191|    0.001567|
|         357|   -9.256358|   -8.707359|    0.116191|    0.001567|
|         358|   -9.268907|   -8.719880|    0.116191|    0.001567|
|         359|   -9.281475|   -8.732412|    0.116191|    0.001567|
|         360|   -9.294071|   -8.744967|    0.116191|    0.001567|
|         361|   -9.306709|   -8.757555|    0.116191|    0.001567|
|         362|   -9.319398|   -8.770188|    0.116191|    0.001567|
|         363|   -9.332150|   -8.782879|    0.116191|    0.001567|
|         364|   -9.344975|   -8.795637|    0.116191|    0.001567|
|         365|   -9.357883|   -8.808474|    0.116191|    0.001567|
|         366|   -9.370882|   -8.821400|    0.116191|    0.001567|
|         367|   -9.383980|   -8.834421|    0.116191|    0.001567|
|         368|   -9.397184|   -8.847547|    0.116191|    0.001567|
|         369|   -9.410499|   -8.860783|    0.116191|    0.001567|
|         370|   -9.423927|   -8.874134|    0.116191|    0.001567|
|         371|   -9.437472|   -8.887603|    0.116191|    0.001567|
|         372|   -9.451134|   -8.901191|    0.116191|    0.001567|
|         373|   -9.464910|   -8.914899|    0.116191|    0.001567|
|         374|   -9.478799|   -8.928723|    0.116191|    0.001567|
|         375|   -9.492796|   -8.942661|    0.116191|    0.001567|
|         376|   -9.506895|   -8.956707|    0.116191|    0.001567|
|         377|   -9.521088|   -8.970855|    0.116191|    0.001567|
|         378|   -9.535367|   -8.985097|    0.116191|    0.001567|
|         379|   -9.549722|   -8.999423|    0.116191|    0.001567|
|         380|   -9.564141|   -9.013822|    0.116191|    0.001567|
|         381|   -9.578613|   -9.028283|    0.116191|    0.001567|
|         382|   -9.593124|   -9.042794|    0.116191|    0.001567|
|         383|   -9.607663|   -9.057340|    0.116191|    0.001567|
|         384|   -9.622215|   -9.071909|    0.116191|    0.001567|
|         385|   -9.636766|   -9.086487|    0.116191|    0.001567|
|         386|   -9.651304|   -9.101060|    0.116191|    0.001567|
|         387|   -9.665815|   -9.115613|    0.116191|    0.001567|
|         388|   -9.680285|   -9.130133|    0.116191|    0.001567|
|         389|   -9.694703|   -9.144608|    0.116191|    0.001567|
|         390|   -9.709057|   -9.159025|    0.116191|    0.001567|
|         391|   -9.723336|   -9.173372|    0.116191|    0.001567|
|         392|   -9.737532|   -9.187638|    0.116191|    0.001567|
|         393|   -9.751635|   -9.201816|    0.116191|    0.001567|
|         394|   -9.765640|   -9.215896|    0.116191|    0.001567|
|         395|   -9.779540|   -9.229871|    0.116191|    0.001567|
|         396|   -9.793331|   -9.243738|    0.116191|    0.001567|
|         397|   -9.807011|   -9.257493|    0.116191|    0.001567|
|         398|   -9.820580|   -9.271133|    0.116191|    0.001567|
|         399|   -9.834039|   -9.284659|    0.116191|    0.001567|
|         400|   -9.847389|   -9.298073|    0.116191|    0.001567|
|         401|   -9.860635|   -9.311377|    0.116191|    0.001567|
|         402|   -9.873783|   -9.324576|    0.116191|    0.001567|
|         403|   -9.886840|   -9.337677|    0.116191|    0.001567|
|         404|   -9.899814|   -9.350688|    0.116191|    0.001567|
|         405|   -9.912715|   -9.363618|    0.116191|    0.001567|
|         406|   -9.925553|   -9.376476|    0.116191|    0.001567|
|         407|   -9.938339|   -9.389274|    0.116191|    0.001567|
|         408|   -9.951086|   -9.402023|    0.116191|    0.001567|
|         409|   -9.963805|   -9.414736|    0.116191|    0.001567|
|         410|   -9.976509|   -9.427425|    0.116191|    0.001567|
|         411|   -9.989210|   -9.440103|    0.116191|    0.001567|
|         412|  -10.001921|   -9.452782|    0.116191|    0.001567|
|         413|  -10.014653|   -9.465475|    0.116191|    0.001567|
|         414|  -10.027418|   -9.478193|    0.116191|    0.001567|
|         415|  -10.040227|   -9.490948|    0.116191|    0.001567|
|         416|  -10.053089|   -9.503751|    0.116191|    0.001567|
|         417|  -10.066013|   -9.516611|    0.116191|    0.001567|
|         418|  -10.079008|   -9.529537|    0.116191|    0.001567|
|         419|  -10.092081|   -9.542537|    0.116191|    0.001567|
|         420|  -10.105236|   -9.555617|    0.116191|    0.001567|
|         421|  -10.118480|   -9.568785|    0.116191|    0.001567|
|         422|  -10.131816|   -9.582043|    0.116191|    0.001567|
|         423|  -10.145245|   -9.595396|    0.116191|    0.001567|
|         424|  -10.158771|   -9.608846|    0.116191|    0.001567|
|         425|  -10.172392|   -9.622395|    0.116191|    0.001567|
|         426|  -10.186109|   -9.636042|    0.116191|    0.001567|
|         427|  -10.199919|   -9.649787|    0.116191|    0.001567|
|         428|  -10.213821|   -9.663628|    0.116191|    0.001567|
|         429|  -10.227809|   -9.677563|    0.116191|    0.001567|
|         430|  -10.241881|   -9.691586|    0.116191|    0.001567|
|         431|  -10.256031|   -9.705695|    0.116191|    0.001567|
|         432|  -10.270252|   -9.719883|    0.116191|    0.001567|
|         433|  -10.284537|   -9.734144|    0.116191|    0.001567|
|         434|  -10.298880|   -9.748470|    0.116191|    0.001567|
|         435|  -10.313270|   -9.762853|    0.116191|    0.001567|
|         436|  -10.327700|   -9.777285|    0.116191|    0.001567|
|         437|  -10.342160|   -9.791755|    0.116191|    0.001567|
|         438|  -10.356638|   -9.806253|    0.116191|    0.001567|
|         439|  -10.371124|   -9.820769|    0.116191|    0.001567|
|         440|  -10.385607|   -9.835289|    0.116191|    0.001567|
|         441|  -10.400074|   -9.849802|    0.116191|    0.001567|
|         442|  -10.414513|   -9.864295|    0.116191|    0.001567|
|         443|  -10.428912|   -9.878755|    0.116191|    0.001567|
|         444|  -10.443259|   -9.893170|    0.116191|    0.001567|
|         445|  -10.457541|   -9.907525|    0.116191|    0.001567|
|         446|  -10.471747|   -9.921809|    0.116191|    0.001567|
|         447|  -10.485866|   -9.936010|    0.116191|    0.001567|
|         448|  -10.499888|   -9.950116|    0.116191|    0.001567|
|         449|  -10.513804|   -9.964118|    0.116191|    0.001567|
|         450|  -10.527607|   -9.978007|    0.116191|    0.001567|
|         451|  -10.541290|   -9.991775|    0.116191|    0.001567|
|         452|  -10.554850|  -10.005417|    0.116191|    0.001567|
|         453|  -10.568285|  -10.018931|    0.116191|    0.001567|
|         454|  -10.581594|  -10.032315|    0.116191|    0.001567|
|         455|  -10.594780|  -10.045569|    0.116191|    0.001567|
|         456|  -10.607848|  -10.058699|    0.116191|    0.001567|
|         457|  -10.620803|  -10.071708|    0.116191|    0.001567|
|         458|  -10.633655|  -10.084605|    0.116191|    0.001567|
|         459|  -10.646413|  -10.097399|    0.116191|    0.001567|
|         460|  -10.659090|  -10.110103|    0.116191|    0.001567|
|         461|  -10.671700|  -10.122728|    0.116191|    0.001567|
|         462|  -10.684256|  -10.135290|    0.116191|    0.001567|
|         463|  -10.696774|  -10.147803|    0.116191|    0.001567|
|         464|  -10.709270|  -10.160284|    0.116191|    0.001567|
|         465|  -10.721760|  -10.172748|    0.116191|    0.001567|
|         466|  -10.734259|  -10.185212|    0.116191|    0.001567|
|         467|  -10.746784|  -10.197692|    0.116191|    0.001567|
|         468|  -10.759348|  -10.210204|    0.116191|    0.001567|
|         469|  -10.771967|  -10.222762|    0.116191|    0.001567|
|         470|  -10.784652|  -10.235380|    0.116191|    0.001567|
|         471|  -10.797415|  -10.248071|    0.116191|    0.001567|
|         472|  -10.810267|  -10.260845|    0.116191|    0.001567|
|         473|  -10.823216|  -10.273713|    0.116191|    0.001567|
|         474|  -10.836270|  -10.286684|    0.116191|    0.001567|
|         475|  -10.849433|  -10.299763|    0.116191|    0.001567|
|         476|  -10.862711|  -10.312957|    0.116191|    0.001567|
|         477|  -10.876106|  -10.326268|    0.116191|    0.001567|
|         478|  -10.889618|  -10.339699|    0.116191|    0.001567|
|         479|  -10.903246|  -10.353249|    0.116191|    0.001567|
|         480|  -10.916988|  -10.366918|    0.116191|    0.001567|
|         481|  -10.930840|  -10.380703|    0.116191|    0.001567|
|         482|  -10.944797|  -10.394599|    0.116191|    0.001567|
|         483|  -10.958852|  -10.408600|    0.116191|    0.001567|
|         484|  -10.972997|  -10.422699|    0.116191|    0.001567|
|         485|  -10.987224|  -10.436889|    0.116191|    0.001567|
|         486|  -11.001522|  -10.451159|    0.116191|    0.001567|
|         487|  -11.015879|  -10.465499|    0.116191|    0.001567|
|         488|  -11.030285|  -10.479897|    0.116191|    0.001567|
|         489|  -11.044727|  -10.494341|    0.116191|    0.001567|
|         490|  -11.059191|  -10.508817|    0.116191|    0.001567|
|         491|  -11.073664|  -10.523313|    0.116191|    0.001567|
|         492|  -11.088132|  -10.537813|    0.116191|    0.001567|
|         493|  -11.102581|  -10.552304|    0.116191|    0.001567|
|         494|  -11.116998|  -10.566772|    0.116191|    0.001567|
|         495|  -11.131369|  -10.581202|    0.116191|    0.001567|
|         496|  -11.145681|  -10.595580|    0.116191|    0.001567|
|         497|  -11.159923|  -10.609894|    0.116191|    0.001567|
|         498|  -11.174083|  -10.624132|    0.116191|    0.001567|
|         499|  -11.188150|  -10.638281|    0.116191|    0.001567|
|         500|  -11.202117|  -10.652332|    0.116191|    0.001567|
+-----------------------------------------------------------------------+
|        File Writing Summary       |              Filename             |
+-----------------------------------------------------------------------+
|SU2 binary restart                 |restart_flow.dat                   |
|Paraview                           |flow.vtu                           |
|Paraview surface                   |surface_flow.vtu                   |
|CSV file                           |surface_flow.csv                   |
+-----------------------------------------------------------------------+
+----------------------------------------------------------------+
|  Inner_Iter|    rms[Rho]|   rms[RhoE]|          CL|          CD|
+----------------------------------------------------------------+
|         501|  -11.215975|  -10.666276|    0.116191|    0.001567|
|         502|  -11.229719|  -10.680107|    0.116191|    0.001567|
|         503|  -11.243345|  -10.693819|    0.116191|    0.001567|
|         504|  -11.256850|  -10.707408|    0.116191|    0.001567|
|         505|  -11.270234|  -10.720872|    0.116191|    0.001567|
|         506|  -11.283497|  -10.734212|    0.116191|    0.001567|
|         507|  -11.296643|  -10.747430|    0.116191|    0.001567|
|         508|  -11.309677|  -10.760528|    0.116191|    0.001567|
|         509|  -11.322603|  -10.773513|    0.116191|    0.001567|
|         510|  -11.335431|  -10.786392|    0.116191|    0.001567|
|         511|  -11.348169|  -10.799172|    0.116191|    0.001567|
|         512|  -11.360827|  -10.811864|    0.116191|    0.001567|
|         513|  -11.373415|  -10.824478|    0.116191|    0.001567|
|         514|  -11.385947|  -10.837024|    0.116191|    0.001567|
|         515|  -11.398432|  -10.849517|    0.116191|    0.001567|
|         516|  -11.410885|  -10.861967|    0.116191|    0.001567|
|         517|  -11.423318|  -10.874388|    0.116191|    0.001567|
|         518|  -11.435743|  -10.886792|    0.116191|    0.001567|
|         519|  -11.448174|  -10.899193|    0.116191|    0.001567|
|         520|  -11.460621|  -10.911602|    0.116191|    0.001567|
|         521|  -11.473098|  -10.924034|    0.116191|    0.001567|
|         522|  -11.485615|  -10.936498|    0.116191|    0.001567|
|         523|  -11.498184|  -10.949007|    0.116191|    0.001567|
|         524|  -11.510814|  -10.961572|    0.116191|    0.001567|
|         525|  -11.523514|  -10.974202|    0.116191|    0.001567|
|         526|  -11.536293|  -10.986907|    0.116191|    0.001567|
|         527|  -11.549158|  -10.999695|    0.116191|    0.001567|
|         528|  -11.562116|  -11.012574|    0.116191|    0.001567|
|         529|  -11.575173|  -11.025550|    0.116191|    0.001567|
|         530|  -11.588332|  -11.038628|    0.116191|    0.001567|
|         531|  -11.601597|  -11.051814|    0.116191|    0.001567|
|         532|  -11.614971|  -11.065110|    0.116191|    0.001567|
|         533|  -11.628454|  -11.078518|    0.116191|    0.001567|
|         534|  -11.642046|  -11.092039|    0.116191|    0.001567|
|         535|  -11.655747|  -11.105672|    0.116191|    0.001567|
|         536|  -11.669552|  -11.119417|    0.116191|    0.001567|
|         537|  -11.683458|  -11.133268|    0.116191|    0.001567|
|         538|  -11.697460|  -11.147223|    0.116191|    0.001567|
|         539|  -11.711551|  -11.161276|    0.116191|    0.001567|
|         540|  -11.725724|  -11.175418|    0.116191|    0.001567|
|         541|  -11.739969|  -11.189642|    0.116191|    0.001567|
|         542|  -11.754276|  -11.203937|    0.116191|    0.001567|
|         543|  -11.768633|  -11.218293|    0.116191|    0.001567|
|         544|  -11.783030|  -11.232698|    0.116191|    0.001567|
|         545|  -11.797452|  -11.247137|    0.116191|    0.001567|
|         546|  -11.811886|  -11.261599|    0.116191|    0.001567|
|         547|  -11.826318|  -11.276068|    0.116191|    0.001567|
|         548|  -11.840732|  -11.290529|    0.116191|    0.001567|
|         549|  -11.855116|  -11.304967|    0.116191|    0.001567|
|         550|  -11.869454|  -11.319367|    0.116191|    0.001567|
|         551|  -11.883732|  -11.333714|    0.116191|    0.001567|
|         552|  -11.897937|  -11.347994|    0.116191|    0.001567|
|         553|  -11.912057|  -11.362193|    0.116191|    0.001567|
|         554|  -11.926081|  -11.376300|    0.116191|    0.001567|
|         555|  -11.939999|  -11.390303|    0.116191|    0.001567|
|         556|  -11.953804|  -11.404194|    0.116191|    0.001567|
|         557|  -11.967489|  -11.417965|    0.116191|    0.001567|
|         558|  -11.981051|  -11.431610|    0.116191|    0.001567|
|         559|  -11.994487|  -11.445128|    0.116191|    0.001567|
|         560|  -12.007797|  -11.458515|    0.116191|    0.001567|
|         561|  -12.020984|  -11.471774|    0.116191|    0.001567|
|         562|  -12.034052|  -11.484909|    0.116191|    0.001567|
|         563|  -12.047008|  -11.497923|    0.116191|    0.001567|
|         564|  -12.059859|  -11.510825|    0.116191|    0.001567|
|         565|  -12.072615|  -11.523624|    0.116191|    0.001567|
|         566|  -12.085287|  -11.536329|    0.116191|    0.001567|
|         567|  -12.097887|  -11.548954|    0.116191|    0.001567|
|         568|  -12.110429|  -11.561511|    0.116191|    0.001567|
|         569|  -12.122926|  -11.574013|    0.116191|    0.001567|
|         570|  -12.135392|  -11.586474|    0.116191|    0.001567|
|         571|  -12.147843|  -11.598910|    0.116191|    0.001567|
|         572|  -12.160291|  -11.611334|    0.116191|    0.001567|
|         573|  -12.172751|  -11.623762|    0.116191|    0.001567|
|         574|  -12.185237|  -11.636206|    0.116191|    0.001567|
|         575|  -12.197761|  -11.648681|    0.116191|    0.001567|
|         576|  -12.210337|  -11.661200|    0.116191|    0.001567|
|         577|  -12.222973|  -11.673774|    0.116191|    0.001567|
|         578|  -12.235682|  -11.686415|    0.116191|    0.001567|
|         579|  -12.248471|  -11.699131|    0.116191|    0.001567|
|         580|  -12.261351|  -11.711933|    0.116191|    0.001567|
|         581|  -12.274325|  -11.724828|    0.116191|    0.001567|
|         582|  -12.287401|  -11.737823|    0.116191|    0.001567|
|         583|  -12.300582|  -11.750922|    0.116191|    0.001567|
|         584|  -12.313872|  -11.764129|    0.116191|    0.001567|
|         585|  -12.327270|  -11.777449|    0.116191|    0.001567|
|         586|  -12.340779|  -11.790879|    0.116191|    0.001567|
|         587|  -12.354396|  -11.804422|    0.116191|    0.001567|
|         588|  -12.368119|  -11.818076|    0.116191|    0.001567|
|         589|  -12.381945|  -11.831838|    0.116191|    0.001567|
|         590|  -12.395869|  -11.845704|    0.116191|    0.001567|
|         591|  -12.409884|  -11.859668|    0.116191|    0.001567|
|         592|  -12.423983|  -11.873723|    0.116191|    0.001567|
|         593|  -12.438159|  -11.887864|    0.116191|    0.001567|
|         594|  -12.452401|  -11.902081|    0.116191|    0.001567|
|         595|  -12.466701|  -11.916364|    0.116191|    0.001567|
|         596|  -12.481046|  -11.930702|    0.116191|    0.001567|
|         597|  -12.495427|  -11.945085|    0.116191|    0.001567|
|         598|  -12.509830|  -11.959500|    0.116191|    0.001567|
|         599|  -12.524243|  -11.973935|    0.116191|    0.001567|
|         600|  -12.538654|  -11.988377|    0.116191|    0.001567|
|         601|  -12.553050|  -12.002812|    0.116191|    0.001567|
|         602|  -12.567419|  -12.017228|    0.116191|    0.001567|
|         603|  -12.581748|  -12.031612|    0.116191|    0.001567|
|         604|  -12.596024|  -12.045949|    0.116191|    0.001567|
|         605|  -12.610238|  -12.060231|    0.116191|    0.001567|
|         606|  -12.624377|  -12.074442|    0.116191|    0.001567|
|         607|  -12.638433|  -12.088575|    0.116191|    0.001567|
|         608|  -12.652397|  -12.102618|    0.116191|    0.001567|
|         609|  -12.666261|  -12.116564|    0.116191|    0.001567|
|         610|  -12.680020|  -12.130405|    0.116191|    0.001567|
|         611|  -12.693668|  -12.144134|    0.116191|    0.001567|
|         612|  -12.707205|  -12.157749|    0.116191|    0.001567|
|         613|  -12.720627|  -12.171249|    0.116191|    0.001567|
|         614|  -12.733935|  -12.184629|    0.116191|    0.001567|
|         615|  -12.747129|  -12.197892|    0.116191|    0.001567|
|         616|  -12.760216|  -12.211043|    0.116191|    0.001567|
|         617|  -12.773199|  -12.224082|    0.116191|    0.001567|
|         618|  -12.786084|  -12.237015|    0.116191|    0.001567|
|         619|  -12.798881|  -12.249854|    0.116191|    0.001567|
|         620|  -12.811595|  -12.262600|    0.116191|    0.001567|
|         621|  -12.824243|  -12.275273|    0.116191|    0.001567|
|         622|  -12.836830|  -12.287875|    0.116191|    0.001567|
|         623|  -12.849370|  -12.300421|    0.116191|    0.001567|
|         624|  -12.861877|  -12.312926|    0.116191|    0.001567|
|         625|  -12.874361|  -12.325397|    0.116191|    0.001567|
|         626|  -12.886837|  -12.337850|    0.116191|    0.001567|
|         627|  -12.899320|  -12.350304|    0.116191|    0.001567|
|         628|  -12.911820|  -12.362763|    0.116191|    0.001567|
|         629|  -12.924348|  -12.375245|    0.116191|    0.001567|
|         630|  -12.936924|  -12.387767|    0.116191|    0.001567|
|         631|  -12.949554|  -12.400335|    0.116191|    0.001567|
|         632|  -12.962250|  -12.412964|    0.116191|    0.001567|
|         633|  -12.975022|  -12.425664|    0.116191|    0.001567|
|         634|  -12.987881|  -12.438446|    0.116191|    0.001567|
|         635|  -13.000837|  -12.451323|    0.116191|    0.001567|

----------------------------- Solver Exit -------------------------------
All convergence criteria satisfied.
+-----------------------------------------------------------------------+
|      Convergence Field     |     Value    |   Criterion  |  Converged |
+-----------------------------------------------------------------------+
|                    rms[Rho]|      -13.0008|         < -13|         Yes|
+-----------------------------------------------------------------------+
-------------------------------------------------------------------------
+-----------------------------------------------------------------------+
|        File Writing Summary       |              Filename             |
+-----------------------------------------------------------------------+
|SU2 binary restart                 |restart_flow.dat                   |
|Paraview                           |flow.vtu                           |
|Paraview surface                   |surface_flow.vtu                   |
|CSV file                           |surface_flow.csv                   |
+-----------------------------------------------------------------------+

--------------------------- Finalizing Solver ---------------------------
Deleted CNumerics container.
Deleted CIntegration container.
Deleted CSolver container.
Deleted CIteration container.
Deleted CInterface container.
Deleted CGeometry container.
Deleted CFreeFormDefBox class.
Deleted CSurfaceMovement class.
Deleted CVolumetricMovement class.
Deleted CConfig container.
Deleted nInst container.
Deleted COutput class.
-------------------------------------------------------------------------

------------------------- Exit Success (SU2_CFD) ------------------------

