
-------------------------------------------------------------------------
|    ___ _   _ ___                                                      |
|   / __| | | |_  )   Release 8.3.0 "Harrier"                           |
|   \__ \ |_| |/ /                                                      |
|   |___/\___//___|   Suite (Computational Fluid Dynamics Code)         |
|                                                                       |
-------------------------------------------------------------------------
| SU2 Project Website: https://su2code.github.io                        |
|                                                                       |
| The SU2 Project is maintained by the SU2 Foundation                   |
| (http://su2foundation.org)                                            |
-------------------------------------------------------------------------
| Copyright 2012-2025, SU2 Contributors                                 |
|                                                                       |
| SU2 is free software; you can redistribute it and/or                  |
| modify it under the terms of the GNU Lesser General Public            |
| License as published by the Free Software Foundation; either          |
| version 2.1 of the License, or (at your option) any later version.    |
|                                                                       |
| SU2 is distributed in the hope that it will be useful,                |
| but WITHOUT ANY WARRANTY; without even the implied warranty of        |
| MERCHANTABILITY or FITNESS FOR A PARTICULAR PURPOSE. See the GNU      |
| Lesser General Public License for more details.                       |
|                                                                       |
| You should have received a copy of the GNU Lesser General Public      |
| License along with SU2. If not, see <http://www.gnu.org/licenses/>.   |
-------------------------------------------------------------------------

Parsing config file for zone 0

----------------- Physical Case Definition ( Zone 0 ) -------------------
Compressible Euler equations.
Mach number: 0.8.
Angle of attack (AoA): 1.25 deg, and angle of sideslip (AoS): 0 deg.
No restart solution, use the values at infinity (freestream).
Non-Dimensional simulation (P=1.0, Rho=1.0, T=1.0 at the farfield).
The reference area is 1 m^2.
The semi-span will be computed using the max y(3D) value.
The reference length is 1 m.
Reference origin for moment evaluation is (0.25, 0, 0).
Surface(s) where the force coefficients are evaluated: airfoil.

Surface(s) plotted in the output file: airfoil.
Surface(s) affected by the design variables: airfoil.
Input mesh file name: mesh_NACA0012_inv_deform.su2

--------------- Space Numerical Integration ( Zone 0 ) ------------------
Jameson-Schmidt-Turkel scheme (2nd order in space) for the flow inviscid terms.
JST viscous coefficients (2nd & 4th): 0.5, 0.02.
The method includes a grid stretching correction (p = 0.3).
Gradient for viscous and source terms: Green-Gauss.

--------------- Time Numerical Integration  ( Zone 0 ) ------------------
Local time stepping (steady state simulation).
Euler implicit method for the flow equations.
FGMRES is used for solving the linear system.
Using a LU-SGS preconditioning.
Convergence criteria of the linear solver: 0.0001.
Max number of linear iterations: 2.
V Multigrid Cycle, with 2 multigrid levels.
Damping factor for the residual restriction: 1.
Damping factor for the correction prolongation: 1.
No CFL adaptation.
+-------------------------------------------+
|  MG Level| Presmooth|PostSmooth|CorrectSmo|
+-------------------------------------------+
|         0|         1|         0|         0|
|         1|         2|         0|         0|
|         2|         3|         0|         0|
+-------------------------------------------+
Courant-Friedrichs-Lewy number:       10

------------------ Convergence Criteria  ( Zone 0 ) ---------------------
Maximum number of solver subiterations: 1000.
Begin convergence monitoring at iteration 10.
Residual minimum value: 1e-13.
Cauchy series min. value: 1e-06.
Number of Cauchy elements: 100.
Begin windowed time average at iteration 0.

-------------------- Output Information ( Zone 0 ) ----------------------
File writing frequency: 
+------------------------------------+
|                     File| Frequency|
+------------------------------------+
|                  RESTART|       250|
|                 PARAVIEW|       250|
|         SURFACE_PARAVIEW|       250|
|              SURFACE_CSV|       250|
+------------------------------------+
Writing the convergence history file every 1 inner iterations.
Writing the screen convergence history every 1 inner iterations.
The tabular file format is CSV (.csv).
Convergence history file name: history_direct.
Forces breakdown file name: forces_breakdown.dat.
Surface file name: surface_flow.
Volume file name: flow.
Restart file name: restart_flow.

------------- Config File Boundary Information ( Zone 0 ) ---------------
+-----------------------------------------------------------------------+
|                        Marker Type|                        Marker Name|
+-----------------------------------------------------------------------+
|                         Euler wall|                            airfoil|
+-----------------------------------------------------------------------+
|                          Far-field|                           farfield|
+-----------------------------------------------------------------------+

-------------------- Output Preprocessing ( Zone 0 ) --------------------

WARNING: SURFACE_PRESSURE_DROP can only be computed for at least 2 surfaces (outlet, inlet, ...)

Screen output fields: INNER_ITER, RMS_DENSITY, RMS_ENERGY, LIFT, DRAG
History output group(s): ITER, RMS_RES, AERO_COEFF
Convergence field(s): RMS_DENSITY
Warning: No (valid) fields chosen for time convergence monitoring. Time convergence monitoring inactive.
Volume output fields: COORDINATES, SOLUTION, PRIMITIVE

------------------- Geometry Preprocessing ( Zone 0 ) -------------------
Two dimensional problem.
5233 grid points.
10216 volume elements.
2 surface markers.
200 boundary elements in index 0 (Marker = airfoil).
50 boundary elements in index 1 (Marker = farfield).
10216 triangles.
Setting point connectivity.
Renumbering points (Reverse Cuthill McKee Ordering).
Recomputing point connectivity.
Setting element connectivity.
Checking the numerical grid orientation.
All volume elements are correctly oriented.
All surface elements are correctly oriented.
Identifying edges and vertices.
Setting the control volume structure.
Area of the computational grid: 1253.25.
Searching for the closest normal neighbors to the surfaces.
Storing a mapping from global to local point index.
Compute the surface curvature.
Max K: 7835.1. Mean K: 35.1467. Standard deviation K: 494.427.
Checking for periodicity.
Computing mesh quality statistics for the dual control volumes.
+--------------------------------------------------------------+
|           Mesh Quality Metric|        Minimum|        Maximum|
+--------------------------------------------------------------+
|    Orthogonality Angle (deg.)|        62.8823|        89.7523|
|     CV Face Area Aspect Ratio|        1.01104|        7.18115|
|           CV Sub-Volume Ratio|         1.0027|        6.47679|
+--------------------------------------------------------------+
Setting the multigrid structure.
+-------------------------------------------+
|  MG Level|       CVs|Aggl. Rate|       CFL|
+-------------------------------------------+
|         0|      5233|    1/1.00|        10|
|         1|      1690|     1/3.1|   8.52431|
|         2|       649|     1/2.6|   7.92373|
+-------------------------------------------+
Finding max control volume width.
Wetted area = 2.03837 m.
Area projection in the x-plane = 0.113265 m, y-plane = 0.999845 m.
Max. coordinate in the x-direction = 1 m, y-direction = 0.0502672 m.
Min. coordinate in the x-direction = 0 m, y-direction = -0.0630117 m.
Computing wall distances.

-------------------- Solver Preprocessing ( Zone 0 ) --------------------
Inviscid flow: Computing density based on free-stream
temperature and pressure using the ideal gas law.
Force coefficients computed using free-stream values.

-- Models:
+------------------------------------------------------------------------------+
|          Viscosity Model|        Conductivity Model|              Fluid Model|
+------------------------------------------------------------------------------+
|                        -|                         -|             STANDARD_AIR|
+------------------------------------------------------------------------------+
-- Fluid properties:
+------------------------------------------------------------------------------+
|                  Name|    Dim. value|    Ref. value|      Unit|Non-dim. value|
+------------------------------------------------------------------------------+
|          Gas Constant|       287.058|       287.058|  N.m/kg.K|             1|
|      Spec. Heat Ratio|             -|             -|         -|           1.4|
+------------------------------------------------------------------------------+
-- Initial and free-stream conditions:
+------------------------------------------------------------------------------+
|                  Name|    Dim. value|    Ref. value|      Unit|Non-dim. value|
+------------------------------------------------------------------------------+
|       Static Pressure|        101325|        101325|        Pa|             1|
|               Density|       1.29225|       1.29225|    kg/m^3|             1|
|           Temperature|        273.15|        273.15|         K|             1|
|          Total Energy|        231152|       78409.9|   m^2/s^2|         2.948|
|            Velocity-X|       264.994|       280.018|       m/s|      0.946348|
|            Velocity-Y|       5.78219|       280.018|       m/s|     0.0206494|
|    Velocity Magnitude|       265.057|       280.018|       m/s|      0.946573|
+------------------------------------------------------------------------------+
|           Mach Number|             -|             -|         -|           0.8|
+------------------------------------------------------------------------------+
Initialize Jacobian structure (Euler). MG level: 0.
Initialize Jacobian structure (Euler). MG level: 1.
Initialize Jacobian structure (Euler). MG level: 2.

------------------- Numerics Preprocessing ( Zone 0 ) -------------------

----------------- Integration Preprocessing ( Zone 0 ) ------------------

------------------- Iteration Preprocessing ( Zone 0 ) ------------------
Euler/Navier-Stokes/RANS fluid iteration.

------------------------------ Begin Solver -----------------------------

Simulation Run using the Single-zone Driver
WARNING: SU2 was not compiled for an AVX-capable architecture. Performance could be better,
         see https://su2code.github.io/docs_v7/Build-SU2-Linux-MacOS/#compiler-optimizations
WARNING: SU2 was not compiled for an AVX-capable architecture. Performance could be better,
         see https://su2code.github.io/docs_v7/Build-SU2-Linux-MacOS/#compiler-optimizations
WARNING: SU2 was not compiled for an AVX-capable architecture. Performance could be better,
         see https://su2code.github.io/docs_v7/Build-SU2-Linux-MacOS/#compiler-optimizations
+----------------------------------------------------------------+
|  Inner_Iter|    rms[Rho]|   rms[RhoE]|          CL|          CD|
+----------------------------------------------------------------+
|           0|   -3.599924|   -3.003547|    0.146623|    0.224600|
|           1|   -3.847279|   -3.236340|    0.035913|    0.086833|
|           2|   -3.783557|   -3.185212|    0.042098|    0.063313|
|           3|   -3.728821|   -3.136287|    0.076349|    0.078182|
|           4|   -3.680076|   -3.090804|    0.073685|    0.059264|
|           5|   -3.675997|   -3.090843|    0.070514|    0.045950|
|           6|   -3.671578|   -3.092638|    0.070883|    0.041863|
|           7|   -3.676105|   -3.099450|    0.069639|    0.037513|
|           8|   -3.659945|   -3.082567|    0.068656|    0.031861|
|           9|   -3.673911|   -3.100132|    0.068583|    0.027126|
|          10|   -3.679870|   -3.110015|    0.069167|    0.023854|
|          11|   -3.685443|   -3.117835|    0.070033|    0.020946|
|          12|   -3.690471|   -3.123439|    0.070640|    0.017853|
|          13|   -3.693773|   -3.125445|    0.071191|    0.014798|
|          14|   -3.701528|   -3.131106|    0.072238|    0.011979|
|          15|   -3.711182|   -3.138843|    0.073767|    0.009378|
|          16|   -3.721728|   -3.148737|    0.075418|    0.006900|
|          17|   -3.734280|   -3.162226|    0.077043|    0.004494|
|          18|   -3.749107|   -3.178902|    0.078626|    0.002163|
|          19|   -3.766867|   -3.198489|    0.080112|   -0.000047|
|          20|   -3.788051|   -3.220935|    0.081363|   -0.002073|
|          21|   -3.811367|   -3.244847|    0.082374|   -0.003827|
|          22|   -3.834618|   -3.268171|    0.083349|   -0.005220|
|          23|   -3.856493|   -3.289767|    0.084427|   -0.006183|
|          24|   -3.876730|   -3.309492|    0.085812|   -0.006657|
|          25|   -3.896217|   -3.328342|    0.087445|   -0.006639|
|          26|   -3.916253|   -3.347744|    0.089134|   -0.006165|
|          27|   -3.937701|   -3.368788|    0.090799|   -0.005291|
|          28|   -3.960709|   -3.391844|    0.092386|   -0.004104|
|          29|   -3.985291|   -3.417064|    0.093798|   -0.002712|
|          30|   -4.011506|   -3.444531|    0.094971|   -0.001220|
|          31|   -4.039522|   -3.474200|    0.095827|    0.000270|
|          32|   -4.069438|   -3.505755|    0.096282|    0.001676|
|          33|   -4.100979|   -3.538571|    0.096393|    0.002946|
|          34|   -4.133596|   -3.571847|    0.096259|    0.004047|
|          35|   -4.166546|   -3.604794|    0.095958|    0.004951|
|          36|   -4.198983|   -3.636792|    0.095563|    0.005640|
|          37|   -4.230164|   -3.667444|    0.095126|    0.006102|
|          38|   -4.259635|   -3.696573|    0.094706|    0.006340|
|          39|   -4.287235|   -3.724211|    0.094353|    0.006364|
|          40|   -4.313048|   -3.750522|    0.094105|    0.006195|
|          41|   -4.337387|   -3.775750|    0.093993|    0.005864|
|          42|   -4.360499|   -3.799984|    0.094036|    0.005404|
|          43|   -4.382545|   -3.823199|    0.094243|    0.004853|
|          44|   -4.403552|   -3.845251|    0.094608|    0.004247|
|          45|   -4.423319|   -3.865837|    0.095113|    0.003619|
|          46|   -4.441517|   -3.884597|    0.095743|    0.002999|
|          47|   -4.457776|   -3.901205|    0.096483|    0.002412|
|          48|   -4.471824|   -3.915479|    0.097320|    0.001880|
|          49|   -4.483668|   -3.927510|    0.098237|    0.001422|
|          50|   -4.493751|   -3.937808|    0.099203|    0.001049|
|          51|   -4.503001|   -3.947341|    0.100182|    0.000767|
|          52|   -4.512386|   -3.957084|    0.101143|    0.000579|
|          53|   -4.522763|   -3.967899|    0.102060|    0.000479|
|          54|   -4.534396|   -3.980036|    0.102930|    0.000461|
|          55|   -4.547060|   -3.993284|    0.103743|    0.000515|
|          56|   -4.560696|   -4.007582|    0.104509|    0.000628|
|          57|   -4.575378|   -4.022986|    0.105229|    0.000784|
|          58|   -4.591147|   -4.039492|    0.105899|    0.000968|
|          59|   -4.607848|   -4.056840|    0.106522|    0.001168|
|          60|   -4.625548|   -4.075018|    0.107103|    0.001372|
|          61|   -4.643998|   -4.093745|    0.107624|    0.001568|
|          62|   -4.663139|   -4.113005|    0.108068|    0.001746|
|          63|   -4.683149|   -4.133038|    0.108431|    0.001898|
|          64|   -4.704004|   -4.153833|    0.108719|    0.002019|
|          65|   -4.725586|   -4.175309|    0.108938|    0.002104|
|          66|   -4.747719|   -4.197309|    0.109093|    0.002152|
|          67|   -4.770229|   -4.219656|    0.109192|    0.002166|
|          68|   -4.792878|   -4.242108|    0.109244|    0.002148|
|          69|   -4.815420|   -4.264450|    0.109259|    0.002103|
|          70|   -4.837747|   -4.286615|    0.109242|    0.002035|
|          71|   -4.859831|   -4.308592|    0.109209|    0.001950|
|          72|   -4.881668|   -4.330368|    0.109170|    0.001854|
|          73|   -4.903236|   -4.351927|    0.109137|    0.001753|
|          74|   -4.924416|   -4.373149|    0.109118|    0.001652|
|          75|   -4.945096|   -4.393907|    0.109116|    0.001555|
|          76|   -4.965113|   -4.414003|    0.109136|    0.001466|
|          77|   -4.984385|   -4.433345|    0.109180|    0.001387|
|          78|   -5.002878|   -4.451910|    0.109251|    0.001319|
|          79|   -5.020633|   -4.469730|    0.109348|    0.001264|
|          80|   -5.037685|   -4.486837|    0.109467|    0.001222|
|          81|   -5.054124|   -4.503338|    0.109606|    0.001193|
|          82|   -5.070155|   -4.519427|    0.109762|    0.001177|
|          83|   -5.085909|   -4.535206|    0.109930|    0.001170|
|          84|   -5.101516|   -4.550802|    0.110107|    0.001173|
|          85|   -5.117209|   -4.566433|    0.110287|    0.001184|
|          86|   -5.133122|   -4.582221|    0.110467|    0.001200|
|          87|   -5.149377|   -4.598302|    0.110645|    0.001220|
|          88|   -5.165992|   -4.614701|    0.110818|    0.001242|
|          89|   -5.182989|   -4.631453|    0.110983|    0.001266|
|          90|   -5.200332|   -4.648548|    0.111141|    0.001290|
|          91|   -5.217979|   -4.665967|    0.111289|    0.001313|
|          92|   -5.235894|   -4.683689|    0.111423|    0.001333|
|          93|   -5.253973|   -4.701624|    0.111544|    0.001351|
|          94|   -5.272125|   -4.719687|    0.111652|    0.001366|
|          95|   -5.290485|   -4.738031|    0.111748|    0.001377|
|          96|   -5.308886|   -4.756486|    0.111834|    0.001386|
|          97|   -5.327304|   -4.775003|    0.111907|    0.001390|
|          98|   -5.345729|   -4.793568|    0.111969|    0.001392|
|          99|   -5.364153|   -4.812193|    0.112020|    0.001391|
|         100|   -5.382618|   -4.830903|    0.112062|    0.001388|
|         101|   -5.401178|   -4.849725|    0.112096|    0.001383|
|         102|   -5.419908|   -4.868714|    0.112122|    0.001376|
|         103|   -5.438853|   -4.887894|    0.112142|    0.001369|
|         104|   -5.458031|   -4.907268|    0.112156|    0.001361|
|         105|   -5.477462|   -4.926843|    0.112168|    0.001353|
|         106|   -5.497079|   -4.946539|    0.112176|    0.001345|
|         107|   -5.516823|   -4.966295|    0.112182|    0.001338|
|         108|   -5.536607|   -4.986023|    0.112185|    0.001331|
|         109|   -5.556315|   -5.005614|    0.112188|    0.001325|
|         110|   -5.575803|   -5.024940|    0.112188|    0.001319|
|         111|   -5.595084|   -5.044022|    0.112187|    0.001315|
|         112|   -5.614176|   -5.062894|    0.112186|    0.001311|
|         113|   -5.633074|   -5.081586|    0.112185|    0.001308|
|         114|   -5.651739|   -5.100075|    0.112183|    0.001306|
|         115|   -5.670219|   -5.118419|    0.112180|    0.001305|
|         116|   -5.688653|   -5.136764|    0.112177|    0.001304|
|         117|   -5.707204|   -5.155265|    0.112172|    0.001304|
|         118|   -5.725940|   -5.173989|    0.112166|    0.001304|
|         119|   -5.744931|   -5.192999|    0.112158|    0.001305|
|         120|   -5.764224|   -5.212328|    0.112149|    0.001306|
|         121|   -5.783829|   -5.231972|    0.112139|    0.001307|
|         122|   -5.803722|   -5.251905|    0.112126|    0.001308|
|         123|   -5.823850|   -5.272064|    0.112112|    0.001310|
|         124|   -5.844186|   -5.292423|    0.112095|    0.001311|
|         125|   -5.864669|   -5.312923|    0.112077|    0.001312|
|         126|   -5.885209|   -5.333473|    0.112058|    0.001313|
|         127|   -5.905731|   -5.353998|    0.112037|    0.001314|
|         128|   -5.926175|   -5.374449|    0.112016|    0.001314|
|         129|   -5.946512|   -5.394813|    0.111994|    0.001315|
|         130|   -5.966724|   -5.415073|    0.111972|    0.001315|
|         131|   -5.986786|   -5.435195|    0.111950|    0.001315|
|         132|   -6.006695|   -5.455170|    0.111929|    0.001315|
|         133|   -6.026475|   -5.475025|    0.111908|    0.001315|
|         134|   -6.046131|   -5.494763|    0.111888|    0.001314|
|         135|   -6.065674|   -5.514391|    0.111869|    0.001314|
|         136|   -6.085131|   -5.533931|    0.111852|    0.001313|
|         137|   -6.104507|   -5.553377|    0.111837|    0.001313|
|         138|   -6.123813|   -5.572741|    0.111823|    0.001312|
|         139|   -6.143028|   -5.591997|    0.111811|    0.001312|
|         140|   -6.162179|   -5.611166|    0.111802|    0.001311|
|         141|   -6.181282|   -5.630269|    0.111794|    0.001311|
|         142|   -6.200345|   -5.649319|    0.111789|    0.001310|
|         143|   -6.219331|   -5.668278|    0.111785|    0.001310|
|         144|   -6.238250|   -5.687150|    0.111783|    0.001310|
|         145|   -6.257087|   -5.705926|    0.111782|    0.001309|
|         146|   -6.275794|   -5.724562|    0.111783|    0.001309|
|         147|   -6.294352|   -5.743042|    0.111785|    0.001309|
|         148|   -6.312800|   -5.761412|    0.111789|    0.001309|
|         149|   -6.331113|   -5.779646|    0.111793|    0.001309|
|         150|   -6.349245|   -5.797695|    0.111799|    0.001309|
|         151|   -6.367181|   -5.815552|    0.111805|    0.001309|
|         152|   -6.384857|   -5.833151|    0.111812|    0.001310|
|         153|   -6.402286|   -5.850509|    0.111819|    0.001310|
|         154|   -6.419474|   -5.867639|    0.111826|    0.001310|
|         155|   -6.436428|   -5.884550|    0.111833|    0.001310|
|         156|   -6.453167|   -5.901263|    0.111841|    0.001311|
|         157|   -6.469713|   -5.917796|    0.111848|    0.001311|
|         158|   -6.486141|   -5.934227|    0.111856|    0.001311|
|         159|   -6.502488|   -5.950588|    0.111863|    0.001311|
|         160|   -6.518776|   -5.966897|    0.111870|    0.001311|
|         161|   -6.535063|   -5.983214|    0.111877|    0.001312|
|         162|   -6.551431|   -5.999619|    0.111883|    0.001312|
|         163|   -6.567936|   -6.016161|    0.111890|    0.001312|
|         164|   -6.584604|   -6.032854|    0.111896|    0.001312|
|         165|   -6.601482|   -6.049751|    0.111902|    0.001312|
|         166|   -6.618595|   -6.066872|    0.111908|    0.001312|
|         167|   -6.635980|   -6.084249|    0.111913|    0.001312|
|         168|   -6.653656|   -6.101898|    0.111919|    0.001312|
|         169|   -6.671645|   -6.119843|    0.111924|    0.001312|
|         170|   -6.689952|   -6.138093|    0.111929|    0.001312|
|         171|   -6.708576|   -6.156647|    0.111934|    0.001312|
|         172|   -6.727508|   -6.175499|    0.111939|    0.001312|
|         173|   -6.746715|   -6.194617|    0.111944|    0.001312|
|         174|   -6.766179|   -6.213990|    0.111949|    0.001312|
|         175|   -6.785865|   -6.233590|    0.111954|    0.001312|
|         176|   -6.805715|   -6.253360|    0.111959|    0.001312|
|         177|   -6.825660|   -6.273243|    0.111964|    0.001312|
|         178|   -6.845631|   -6.293172|    0.111969|    0.001312|
|         179|   -6.865569|   -6.313093|    0.111975|    0.001312|
|         180|   -6.885325|   -6.332858|    0.111980|    0.001312|
|         181|   -6.904837|   -6.352407|    0.111985|    0.001312|
|         182|   -6.924040|   -6.371673|    0.111990|    0.001312|
|         183|   -6.942818|   -6.390546|    0.111996|    0.001312|
|         184|   -6.961061|   -6.408915|    0.112001|    0.001312|
|         185|   -6.978688|   -6.426697|    0.112006|    0.001312|
|         186|   -6.995619|   -6.443803|    0.112012|    0.001312|
|         187|   -7.011775|   -6.460149|    0.112017|    0.001312|
|         188|   -7.027108|   -6.475680|    0.112022|    0.001312|
|         189|   -7.041599|   -6.490369|    0.112028|    0.001312|
|         190|   -7.055244|   -6.504203|    0.112033|    0.001312|
|         191|   -7.068077|   -6.517213|    0.112038|    0.001312|
|         192|   -7.080158|   -6.529453|    0.112043|    0.001312|
|         193|   -7.091549|   -6.540977|    0.112048|    0.001312|
|         194|   -7.102323|   -6.551856|    0.112053|    0.001312|
|         195|   -7.112591|   -6.562200|    0.112057|    0.001312|
|         196|   -7.122459|   -6.572113|    0.112062|    0.001312|
|         197|   -7.132019|   -6.581690|    0.112066|    0.001312|
|         198|   -7.141373|   -6.591035|    0.112071|    0.001312|
|         199|   -7.150626|   -6.600255|    0.112075|    0.001312|
|         200|   -7.159867|   -6.609444|    0.112079|    0.001312|
|         201|   -7.169175|   -6.618684|    0.112083|    0.001312|
|         202|   -7.178623|   -6.628051|    0.112086|    0.001312|
|         203|   -7.188275|   -6.637613|    0.112090|    0.001312|
|         204|   -7.198184|   -6.647426|    0.112094|    0.001312|
|         205|   -7.208392|   -6.657534|    0.112097|    0.001312|
|         206|   -7.218932|   -6.667971|    0.112100|    0.001312|
|         207|   -7.229836|   -6.678772|    0.112103|    0.001312|
|         208|   -7.241128|   -6.689963|    0.112106|    0.001312|
|         209|   -7.252825|   -6.701561|    0.112109|    0.001312|
|         210|   -7.264938|   -6.713576|    0.112111|    0.001312|
|         211|   -7.277475|   -6.726018|    0.112114|    0.001312|
|         212|   -7.290439|   -6.738890|    0.112116|    0.001312|
|         213|   -7.303832|   -6.752192|    0.112118|    0.001312|
|         214|   -7.317650|   -6.765920|    0.112121|    0.001312|
|         215|   -7.331890|   -6.780070|    0.112122|    0.001312|
|         216|   -7.346543|   -6.794634|    0.112124|    0.001312|
|         217|   -7.361603|   -6.809604|    0.112126|    0.001312|
|         218|   -7.377060|   -6.824969|    0.112128|    0.001312|
|         219|   -7.392902|   -6.840718|    0.112129|    0.001312|
|         220|   -7.409118|   -6.856838|    0.112130|    0.001312|
|         221|   -7.425695|   -6.873315|    0.112131|    0.001312|
|         222|   -7.442618|   -6.890135|    0.112133|    0.001312|
|         223|   -7.459874|   -6.907284|    0.112134|    0.001312|
|         224|   -7.477446|   -6.924745|    0.112134|    0.001312|
|         225|   -7.495323|   -6.942508|    0.112135|    0.001312|
|         226|   -7.513499|   -6.960564|    0.112136|    0.001312|
|         227|   -7.531955|   -6.978897|    0.112137|    0.001312|
|         228|   -7.550681|   -6.997495|    0.112137|    0.001312|
|         229|   -7.569669|   -7.016353|    0.112138|    0.001312|
|         230|   -7.588914|   -7.035463|    0.112138|    0.001312|
|         231|   -7.608409|   -7.054819|    0.112139|    0.001312|
|         232|   -7.628150|   -7.074417|    0.112139|    0.001312|
|         233|   -7.648135|   -7.094256|    0.112139|    0.001312|
|         234|   -7.668367|   -7.114337|    0.112140|    0.001312|
|         235|   -7.688848|   -7.134663|    0.112140|    0.001312|
|         236|   -7.709582|   -7.155238|    0.112140|    0.001312|
|         237|   -7.730575|   -7.176070|    0.112140|    0.001312|
|         238|   -7.751834|   -7.197163|    0.112141|    0.001312|
|         239|   -7.773365|   -7.218525|    0.112141|    0.001312|
|         240|   -7.795175|   -7.240164|    0.112141|    0.001312|
|         241|   -7.817278|   -7.262095|    0.112141|    0.001312|
|         242|   -7.839676|   -7.284320|    0.112141|    0.001312|
|         243|   -7.862372|   -7.306840|    0.112141|    0.001312|
|         244|   -7.885369|   -7.329660|    0.112141|    0.001312|
|         245|   -7.908662|   -7.352780|    0.112141|    0.001312|
|         246|   -7.932248|   -7.376196|    0.112141|    0.001312|
|         247|   -7.956124|   -7.399907|    0.112141|    0.001312|
|         248|   -7.980280|   -7.423904|    0.112142|    0.001312|
|         249|   -8.004704|   -7.448177|    0.112142|    0.001312|
|         250|   -8.029378|   -7.472712|    0.112142|    0.001312|
+-----------------------------------------------------------------------+
|        File Writing Summary       |              Filename             |
+-----------------------------------------------------------------------+
|SU2 binary restart                 |restart_flow.dat                   |
|Paraview                           |flow.vtu                           |
|Paraview surface                   |surface_flow.vtu                   |
|CSV file                           |surface_flow.csv                   |
+-----------------------------------------------------------------------+
+----------------------------------------------------------------+
|  Inner_Iter|    rms[Rho]|   rms[RhoE]|          CL|          CD|
+----------------------------------------------------------------+
|         251|   -8.054282|   -7.497490|    0.112142|    0.001312|
|         252|   -8.079394|   -7.522491|    0.112142|    0.001312|
|         253|   -8.104687|   -7.547691|    0.112142|    0.001312|
|         254|   -8.130133|   -7.573064|    0.112142|    0.001312|
|         255|   -8.155700|   -7.598581|    0.112142|    0.001312|
|         256|   -8.181356|   -7.624211|    0.112142|    0.001312|
|         257|   -8.207064|   -7.649920|    0.112142|    0.001312|
|         258|   -8.232790|   -7.675673|    0.112142|    0.001312|
|         259|   -8.258497|   -7.701436|    0.112142|    0.001312|
|         260|   -8.284150|   -7.727173|    0.112142|    0.001312|
|         261|   -8.309716|   -7.752849|    0.112142|    0.001312|
|         262|   -8.335162|   -7.778430|    0.112142|    0.001312|
|         263|   -8.360460|   -7.803886|    0.112142|    0.001312|
|         264|   -8.385584|   -7.829186|    0.112142|    0.001312|
|         265|   -8.410511|   -7.854304|    0.112143|    0.001312|
|         266|   -8.435224|   -7.879219|    0.112143|    0.001312|
|         267|   -8.459709|   -7.903909|    0.112143|    0.001312|
|         268|   -8.483958|   -7.928361|    0.112143|    0.001312|
|         269|   -8.507965|   -7.952564|    0.112143|    0.001312|
|         270|   -8.531730|   -7.976512|    0.112143|    0.001312|
|         271|   -8.555256|   -8.000200|    0.112143|    0.001312|
|         272|   -8.578547|   -8.023630|    0.112143|    0.001312|
|         273|   -8.601613|   -8.046806|    0.112143|    0.001312|
|         274|   -8.624462|   -8.069733|    0.112143|    0.001312|
|         275|   -8.647104|   -8.092418|    0.112143|    0.001312|
|         276|   -8.669547|   -8.114870|    0.112143|    0.001312|
|         277|   -8.691801|   -8.137096|    0.112144|    0.001312|
|         278|   -8.713870|   -8.159105|    0.112144|    0.001312|
|         279|   -8.735757|   -8.180901|    0.112144|    0.001312|
|         280|   -8.757460|   -8.202485|    0.112144|    0.001312|
|         281|   -8.778971|   -8.223856|    0.112144|    0.001312|
|         282|   -8.800277|   -8.245005|    0.112144|    0.001312|
|         283|   -8.821357|   -8.265920|    0.112144|    0.001312|
|         284|   -8.842182|   -8.286578|    0.112144|    0.001312|
|         285|   -8.862716|   -8.306952|    0.112145|    0.001312|
|         286|   -8.882913|   -8.327003|    0.112145|    0.001312|
|         287|   -8.902718|   -8.346686|    0.112145|    0.001312|
|         288|   -8.922070|   -8.365947|    0.112145|    0.001312|
|         289|   -8.940899|   -8.384724|    0.112145|    0.001312|
|         290|   -8.959130|   -8.402948|    0.112145|    0.001312|
|         291|   -8.976685|   -8.420545|    0.112145|    0.001312|
|         292|   -8.993484|   -8.437442|    0.112145|    0.001312|
|         293|   -9.009452|   -8.453562|    0.112146|    0.001312|
|         294|   -9.024519|   -8.468836|    0.112146|    0.001312|
|         295|   -9.038627|   -8.483201|    0.112146|    0.001312|
|         296|   -9.051732|   -8.496608|    0.112146|    0.001312|
|         297|   -9.063806|   -8.509022|    0.112146|    0.001312|
|         298|   -9.074844|   -8.520428|    0.112146|    0.001312|
|         299|   -9.084860|   -8.530830|    0.112146|    0.001312|
|         300|   -9.093890|   -8.540252|    0.112146|    0.001312|
|         301|   -9.101989|   -8.548740|    0.112147|    0.001312|
|         302|   -9.109228|   -8.556356|    0.112147|    0.001312|
|         303|   -9.115695|   -8.563177|    0.112147|    0.001312|
|         304|   -9.121483|   -8.569292|    0.112147|    0.001312|
|         305|   -9.126694|   -8.574797|    0.112147|    0.001312|
|         306|   -9.131429|   -8.579791|    0.112147|    0.001312|
|         307|   -9.135792|   -8.584376|    0.112147|    0.001312|
|         308|   -9.139879|   -8.588649|    0.112147|    0.001312|
|         309|   -9.143783|   -8.592702|    0.112147|    0.001312|
|         310|   -9.147589|   -8.596625|    0.112147|    0.001312|
|         311|   -9.151375|   -8.600495|    0.112147|    0.001312|
|         312|   -9.155210|   -8.604387|    0.112148|    0.001312|
|         313|   -9.159158|   -8.608364|    0.112148|    0.001312|
|         314|   -9.163271|   -8.612485|    0.112148|    0.001312|
|         315|   -9.167598|   -8.616798|    0.112148|    0.001312|
|         316|   -9.172179|   -8.621348|    0.112148|    0.001312|
|         317|   -9.177051|   -8.626173|    0.112148|    0.001312|
|         318|   -9.182242|   -8.631304|    0.112148|    0.001312|
|         319|   -9.187779|   -8.636768|    0.112148|    0.001312|
|         320|   -9.193684|   -8.642590|    0.112148|    0.001312|
|         321|   -9.199974|   -8.648789|    0.112148|    0.001312|
|         322|   -9.206664|   -8.655380|    0.112148|    0.001312|
|         323|   -9.213767|   -8.662378|    0.112148|    0.001312|
|         324|   -9.221294|   -8.669793|    0.112148|    0.001312|
|         325|   -9.229252|   -8.677636|    0.112148|    0.001312|
|         326|   -9.237649|   -8.685912|    0.112148|    0.001312|
|         327|   -9.246489|   -8.694629|    0.112148|    0.001312|
|         328|   -9.255775|   -8.703789|    0.112148|    0.001312|
|         329|   -9.265512|   -8.713397|    0.112148|    0.001312|
|         330|   -9.275699|   -8.723454|    0.112148|    0.001312|
|         331|   -9.286339|   -8.733962|    0.112148|    0.001312|
|         332|   -9.297430|   -8.744920|    0.112148|    0.001312|
|         333|   -9.308972|   -8.756329|    0.112149|    0.001312|
|         334|   -9.320964|   -8.768186|    0.112149|    0.001312|
|         335|   -9.333403|   -8.780491|    0.112149|    0.001312|
|         336|   -9.346286|   -8.793240|    0.112149|    0.001312|
|         337|   -9.359611|   -8.806432|    0.112149|    0.001312|
|         338|   -9.373374|   -8.820061|    0.112149|    0.001312|
|         339|   -9.387572|   -8.834126|    0.112149|    0.001312|
|         340|   -9.402199|   -8.848621|    0.112149|    0.001312|
|         341|   -9.417252|   -8.863543|    0.112149|    0.001312|
|         342|   -9.432727|   -8.878887|    0.112149|    0.001312|
|         343|   -9.448617|   -8.894648|    0.112149|    0.001312|
|         344|   -9.464919|   -8.910821|    0.112149|    0.001312|
|         345|   -9.481626|   -8.927401|    0.112149|    0.001312|
|         346|   -9.498736|   -8.944383|    0.112149|    0.001312|
|         347|   -9.516241|   -8.961762|    0.112149|    0.001312|
|         348|   -9.534137|   -8.979532|    0.112149|    0.001312|
|         349|   -9.552418|   -8.997689|    0.112149|    0.001312|
|         350|   -9.571080|   -9.016227|    0.112149|    0.001312|
|         351|   -9.590117|   -9.035140|    0.112149|    0.001312|
|         352|   -9.609524|   -9.054423|    0.112149|    0.001312|
|         353|   -9.629295|   -9.074071|    0.112149|    0.001312|
|         354|   -9.649425|   -9.094078|    0.112149|    0.001312|
|         355|   -9.669908|   -9.114438|    0.112149|    0.001312|
|         356|   -9.690737|   -9.135145|    0.112149|    0.001312|
|         357|   -9.711908|   -9.156193|    0.112149|    0.001312|
|         358|   -9.733413|   -9.177576|    0.112149|    0.001312|
|         359|   -9.755246|   -9.199287|    0.112149|    0.001312|
|         360|   -9.777399|   -9.221318|    0.112149|    0.001312|
|         361|   -9.799865|   -9.243662|    0.112149|    0.001312|
|         362|   -9.822634|   -9.266310|    0.112149|    0.001312|
|         363|   -9.845699|   -9.289254|    0.112149|    0.001312|
|         364|   -9.869048|   -9.312484|    0.112149|    0.001312|
|         365|   -9.892673|   -9.335989|    0.112149|    0.001312|
|         366|   -9.916562|   -9.359759|    0.112149|    0.001312|
|         367|   -9.940702|   -9.383782|    0.112149|    0.001312|
|         368|   -9.965080|   -9.408045|    0.112149|    0.001312|
|         369|   -9.989683|   -9.432534|    0.112149|    0.001312|
|         370|  -10.014494|   -9.457233|    0.112149|    0.001312|
|         371|  -10.039499|   -9.482128|    0.112149|    0.001312|
|         372|  -10.064679|   -9.507201|    0.112149|    0.001312|
|         373|  -10.090015|   -9.532432|    0.112149|    0.001312|
|         374|  -10.115487|   -9.557803|    0.112149|    0.001312|
|         375|  -10.141073|   -9.583292|    0.112149|    0.001312|
|         376|  -10.166749|   -9.608875|    0.112149|    0.001312|
|         377|  -10.192490|   -9.634527|    0.112149|    0.001312|
|         378|  -10.218269|   -9.660222|    0.112149|    0.001312|
|         379|  -10.244055|   -9.685931|    0.112149|    0.001312|
|         380|  -10.269818|   -9.711623|    0.112149|    0.001312|
|         381|  -10.295523|   -9.737263|    0.112149|    0.001312|
|         382|  -10.321132|   -9.762816|    0.112149|    0.001312|
|         383|  -10.346608|   -9.788244|    0.112149|    0.001312|
|         384|  -10.371906|   -9.813505|    0.112149|    0.001312|
|         385|  -10.396984|   -9.838555|    0.112149|    0.001312|
|         386|  -10.421793|   -9.863348|    0.112149|    0.001312|
|         387|  -10.446283|   -9.887834|    0.112149|    0.001312|
|         388|  -10.470401|   -9.911962|    0.112149|    0.001312|
|         389|  -10.494093|   -9.935679|    0.112149|    0.001312|
|         390|  -10.517304|   -9.958929|    0.112149|    0.001312|
|         391|  -10.539975|   -9.981657|    0.112149|    0.001312|
|         392|  -10.562049|  -10.003805|    0.112149|    0.001312|
|         393|  -10.583468|  -10.025318|    0.112149|    0.001312|
|         394|  -10.604178|  -10.046140|    0.112149|    0.001312|
|         395|  -10.624122|  -10.066217|    0.112149|    0.001312|
|         396|  -10.643252|  -10.085500|    0.112149|    0.001312|
|         397|  -10.661521|  -10.103942|    0.112149|    0.001312|
|         398|  -10.678888|  -10.121504|    0.112149|    0.001312|
|         399|  -10.695320|  -10.138149|    0.112149|    0.001312|
|         400|  -10.710792|  -10.153853|    0.112149|    0.001312|
|         401|  -10.725286|  -10.168597|    0.112149|    0.001312|
|         402|  -10.738796|  -10.182373|    0.112149|    0.001312|
|         403|  -10.751327|  -10.195180|    0.112149|    0.001312|
|         404|  -10.762891|  -10.207033|    0.112149|    0.001312|
|         405|  -10.773516|  -10.217952|    0.112149|    0.001312|
|         406|  -10.783236|  -10.227969|    0.112149|    0.001312|
|         407|  -10.792097|  -10.237126|    0.112149|    0.001312|
|         408|  -10.800151|  -10.245474|    0.112149|    0.001312|
|         409|  -10.807460|  -10.253068|    0.112149|    0.001312|
|         410|  -10.814089|  -10.259973|    0.112149|    0.001312|
|         411|  -10.820108|  -10.266256|    0.112149|    0.001312|
|         412|  -10.825591|  -10.271986|    0.112149|    0.001312|
|         413|  -10.830610|  -10.277236|    0.112149|    0.001312|
|         414|  -10.835238|  -10.282077|    0.112149|    0.001312|
|         415|  -10.839548|  -10.286580|    0.112149|    0.001312|
|         416|  -10.843607|  -10.290813|    0.112149|    0.001312|
|         417|  -10.847481|  -10.294842|    0.112149|    0.001312|
|         418|  -10.851231|  -10.298729|    0.112149|    0.001312|
|         419|  -10.854915|  -10.302531|    0.112149|    0.001312|
|         420|  -10.858583|  -10.306301|    0.112149|    0.001312|
|         421|  -10.862284|  -10.310087|    0.112149|    0.001312|
|         422|  -10.866060|  -10.313934|    0.112149|    0.001312|
|         423|  -10.869949|  -10.317881|    0.112149|    0.001312|
|         424|  -10.873985|  -10.321962|    0.112149|    0.001312|
|         425|  -10.878198|  -10.326210|    0.112149|    0.001312|
|         426|  -10.882613|  -10.330650|    0.112149|    0.001312|
|         427|  -10.887253|  -10.335306|    0.112149|    0.001312|
|         428|  -10.892138|  -10.340199|    0.112149|    0.001312|
|         429|  -10.897282|  -10.345345|    0.112149|    0.001312|
|         430|  -10.902700|  -10.350759|    0.112149|    0.001312|
|         431|  -10.908404|  -10.356453|    0.112149|    0.001312|
|         432|  -10.914403|  -10.362438|    0.112149|    0.001312|
|         433|  -10.920705|  -10.368721|    0.112149|    0.001312|
|         434|  -10.927315|  -10.375310|    0.112149|    0.001312|
|         435|  -10.934240|  -10.382209|    0.112149|    0.001312|
|         436|  -10.941482|  -10.389423|    0.112149|    0.001312|
|         437|  -10.949044|  -10.396955|    0.112149|    0.001312|
|         438|  -10.956929|  -10.404807|    0.112149|    0.001312|
|         439|  -10.965138|  -10.412981|    0.112149|    0.001312|
|         440|  -10.973672|  -10.421478|    0.112149|    0.001312|
|         441|  -10.982532|  -10.430298|    0.112149|    0.001312|
|         442|  -10.991716|  -10.439441|    0.112149|    0.001312|
|         443|  -11.001226|  -10.448908|    0.112149|    0.001312|
|         444|  -11.011061|  -10.458697|    0.112149|    0.001312|
|         445|  -11.021220|  -10.468809|    0.112149|    0.001312|
|         446|  -11.031703|  -10.479242|    0.112149|    0.001312|
|         447|  -11.042508|  -10.489997|    0.112149|    0.001312|
|         448|  -11.053636|  -10.501071|    0.112149|    0.001312|
|         449|  -11.065085|  -10.512465|    0.112149|    0.001312|
|         450|  -11.076855|  -10.524177|    0.112149|    0.001312|
|         451|  -11.088944|  -10.536208|    0.112149|    0.001312|
|         452|  -11.101354|  -10.548555|    0.112149|    0.001312|
|         453|  -11.114081|  -10.561219|    0.112149|    0.001312|
|         454|  -11.127127|  -10.574199|    0.112149|    0.001312|
|         455|  -11.140491|  -10.587494|    0.112149|    0.001312|
|         456|  -11.154172|  -10.601104|    0.112149|    0.001312|
|         457|  -11.168169|  -10.615028|    0.112149|    0.001312|
|         458|  -11.182483|  -10.629266|    0.112149|    0.001312|
|         459|  -11.197112|  -10.643817|    0.112149|    0.001312|
|         460|  -11.212056|  -10.658681|    0.112149|    0.001312|
|         461|  -11.227315|  -10.673857|    0.112149|    0.001312|
|         462|  -11.242888|  -10.689344|    0.112149|    0.001312|
|         463|  -11.258773|  -10.705142|    0.112149|    0.001312|
|         464|  -11.274970|  -10.721249|    0.112149|    0.001312|
|         465|  -11.291478|  -10.737664|    0.112149|    0.001312|
|         466|  -11.308294|  -10.754386|    0.112149|    0.001312|
|         467|  -11.325417|  -10.771413|    0.112149|    0.001312|
|         468|  -11.342845|  -10.788743|    0.112149|    0.001312|
|         469|  -11.360575|  -10.806372|    0.112149|    0.001312|
|         470|  -11.378604|  -10.824299|    0.112149|    0.001312|
|         471|  -11.396929|  -10.842520|    0.112149|    0.001312|
|         472|  -11.415545|  -10.861031|    0.112149|    0.001312|
|         473|  -11.434447|  -10.879828|    0.112149|    0.001312|
|         474|  -11.453631|  -10.898905|    0.112149|    0.001312|
|         475|  -11.473091|  -10.918257|    0.112149|    0.001312|
|         476|  -11.492819|  -10.937878|    0.112149|    0.001312|
|         477|  -11.512809|  -10.957759|    0.112149|    0.001312|
|         478|  -11.533053|  -10.977895|    0.112149|    0.001312|
|         479|  -11.553541|  -10.998276|    0.112149|    0.001312|
|         480|  -11.574264|  -11.018893|    0.112149|    0.001312|
|         481|  -11.595212|  -11.039735|    0.112149|    0.001312|
|         482|  -11.616373|  -11.060792|    0.112149|    0.001312|
|         483|  -11.637733|  -11.082052|    0.112149|    0.001312|
|         484|  -11.659281|  -11.103501|    0.112149|    0.001312|
|         485|  -11.681001|  -11.125124|    0.112149|    0.001312|
|         486|  -11.702877|  -11.146909|    0.112149|    0.001312|
|         487|  -11.724893|  -11.168837|    0.112149|    0.001312|
|         488|  -11.747031|  -11.190891|    0.112149|    0.001312|
|         489|  -11.769271|  -11.213053|    0.112149|    0.001312|
|         490|  -11.791593|  -11.235303|    0.112149|    0.001312|
|         491|  -11.813974|  -11.257618|    0.112149|    0.001312|
|         492|  -11.836392|  -11.279977|    0.112149|    0.001312|
|         493|  -11.858821|  -11.302355|    0.112149|    0.001312|
|         494|  -11.881234|  -11.324726|    0.112149|    0.001312|
|         495|  -11.903604|  -11.347063|    0.112149|    0.001312|
|         496|  -11.925900|  -11.369335|    0.112149|    0.001312|
|         497|  -11.948092|  -11.391512|    0.112149|    0.001312|
|         498|  -11.970147|  -11.413563|    0.112149|    0.001312|
|         499|  -11.992028|  -11.435451|    0.112149|    0.001312|
|         500|  -12.013701|  -11.457143|    0.112149|    0.001312|
+-----------------------------------------------------------------------+
|        File Writing Summary       |              Filename             |
+-----------------------------------------------------------------------+
|SU2 binary restart                 |restart_flow.dat                   |
|Paraview                           |flow.vtu                           |
|Paraview surface                   |surface_flow.vtu                   |
|CSV file                           |surface_flow.csv                   |
+-----------------------------------------------------------------------+
+----------------------------------------------------------------+
|  Inner_Iter|    rms[Rho]|   rms[RhoE]|          CL|          CD|
+----------------------------------------------------------------+
|         501|  -12.035128|  -11.478598|    0.112149|    0.001312|
|         502|  -12.056271|  -11.499782|    0.112149|    0.001312|
|         503|  -12.077091|  -11.520654|    0.112149|    0.001312|
|         504|  -12.097546|  -11.541173|    0.112149|    0.001312|
|         505|  -12.117599|  -11.561300|    0.112149|    0.001312|
|         506|  -12.137209|  -11.580996|    0.112149|    0.001312|
|         507|  -12.156338|  -11.600220|    0.112149|    0.001312|
|         508|  -12.174951|  -11.618937|    0.112149|    0.001312|
|         509|  -12.193012|  -11.637111|    0.112149|    0.001312|
|         510|  -12.210490|  -11.654711|    0.112149|    0.001312|
|         511|  -12.227359|  -11.671710|    0.112149|    0.001312|
|         512|  -12.243598|  -11.688084|    0.112149|    0.001312|
|         513|  -12.259189|  -11.703814|    0.112149|    0.001312|
|         514|  -12.274119|  -11.718888|    0.112149|    0.001312|
|         515|  -12.288383|  -11.733297|    0.112149|    0.001312|
|         516|  -12.301984|  -11.747047|    0.112149|    0.001312|
|         517|  -12.314924|  -11.760137|    0.112149|    0.001312|
|         518|  -12.327221|  -11.772583|    0.112149|    0.001312|
|         519|  -12.338893|  -11.784402|    0.112149|    0.001312|
|         520|  -12.349965|  -11.795620|    0.112149|    0.001312|
|         521|  -12.360462|  -11.806260|    0.112149|    0.001312|
|         522|  -12.370424|  -11.816362|    0.112149|    0.001312|
|         523|  -12.379883|  -11.825957|    0.112149|    0.001312|
|         524|  -12.388883|  -11.835088|    0.112149|    0.001312|
|         525|  -12.397463|  -11.843795|    0.112149|    0.001312|
|         526|  -12.405664|  -11.852117|    0.112149|    0.001312|
|         527|  -12.413532|  -11.860101|    0.112149|    0.001312|
|         528|  -12.421109|  -11.867789|    0.112149|    0.001312|
|         529|  -12.428438|  -11.875223|    0.112149|    0.001312|
|         530|  -12.435561|  -11.882445|    0.112149|    0.001312|
|         531|  -12.442522|  -11.889499|    0.112149|    0.001312|
|         532|  -12.449352|  -11.896417|    0.112149|    0.001312|
|         533|  -12.456088|  -11.903235|    0.112149|    0.001312|
|         534|  -12.462770|  -11.909994|    0.112149|    0.001312|
|         535|  -12.469426|  -11.916721|    0.112149|    0.001312|
|         536|  -12.476090|  -11.923451|    0.112149|    0.001312|
|         537|  -12.482786|  -11.930207|    0.112149|    0.001312|
|         538|  -12.489536|  -11.937014|    0.112149|    0.001312|
|         539|  -12.496375|  -11.943902|    0.112149|    0.001312|
|         540|  -12.503316|  -11.950889|    0.112149|    0.001312|
|         541|  -12.510385|  -11.957999|    0.112149|    0.001312|
|         542|  -12.517594|  -11.965244|    0.112149|    0.001312|
|         543|  -12.524966|  -11.972647|    0.112149|    0.001312|
|         544|  -12.532513|  -11.980220|    0.112149|    0.001312|
|         545|  -12.540248|  -11.987977|    0.112149|    0.001312|
|         546|  -12.548187|  -11.995935|    0.112149|    0.001312|
|         547|  -12.556334|  -12.004097|    0.112149|    0.001312|
|         548|  -12.564708|  -12.012479|    0.112149|    0.001312|
|         549|  -12.573314|  -12.021091|    0.112149|    0.001312|
|         550|  -12.582162|  -12.029940|    0.112149|    0.001312|
|         551|  -12.591252|  -12.039028|    0.112149|    0.001312|
|         552|  -12.600603|  -12.048373|    0.112149|    0.001312|
|         553|  -12.610209|  -12.057970|    0.112149|    0.001312|
|         554|  -12.620086|  -12.067832|    0.112149|    0.001312|
|         555|  -12.630226|  -12.077956|    0.112149|    0.001312|
|         556|  -12.640645|  -12.088354|    0.112149|    0.001312|
|         557|  -12.651339|  -12.099023|    0.112149|    0.001312|
|         558|  -12.662309|  -12.109967|    0.112149|    0.001312|
|         559|  -12.673564|  -12.121192|    0.112149|    0.001312|
|         560|  -12.685101|  -12.132693|    0.112149|    0.001312|
|         561|  -12.696923|  -12.144479|    0.112149|    0.001312|
|         562|  -12.709030|  -12.156546|    0.112149|    0.001312|
|         563|  -12.721427|  -12.168900|    0.112149|    0.001312|
|         564|  -12.734108|  -12.181534|    0.112149|    0.001312|
|         565|  -12.747074|  -12.194452|    0.112149|    0.001312|
|         566|  -12.760330|  -12.207657|    0.112149|    0.001312|
|         567|  -12.773870|  -12.221140|    0.112149|    0.001312|
|         568|  -12.787694|  -12.234904|    0.112149|    0.001312|
|         569|  -12.801801|  -12.248950|    0.112149|    0.001312|
|         570|  -12.816192|  -12.263280|    0.112149|    0.001312|
|         571|  -12.830859|  -12.277879|    0.112149|    0.001312|
|         572|  -12.845810|  -12.292762|    0.112149|    0.001312|
|         573|  -12.861034|  -12.307916|    0.112149|    0.001312|
|         574|  -12.876530|  -12.323336|    0.112149|    0.001312|
|         575|  -12.892297|  -12.339027|    0.112149|    0.001312|
|         576|  -12.908333|  -12.354980|    0.112149|    0.001312|
|         577|  -12.924640|  -12.371208|    0.112149|    0.001312|
|         578|  -12.941208|  -12.387692|    0.112149|    0.001312|
|         579|  -12.958029|  -12.404425|    0.112149|    0.001312|
|         580|  -12.975107|  -12.421415|    0.112149|    0.001312|
|         581|  -12.992441|  -12.438657|    0.112149|    0.001312|
|         582|  -13.010016|  -12.456139|    0.112149|    0.001312|

----------------------------- Solver Exit -------------------------------
All convergence criteria satisfied.
+-----------------------------------------------------------------------+
|      Convergence Field     |     Value    |   Criterion  |  Converged |
+-----------------------------------------------------------------------+
|                    rms[Rho]|        -13.01|         < -13|         Yes|
+-----------------------------------------------------------------------+
-------------------------------------------------------------------------
+-----------------------------------------------------------------------+
|        File Writing Summary       |              Filename             |
+-----------------------------------------------------------------------+
|SU2 binary restart                 |restart_flow.dat                   |
|Paraview                           |flow.vtu                           |
|Paraview surface                   |surface_flow.vtu                   |
|CSV file                           |surface_flow.csv                   |
+-----------------------------------------------------------------------+

--------------------------- Finalizing Solver ---------------------------
Deleted CNumerics container.
Deleted CIntegration container.
Deleted CSolver container.
Deleted CIteration container.
Deleted CInterface container.
Deleted CGeometry container.
Deleted CFreeFormDefBox class.
Deleted CSurfaceMovement class.
Deleted CVolumetricMovement class.
Deleted CConfig container.
Deleted nInst container.
Deleted COutput class.
-------------------------------------------------------------------------

------------------------- Exit Success (SU2_CFD) ------------------------

