
-------------------------------------------------------------------------
|    ___ _   _ ___                                                      |
|   / __| | | |_  )   Release 8.3.0 "Harrier"                           |
|   \__ \ |_| |/ /                                                      |
|   |___/\___//___|   Suite (Computational Fluid Dynamics Code)         |
|                                                                       |
-------------------------------------------------------------------------
| SU2 Project Website: https://su2code.github.io                        |
|                                                                       |
| The SU2 Project is maintained by the SU2 Foundation                   |
| (http://su2foundation.org)                                            |
-------------------------------------------------------------------------
| Copyright 2012-2025, SU2 Contributors                                 |
|                                                                       |
| SU2 is free software; you can redistribute it and/or                  |
| modify it under the terms of the GNU Lesser General Public            |
| License as published by the Free Software Foundation; either          |
| version 2.1 of the License, or (at your option) any later version.    |
|                                                                       |
| SU2 is distributed in the hope that it will be useful,                |
| but WITHOUT ANY WARRANTY; without even the implied warranty of        |
| MERCHANTABILITY or FITNESS FOR A PARTICULAR PURPOSE. See the GNU      |
| Lesser General Public License for more details.                       |
|                                                                       |
| You should have received a copy of the GNU Lesser General Public      |
| License along with SU2. If not, see <http://www.gnu.org/licenses/>.   |
-------------------------------------------------------------------------

Parsing config file for zone 0

----------------- Physical Case Definition ( Zone 0 ) -------------------
Compressible Euler equations.
Mach number: 0.8.
Angle of attack (AoA): 1.25 deg, and angle of sideslip (AoS): 0 deg.
No restart solution, use the values at infinity (freestream).
Non-Dimensional simulation (P=1.0, Rho=1.0, T=1.0 at the farfield).
The reference area is 1 m^2.
The semi-span will be computed using the max y(3D) value.
The reference length is 1 m.
Reference origin for moment evaluation is (0.25, 0, 0).
Surface(s) where the force coefficients are evaluated: airfoil.

Surface(s) plotted in the output file: airfoil.
Surface(s) affected by the design variables: airfoil.
Input mesh file name: mesh_NACA0012_inv_deform.su2

--------------- Space Numerical Integration ( Zone 0 ) ------------------
Jameson-Schmidt-Turkel scheme (2nd order in space) for the flow inviscid terms.
JST viscous coefficients (2nd & 4th): 0.5, 0.02.
The method includes a grid stretching correction (p = 0.3).
Gradient for viscous and source terms: Green-Gauss.

--------------- Time Numerical Integration  ( Zone 0 ) ------------------
Local time stepping (steady state simulation).
Euler implicit method for the flow equations.
FGMRES is used for solving the linear system.
Using a LU-SGS preconditioning.
Convergence criteria of the linear solver: 0.0001.
Max number of linear iterations: 2.
V Multigrid Cycle, with 2 multigrid levels.
Damping factor for the residual restriction: 1.
Damping factor for the correction prolongation: 1.
No CFL adaptation.
+-------------------------------------------+
|  MG Level| Presmooth|PostSmooth|CorrectSmo|
+-------------------------------------------+
|         0|         1|         0|         0|
|         1|         2|         0|         0|
|         2|         3|         0|         0|
+-------------------------------------------+
Courant-Friedrichs-Lewy number:       10

------------------ Convergence Criteria  ( Zone 0 ) ---------------------
Maximum number of solver subiterations: 1000.
Begin convergence monitoring at iteration 10.
Residual minimum value: 1e-13.
Cauchy series min. value: 1e-06.
Number of Cauchy elements: 100.
Begin windowed time average at iteration 0.

-------------------- Output Information ( Zone 0 ) ----------------------
File writing frequency: 
+------------------------------------+
|                     File| Frequency|
+------------------------------------+
|                  RESTART|       250|
|                 PARAVIEW|       250|
|         SURFACE_PARAVIEW|       250|
|              SURFACE_CSV|       250|
+------------------------------------+
Writing the convergence history file every 1 inner iterations.
Writing the screen convergence history every 1 inner iterations.
The tabular file format is CSV (.csv).
Convergence history file name: history_direct.
Forces breakdown file name: forces_breakdown.dat.
Surface file name: surface_flow.
Volume file name: flow.
Restart file name: restart_flow.

------------- Config File Boundary Information ( Zone 0 ) ---------------
+-----------------------------------------------------------------------+
|                        Marker Type|                        Marker Name|
+-----------------------------------------------------------------------+
|                         Euler wall|                            airfoil|
+-----------------------------------------------------------------------+
|                          Far-field|                           farfield|
+-----------------------------------------------------------------------+

-------------------- Output Preprocessing ( Zone 0 ) --------------------

WARNING: SURFACE_PRESSURE_DROP can only be computed for at least 2 surfaces (outlet, inlet, ...)

Screen output fields: INNER_ITER, RMS_DENSITY, RMS_ENERGY, LIFT, DRAG
History output group(s): ITER, RMS_RES, AERO_COEFF
Convergence field(s): RMS_DENSITY
Warning: No (valid) fields chosen for time convergence monitoring. Time convergence monitoring inactive.
Volume output fields: COORDINATES, SOLUTION, PRIMITIVE

------------------- Geometry Preprocessing ( Zone 0 ) -------------------
Two dimensional problem.
5233 grid points.
10216 volume elements.
2 surface markers.
200 boundary elements in index 0 (Marker = airfoil).
50 boundary elements in index 1 (Marker = farfield).
10216 triangles.
Setting point connectivity.
Renumbering points (Reverse Cuthill McKee Ordering).
Recomputing point connectivity.
Setting element connectivity.
Checking the numerical grid orientation.
All volume elements are correctly oriented.
All surface elements are correctly oriented.
Identifying edges and vertices.
Setting the control volume structure.
Area of the computational grid: 1253.26.
Searching for the closest normal neighbors to the surfaces.
Storing a mapping from global to local point index.
Compute the surface curvature.
Max K: 7835.1. Mean K: 35.4726. Standard deviation K: 494.434.
Checking for periodicity.
Computing mesh quality statistics for the dual control volumes.
+--------------------------------------------------------------+
|           Mesh Quality Metric|        Minimum|        Maximum|
+--------------------------------------------------------------+
|    Orthogonality Angle (deg.)|        63.0518|        89.7679|
|     CV Face Area Aspect Ratio|        1.01356|        7.17236|
|           CV Sub-Volume Ratio|        1.00165|         6.4766|
+--------------------------------------------------------------+
Setting the multigrid structure.
+-------------------------------------------+
|  MG Level|       CVs|Aggl. Rate|       CFL|
+-------------------------------------------+
|         0|      5233|    1/1.00|        10|
|         1|      1690|     1/3.1|   8.52431|
|         2|       649|     1/2.6|   7.92373|
+-------------------------------------------+
Finding max control volume width.
Wetted area = 2.03535 m.
Area projection in the x-plane = 0.108212 m, y-plane = 0.999845 m.
Max. coordinate in the x-direction = 1 m, y-direction = 0.0438482 m.
Min. coordinate in the x-direction = 0 m, y-direction = -0.0644049 m.
Computing wall distances.

-------------------- Solver Preprocessing ( Zone 0 ) --------------------
Inviscid flow: Computing density based on free-stream
temperature and pressure using the ideal gas law.
Force coefficients computed using free-stream values.

-- Models:
+------------------------------------------------------------------------------+
|          Viscosity Model|        Conductivity Model|              Fluid Model|
+------------------------------------------------------------------------------+
|                        -|                         -|             STANDARD_AIR|
+------------------------------------------------------------------------------+
-- Fluid properties:
+------------------------------------------------------------------------------+
|                  Name|    Dim. value|    Ref. value|      Unit|Non-dim. value|
+------------------------------------------------------------------------------+
|          Gas Constant|       287.058|       287.058|  N.m/kg.K|             1|
|      Spec. Heat Ratio|             -|             -|         -|           1.4|
+------------------------------------------------------------------------------+
-- Initial and free-stream conditions:
+------------------------------------------------------------------------------+
|                  Name|    Dim. value|    Ref. value|      Unit|Non-dim. value|
+------------------------------------------------------------------------------+
|       Static Pressure|        101325|        101325|        Pa|             1|
|               Density|       1.29225|       1.29225|    kg/m^3|             1|
|           Temperature|        273.15|        273.15|         K|             1|
|          Total Energy|        231152|       78409.9|   m^2/s^2|         2.948|
|            Velocity-X|       264.994|       280.018|       m/s|      0.946348|
|            Velocity-Y|       5.78219|       280.018|       m/s|     0.0206494|
|    Velocity Magnitude|       265.057|       280.018|       m/s|      0.946573|
+------------------------------------------------------------------------------+
|           Mach Number|             -|             -|         -|           0.8|
+------------------------------------------------------------------------------+
Initialize Jacobian structure (Euler). MG level: 0.
Initialize Jacobian structure (Euler). MG level: 1.
Initialize Jacobian structure (Euler). MG level: 2.

------------------- Numerics Preprocessing ( Zone 0 ) -------------------

----------------- Integration Preprocessing ( Zone 0 ) ------------------

------------------- Iteration Preprocessing ( Zone 0 ) ------------------
Euler/Navier-Stokes/RANS fluid iteration.

------------------------------ Begin Solver -----------------------------

Simulation Run using the Single-zone Driver
WARNING: SU2 was not compiled for an AVX-capable architecture. Performance could be better,
         see https://su2code.github.io/docs_v7/Build-SU2-Linux-MacOS/#compiler-optimizations
WARNING: SU2 was not compiled for an AVX-capable architecture. Performance could be better,
         see https://su2code.github.io/docs_v7/Build-SU2-Linux-MacOS/#compiler-optimizations
WARNING: SU2 was not compiled for an AVX-capable architecture. Performance could be better,
         see https://su2code.github.io/docs_v7/Build-SU2-Linux-MacOS/#compiler-optimizations
+----------------------------------------------------------------+
|  Inner_Iter|    rms[Rho]|   rms[RhoE]|          CL|          CD|
+----------------------------------------------------------------+
|           0|   -3.619124|   -3.022747|    0.141000|    0.206117|
|           1|   -3.871864|   -3.261127|    0.017743|    0.081694|
|           2|   -3.807721|   -3.209673|    0.015146|    0.059076|
|           3|   -3.755199|   -3.162959|    0.050229|    0.072736|
|           4|   -3.706522|   -3.117216|    0.042709|    0.056142|
|           5|   -3.702999|   -3.117810|    0.034883|    0.043614|
|           6|   -3.699705|   -3.120421|    0.032018|    0.039074|
|           7|   -3.704385|   -3.127483|    0.025674|    0.034430|
|           8|   -3.688607|   -3.111017|    0.019234|    0.028865|
|           9|   -3.703688|   -3.129592|    0.015136|    0.024330|
|          10|   -3.708810|   -3.138633|    0.012464|    0.021228|
|          11|   -3.713402|   -3.145663|    0.009918|    0.018507|
|          12|   -3.717876|   -3.150836|    0.006738|    0.015649|
|          13|   -3.721218|   -3.152970|    0.003274|    0.012843|
|          14|   -3.729235|   -3.158996|    0.000346|    0.010270|
|          15|   -3.738989|   -3.166847|   -0.001855|    0.007936|
|          16|   -3.749203|   -3.176251|   -0.003731|    0.005766|
|          17|   -3.761040|   -3.188773|   -0.005585|    0.003699|
|          18|   -3.775219|   -3.204640|   -0.007490|    0.001739|
|          19|   -3.792754|   -3.223999|   -0.009344|   -0.000050|
|          20|   -3.814037|   -3.246634|   -0.011039|   -0.001587|
|          21|   -3.837823|   -3.271136|   -0.012581|   -0.002812|
|          22|   -3.862056|   -3.295525|   -0.013935|   -0.003670|
|          23|   -3.885536|   -3.318700|   -0.015108|   -0.004128|
|          24|   -3.908245|   -3.340705|   -0.016049|   -0.004163|
|          25|   -3.930490|   -3.361964|   -0.016690|   -0.003769|
|          26|   -3.952604|   -3.383033|   -0.016936|   -0.002971|
|          27|   -3.974934|   -3.404545|   -0.016714|   -0.001829|
|          28|   -3.997685|   -3.426962|   -0.016091|   -0.000431|
|          29|   -4.020911|   -3.450510|   -0.015211|    0.001117|
|          30|   -4.044973|   -3.475620|   -0.014256|    0.002705|
|          31|   -4.070731|   -3.503043|   -0.013369|    0.004239|
|          32|   -4.098880|   -3.533138|   -0.012602|    0.005647|
|          33|   -4.129592|   -3.565562|   -0.011982|    0.006884|
|          34|   -4.162206|   -3.599203|   -0.011522|    0.007918|
|          35|   -4.195192|   -3.632359|   -0.011177|    0.008728|
|          36|   -4.227018|   -3.663703|   -0.010948|    0.009297|
|          37|   -4.256387|   -3.692375|   -0.010823|    0.009618|
|          38|   -4.282716|   -3.718267|   -0.010770|    0.009697|
|          39|   -4.306174|   -3.741830|   -0.010756|    0.009550|
|          40|   -4.327401|   -3.763708|   -0.010749|    0.009204|
|          41|   -4.346921|   -3.784264|   -0.010739|    0.008697|
|          42|   -4.365352|   -3.803882|   -0.010709|    0.008071|
|          43|   -4.383167|   -3.822819|   -0.010663|    0.007367|
|          44|   -4.400612|   -3.841195|   -0.010611|    0.006625|
|          45|   -4.417825|   -3.859103|   -0.010525|    0.005879|
|          46|   -4.434805|   -3.876555|   -0.010388|    0.005161|
|          47|   -4.451577|   -3.893640|   -0.010191|    0.004497|
|          48|   -4.468093|   -3.910357|   -0.009933|    0.003907|
|          49|   -4.484221|   -3.926624|   -0.009613|    0.003410|
|          50|   -4.499794|   -3.942348|   -0.009237|    0.003015|
|          51|   -4.514822|   -3.957616|   -0.008824|    0.002727|
|          52|   -4.529568|   -3.972717|   -0.008406|    0.002544|
|          53|   -4.544436|   -3.988008|   -0.008003|    0.002459|
|          54|   -4.560059|   -4.004073|   -0.007628|    0.002463|
|          55|   -4.576753|   -4.021202|   -0.007300|    0.002542|
|          56|   -4.594867|   -4.039779|   -0.007017|    0.002682|
|          57|   -4.614485|   -4.059942|   -0.006781|    0.002871|
|          58|   -4.635353|   -4.081438|   -0.006595|    0.003094|
|          59|   -4.657058|   -4.103815|   -0.006461|    0.003335|
|          60|   -4.679303|   -4.126750|   -0.006374|    0.003581|
|          61|   -4.701769|   -4.149864|   -0.006327|    0.003822|
|          62|   -4.724110|   -4.172741|   -0.006323|    0.004045|
|          63|   -4.746174|   -4.195198|   -0.006359|    0.004245|
|          64|   -4.767821|   -4.217076|   -0.006439|    0.004414|
|          65|   -4.789045|   -4.238373|   -0.006561|    0.004551|
|          66|   -4.809887|   -4.259136|   -0.006722|    0.004652|
|          67|   -4.830409|   -4.279441|   -0.006918|    0.004718|
|          68|   -4.850675|   -4.299396|   -0.007140|    0.004750|
|          69|   -4.870852|   -4.319199|   -0.007379|    0.004753|
|          70|   -4.891087|   -4.339029|   -0.007623|    0.004730|
|          71|   -4.911422|   -4.358968|   -0.007863|    0.004688|
|          72|   -4.931906|   -4.379111|   -0.008091|    0.004630|
|          73|   -4.952567|   -4.399515|   -0.008297|    0.004562|
|          74|   -4.973375|   -4.420160|   -0.008472|    0.004488|
|          75|   -4.994270|   -4.440991|   -0.008613|    0.004413|
|          76|   -5.015421|   -4.462183|   -0.008719|    0.004340|
|          77|   -5.036897|   -4.483800|   -0.008785|    0.004271|
|          78|   -5.058707|   -4.505835|   -0.008810|    0.004210|
|          79|   -5.080688|   -4.528080|   -0.008795|    0.004157|
|          80|   -5.102601|   -4.550258|   -0.008744|    0.004113|
|          81|   -5.124196|   -4.572100|   -0.008661|    0.004079|
|          82|   -5.145302|   -4.593431|   -0.008548|    0.004053|
|          83|   -5.165804|   -4.614121|   -0.008411|    0.004034|
|          84|   -5.185628|   -4.634096|   -0.008255|    0.004023|
|          85|   -5.204874|   -4.653455|   -0.008084|    0.004017|
|          86|   -5.223734|   -4.672367|   -0.007905|    0.004015|
|          87|   -5.242337|   -4.690971|   -0.007724|    0.004017|
|          88|   -5.260910|   -4.709518|   -0.007544|    0.004021|
|          89|   -5.279807|   -4.728365|   -0.007368|    0.004027|
|          90|   -5.299346|   -4.747827|   -0.007200|    0.004034|
|          91|   -5.319715|   -4.768094|   -0.007041|    0.004041|
|          92|   -5.341037|   -4.789282|   -0.006896|    0.004048|
|          93|   -5.363373|   -4.811450|   -0.006766|    0.004054|
|          94|   -5.386697|   -4.834580|   -0.006652|    0.004059|
|          95|   -5.411051|   -4.858712|   -0.006555|    0.004063|
|          96|   -5.436313|   -4.883717|   -0.006474|    0.004066|
|          97|   -5.462218|   -4.909333|   -0.006409|    0.004068|
|          98|   -5.488572|   -4.935393|   -0.006360|    0.004069|
|          99|   -5.515135|   -4.961668|   -0.006325|    0.004070|
|         100|   -5.541709|   -4.987984|   -0.006302|    0.004071|
|         101|   -5.568085|   -5.014165|   -0.006290|    0.004071|
|         102|   -5.593914|   -5.039899|   -0.006286|    0.004072|
|         103|   -5.618990|   -5.065025|   -0.006290|    0.004073|
|         104|   -5.643132|   -5.089365|   -0.006300|    0.004074|
|         105|   -5.666120|   -5.112671|   -0.006315|    0.004077|
|         106|   -5.687837|   -5.134804|   -0.006333|    0.004079|
|         107|   -5.708308|   -5.155738|   -0.006350|    0.004083|
|         108|   -5.727693|   -5.175551|   -0.006368|    0.004087|
|         109|   -5.746172|   -5.194359|   -0.006383|    0.004091|
|         110|   -5.764019|   -5.212381|   -0.006396|    0.004096|
|         111|   -5.781454|   -5.229811|   -0.006405|    0.004101|
|         112|   -5.798676|   -5.246875|   -0.006410|    0.004105|
|         113|   -5.815964|   -5.263868|   -0.006411|    0.004110|
|         114|   -5.833602|   -5.281101|   -0.006407|    0.004115|
|         115|   -5.851899|   -5.298933|   -0.006398|    0.004119|
|         116|   -5.871035|   -5.317573|   -0.006384|    0.004122|
|         117|   -5.891203|   -5.337266|   -0.006364|    0.004126|
|         118|   -5.912530|   -5.358174|   -0.006340|    0.004128|
|         119|   -5.935162|   -5.380469|   -0.006312|    0.004130|
|         120|   -5.959184|   -5.404241|   -0.006280|    0.004131|
|         121|   -5.984512|   -5.429419|   -0.006245|    0.004131|
|         122|   -6.010904|   -5.455719|   -0.006208|    0.004130|
|         123|   -6.038393|   -5.483182|   -0.006170|    0.004129|
|         124|   -6.066651|   -5.511480|   -0.006132|    0.004128|
|         125|   -6.095475|   -5.540426|   -0.006093|    0.004125|
|         126|   -6.124553|   -5.569703|   -0.006055|    0.004123|
|         127|   -6.153363|   -5.598759|   -0.006018|    0.004120|
|         128|   -6.181315|   -5.626965|   -0.005983|    0.004117|
|         129|   -6.207875|   -5.653760|   -0.005950|    0.004113|
|         130|   -6.232644|   -5.678726|   -0.005919|    0.004110|
|         131|   -6.255483|   -5.701718|   -0.005892|    0.004106|
|         132|   -6.276500|   -5.722835|   -0.005867|    0.004103|
|         133|   -6.295950|   -5.742322|   -0.005845|    0.004100|
|         134|   -6.314251|   -5.760592|   -0.005826|    0.004097|
|         135|   -6.331903|   -5.778151|   -0.005810|    0.004094|
|         136|   -6.349442|   -5.795537|   -0.005797|    0.004092|
|         137|   -6.367361|   -5.813254|   -0.005787|    0.004090|
|         138|   -6.386118|   -5.831771|   -0.005780|    0.004088|
|         139|   -6.405999|   -5.851387|   -0.005774|    0.004087|
|         140|   -6.427173|   -5.872289|   -0.005771|    0.004086|
|         141|   -6.449625|   -5.894481|   -0.005770|    0.004085|
|         142|   -6.473170|   -5.917799|   -0.005770|    0.004085|
|         143|   -6.497430|   -5.941901|   -0.005772|    0.004085|
|         144|   -6.521844|   -5.966264|   -0.005775|    0.004085|
|         145|   -6.545668|   -5.990183|   -0.005779|    0.004086|
|         146|   -6.567940|   -6.012717|   -0.005784|    0.004087|
|         147|   -6.587693|   -6.032914|   -0.005789|    0.004088|
|         148|   -6.604129|   -6.049949|   -0.005794|    0.004089|
|         149|   -6.616779|   -6.063289|   -0.005798|    0.004091|
|         150|   -6.625623|   -6.072821|   -0.005803|    0.004093|
|         151|   -6.631137|   -6.078933|   -0.005807|    0.004094|
|         152|   -6.634151|   -6.082385|   -0.005811|    0.004096|
|         153|   -6.635656|   -6.084130|   -0.005814|    0.004098|
|         154|   -6.636671|   -6.085189|   -0.005817|    0.004099|
|         155|   -6.638101|   -6.086482|   -0.005818|    0.004101|
|         156|   -6.640690|   -6.088787|   -0.005819|    0.004102|
|         157|   -6.645020|   -6.092721|   -0.005819|    0.004104|
|         158|   -6.651508|   -6.098732|   -0.005819|    0.004105|
|         159|   -6.660432|   -6.107125|   -0.005818|    0.004106|
|         160|   -6.672014|   -6.118150|   -0.005816|    0.004107|
|         161|   -6.686358|   -6.131929|   -0.005813|    0.004108|
|         162|   -6.703490|   -6.148506|   -0.005810|    0.004109|
|         163|   -6.723356|   -6.167847|   -0.005806|    0.004109|
|         164|   -6.745802|   -6.189819|   -0.005801|    0.004109|
|         165|   -6.770609|   -6.214229|   -0.005796|    0.004109|
|         166|   -6.797448|   -6.240777|   -0.005791|    0.004109|
|         167|   -6.825840|   -6.269014|   -0.005786|    0.004109|
|         168|   -6.855149|   -6.298344|   -0.005780|    0.004109|
|         169|   -6.884567|   -6.327989|   -0.005774|    0.004108|
|         170|   -6.913151|   -6.357028|   -0.005769|    0.004108|
|         171|   -6.939895|   -6.384447|   -0.005763|    0.004107|
|         172|   -6.963883|   -6.409293|   -0.005757|    0.004106|
|         173|   -6.984470|   -6.430836|   -0.005752|    0.004105|
|         174|   -7.001419|   -6.448720|   -0.005747|    0.004105|
|         175|   -7.014962|   -6.463062|   -0.005742|    0.004104|
|         176|   -7.025744|   -6.474420|   -0.005737|    0.004103|
|         177|   -7.034671|   -6.483652|   -0.005733|    0.004102|
|         178|   -7.042718|   -6.491737|   -0.005730|    0.004101|
|         179|   -7.050801|   -6.499623|   -0.005726|    0.004101|
|         180|   -7.059693|   -6.508134|   -0.005723|    0.004100|
|         181|   -7.069998|   -6.517924|   -0.005720|    0.004100|
|         182|   -7.082138|   -6.529464|   -0.005718|    0.004099|
|         183|   -7.096376|   -6.543061|   -0.005716|    0.004099|
|         184|   -7.112823|   -6.558865|   -0.005715|    0.004099|
|         185|   -7.131417|   -6.576848|   -0.005713|    0.004098|
|         186|   -7.151968|   -6.596861|   -0.005712|    0.004098|
|         187|   -7.174128|   -6.618597|   -0.005711|    0.004098|
|         188|   -7.197363|   -6.641563|   -0.005711|    0.004098|
|         189|   -7.220958|   -6.665087|   -0.005711|    0.004098|
|         190|   -7.244039|   -6.688331|   -0.005710|    0.004099|
|         191|   -7.265625|   -6.710326|   -0.005710|    0.004099|
|         192|   -7.284752|   -6.730095|   -0.005710|    0.004099|
|         193|   -7.300656|   -6.746812|   -0.005711|    0.004099|
|         194|   -7.312933|   -6.759975|   -0.005711|    0.004100|
|         195|   -7.321643|   -6.769524|   -0.005711|    0.004100|
|         196|   -7.327282|   -6.775852|   -0.005711|    0.004101|
|         197|   -7.330663|   -6.779700|   -0.005711|    0.004101|
|         198|   -7.332748|   -6.782007|   -0.005711|    0.004101|
|         199|   -7.334493|   -6.783738|   -0.005711|    0.004102|
|         200|   -7.336740|   -6.785772|   -0.005711|    0.004102|
|         201|   -7.340191|   -6.788854|   -0.005711|    0.004102|
|         202|   -7.345372|   -6.793553|   -0.005710|    0.004103|
|         203|   -7.352655|   -6.800278|   -0.005710|    0.004103|
|         204|   -7.362304|   -6.809329|   -0.005710|    0.004103|
|         205|   -7.374499|   -6.820908|   -0.005709|    0.004103|
|         206|   -7.389321|   -6.835118|   -0.005708|    0.004103|
|         207|   -7.406777|   -6.851984|   -0.005707|    0.004103|
|         208|   -7.426811|   -6.871472|   -0.005707|    0.004103|
|         209|   -7.449302|   -6.893480|   -0.005706|    0.004103|
|         210|   -7.474051|   -6.917834|   -0.005705|    0.004103|
|         211|   -7.500735|   -6.944235|   -0.005704|    0.004103|
|         212|   -7.528932|   -6.972293|   -0.005703|    0.004103|
|         213|   -7.558105|   -7.001496|   -0.005702|    0.004103|
|         214|   -7.587581|   -7.031195|   -0.005701|    0.004103|
|         215|   -7.616566|   -7.060605|   -0.005699|    0.004103|
|         216|   -7.644217|   -7.088878|   -0.005698|    0.004103|
|         217|   -7.669748|   -7.115184|   -0.005697|    0.004103|
|         218|   -7.692555|   -7.138851|   -0.005696|    0.004103|
|         219|   -7.712343|   -7.159486|   -0.005696|    0.004102|
|         220|   -7.729189|   -7.177068|   -0.005695|    0.004102|
|         221|   -7.743523|   -7.191945|   -0.005694|    0.004102|
|         222|   -7.756028|   -7.204756|   -0.005693|    0.004102|
|         223|   -7.767508|   -7.216297|   -0.005693|    0.004102|
|         224|   -7.778766|   -7.227397|   -0.005692|    0.004102|
|         225|   -7.790516|   -7.238810|   -0.005692|    0.004102|
|         226|   -7.803333|   -7.251159|   -0.005691|    0.004101|
|         227|   -7.817633|   -7.264907|   -0.005691|    0.004101|
|         228|   -7.833668|   -7.280351|   -0.005691|    0.004101|
|         229|   -7.851527|   -7.297624|   -0.005691|    0.004101|
|         230|   -7.871137|   -7.316691|   -0.005691|    0.004101|
|         231|   -7.892251|   -7.337349|   -0.005691|    0.004101|
|         232|   -7.914448|   -7.359220|   -0.005691|    0.004101|
|         233|   -7.937128|   -7.381746|   -0.005691|    0.004101|
|         234|   -7.959521|   -7.404194|   -0.005691|    0.004101|
|         235|   -7.980748|   -7.425707|   -0.005691|    0.004101|
|         236|   -7.999914|   -7.445384|   -0.005691|    0.004101|
|         237|   -8.016262|   -7.462424|   -0.005691|    0.004102|
|         238|   -8.029324|   -7.476278|   -0.005691|    0.004102|
|         239|   -8.039036|   -7.486778|   -0.005691|    0.004102|
|         240|   -8.045752|   -7.494174|   -0.005691|    0.004102|
|         241|   -8.050156|   -7.499073|   -0.005691|    0.004102|
|         242|   -8.053118|   -7.502308|   -0.005692|    0.004102|
|         243|   -8.055545|   -7.504783|   -0.005692|    0.004102|
|         244|   -8.058277|   -7.507362|   -0.005692|    0.004102|
|         245|   -8.062021|   -7.510789|   -0.005692|    0.004102|
|         246|   -8.067338|   -7.515668|   -0.005692|    0.004102|
|         247|   -8.074648|   -7.522454|   -0.005692|    0.004102|
|         248|   -8.084250|   -7.531477|   -0.005692|    0.004102|
|         249|   -8.096335|   -7.542958|   -0.005691|    0.004102|
|         250|   -8.111011|   -7.557024|   -0.005691|    0.004102|
+-----------------------------------------------------------------------+
|        File Writing Summary       |              Filename             |
+-----------------------------------------------------------------------+
|SU2 binary restart                 |restart_flow.dat                   |
|Paraview                           |flow.vtu                           |
|Paraview surface                   |surface_flow.vtu                   |
|CSV file                           |surface_flow.csv                   |
+-----------------------------------------------------------------------+
+----------------------------------------------------------------+
|  Inner_Iter|    rms[Rho]|   rms[RhoE]|          CL|          CD|
+----------------------------------------------------------------+
|         251|   -8.128302|   -7.573724|   -0.005691|    0.004102|
|         252|   -8.148159|   -7.593027|   -0.005691|    0.004102|
|         253|   -8.170452|   -7.614825|   -0.005691|    0.004102|
|         254|   -8.194956|   -7.638920|   -0.005691|    0.004102|
|         255|   -8.221341|   -7.665009|   -0.005690|    0.004102|
|         256|   -8.249145|   -7.692663|   -0.005690|    0.004102|
|         257|   -8.277766|   -7.721308|   -0.005690|    0.004102|
|         258|   -8.306457|   -7.750222|   -0.005690|    0.004102|
|         259|   -8.334354|   -7.778555|   -0.005690|    0.004102|
|         260|   -8.360557|   -7.805394|   -0.005689|    0.004102|
|         261|   -8.384255|   -7.829882|   -0.005689|    0.004102|
|         262|   -8.404878|   -7.851372|   -0.005689|    0.004102|
|         263|   -8.422227|   -7.869561|   -0.005689|    0.004102|
|         264|   -8.436517|   -7.884561|   -0.005689|    0.004102|
|         265|   -8.448321|   -7.896868|   -0.005688|    0.004102|
|         266|   -8.458443|   -7.907248|   -0.005688|    0.004102|
|         267|   -8.467769|   -7.916589|   -0.005688|    0.004102|
|         268|   -8.477143|   -7.925764|   -0.005688|    0.004102|
|         269|   -8.487285|   -7.935537|   -0.005688|    0.004102|
|         270|   -8.498763|   -7.946525|   -0.005688|    0.004102|
|         271|   -8.511975|   -7.959171|   -0.005688|    0.004102|
|         272|   -8.527160|   -7.973758|   -0.005688|    0.004102|
|         273|   -8.544402|   -7.990407|   -0.005688|    0.004102|
|         274|   -8.563629|   -8.009084|   -0.005688|    0.004102|
|         275|   -8.584607|   -8.029595|   -0.005688|    0.004102|
|         276|   -8.606933|   -8.051578|   -0.005688|    0.004102|
|         277|   -8.630020|   -8.074488|   -0.005688|    0.004102|
|         278|   -8.653107|   -8.097601|   -0.005688|    0.004102|
|         279|   -8.675292|   -8.120041|   -0.005688|    0.004102|
|         280|   -8.695616|   -8.140853|   -0.005688|    0.004102|
|         281|   -8.713212|   -8.159135|   -0.005688|    0.004102|
|         282|   -8.727472|   -8.174205|   -0.005688|    0.004102|
|         283|   -8.738189|   -8.185753|   -0.005688|    0.004102|
|         284|   -8.745612|   -8.193915|   -0.005688|    0.004102|
|         285|   -8.750371|   -8.199236|   -0.005688|    0.004102|
|         286|   -8.753340|   -8.202539|   -0.005688|    0.004102|
|         287|   -8.755467|   -8.204764|   -0.005688|    0.004102|
|         288|   -8.757647|   -8.206831|   -0.005688|    0.004102|
|         289|   -8.760649|   -8.209543|   -0.005688|    0.004102|
|         290|   -8.765084|   -8.213557|   -0.005688|    0.004102|
|         291|   -8.771411|   -8.219371|   -0.005688|    0.004102|
|         292|   -8.779954|   -8.227345|   -0.005688|    0.004102|
|         293|   -8.790928|   -8.237720|   -0.005688|    0.004102|
|         294|   -8.804448|   -8.250638|   -0.005688|    0.004102|
|         295|   -8.820550|   -8.266156|   -0.005688|    0.004102|
|         296|   -8.839192|   -8.284252|   -0.005688|    0.004102|
|         297|   -8.860251|   -8.304826|   -0.005688|    0.004102|
|         298|   -8.883518|   -8.327693|   -0.005688|    0.004102|
|         299|   -8.908681|   -8.352567|   -0.005688|    0.004102|
|         300|   -8.935311|   -8.379050|   -0.005688|    0.004102|
|         301|   -8.962850|   -8.406609|   -0.005688|    0.004102|
|         302|   -8.990606|   -8.434577|   -0.005688|    0.004102|
|         303|   -9.017780|   -8.462165|   -0.005688|    0.004102|
|         304|   -9.043530|   -8.488520|   -0.005688|    0.004102|
|         305|   -9.067083|   -8.512828|   -0.005688|    0.004102|
|         306|   -9.087864|   -8.534444|   -0.005687|    0.004102|
|         307|   -9.105624|   -8.553021|   -0.005687|    0.004102|
|         308|   -9.120485|   -8.568586|   -0.005687|    0.004102|
|         309|   -9.132915|   -8.581528|   -0.005687|    0.004102|
|         310|   -9.143622|   -8.592511|   -0.005687|    0.004102|
|         311|   -9.153418|   -8.602344|   -0.005687|    0.004102|
|         312|   -9.163102|   -8.611852|   -0.005687|    0.004102|
|         313|   -9.173384|   -8.621781|   -0.005687|    0.004102|
|         314|   -9.184831|   -8.632748|   -0.005687|    0.004102|
|         315|   -9.197862|   -8.645217|   -0.005687|    0.004102|
|         316|   -9.212745|   -8.659494|   -0.005687|    0.004102|
|         317|   -9.229596|   -8.675737|   -0.005687|    0.004102|
|         318|   -9.248388|   -8.693954|   -0.005687|    0.004102|
|         319|   -9.268942|   -8.714005|   -0.005687|    0.004102|
|         320|   -9.290920|   -8.735590|   -0.005687|    0.004102|
|         321|   -9.313816|   -8.758245|   -0.005687|    0.004102|
|         322|   -9.336956|   -8.781334|   -0.005687|    0.004102|
|         323|   -9.359526|   -8.804074|   -0.005687|    0.004102|
|         324|   -9.380635|   -8.825584|   -0.005687|    0.004102|
|         325|   -9.399434|   -8.844994|   -0.005687|    0.004102|
|         326|   -9.415264|   -8.861587|   -0.005687|    0.004102|
|         327|   -9.427802|   -8.874945|   -0.005687|    0.004102|
|         328|   -9.437136|   -8.885052|   -0.005687|    0.004102|
|         329|   -9.443742|   -8.892288|   -0.005687|    0.004102|
|         330|   -9.448374|   -8.897342|   -0.005687|    0.004102|
|         331|   -9.451913|   -8.901072|   -0.005687|    0.004102|
|         332|   -9.455238|   -8.904366|   -0.005687|    0.004102|
|         333|   -9.459133|   -8.908040|   -0.005687|    0.004102|
|         334|   -9.464246|   -8.912781|   -0.005687|    0.004102|
|         335|   -9.471081|   -8.919133|   -0.005687|    0.004102|
|         336|   -9.480006|   -8.927500|   -0.005687|    0.004102|
|         337|   -9.491274|   -8.938166|   -0.005687|    0.004102|
|         338|   -9.505037|   -8.951310|   -0.005687|    0.004102|
|         339|   -9.521359|   -8.967019|   -0.005687|    0.004102|
|         340|   -9.540222|   -8.985295|   -0.005687|    0.004102|
|         341|   -9.561522|   -9.006059|   -0.005687|    0.004102|
|         342|   -9.585060|   -9.029138|   -0.005687|    0.004102|
|         343|   -9.610528|   -9.054253|   -0.005687|    0.004102|
|         344|   -9.637490|   -9.081001|   -0.005687|    0.004102|
|         345|   -9.665367|   -9.108834|   -0.005687|    0.004102|
|         346|   -9.693429|   -9.137053|   -0.005687|    0.004102|
|         347|   -9.720824|   -9.164824|   -0.005687|    0.004102|
|         348|   -9.746641|   -9.191231|   -0.005687|    0.004102|
|         349|   -9.770036|   -9.215394|   -0.005687|    0.004102|
|         350|   -9.790382|   -9.236614|   -0.005687|    0.004102|
|         351|   -9.807411|   -9.254519|   -0.005687|    0.004102|
|         352|   -9.821274|   -9.269153|   -0.005687|    0.004102|
|         353|   -9.832504|   -9.280961|   -0.005687|    0.004102|
|         354|   -9.841889|   -9.290682|   -0.005687|    0.004102|
|         355|   -9.850327|   -9.299205|   -0.005687|    0.004102|
|         356|   -9.858688|   -9.307424|   -0.005687|    0.004102|
|         357|   -9.867733|   -9.316142|   -0.005687|    0.004102|
|         358|   -9.878072|   -9.326016|   -0.005687|    0.004102|
|         359|   -9.890152|   -9.337538|   -0.005687|    0.004102|
|         360|   -9.904267|   -9.351045|   -0.005687|    0.004102|
|         361|   -9.920565|   -9.366720|   -0.005687|    0.004102|
|         362|   -9.939053|   -9.384607|   -0.005687|    0.004102|
|         363|   -9.959594|   -9.404603|   -0.005687|    0.004102|
|         364|   -9.981898|   -9.426456|   -0.005687|    0.004102|
|         365|  -10.005507|   -9.449748|   -0.005687|    0.004102|
|         366|  -10.029784|   -9.473885|   -0.005687|    0.004102|
|         367|  -10.053917|   -9.498093|   -0.005687|    0.004102|
|         368|  -10.076964|   -9.521453|   -0.005687|    0.004102|
|         369|  -10.097946|   -9.542985|   -0.005687|    0.004102|
|         370|  -10.116006|   -9.561788|   -0.005687|    0.004102|
|         371|  -10.130580|   -9.577218|   -0.005687|    0.004102|
|         372|  -10.141538|   -9.589033|   -0.005687|    0.004102|
|         373|  -10.149212|   -9.597453|   -0.005687|    0.004102|
|         374|  -10.154309|   -9.603098|   -0.005687|    0.004102|
|         375|  -10.157751|   -9.606850|   -0.005687|    0.004102|
|         376|  -10.160511|   -9.609679|   -0.005687|    0.004102|
|         377|  -10.163487|   -9.612510|   -0.005687|    0.004102|
|         378|  -10.167435|   -9.616140|   -0.005687|    0.004102|
|         379|  -10.172951|   -9.621211|   -0.005687|    0.004102|
|         380|  -10.180477|   -9.628202|   -0.005687|    0.004102|
|         381|  -10.190320|   -9.637456|   -0.005687|    0.004102|
|         382|  -10.202677|   -9.649200|   -0.005687|    0.004102|
|         383|  -10.217650|   -9.663557|   -0.005687|    0.004102|
|         384|  -10.235255|   -9.680568|   -0.005687|    0.004102|
|         385|  -10.255426|   -9.700188|   -0.005687|    0.004102|
|         386|  -10.278010|   -9.722288|   -0.005687|    0.004102|
|         387|  -10.302751|   -9.746639|   -0.005687|    0.004102|
|         388|  -10.329275|   -9.772898|   -0.005687|    0.004102|
|         389|  -10.357070|   -9.800585|   -0.005687|    0.004102|
|         390|  -10.385471|   -9.829066|   -0.005687|    0.004102|
|         391|  -10.413670|   -9.857556|   -0.005687|    0.004102|
|         392|  -10.440753|   -9.885149|   -0.005687|    0.004102|
|         393|  -10.465802|   -9.910903|   -0.005687|    0.004102|
|         394|  -10.488037|   -9.933983|   -0.005687|    0.004102|
|         395|  -10.506976|   -9.953813|   -0.005687|    0.004102|
|         396|  -10.522547|   -9.970213|   -0.005687|    0.004102|
|         397|  -10.535101|   -9.983434|   -0.005687|    0.004102|
|         398|  -10.545327|   -9.994096|   -0.005687|    0.004102|
|         399|  -10.554102|  -10.003051|   -0.005687|    0.004102|
|         400|  -10.562337|  -10.011226|   -0.005687|    0.004102|
|         401|  -10.570869|  -10.019493|   -0.005687|    0.004102|
|         402|  -10.580395|  -10.028599|   -0.005687|    0.004102|
|         403|  -10.591450|  -10.039126|   -0.005687|    0.004102|
|         404|  -10.604406|  -10.051489|   -0.005687|    0.004102|
|         405|  -10.619481|  -10.065949|   -0.005687|    0.004102|
|         406|  -10.636754|  -10.082618|   -0.005687|    0.004102|
|         407|  -10.656159|  -10.101466|   -0.005687|    0.004102|
|         408|  -10.677488|  -10.122320|   -0.005687|    0.004102|
|         409|  -10.700375|  -10.144853|   -0.005687|    0.004102|
|         410|  -10.724286|  -10.168572|   -0.005687|    0.004102|
|         411|  -10.748517|  -10.192809|   -0.005687|    0.004102|
|         412|  -10.772215|  -10.216738|   -0.005687|    0.004102|
|         413|  -10.794440|  -10.239427|   -0.005687|    0.004102|
|         414|  -10.814287|  -10.259949|   -0.005687|    0.004102|
|         415|  -10.831052|  -10.277530|   -0.005687|    0.004102|
|         416|  -10.844378|  -10.291719|   -0.005687|    0.004102|
|         417|  -10.854351|  -10.302487|   -0.005687|    0.004102|
|         418|  -10.861467|  -10.310232|   -0.005687|    0.004102|
|         419|  -10.866515|  -10.315682|   -0.005687|    0.004102|
|         420|  -10.870417|  -10.319741|   -0.005687|    0.004102|
|         421|  -10.874087|  -10.323338|   -0.005687|    0.004102|
|         422|  -10.878334|  -10.327321|   -0.005687|    0.004102|
|         423|  -10.883822|  -10.332395|   -0.005687|    0.004102|
|         424|  -10.891058|  -10.339114|   -0.005687|    0.004102|
|         425|  -10.900408|  -10.347880|   -0.005687|    0.004102|
|         426|  -10.912114|  -10.358968|   -0.005687|    0.004102|
|         427|  -10.926311|  -10.372540|   -0.005687|    0.004102|
|         428|  -10.943039|  -10.388663|   -0.005687|    0.004102|
|         429|  -10.962248|  -10.407308|   -0.005687|    0.004102|
|         430|  -10.983792|  -10.428356|   -0.005687|    0.004102|
|         431|  -11.007422|  -10.451585|   -0.005687|    0.004102|
|         432|  -11.032768|  -10.476657|   -0.005687|    0.004102|
|         433|  -11.059325|  -10.503099|   -0.005687|    0.004102|
|         434|  -11.086442|  -10.530291|   -0.005687|    0.004102|
|         435|  -11.113333|  -10.557467|   -0.005687|    0.004102|
|         436|  -11.139123|  -10.583759|   -0.005687|    0.004102|
|         437|  -11.162943|  -10.608272|   -0.005687|    0.004102|
|         438|  -11.184066|  -10.630223|   -0.005687|    0.004102|
|         439|  -11.202057|  -10.649086|   -0.005687|    0.004102|
|         440|  -11.216869|  -10.664708|   -0.005687|    0.004102|
|         441|  -11.228851|  -10.677340|   -0.005687|    0.004102|
|         442|  -11.238665|  -10.687578|   -0.005687|    0.004102|
|         443|  -11.247145|  -10.696234|   -0.005687|    0.004102|
|         444|  -11.255161|  -10.704186|   -0.005687|    0.004102|
|         445|  -11.263511|  -10.712272|   -0.005687|    0.004102|
|         446|  -11.272865|  -10.721204|   -0.005687|    0.004102|
|         447|  -11.283740|  -10.731547|   -0.005687|    0.004102|
|         448|  -11.296499|  -10.743707|   -0.005687|    0.004102|
|         449|  -11.311361|  -10.757942|   -0.005687|    0.004102|
|         450|  -11.328410|  -10.774370|   -0.005687|    0.004102|
|         451|  -11.347591|  -10.792971|   -0.005687|    0.004102|
|         452|  -11.368714|  -10.813589|   -0.005687|    0.004102|
|         453|  -11.391435|  -10.835918|   -0.005687|    0.004102|
|         454|  -11.415248|  -10.859493|   -0.005687|    0.004102|
|         455|  -11.439478|  -10.883676|   -0.005687|    0.004102|
|         456|  -11.463301|  -10.907674|   -0.005687|    0.004102|
|         457|  -11.485792|  -10.930576|   -0.005687|    0.004102|
|         458|  -11.506048|  -10.951461|   -0.005687|    0.004102|
|         459|  -11.523331|  -10.969535|   -0.005687|    0.004102|
|         460|  -11.537235|  -10.984298|   -0.005687|    0.004102|
|         461|  -11.547776|  -10.995657|   -0.005687|    0.004102|
|         462|  -11.555391|  -11.003944|   -0.005687|    0.004102|
|         463|  -11.560826|  -11.009837|   -0.005687|    0.004102|
|         464|  -11.564984|  -11.014211|   -0.005687|    0.004102|
|         465|  -11.568781|  -11.017989|   -0.005687|    0.004102|
|         466|  -11.573039|  -11.022029|   -0.005687|    0.004102|
|         467|  -11.578444|  -11.027057|   -0.005687|    0.004102|
|         468|  -11.585527|  -11.033648|   -0.005687|    0.004102|
|         469|  -11.594673|  -11.042226|   -0.005687|    0.004102|
|         470|  -11.606148|  -11.053088|   -0.005687|    0.004102|
|         471|  -11.620103|  -11.066417|   -0.005687|    0.004102|
|         472|  -11.636597|  -11.082294|   -0.005687|    0.004102|
|         473|  -11.655597|  -11.100711|   -0.005687|    0.004102|
|         474|  -11.676975|  -11.121565|   -0.005687|    0.004102|
|         475|  -11.700499|  -11.144652|   -0.005687|    0.004102|
|         476|  -11.725816|  -11.169650|   -0.005687|    0.004102|
|         477|  -11.752436|  -11.196103|   -0.005687|    0.004102|
|         478|  -11.779716|  -11.223402|   -0.005687|    0.004102|
|         479|  -11.806869|  -11.250786|   -0.005687|    0.004102|
|         480|  -11.833000|  -11.277370|   -0.005687|    0.004102|
|         481|  -11.857198|  -11.302229|   -0.005687|    0.004102|
|         482|  -11.878674|  -11.324523|   -0.005687|    0.004102|
|         483|  -11.896922|  -11.343660|   -0.005687|    0.004102|
|         484|  -11.911833|  -11.359419|   -0.005687|    0.004102|
|         485|  -11.923720|  -11.372012|   -0.005687|    0.004102|
|         486|  -11.933236|  -11.382017|   -0.005687|    0.004102|
|         487|  -11.941240|  -11.390257|   -0.005687|    0.004102|
|         488|  -11.948635|  -11.397645|   -0.005687|    0.004102|
|         489|  -11.956264|  -11.405055|   -0.005687|    0.004102|
|         490|  -11.964838|  -11.413242|   -0.005687|    0.004102|
|         491|  -11.974912|  -11.422809|   -0.005687|    0.004102|
|         492|  -11.986882|  -11.434197|   -0.005687|    0.004102|
|         493|  -12.001002|  -11.447695|   -0.005687|    0.004102|
|         494|  -12.017389|  -11.463457|   -0.005687|    0.004102|
|         495|  -12.036030|  -11.481502|   -0.005687|    0.004102|
|         496|  -12.056779|  -11.501718|   -0.005687|    0.004102|
|         497|  -12.079350|  -11.523852|   -0.005687|    0.004102|
|         498|  -12.103298|  -11.547498|   -0.005687|    0.004102|
|         499|  -12.128009|  -11.572085|   -0.005687|    0.004102|
|         500|  -12.152707|  -11.596867|   -0.005687|    0.004102|
+-----------------------------------------------------------------------+
|        File Writing Summary       |              Filename             |
+-----------------------------------------------------------------------+
|SU2 binary restart                 |restart_flow.dat                   |
|Paraview                           |flow.vtu                           |
|Paraview surface                   |surface_flow.vtu                   |
|CSV file                           |surface_flow.csv                   |
+-----------------------------------------------------------------------+
+----------------------------------------------------------------+
|  Inner_Iter|    rms[Rho]|   rms[RhoE]|          CL|          CD|
+----------------------------------------------------------------+
|         501|  -12.176482|  -11.620959|   -0.005687|    0.004102|
|         502|  -12.198383|  -11.643409|   -0.005687|    0.004102|
|         503|  -12.217554|  -11.663320|   -0.005687|    0.004102|
|         504|  -12.233410|  -11.680028|   -0.005687|    0.004102|
|         505|  -12.245767|  -11.693244|   -0.005687|    0.004102|
|         506|  -12.254891|  -11.703119|   -0.005687|    0.004102|
|         507|  -12.261422|  -11.710208|   -0.005687|    0.004102|
|         508|  -12.266234|  -11.715341|   -0.005687|    0.004102|
|         509|  -12.270272|  -11.719455|   -0.005687|    0.004102|
|         510|  -12.274425|  -11.723468|   -0.005687|    0.004102|
|         511|  -12.279454|  -11.728178|   -0.005687|    0.004102|
|         512|  -12.285965|  -11.734237|   -0.005687|    0.004102|
|         513|  -12.294409|  -11.742138|   -0.005687|    0.004102|
|         514|  -12.305100|  -11.752231|   -0.005687|    0.004102|
|         515|  -12.318240|  -11.764747|   -0.005687|    0.004102|
|         516|  -12.333922|  -11.779806|   -0.005687|    0.004102|
|         517|  -12.352150|  -11.797436|   -0.005687|    0.004102|
|         518|  -12.372828|  -11.817567|   -0.005687|    0.004102|
|         519|  -12.395761|  -11.840030|   -0.005687|    0.004102|
|         520|  -12.420634|  -11.864541|   -0.005687|    0.004102|
|         521|  -12.447001|  -11.890687|   -0.005687|    0.004102|
|         522|  -12.474260|  -11.917902|   -0.005687|    0.004102|
|         523|  -12.501654|  -11.945459|   -0.005687|    0.004102|
|         524|  -12.528299|  -11.972488|   -0.005687|    0.004102|
|         525|  -12.553252|  -11.998047|   -0.005687|    0.004102|
|         526|  -12.575655|  -12.021234|   -0.005687|    0.004102|
|         527|  -12.594879|  -12.041342|   -0.005687|    0.004102|
|         528|  -12.610679|  -12.058020|   -0.005687|    0.004102|
|         529|  -12.623246|  -12.071350|   -0.005687|    0.004102|
|         530|  -12.633156|  -12.081823|   -0.005687|    0.004102|
|         531|  -12.641241|  -12.090219|   -0.005687|    0.004102|
|         532|  -12.648429|  -12.097470|   -0.005687|    0.004102|
|         533|  -12.655605|  -12.104482|   -0.005687|    0.004102|
|         534|  -12.663542|  -12.112073|   -0.005687|    0.004102|
|         535|  -12.672847|  -12.120900|   -0.005687|    0.004102|
|         536|  -12.683977|  -12.131463|   -0.005687|    0.004102|
|         537|  -12.697227|  -12.144101|   -0.005687|    0.004102|
|         538|  -12.712765|  -12.159009|   -0.005687|    0.004102|
|         539|  -12.730626|  -12.176260|   -0.005687|    0.004102|
|         540|  -12.750713|  -12.195791|   -0.005687|    0.004102|
|         541|  -12.772799|  -12.217401|   -0.005687|    0.004102|
|         542|  -12.796494|  -12.240746|   -0.005687|    0.004102|
|         543|  -12.821266|  -12.265327|   -0.005687|    0.004102|
|         544|  -12.846396|  -12.290468|   -0.005687|    0.004102|
|         545|  -12.871018|  -12.315324|   -0.005687|    0.004102|
|         546|  -12.894165|  -12.338942|   -0.005687|    0.004102|
|         547|  -12.914922|  -12.360389|   -0.005687|    0.004102|
|         548|  -12.932540|  -12.378836|   -0.005687|    0.004102|
|         549|  -12.946651|  -12.393827|   -0.005687|    0.004102|
|         550|  -12.957315|  -12.405310|   -0.005687|    0.004102|
|         551|  -12.965051|  -12.413697|   -0.005687|    0.004102|
|         552|  -12.970638|  -12.419703|   -0.005687|    0.004102|
|         553|  -12.975033|  -12.424269|   -0.005687|    0.004102|
|         554|  -12.979166|  -12.428336|   -0.005687|    0.004102|
|         555|  -12.983861|  -12.432771|   -0.005687|    0.004102|
|         556|  -12.989788|  -12.438285|   -0.005687|    0.004102|
|         557|  -12.997482|  -12.445464|   -0.005687|    0.004102|
|         558|  -13.007299|  -12.454696|   -0.005687|    0.004102|

----------------------------- Solver Exit -------------------------------
All convergence criteria satisfied.
+-----------------------------------------------------------------------+
|      Convergence Field     |     Value    |   Criterion  |  Converged |
+-----------------------------------------------------------------------+
|                    rms[Rho]|      -13.0073|         < -13|         Yes|
+-----------------------------------------------------------------------+
-------------------------------------------------------------------------
+-----------------------------------------------------------------------+
|        File Writing Summary       |              Filename             |
+-----------------------------------------------------------------------+
|SU2 binary restart                 |restart_flow.dat                   |
|Paraview                           |flow.vtu                           |
|Paraview surface                   |surface_flow.vtu                   |
|CSV file                           |surface_flow.csv                   |
+-----------------------------------------------------------------------+

--------------------------- Finalizing Solver ---------------------------
Deleted CNumerics container.
Deleted CIntegration container.
Deleted CSolver container.
Deleted CIteration container.
Deleted CInterface container.
Deleted CGeometry container.
Deleted CFreeFormDefBox class.
Deleted CSurfaceMovement class.
Deleted CVolumetricMovement class.
Deleted CConfig container.
Deleted nInst container.
Deleted COutput class.
-------------------------------------------------------------------------

------------------------- Exit Success (SU2_CFD) ------------------------

