
-------------------------------------------------------------------------
|    ___ _   _ ___                                                      |
|   / __| | | |_  )   Release 8.3.0 "Harrier"                           |
|   \__ \ |_| |/ /                                                      |
|   |___/\___//___|   Suite (Computational Fluid Dynamics Code)         |
|                                                                       |
-------------------------------------------------------------------------
| SU2 Project Website: https://su2code.github.io                        |
|                                                                       |
| The SU2 Project is maintained by the SU2 Foundation                   |
| (http://su2foundation.org)                                            |
-------------------------------------------------------------------------
| Copyright 2012-2025, SU2 Contributors                                 |
|                                                                       |
| SU2 is free software; you can redistribute it and/or                  |
| modify it under the terms of the GNU Lesser General Public            |
| License as published by the Free Software Foundation; either          |
| version 2.1 of the License, or (at your option) any later version.    |
|                                                                       |
| SU2 is distributed in the hope that it will be useful,                |
| but WITHOUT ANY WARRANTY; without even the implied warranty of        |
| MERCHANTABILITY or FITNESS FOR A PARTICULAR PURPOSE. See the GNU      |
| Lesser General Public License for more details.                       |
|                                                                       |
| You should have received a copy of the GNU Lesser General Public      |
| License along with SU2. If not, see <http://www.gnu.org/licenses/>.   |
-------------------------------------------------------------------------

Parsing config file for zone 0

----------------- Physical Case Definition ( Zone 0 ) -------------------
Compressible Euler equations.
Mach number: 0.8.
Angle of attack (AoA): 1.25 deg, and angle of sideslip (AoS): 0 deg.
No restart solution, use the values at infinity (freestream).
Non-Dimensional simulation (P=1.0, Rho=1.0, T=1.0 at the farfield).
The reference area is 1 m^2.
The semi-span will be computed using the max y(3D) value.
The reference length is 1 m.
Reference origin for moment evaluation is (0.25, 0, 0).
Surface(s) where the force coefficients are evaluated: airfoil.

Surface(s) plotted in the output file: airfoil.
Surface(s) affected by the design variables: airfoil.
Input mesh file name: mesh_NACA0012_inv_deform.su2

--------------- Space Numerical Integration ( Zone 0 ) ------------------
Jameson-Schmidt-Turkel scheme (2nd order in space) for the flow inviscid terms.
JST viscous coefficients (2nd & 4th): 0.5, 0.02.
The method includes a grid stretching correction (p = 0.3).
Gradient for viscous and source terms: Green-Gauss.

--------------- Time Numerical Integration  ( Zone 0 ) ------------------
Local time stepping (steady state simulation).
Euler implicit method for the flow equations.
FGMRES is used for solving the linear system.
Using a LU-SGS preconditioning.
Convergence criteria of the linear solver: 0.0001.
Max number of linear iterations: 2.
V Multigrid Cycle, with 2 multigrid levels.
Damping factor for the residual restriction: 1.
Damping factor for the correction prolongation: 1.
No CFL adaptation.
+-------------------------------------------+
|  MG Level| Presmooth|PostSmooth|CorrectSmo|
+-------------------------------------------+
|         0|         1|         0|         0|
|         1|         2|         0|         0|
|         2|         3|         0|         0|
+-------------------------------------------+
Courant-Friedrichs-Lewy number:       10

------------------ Convergence Criteria  ( Zone 0 ) ---------------------
Maximum number of solver subiterations: 1000.
Begin convergence monitoring at iteration 10.
Residual minimum value: 1e-13.
Cauchy series min. value: 1e-06.
Number of Cauchy elements: 100.
Begin windowed time average at iteration 0.

-------------------- Output Information ( Zone 0 ) ----------------------
File writing frequency: 
+------------------------------------+
|                     File| Frequency|
+------------------------------------+
|                  RESTART|       250|
|                 PARAVIEW|       250|
|         SURFACE_PARAVIEW|       250|
|              SURFACE_CSV|       250|
+------------------------------------+
Writing the convergence history file every 1 inner iterations.
Writing the screen convergence history every 1 inner iterations.
The tabular file format is CSV (.csv).
Convergence history file name: history_direct.
Forces breakdown file name: forces_breakdown.dat.
Surface file name: surface_flow.
Volume file name: flow.
Restart file name: restart_flow.

------------- Config File Boundary Information ( Zone 0 ) ---------------
+-----------------------------------------------------------------------+
|                        Marker Type|                        Marker Name|
+-----------------------------------------------------------------------+
|                         Euler wall|                            airfoil|
+-----------------------------------------------------------------------+
|                          Far-field|                           farfield|
+-----------------------------------------------------------------------+

-------------------- Output Preprocessing ( Zone 0 ) --------------------

WARNING: SURFACE_PRESSURE_DROP can only be computed for at least 2 surfaces (outlet, inlet, ...)

Screen output fields: INNER_ITER, RMS_DENSITY, RMS_ENERGY, LIFT, DRAG
History output group(s): ITER, RMS_RES, AERO_COEFF
Convergence field(s): RMS_DENSITY
Warning: No (valid) fields chosen for time convergence monitoring. Time convergence monitoring inactive.
Volume output fields: COORDINATES, SOLUTION, PRIMITIVE

------------------- Geometry Preprocessing ( Zone 0 ) -------------------
Two dimensional problem.
5233 grid points.
10216 volume elements.
2 surface markers.
200 boundary elements in index 0 (Marker = airfoil).
50 boundary elements in index 1 (Marker = farfield).
10216 triangles.
Setting point connectivity.
Renumbering points (Reverse Cuthill McKee Ordering).
Recomputing point connectivity.
Setting element connectivity.
Checking the numerical grid orientation.
All volume elements are correctly oriented.
All surface elements are correctly oriented.
Identifying edges and vertices.
Setting the control volume structure.
Area of the computational grid: 1253.25.
Searching for the closest normal neighbors to the surfaces.
Storing a mapping from global to local point index.
Compute the surface curvature.
Max K: 7835.1. Mean K: 35.1532. Standard deviation K: 494.427.
Checking for periodicity.
Computing mesh quality statistics for the dual control volumes.
+--------------------------------------------------------------+
|           Mesh Quality Metric|        Minimum|        Maximum|
+--------------------------------------------------------------+
|    Orthogonality Angle (deg.)|        62.8845|        89.7538|
|     CV Face Area Aspect Ratio|        1.01091|        7.18082|
|           CV Sub-Volume Ratio|        1.00266|        6.47679|
+--------------------------------------------------------------+
Setting the multigrid structure.
+-------------------------------------------+
|  MG Level|       CVs|Aggl. Rate|       CFL|
+-------------------------------------------+
|         0|      5233|    1/1.00|        10|
|         1|      1690|     1/3.1|   8.52431|
|         2|       649|     1/2.6|   7.92373|
+-------------------------------------------+
Finding max control volume width.
Wetted area = 2.0382 m.
Area projection in the x-plane = 0.112967 m, y-plane = 0.999845 m.
Max. coordinate in the x-direction = 1 m, y-direction = 0.0500081 m.
Min. coordinate in the x-direction = 0 m, y-direction = -0.0629768 m.
Computing wall distances.

-------------------- Solver Preprocessing ( Zone 0 ) --------------------
Inviscid flow: Computing density based on free-stream
temperature and pressure using the ideal gas law.
Force coefficients computed using free-stream values.

-- Models:
+------------------------------------------------------------------------------+
|          Viscosity Model|        Conductivity Model|              Fluid Model|
+------------------------------------------------------------------------------+
|                        -|                         -|             STANDARD_AIR|
+------------------------------------------------------------------------------+
-- Fluid properties:
+------------------------------------------------------------------------------+
|                  Name|    Dim. value|    Ref. value|      Unit|Non-dim. value|
+------------------------------------------------------------------------------+
|          Gas Constant|       287.058|       287.058|  N.m/kg.K|             1|
|      Spec. Heat Ratio|             -|             -|         -|           1.4|
+------------------------------------------------------------------------------+
-- Initial and free-stream conditions:
+------------------------------------------------------------------------------+
|                  Name|    Dim. value|    Ref. value|      Unit|Non-dim. value|
+------------------------------------------------------------------------------+
|       Static Pressure|        101325|        101325|        Pa|             1|
|               Density|       1.29225|       1.29225|    kg/m^3|             1|
|           Temperature|        273.15|        273.15|         K|             1|
|          Total Energy|        231152|       78409.9|   m^2/s^2|         2.948|
|            Velocity-X|       264.994|       280.018|       m/s|      0.946348|
|            Velocity-Y|       5.78219|       280.018|       m/s|     0.0206494|
|    Velocity Magnitude|       265.057|       280.018|       m/s|      0.946573|
+------------------------------------------------------------------------------+
|           Mach Number|             -|             -|         -|           0.8|
+------------------------------------------------------------------------------+
Initialize Jacobian structure (Euler). MG level: 0.
Initialize Jacobian structure (Euler). MG level: 1.
Initialize Jacobian structure (Euler). MG level: 2.

------------------- Numerics Preprocessing ( Zone 0 ) -------------------

----------------- Integration Preprocessing ( Zone 0 ) ------------------

------------------- Iteration Preprocessing ( Zone 0 ) ------------------
Euler/Navier-Stokes/RANS fluid iteration.

------------------------------ Begin Solver -----------------------------

Simulation Run using the Single-zone Driver
WARNING: SU2 was not compiled for an AVX-capable architecture. Performance could be better,
         see https://su2code.github.io/docs_v7/Build-SU2-Linux-MacOS/#compiler-optimizations
WARNING: SU2 was not compiled for an AVX-capable architecture. Performance could be better,
         see https://su2code.github.io/docs_v7/Build-SU2-Linux-MacOS/#compiler-optimizations
WARNING: SU2 was not compiled for an AVX-capable architecture. Performance could be better,
         see https://su2code.github.io/docs_v7/Build-SU2-Linux-MacOS/#compiler-optimizations
+----------------------------------------------------------------+
|  Inner_Iter|    rms[Rho]|   rms[RhoE]|          CL|          CD|
+----------------------------------------------------------------+
|           0|   -3.601048|   -3.004671|    0.146885|    0.223684|
|           1|   -3.848279|   -3.237338|    0.035941|    0.086514|
|           2|   -3.784558|   -3.186215|    0.041896|    0.063033|
|           3|   -3.729819|   -3.137278|    0.076220|    0.077877|
|           4|   -3.681159|   -3.091880|    0.073559|    0.059040|
|           5|   -3.677108|   -3.091945|    0.070366|    0.045730|
|           6|   -3.672666|   -3.093704|    0.070748|    0.041632|
|           7|   -3.677225|   -3.100554|    0.069494|    0.037284|
|           8|   -3.661096|   -3.083712|    0.068489|    0.031634|
|           9|   -3.675053|   -3.101269|    0.068413|    0.026898|
|          10|   -3.680971|   -3.111108|    0.069011|    0.023625|
|          11|   -3.686505|   -3.118889|    0.069889|    0.020720|
|          12|   -3.691517|   -3.124481|    0.070502|    0.017633|
|          13|   -3.694815|   -3.126488|    0.071051|    0.014582|
|          14|   -3.702556|   -3.132136|    0.072095|    0.011768|
|          15|   -3.712187|   -3.139847|    0.073626|    0.009172|
|          16|   -3.722711|   -3.149712|    0.075282|    0.006703|
|          17|   -3.735251|   -3.163181|    0.076906|    0.004307|
|          18|   -3.750079|   -3.179853|    0.078484|    0.001988|
|          19|   -3.767848|   -3.199448|    0.079967|   -0.000207|
|          20|   -3.789033|   -3.221896|    0.081220|   -0.002214|
|          21|   -3.812365|   -3.245826|    0.082230|   -0.003948|
|          22|   -3.835674|   -3.269212|    0.083196|   -0.005321|
|          23|   -3.857629|   -3.290888|    0.084258|   -0.006264|
|          24|   -3.877954|   -3.310691|    0.085616|   -0.006719|
|          25|   -3.897511|   -3.329591|    0.087222|   -0.006683|
|          26|   -3.917589|   -3.349013|    0.088884|   -0.006191|
|          27|   -3.939059|   -3.370056|    0.090520|   -0.005302|
|          28|   -3.962067|   -3.393096|    0.092077|   -0.004103|
|          29|   -3.986644|   -3.418305|    0.093454|   -0.002702|
|          30|   -4.012816|   -3.445725|    0.094593|   -0.001203|
|          31|   -4.040781|   -3.475347|    0.095415|    0.000292|
|          32|   -4.070653|   -3.506868|    0.095845|    0.001700|
|          33|   -4.102189|   -3.539693|    0.095940|    0.002973|
|          34|   -4.134815|   -3.572981|    0.095795|    0.004075|
|          35|   -4.167752|   -3.605914|    0.095493|    0.004979|
|          36|   -4.200126|   -3.637843|    0.095101|    0.005668|
|          37|   -4.231201|   -3.668376|    0.094672|    0.006130|
|          38|   -4.260528|   -3.697352|    0.094261|    0.006367|
|          39|   -4.287964|   -3.724830|    0.093920|    0.006390|
|          40|   -4.313622|   -3.750999|    0.093683|    0.006221|
|          41|   -4.337826|   -3.776106|    0.093582|    0.005889|
|          42|   -4.360844|   -3.800257|    0.093632|    0.005429|
|          43|   -4.382811|   -3.823400|    0.093847|    0.004878|
|          44|   -4.403748|   -3.845388|    0.094215|    0.004274|
|          45|   -4.423438|   -3.865903|    0.094724|    0.003647|
|          46|   -4.441537|   -3.884573|    0.095357|    0.003029|
|          47|   -4.457668|   -3.901065|    0.096099|    0.002443|
|          48|   -4.471590|   -3.915229|    0.096935|    0.001914|
|          49|   -4.483282|   -3.927122|    0.097849|    0.001457|
|          50|   -4.493174|   -3.937244|    0.098809|    0.001087|
|          51|   -4.502174|   -3.946538|    0.099781|    0.000807|
|          52|   -4.511313|   -3.956049|    0.100734|    0.000621|
|          53|   -4.521438|   -3.966635|    0.101640|    0.000523|
|          54|   -4.532993|   -3.978735|    0.102491|    0.000507|
|          55|   -4.545663|   -3.992023|    0.103285|    0.000562|
|          56|   -4.559312|   -4.006354|    0.104027|    0.000675|
|          57|   -4.573935|   -4.021693|    0.104725|    0.000832|
|          58|   -4.589590|   -4.038061|    0.105373|    0.001016|
|          59|   -4.606148|   -4.055238|    0.105974|    0.001216|
|          60|   -4.623656|   -4.073192|    0.106532|    0.001420|
|          61|   -4.641969|   -4.091750|    0.107032|    0.001616|
|          62|   -4.660927|   -4.110790|    0.107457|    0.001794|
|          63|   -4.680752|   -4.130610|    0.107802|    0.001945|
|          64|   -4.701415|   -4.151201|    0.108072|    0.002065|
|          65|   -4.722849|   -4.172539|    0.108274|    0.002149|
|          66|   -4.744902|   -4.194483|    0.108413|    0.002197|
|          67|   -4.767408|   -4.216866|    0.108498|    0.002209|
|          68|   -4.790132|   -4.239445|    0.108537|    0.002190|
|          69|   -4.812797|   -4.261958|    0.108541|    0.002144|
|          70|   -4.835236|   -4.284278|    0.108515|    0.002075|
|          71|   -4.857359|   -4.306329|    0.108473|    0.001988|
|          72|   -4.879178|   -4.328116|    0.108427|    0.001891|
|          73|   -4.900605|   -4.349548|    0.108389|    0.001789|
|          74|   -4.921526|   -4.370507|    0.108364|    0.001687|
|          75|   -4.941810|   -4.390849|    0.108359|    0.001589|
|          76|   -4.961331|   -4.410411|    0.108377|    0.001498|
|          77|   -4.980029|   -4.429124|    0.108419|    0.001417|
|          78|   -4.997902|   -4.446996|    0.108489|    0.001349|
|          79|   -5.015111|   -4.464195|    0.108583|    0.001293|
|          80|   -5.031717|   -4.480775|    0.108700|    0.001250|
|          81|   -5.047890|   -4.496927|    0.108835|    0.001221|
|          82|   -5.063795|   -4.512797|    0.108985|    0.001203|
|          83|   -5.079567|   -4.528515|    0.109146|    0.001196|
|          84|   -5.095407|   -4.544291|    0.109313|    0.001199|
|          85|   -5.111754|   -4.560580|    0.109481|    0.001208|
|          86|   -5.128640|   -4.577373|    0.109647|    0.001224|
|          87|   -5.146125|   -4.594738|    0.109808|    0.001244|
|          88|   -5.164121|   -4.612599|    0.109963|    0.001266|
|          89|   -5.182595|   -4.630942|    0.110111|    0.001289|
|          90|   -5.201411|   -4.649644|    0.110250|    0.001312|
|          91|   -5.220403|   -4.668541|    0.110380|    0.001334|
|          92|   -5.239390|   -4.687454|    0.110499|    0.001354|
|          93|   -5.258147|   -4.706157|    0.110608|    0.001372|
|          94|   -5.276568|   -4.724561|    0.110707|    0.001387|
|          95|   -5.294569|   -4.742579|    0.110797|    0.001398|
|          96|   -5.312152|   -4.760210|    0.110875|    0.001406|
|          97|   -5.329351|   -4.777488|    0.110945|    0.001411|
|          98|   -5.346274|   -4.794521|    0.111006|    0.001413|
|          99|   -5.363057|   -4.811434|    0.111058|    0.001412|
|         100|   -5.379844|   -4.828376|    0.111104|    0.001409|
|         101|   -5.396803|   -4.845510|    0.111144|    0.001404|
|         102|   -5.414086|   -4.862960|    0.111179|    0.001398|
|         103|   -5.431769|   -4.880783|    0.111209|    0.001391|
|         104|   -5.449899|   -4.899017|    0.111235|    0.001383|
|         105|   -5.468479|   -4.917653|    0.111260|    0.001376|
|         106|   -5.487436|   -4.936613|    0.111284|    0.001368|
|         107|   -5.506692|   -4.955817|    0.111306|    0.001361|
|         108|   -5.526112|   -4.975128|    0.111327|    0.001354|
|         109|   -5.545597|   -4.994458|    0.111349|    0.001348|
|         110|   -5.565050|   -5.013720|    0.111370|    0.001344|
|         111|   -5.584420|   -5.032882|    0.111390|    0.001339|
|         112|   -5.603678|   -5.051939|    0.111409|    0.001336|
|         113|   -5.622769|   -5.070855|    0.111429|    0.001334|
|         114|   -5.641732|   -5.089656|    0.111447|    0.001332|
|         115|   -5.660690|   -5.108480|    0.111465|    0.001331|
|         116|   -5.679710|   -5.127418|    0.111481|    0.001331|
|         117|   -5.698979|   -5.146682|    0.111495|    0.001331|
|         118|   -5.718324|   -5.166056|    0.111508|    0.001332|
|         119|   -5.737833|   -5.185599|    0.111519|    0.001333|
|         120|   -5.757582|   -5.205387|    0.111526|    0.001335|
|         121|   -5.777579|   -5.225428|    0.111531|    0.001336|
|         122|   -5.797798|   -5.245689|    0.111534|    0.001338|
|         123|   -5.818243|   -5.266172|    0.111533|    0.001339|
|         124|   -5.838871|   -5.286825|    0.111528|    0.001340|
|         125|   -5.859631|   -5.307602|    0.111521|    0.001342|
|         126|   -5.880437|   -5.328418|    0.111511|    0.001343|
|         127|   -5.901195|   -5.349180|    0.111499|    0.001343|
|         128|   -5.921897|   -5.369890|    0.111485|    0.001344|
|         129|   -5.942517|   -5.390538|    0.111469|    0.001344|
|         130|   -5.962986|   -5.411058|    0.111451|    0.001344|
|         131|   -5.983287|   -5.431422|    0.111433|    0.001344|
|         132|   -6.003425|   -5.451631|    0.111413|    0.001344|
|         133|   -6.023390|   -5.471671|    0.111394|    0.001344|
|         134|   -6.043203|   -5.491569|    0.111374|    0.001343|
|         135|   -6.062886|   -5.511341|    0.111355|    0.001342|
|         136|   -6.082435|   -5.530977|    0.111336|    0.001341|
|         137|   -6.101879|   -5.550497|    0.111317|    0.001340|
|         138|   -6.121194|   -5.569877|    0.111300|    0.001340|
|         139|   -6.140410|   -5.589142|    0.111285|    0.001339|
|         140|   -6.159537|   -5.608293|    0.111270|    0.001338|
|         141|   -6.178633|   -5.627397|    0.111258|    0.001337|
|         142|   -6.197671|   -5.646434|    0.111247|    0.001336|
|         143|   -6.216652|   -5.665398|    0.111237|    0.001336|
|         144|   -6.235592|   -5.684299|    0.111229|    0.001335|
|         145|   -6.254488|   -5.703138|    0.111223|    0.001335|
|         146|   -6.273305|   -5.721887|    0.111218|    0.001335|
|         147|   -6.292029|   -5.740534|    0.111214|    0.001334|
|         148|   -6.310644|   -5.759059|    0.111211|    0.001334|
|         149|   -6.329183|   -5.777503|    0.111209|    0.001334|
|         150|   -6.347597|   -5.795816|    0.111209|    0.001334|
|         151|   -6.365891|   -5.814011|    0.111209|    0.001334|
|         152|   -6.383999|   -5.832019|    0.111209|    0.001334|
|         153|   -6.401907|   -5.849828|    0.111211|    0.001334|
|         154|   -6.419604|   -5.867436|    0.111213|    0.001334|
|         155|   -6.437093|   -5.884855|    0.111215|    0.001335|
|         156|   -6.454380|   -5.902095|    0.111217|    0.001335|
|         157|   -6.471456|   -5.919142|    0.111220|    0.001335|
|         158|   -6.488345|   -5.936026|    0.111222|    0.001335|
|         159|   -6.505124|   -5.952825|    0.111225|    0.001336|
|         160|   -6.521835|   -5.969573|    0.111228|    0.001336|
|         161|   -6.538513|   -5.986303|    0.111231|    0.001336|
|         162|   -6.555183|   -6.003040|    0.111234|    0.001336|
|         163|   -6.571870|   -6.019806|    0.111237|    0.001336|
|         164|   -6.588633|   -6.036659|    0.111239|    0.001337|
|         165|   -6.605499|   -6.053612|    0.111242|    0.001337|
|         166|   -6.622512|   -6.070699|    0.111245|    0.001337|
|         167|   -6.639701|   -6.087947|    0.111248|    0.001337|
|         168|   -6.657071|   -6.105361|    0.111250|    0.001337|
|         169|   -6.674631|   -6.122946|    0.111253|    0.001337|
|         170|   -6.692417|   -6.140737|    0.111256|    0.001337|
|         171|   -6.710447|   -6.158753|    0.111259|    0.001337|
|         172|   -6.728702|   -6.176971|    0.111262|    0.001337|
|         173|   -6.747203|   -6.195415|    0.111265|    0.001337|
|         174|   -6.765958|   -6.214099|    0.111268|    0.001337|
|         175|   -6.784955|   -6.233011|    0.111271|    0.001337|
|         176|   -6.804142|   -6.252105|    0.111275|    0.001337|
|         177|   -6.823523|   -6.271385|    0.111278|    0.001337|
|         178|   -6.843094|   -6.290851|    0.111282|    0.001337|
|         179|   -6.862835|   -6.310488|    0.111285|    0.001337|
|         180|   -6.882717|   -6.330271|    0.111289|    0.001337|
|         181|   -6.902700|   -6.350166|    0.111293|    0.001337|
|         182|   -6.922747|   -6.370135|    0.111297|    0.001337|
|         183|   -6.942827|   -6.390149|    0.111301|    0.001337|
|         184|   -6.962857|   -6.410128|    0.111305|    0.001337|
|         185|   -6.982792|   -6.430034|    0.111309|    0.001337|
|         186|   -7.002577|   -6.449806|    0.111313|    0.001337|
|         187|   -7.022116|   -6.469347|    0.111317|    0.001337|
|         188|   -7.041323|   -6.488579|    0.111321|    0.001337|
|         189|   -7.060124|   -6.507425|    0.111325|    0.001337|
|         190|   -7.078456|   -6.525823|    0.111329|    0.001337|
|         191|   -7.096248|   -6.543697|    0.111333|    0.001337|
|         192|   -7.113439|   -6.560984|    0.111337|    0.001337|
|         193|   -7.129964|   -6.577618|    0.111341|    0.001337|
|         194|   -7.145808|   -6.593580|    0.111345|    0.001337|
|         195|   -7.160966|   -6.608862|    0.111349|    0.001337|
|         196|   -7.175451|   -6.623472|    0.111353|    0.001337|
|         197|   -7.189290|   -6.637434|    0.111356|    0.001337|
|         198|   -7.202516|   -6.650780|    0.111360|    0.001337|
|         199|   -7.215190|   -6.663570|    0.111364|    0.001337|
|         200|   -7.227379|   -6.675869|    0.111367|    0.001337|
|         201|   -7.239159|   -6.687752|    0.111370|    0.001337|
|         202|   -7.250601|   -6.699289|    0.111373|    0.001337|
|         203|   -7.261780|   -6.710554|    0.111377|    0.001337|
|         204|   -7.272766|   -6.721618|    0.111380|    0.001337|
|         205|   -7.283630|   -6.732551|    0.111383|    0.001337|
|         206|   -7.294430|   -6.743412|    0.111385|    0.001337|
|         207|   -7.305234|   -6.754269|    0.111388|    0.001337|
|         208|   -7.316097|   -6.765179|    0.111391|    0.001337|
|         209|   -7.327064|   -6.776185|    0.111393|    0.001337|
|         210|   -7.338174|   -6.787327|    0.111396|    0.001337|
|         211|   -7.349463|   -6.798640|    0.111398|    0.001337|
|         212|   -7.360961|   -6.810156|    0.111401|    0.001337|
|         213|   -7.372694|   -6.821898|    0.111403|    0.001337|
|         214|   -7.384682|   -6.833886|    0.111405|    0.001337|
|         215|   -7.396942|   -6.846137|    0.111407|    0.001337|
|         216|   -7.409487|   -6.858663|    0.111408|    0.001337|
|         217|   -7.422329|   -6.871475|    0.111410|    0.001337|
|         218|   -7.435476|   -6.884581|    0.111412|    0.001337|
|         219|   -7.448933|   -6.897987|    0.111413|    0.001337|
|         220|   -7.462705|   -6.911696|    0.111415|    0.001337|
|         221|   -7.476795|   -6.925711|    0.111416|    0.001337|
|         222|   -7.491206|   -6.940036|    0.111417|    0.001337|
|         223|   -7.505937|   -6.954670|    0.111419|    0.001337|
|         224|   -7.520990|   -6.969614|    0.111420|    0.001337|
|         225|   -7.536365|   -6.984870|    0.111421|    0.001337|
|         226|   -7.552062|   -7.000439|    0.111421|    0.001337|
|         227|   -7.568081|   -7.016321|    0.111422|    0.001337|
|         228|   -7.584425|   -7.032517|    0.111423|    0.001337|
|         229|   -7.601093|   -7.049031|    0.111424|    0.001337|
|         230|   -7.618087|   -7.065864|    0.111424|    0.001337|
|         231|   -7.635411|   -7.083019|    0.111425|    0.001337|
|         232|   -7.653066|   -7.100500|    0.111425|    0.001337|
|         233|   -7.671056|   -7.118310|    0.111426|    0.001337|
|         234|   -7.689384|   -7.136455|    0.111426|    0.001337|
|         235|   -7.708053|   -7.154937|    0.111426|    0.001337|
|         236|   -7.727068|   -7.173762|    0.111427|    0.001337|
|         237|   -7.746431|   -7.192933|    0.111427|    0.001337|
|         238|   -7.766146|   -7.212455|    0.111427|    0.001337|
|         239|   -7.786215|   -7.232331|    0.111427|    0.001337|
|         240|   -7.806640|   -7.252562|    0.111427|    0.001337|
|         241|   -7.827421|   -7.273152|    0.111427|    0.001337|
|         242|   -7.848556|   -7.294099|    0.111427|    0.001337|
|         243|   -7.870044|   -7.315401|    0.111428|    0.001337|
|         244|   -7.891880|   -7.337057|    0.111428|    0.001337|
|         245|   -7.914059|   -7.359061|    0.111428|    0.001337|
|         246|   -7.936571|   -7.381406|    0.111428|    0.001337|
|         247|   -7.959403|   -7.404081|    0.111428|    0.001337|
|         248|   -7.982542|   -7.427073|    0.111427|    0.001337|
|         249|   -8.005969|   -7.450365|    0.111427|    0.001337|
|         250|   -8.029662|   -7.473939|    0.111427|    0.001337|
+-----------------------------------------------------------------------+
|        File Writing Summary       |              Filename             |
+-----------------------------------------------------------------------+
|SU2 binary restart                 |restart_flow.dat                   |
|Paraview                           |flow.vtu                           |
|Paraview surface                   |surface_flow.vtu                   |
|CSV file                           |surface_flow.csv                   |
+-----------------------------------------------------------------------+
+----------------------------------------------------------------+
|  Inner_Iter|    rms[Rho]|   rms[RhoE]|          CL|          CD|
+----------------------------------------------------------------+
|         251|   -8.053599|   -7.497773|    0.111427|    0.001337|
|         252|   -8.077750|   -7.521840|    0.111427|    0.001337|
|         253|   -8.102086|   -7.546112|    0.111427|    0.001337|
|         254|   -8.126570|   -7.570556|    0.111427|    0.001337|
|         255|   -8.151166|   -7.595135|    0.111427|    0.001337|
|         256|   -8.175831|   -7.619812|    0.111427|    0.001337|
|         257|   -8.200522|   -7.644543|    0.111427|    0.001337|
|         258|   -8.225191|   -7.669282|    0.111427|    0.001337|
|         259|   -8.249789|   -7.693982|    0.111426|    0.001337|
|         260|   -8.274264|   -7.718592|    0.111426|    0.001337|
|         261|   -8.298565|   -7.743059|    0.111426|    0.001337|
|         262|   -8.322638|   -7.767331|    0.111426|    0.001337|
|         263|   -8.346432|   -7.791354|    0.111426|    0.001337|
|         264|   -8.369895|   -7.815074|    0.111426|    0.001337|
|         265|   -8.392981|   -7.838442|    0.111426|    0.001337|
|         266|   -8.415645|   -7.861407|    0.111426|    0.001337|
|         267|   -8.437849|   -7.883929|    0.111426|    0.001337|
|         268|   -8.459562|   -7.905968|    0.111426|    0.001337|
|         269|   -8.480761|   -7.927496|    0.111426|    0.001337|
|         270|   -8.501430|   -7.948489|    0.111426|    0.001337|
|         271|   -8.521565|   -7.968937|    0.111425|    0.001337|
|         272|   -8.541171|   -7.988837|    0.111425|    0.001337|
|         273|   -8.560261|   -8.008196|    0.111425|    0.001337|
|         274|   -8.578859|   -8.027033|    0.111425|    0.001337|
|         275|   -8.596997|   -8.045375|    0.111425|    0.001337|
|         276|   -8.614715|   -8.063258|    0.111425|    0.001337|
|         277|   -8.632057|   -8.080724|    0.111425|    0.001337|
|         278|   -8.649074|   -8.097823|    0.111425|    0.001337|
|         279|   -8.665819|   -8.114607|    0.111425|    0.001337|
|         280|   -8.682346|   -8.131133|    0.111425|    0.001337|
|         281|   -8.698712|   -8.147459|    0.111425|    0.001337|
|         282|   -8.714970|   -8.163641|    0.111425|    0.001337|
|         283|   -8.731174|   -8.179736|    0.111425|    0.001337|
|         284|   -8.747373|   -8.195798|    0.111425|    0.001337|
|         285|   -8.763616|   -8.211879|    0.111426|    0.001337|
|         286|   -8.779944|   -8.228025|    0.111426|    0.001337|
|         287|   -8.796398|   -8.244280|    0.111426|    0.001337|
|         288|   -8.813010|   -8.260683|    0.111426|    0.001337|
|         289|   -8.829812|   -8.277266|    0.111426|    0.001337|
|         290|   -8.846826|   -8.294057|    0.111426|    0.001337|
|         291|   -8.864072|   -8.311081|    0.111426|    0.001337|
|         292|   -8.881563|   -8.328353|    0.111426|    0.001337|
|         293|   -8.899306|   -8.345884|    0.111426|    0.001337|
|         294|   -8.917301|   -8.363678|    0.111426|    0.001337|
|         295|   -8.935541|   -8.381732|    0.111426|    0.001337|
|         296|   -8.954012|   -8.400035|    0.111426|    0.001337|
|         297|   -8.972689|   -8.418566|    0.111426|    0.001337|
|         298|   -8.991540|   -8.437297|    0.111426|    0.001337|
|         299|   -9.010520|   -8.456186|    0.111427|    0.001337|
|         300|   -9.029573|   -8.475183|    0.111427|    0.001337|
|         301|   -9.048633|   -8.494224|    0.111427|    0.001337|
|         302|   -9.067618|   -8.513232|    0.111427|    0.001337|
|         303|   -9.086436|   -8.532117|    0.111427|    0.001337|
|         304|   -9.104980|   -8.550776|    0.111427|    0.001337|
|         305|   -9.123133|   -8.569095|    0.111427|    0.001337|
|         306|   -9.140771|   -8.586950|    0.111427|    0.001337|
|         307|   -9.157765|   -8.604211|    0.111427|    0.001337|
|         308|   -9.173987|   -8.620746|    0.111427|    0.001337|
|         309|   -9.189314|   -8.636430|    0.111427|    0.001337|
|         310|   -9.203638|   -8.651145|    0.111427|    0.001337|
|         311|   -9.216871|   -8.664796|    0.111427|    0.001337|
|         312|   -9.228953|   -8.677310|    0.111428|    0.001337|
|         313|   -9.239853|   -8.688645|    0.111428|    0.001337|
|         314|   -9.249577|   -8.698795|    0.111428|    0.001337|
|         315|   -9.258162|   -8.707784|    0.111428|    0.001337|
|         316|   -9.265680|   -8.715674|    0.111428|    0.001337|
|         317|   -9.272226|   -8.722553|    0.111428|    0.001337|
|         318|   -9.277919|   -8.728532|    0.111428|    0.001337|
|         319|   -9.282890|   -8.733741|    0.111428|    0.001337|
|         320|   -9.287277|   -8.738316|    0.111428|    0.001337|
|         321|   -9.291220|   -8.742398|    0.111428|    0.001337|
|         322|   -9.294856|   -8.746126|    0.111428|    0.001337|
|         323|   -9.298311|   -8.749631|    0.111428|    0.001337|
|         324|   -9.301704|   -8.753035|    0.111428|    0.001337|
|         325|   -9.305139|   -8.756447|    0.111428|    0.001337|
|         326|   -9.308709|   -8.759967|    0.111428|    0.001337|
|         327|   -9.312496|   -8.763678|    0.111428|    0.001337|
|         328|   -9.316567|   -8.767654|    0.111428|    0.001337|
|         329|   -9.320981|   -8.771956|    0.111428|    0.001337|
|         330|   -9.325785|   -8.776635|    0.111428|    0.001337|
|         331|   -9.331017|   -8.781734|    0.111428|    0.001337|
|         332|   -9.336710|   -8.787285|    0.111428|    0.001337|
|         333|   -9.342886|   -8.793316|    0.111429|    0.001337|
|         334|   -9.349566|   -8.799845|    0.111429|    0.001337|
|         335|   -9.356761|   -8.806890|    0.111429|    0.001337|
|         336|   -9.364482|   -8.814459|    0.111429|    0.001337|
|         337|   -9.372735|   -8.822560|    0.111429|    0.001337|
|         338|   -9.381522|   -8.831198|    0.111429|    0.001337|
|         339|   -9.390845|   -8.840373|    0.111429|    0.001337|
|         340|   -9.400703|   -8.850085|    0.111429|    0.001337|
|         341|   -9.411093|   -8.860331|    0.111429|    0.001337|
|         342|   -9.422011|   -8.871109|    0.111429|    0.001337|
|         343|   -9.433453|   -8.882413|    0.111429|    0.001337|
|         344|   -9.445414|   -8.894239|    0.111429|    0.001337|
|         345|   -9.457887|   -8.906580|    0.111429|    0.001337|
|         346|   -9.470865|   -8.919431|    0.111429|    0.001337|
|         347|   -9.484344|   -8.932783|    0.111429|    0.001337|
|         348|   -9.498314|   -8.946632|    0.111429|    0.001337|
|         349|   -9.512770|   -8.960969|    0.111429|    0.001337|
|         350|   -9.527704|   -8.975787|    0.111429|    0.001337|
|         351|   -9.543108|   -8.991078|    0.111429|    0.001337|
|         352|   -9.558975|   -9.006836|    0.111429|    0.001337|
|         353|   -9.575297|   -9.023051|    0.111429|    0.001337|
|         354|   -9.592065|   -9.039717|    0.111429|    0.001337|
|         355|   -9.609270|   -9.056823|    0.111429|    0.001337|
|         356|   -9.626903|   -9.074361|    0.111429|    0.001337|
|         357|   -9.644954|   -9.092320|    0.111429|    0.001337|
|         358|   -9.663412|   -9.110691|    0.111429|    0.001337|
|         359|   -9.682265|   -9.129462|    0.111429|    0.001337|
|         360|   -9.701501|   -9.148620|    0.111429|    0.001337|
|         361|   -9.721104|   -9.168151|    0.111429|    0.001337|
|         362|   -9.741060|   -9.188041|    0.111429|    0.001337|
|         363|   -9.761350|   -9.208271|    0.111429|    0.001337|
|         364|   -9.781956|   -9.228824|    0.111429|    0.001337|
|         365|   -9.802855|   -9.249677|    0.111429|    0.001337|
|         366|   -9.824024|   -9.270808|    0.111429|    0.001337|
|         367|   -9.845435|   -9.292192|    0.111429|    0.001337|
|         368|   -9.867060|   -9.313798|    0.111429|    0.001337|
|         369|   -9.888866|   -9.335596|    0.111429|    0.001337|
|         370|   -9.910816|   -9.357550|    0.111429|    0.001337|
|         371|   -9.932873|   -9.379622|    0.111429|    0.001337|
|         372|   -9.954994|   -9.401772|    0.111429|    0.001337|
|         373|   -9.977133|   -9.423954|    0.111429|    0.001337|
|         374|   -9.999243|   -9.446122|    0.111429|    0.001337|
|         375|  -10.021273|   -9.468224|    0.111429|    0.001337|
|         376|  -10.043171|   -9.490209|    0.111429|    0.001337|
|         377|  -10.064882|   -9.512022|    0.111429|    0.001337|
|         378|  -10.086352|   -9.533611|    0.111429|    0.001337|
|         379|  -10.107530|   -9.554921|    0.111429|    0.001337|
|         380|  -10.128364|   -9.575901|    0.111429|    0.001337|
|         381|  -10.148808|   -9.596504|    0.111429|    0.001337|
|         382|  -10.168820|   -9.616684|    0.111429|    0.001337|
|         383|  -10.188365|   -9.636406|    0.111429|    0.001337|
|         384|  -10.207416|   -9.655641|    0.111429|    0.001337|
|         385|  -10.225955|   -9.674365|    0.111429|    0.001337|
|         386|  -10.243972|   -9.692570|    0.111429|    0.001337|
|         387|  -10.261468|   -9.710251|    0.111429|    0.001337|
|         388|  -10.278456|   -9.727418|    0.111429|    0.001337|
|         389|  -10.294953|   -9.744089|    0.111429|    0.001337|
|         390|  -10.310990|   -9.760289|    0.111429|    0.001337|
|         391|  -10.326601|   -9.776052|    0.111429|    0.001337|
|         392|  -10.341829|   -9.791420|    0.111429|    0.001337|
|         393|  -10.356719|   -9.806436|    0.111429|    0.001337|
|         394|  -10.371321|   -9.821150|    0.111429|    0.001337|
|         395|  -10.385686|   -9.835611|    0.111429|    0.001337|
|         396|  -10.399863|   -9.849872|    0.111429|    0.001337|
|         397|  -10.413904|   -9.863981|    0.111429|    0.001337|
|         398|  -10.427854|   -9.877987|    0.111429|    0.001337|
|         399|  -10.441759|   -9.891935|    0.111429|    0.001337|
|         400|  -10.455660|   -9.905867|    0.111429|    0.001337|
|         401|  -10.469593|   -9.919822|    0.111429|    0.001337|
|         402|  -10.483592|   -9.933832|    0.111429|    0.001337|
|         403|  -10.497683|   -9.947926|    0.111429|    0.001337|
|         404|  -10.511891|   -9.962128|    0.111429|    0.001337|
|         405|  -10.526233|   -9.976458|    0.111429|    0.001337|
|         406|  -10.540724|   -9.990931|    0.111429|    0.001337|
|         407|  -10.555373|  -10.005556|    0.111429|    0.001337|
|         408|  -10.570183|  -10.020339|    0.111429|    0.001337|
|         409|  -10.585155|  -10.035279|    0.111429|    0.001337|
|         410|  -10.600283|  -10.050373|    0.111429|    0.001337|
|         411|  -10.615556|  -10.065610|    0.111429|    0.001337|
|         412|  -10.630959|  -10.080977|    0.111429|    0.001337|
|         413|  -10.646472|  -10.096453|    0.111429|    0.001337|
|         414|  -10.662068|  -10.112013|    0.111429|    0.001337|
|         415|  -10.677714|  -10.127626|    0.111429|    0.001337|
|         416|  -10.693374|  -10.143255|    0.111429|    0.001337|
|         417|  -10.709004|  -10.158858|    0.111429|    0.001337|
|         418|  -10.724557|  -10.174389|    0.111429|    0.001337|
|         419|  -10.739980|  -10.189795|    0.111429|    0.001337|
|         420|  -10.755220|  -10.205024|    0.111429|    0.001337|
|         421|  -10.770217|  -10.220018|    0.111429|    0.001337|
|         422|  -10.784912|  -10.234718|    0.111429|    0.001337|
|         423|  -10.799248|  -10.249066|    0.111429|    0.001337|
|         424|  -10.813166|  -10.263005|    0.111429|    0.001337|
|         425|  -10.826614|  -10.276483|    0.111429|    0.001337|
|         426|  -10.839543|  -10.289450|    0.111429|    0.001337|
|         427|  -10.851912|  -10.301866|    0.111429|    0.001337|
|         428|  -10.863690|  -10.313699|    0.111429|    0.001337|
|         429|  -10.874854|  -10.324924|    0.111429|    0.001337|
|         430|  -10.885393|  -10.335530|    0.111429|    0.001337|
|         431|  -10.895308|  -10.345517|    0.111429|    0.001337|
|         432|  -10.904612|  -10.354895|    0.111429|    0.001337|
|         433|  -10.913329|  -10.363687|    0.111429|    0.001337|
|         434|  -10.921492|  -10.371926|    0.111429|    0.001337|
|         435|  -10.929146|  -10.379653|    0.111429|    0.001337|
|         436|  -10.936341|  -10.386918|    0.111429|    0.001337|
|         437|  -10.943134|  -10.393775|    0.111429|    0.001337|
|         438|  -10.949585|  -10.400285|    0.111429|    0.001337|
|         439|  -10.955757|  -10.406510|    0.111429|    0.001337|
|         440|  -10.961716|  -10.412512|    0.111429|    0.001337|
|         441|  -10.967522|  -10.418355|    0.111429|    0.001337|
|         442|  -10.973239|  -10.424100|    0.111429|    0.001337|
|         443|  -10.978926|  -10.429807|    0.111429|    0.001337|
|         444|  -10.984638|  -10.435529|    0.111429|    0.001337|
|         445|  -10.990427|  -10.441322|    0.111429|    0.001337|
|         446|  -10.996343|  -10.447232|    0.111429|    0.001337|
|         447|  -11.002428|  -10.453305|    0.111429|    0.001337|
|         448|  -11.008725|  -10.459581|    0.111429|    0.001337|
|         449|  -11.015268|  -10.466096|    0.111429|    0.001337|
|         450|  -11.022090|  -10.472885|    0.111429|    0.001337|
|         451|  -11.029221|  -10.479975|    0.111429|    0.001337|
|         452|  -11.036686|  -10.487394|    0.111429|    0.001337|
|         453|  -11.044507|  -10.495163|    0.111429|    0.001337|
|         454|  -11.052705|  -10.503303|    0.111429|    0.001337|
|         455|  -11.061295|  -10.511831|    0.111429|    0.001337|
|         456|  -11.070294|  -10.520763|    0.111429|    0.001337|
|         457|  -11.079712|  -10.530110|    0.111429|    0.001337|
|         458|  -11.089561|  -10.539883|    0.111429|    0.001337|
|         459|  -11.099848|  -10.550091|    0.111429|    0.001337|
|         460|  -11.110581|  -10.560740|    0.111429|    0.001337|
|         461|  -11.121765|  -10.571837|    0.111429|    0.001337|
|         462|  -11.133403|  -10.583385|    0.111429|    0.001337|
|         463|  -11.145499|  -10.595387|    0.111429|    0.001337|
|         464|  -11.158052|  -10.607844|    0.111429|    0.001337|
|         465|  -11.171063|  -10.620756|    0.111429|    0.001337|
|         466|  -11.184530|  -10.634121|    0.111429|    0.001337|
|         467|  -11.198452|  -10.647939|    0.111429|    0.001337|
|         468|  -11.212824|  -10.662205|    0.111429|    0.001337|
|         469|  -11.227642|  -10.676915|    0.111429|    0.001337|
|         470|  -11.242900|  -10.692062|    0.111429|    0.001337|
|         471|  -11.258590|  -10.707642|    0.111429|    0.001337|
|         472|  -11.274704|  -10.723644|    0.111429|    0.001337|
|         473|  -11.291234|  -10.740060|    0.111429|    0.001337|
|         474|  -11.308166|  -10.756880|    0.111429|    0.001337|
|         475|  -11.325490|  -10.774091|    0.111429|    0.001337|
|         476|  -11.343190|  -10.791679|    0.111429|    0.001337|
|         477|  -11.361252|  -10.809630|    0.111429|    0.001337|
|         478|  -11.379658|  -10.827927|    0.111429|    0.001337|
|         479|  -11.398388|  -10.846551|    0.111429|    0.001337|
|         480|  -11.417421|  -10.865481|    0.111429|    0.001337|
|         481|  -11.436734|  -10.884696|    0.111429|    0.001337|
|         482|  -11.456301|  -10.904170|    0.111429|    0.001337|
|         483|  -11.476093|  -10.923876|    0.111429|    0.001337|
|         484|  -11.496080|  -10.943785|    0.111429|    0.001337|
|         485|  -11.516230|  -10.963865|    0.111429|    0.001337|
|         486|  -11.536507|  -10.984082|    0.111429|    0.001337|
|         487|  -11.556873|  -11.004401|    0.111429|    0.001337|
|         488|  -11.577287|  -11.024781|    0.111429|    0.001337|
|         489|  -11.597709|  -11.045182|    0.111429|    0.001337|
|         490|  -11.618093|  -11.065563|    0.111429|    0.001337|
|         491|  -11.638396|  -11.085878|    0.111429|    0.001337|
|         492|  -11.658571|  -11.106084|    0.111429|    0.001337|
|         493|  -11.678572|  -11.126135|    0.111429|    0.001337|
|         494|  -11.698355|  -11.145988|    0.111429|    0.001337|
|         495|  -11.717876|  -11.165599|    0.111429|    0.001337|
|         496|  -11.737095|  -11.184926|    0.111429|    0.001337|
|         497|  -11.755974|  -11.203933|    0.111429|    0.001337|
|         498|  -11.774481|  -11.222585|    0.111429|    0.001337|
|         499|  -11.792589|  -11.240855|    0.111429|    0.001337|
|         500|  -11.810277|  -11.258718|    0.111429|    0.001337|
+-----------------------------------------------------------------------+
|        File Writing Summary       |              Filename             |
+-----------------------------------------------------------------------+
|SU2 binary restart                 |restart_flow.dat                   |
|Paraview                           |flow.vtu                           |
|Paraview surface                   |surface_flow.vtu                   |
|CSV file                           |surface_flow.csv                   |
+-----------------------------------------------------------------------+
+----------------------------------------------------------------+
|  Inner_Iter|    rms[Rho]|   rms[RhoE]|          CL|          CD|
+----------------------------------------------------------------+
|         501|  -11.827530|  -11.276159|    0.111429|    0.001337|
|         502|  -11.844344|  -11.293168|    0.111429|    0.001337|
|         503|  -11.860717|  -11.309743|    0.111429|    0.001337|
|         504|  -11.876660|  -11.325889|    0.111429|    0.001337|
|         505|  -11.892187|  -11.341620|    0.111429|    0.001337|
|         506|  -11.907320|  -11.356953|    0.111429|    0.001337|
|         507|  -11.922089|  -11.371914|    0.111429|    0.001337|
|         508|  -11.936525|  -11.386533|    0.111429|    0.001337|
|         509|  -11.950665|  -11.400846|    0.111429|    0.001337|
|         510|  -11.964549|  -11.414888|    0.111429|    0.001337|
|         511|  -11.978220|  -11.428701|    0.111429|    0.001337|
|         512|  -11.991719|  -11.442326|    0.111429|    0.001337|
|         513|  -12.005089|  -11.455805|    0.111429|    0.001337|
|         514|  -12.018372|  -11.469178|    0.111429|    0.001337|
|         515|  -12.031608|  -11.482487|    0.111429|    0.001337|
|         516|  -12.044834|  -11.495768|    0.111429|    0.001337|
|         517|  -12.058087|  -11.509058|    0.111429|    0.001337|
|         518|  -12.071399|  -11.522390|    0.111429|    0.001337|
|         519|  -12.084799|  -11.535794|    0.111429|    0.001337|
|         520|  -12.098313|  -11.549296|    0.111429|    0.001337|
|         521|  -12.111963|  -11.562919|    0.111429|    0.001337|
|         522|  -12.125768|  -11.576685|    0.111429|    0.001337|
|         523|  -12.139742|  -11.590606|    0.111429|    0.001337|
|         524|  -12.153896|  -11.604697|    0.111429|    0.001337|
|         525|  -12.168234|  -11.618962|    0.111429|    0.001337|
|         526|  -12.182761|  -11.633407|    0.111429|    0.001337|
|         527|  -12.197472|  -11.648028|    0.111429|    0.001337|
|         528|  -12.212361|  -11.662822|    0.111429|    0.001337|
|         529|  -12.227415|  -11.677776|    0.111429|    0.001337|
|         530|  -12.242618|  -11.692876|    0.111429|    0.001337|
|         531|  -12.257949|  -11.708103|    0.111429|    0.001337|
|         532|  -12.273381|  -11.723429|    0.111429|    0.001337|
|         533|  -12.288885|  -11.738829|    0.111429|    0.001337|
|         534|  -12.304423|  -11.754268|    0.111429|    0.001337|
|         535|  -12.319959|  -11.769709|    0.111429|    0.001337|
|         536|  -12.335449|  -11.785110|    0.111429|    0.001337|
|         537|  -12.350846|  -11.800428|    0.111429|    0.001337|
|         538|  -12.366103|  -11.815616|    0.111429|    0.001337|
|         539|  -12.381170|  -11.830627|    0.111429|    0.001337|
|         540|  -12.395994|  -11.845408|    0.111429|    0.001337|
|         541|  -12.410528|  -11.859914|    0.111429|    0.001337|
|         542|  -12.424722|  -11.874097|    0.111429|    0.001337|
|         543|  -12.438530|  -11.887912|    0.111429|    0.001337|
|         544|  -12.451918|  -11.901322|    0.111429|    0.001337|
|         545|  -12.464851|  -11.914294|    0.111429|    0.001337|
|         546|  -12.477302|  -11.926801|    0.111429|    0.001337|
|         547|  -12.489255|  -11.938825|    0.111429|    0.001337|
|         548|  -12.500701|  -11.950354|    0.111429|    0.001337|
|         549|  -12.511646|  -11.961394|    0.111429|    0.001337|
|         550|  -12.522097|  -11.971950|    0.111429|    0.001337|
|         551|  -12.532078|  -11.982040|    0.111429|    0.001337|
|         552|  -12.541620|  -11.991695|    0.111429|    0.001337|
|         553|  -12.550756|  -12.000945|    0.111429|    0.001337|
|         554|  -12.559532|  -12.009834|    0.111429|    0.001337|
|         555|  -12.567997|  -12.018405|    0.111429|    0.001337|
|         556|  -12.576206|  -12.026715|    0.111429|    0.001337|
|         557|  -12.584207|  -12.034811|    0.111429|    0.001337|
|         558|  -12.592058|  -12.042747|    0.111429|    0.001337|
|         559|  -12.599814|  -12.050578|    0.111429|    0.001337|
|         560|  -12.607529|  -12.058354|    0.111429|    0.001337|
|         561|  -12.615255|  -12.066129|    0.111429|    0.001337|
|         562|  -12.623045|  -12.073958|    0.111429|    0.001337|
|         563|  -12.630934|  -12.081872|    0.111429|    0.001337|
|         564|  -12.638976|  -12.089927|    0.111429|    0.001337|
|         565|  -12.647205|  -12.098159|    0.111429|    0.001337|
|         566|  -12.655654|  -12.106598|    0.111429|    0.001337|
|         567|  -12.664366|  -12.115288|    0.111429|    0.001337|
|         568|  -12.673356|  -12.124246|    0.111429|    0.001337|
|         569|  -12.682660|  -12.133508|    0.111429|    0.001337|
|         570|  -12.692298|  -12.143094|    0.111429|    0.001337|
|         571|  -12.702289|  -12.153023|    0.111429|    0.001337|
|         572|  -12.712649|  -12.163314|    0.111429|    0.001337|
|         573|  -12.723395|  -12.173981|    0.111429|    0.001337|
|         574|  -12.734537|  -12.185038|    0.111429|    0.001337|
|         575|  -12.746088|  -12.196497|    0.111429|    0.001337|
|         576|  -12.758056|  -12.208365|    0.111429|    0.001337|
|         577|  -12.770448|  -12.220652|    0.111429|    0.001337|
|         578|  -12.783265|  -12.233359|    0.111429|    0.001337|
|         579|  -12.796517|  -12.246494|    0.111429|    0.001337|
|         580|  -12.810202|  -12.260059|    0.111429|    0.001337|
|         581|  -12.824322|  -12.274053|    0.111429|    0.001337|
|         582|  -12.838875|  -12.288476|    0.111429|    0.001337|
|         583|  -12.853859|  -12.303325|    0.111429|    0.001337|
|         584|  -12.869275|  -12.318606|    0.111429|    0.001337|
|         585|  -12.885110|  -12.334302|    0.111429|    0.001337|
|         586|  -12.901365|  -12.350416|    0.111429|    0.001337|
|         587|  -12.918030|  -12.366940|    0.111429|    0.001337|
|         588|  -12.935096|  -12.383861|    0.111429|    0.001337|
|         589|  -12.952552|  -12.401173|    0.111429|    0.001337|
|         590|  -12.970384|  -12.418863|    0.111429|    0.001337|
|         591|  -12.988584|  -12.436921|    0.111429|    0.001337|
|         592|  -13.007127|  -12.455322|    0.111429|    0.001337|

----------------------------- Solver Exit -------------------------------
All convergence criteria satisfied.
+-----------------------------------------------------------------------+
|      Convergence Field     |     Value    |   Criterion  |  Converged |
+-----------------------------------------------------------------------+
|                    rms[Rho]|      -13.0071|         < -13|         Yes|
+-----------------------------------------------------------------------+
-------------------------------------------------------------------------
+-----------------------------------------------------------------------+
|        File Writing Summary       |              Filename             |
+-----------------------------------------------------------------------+
|SU2 binary restart                 |restart_flow.dat                   |
|Paraview                           |flow.vtu                           |
|Paraview surface                   |surface_flow.vtu                   |
|CSV file                           |surface_flow.csv                   |
+-----------------------------------------------------------------------+

--------------------------- Finalizing Solver ---------------------------
Deleted CNumerics container.
Deleted CIntegration container.
Deleted CSolver container.
Deleted CIteration container.
Deleted CInterface container.
Deleted CGeometry container.
Deleted CFreeFormDefBox class.
Deleted CSurfaceMovement class.
Deleted CVolumetricMovement class.
Deleted CConfig container.
Deleted nInst container.
Deleted COutput class.
-------------------------------------------------------------------------

------------------------- Exit Success (SU2_CFD) ------------------------

