
-------------------------------------------------------------------------
|    ___ _   _ ___                                                      |
|   / __| | | |_  )   Release 8.3.0 "Harrier"                           |
|   \__ \ |_| |/ /                                                      |
|   |___/\___//___|   Suite (Computational Fluid Dynamics Code)         |
|                                                                       |
-------------------------------------------------------------------------
| SU2 Project Website: https://su2code.github.io                        |
|                                                                       |
| The SU2 Project is maintained by the SU2 Foundation                   |
| (http://su2foundation.org)                                            |
-------------------------------------------------------------------------
| Copyright 2012-2025, SU2 Contributors                                 |
|                                                                       |
| SU2 is free software; you can redistribute it and/or                  |
| modify it under the terms of the GNU Lesser General Public            |
| License as published by the Free Software Foundation; either          |
| version 2.1 of the License, or (at your option) any later version.    |
|                                                                       |
| SU2 is distributed in the hope that it will be useful,                |
| but WITHOUT ANY WARRANTY; without even the implied warranty of        |
| MERCHANTABILITY or FITNESS FOR A PARTICULAR PURPOSE. See the GNU      |
| Lesser General Public License for more details.                       |
|                                                                       |
| You should have received a copy of the GNU Lesser General Public      |
| License along with SU2. If not, see <http://www.gnu.org/licenses/>.   |
-------------------------------------------------------------------------

Parsing config file for zone 0

----------------- Physical Case Definition ( Zone 0 ) -------------------
Compressible Euler equations.
Mach number: 0.8.
Angle of attack (AoA): 1.25 deg, and angle of sideslip (AoS): 0 deg.
No restart solution, use the values at infinity (freestream).
Non-Dimensional simulation (P=1.0, Rho=1.0, T=1.0 at the farfield).
The reference area is 1 m^2.
The semi-span will be computed using the max y(3D) value.
The reference length is 1 m.
Reference origin for moment evaluation is (0.25, 0, 0).
Surface(s) where the force coefficients are evaluated: airfoil.

Surface(s) plotted in the output file: airfoil.
Surface(s) affected by the design variables: airfoil.
Input mesh file name: mesh_NACA0012_inv_deform.su2

--------------- Space Numerical Integration ( Zone 0 ) ------------------
Jameson-Schmidt-Turkel scheme (2nd order in space) for the flow inviscid terms.
JST viscous coefficients (2nd & 4th): 0.5, 0.02.
The method includes a grid stretching correction (p = 0.3).
Gradient for viscous and source terms: Green-Gauss.

--------------- Time Numerical Integration  ( Zone 0 ) ------------------
Local time stepping (steady state simulation).
Euler implicit method for the flow equations.
FGMRES is used for solving the linear system.
Using a LU-SGS preconditioning.
Convergence criteria of the linear solver: 0.0001.
Max number of linear iterations: 2.
V Multigrid Cycle, with 2 multigrid levels.
Damping factor for the residual restriction: 1.
Damping factor for the correction prolongation: 1.
No CFL adaptation.
+-------------------------------------------+
|  MG Level| Presmooth|PostSmooth|CorrectSmo|
+-------------------------------------------+
|         0|         1|         0|         0|
|         1|         2|         0|         0|
|         2|         3|         0|         0|
+-------------------------------------------+
Courant-Friedrichs-Lewy number:       10

------------------ Convergence Criteria  ( Zone 0 ) ---------------------
Maximum number of solver subiterations: 1000.
Begin convergence monitoring at iteration 10.
Residual minimum value: 1e-13.
Cauchy series min. value: 1e-06.
Number of Cauchy elements: 100.
Begin windowed time average at iteration 0.

-------------------- Output Information ( Zone 0 ) ----------------------
File writing frequency: 
+------------------------------------+
|                     File| Frequency|
+------------------------------------+
|                  RESTART|       250|
|                 PARAVIEW|       250|
|         SURFACE_PARAVIEW|       250|
|              SURFACE_CSV|       250|
+------------------------------------+
Writing the convergence history file every 1 inner iterations.
Writing the screen convergence history every 1 inner iterations.
The tabular file format is CSV (.csv).
Convergence history file name: history_direct.
Forces breakdown file name: forces_breakdown.dat.
Surface file name: surface_flow.
Volume file name: flow.
Restart file name: restart_flow.

------------- Config File Boundary Information ( Zone 0 ) ---------------
+-----------------------------------------------------------------------+
|                        Marker Type|                        Marker Name|
+-----------------------------------------------------------------------+
|                         Euler wall|                            airfoil|
+-----------------------------------------------------------------------+
|                          Far-field|                           farfield|
+-----------------------------------------------------------------------+

-------------------- Output Preprocessing ( Zone 0 ) --------------------

WARNING: SURFACE_PRESSURE_DROP can only be computed for at least 2 surfaces (outlet, inlet, ...)

Screen output fields: INNER_ITER, RMS_DENSITY, RMS_ENERGY, LIFT, DRAG
History output group(s): ITER, RMS_RES, AERO_COEFF
Convergence field(s): RMS_DENSITY
Warning: No (valid) fields chosen for time convergence monitoring. Time convergence monitoring inactive.
Volume output fields: COORDINATES, SOLUTION, PRIMITIVE

------------------- Geometry Preprocessing ( Zone 0 ) -------------------
Two dimensional problem.
5233 grid points.
10216 volume elements.
2 surface markers.
200 boundary elements in index 0 (Marker = airfoil).
50 boundary elements in index 1 (Marker = farfield).
10216 triangles.
Setting point connectivity.
Renumbering points (Reverse Cuthill McKee Ordering).
Recomputing point connectivity.
Setting element connectivity.
Checking the numerical grid orientation.
All volume elements are correctly oriented.
All surface elements are correctly oriented.
Identifying edges and vertices.
Setting the control volume structure.
Area of the computational grid: 1253.25.
Searching for the closest normal neighbors to the surfaces.
Storing a mapping from global to local point index.
Compute the surface curvature.
Max K: 7835.1. Mean K: 35.041. Standard deviation K: 494.41.
Checking for periodicity.
Computing mesh quality statistics for the dual control volumes.
+--------------------------------------------------------------+
|           Mesh Quality Metric|        Minimum|        Maximum|
+--------------------------------------------------------------+
|    Orthogonality Angle (deg.)|        62.8562|        89.7064|
|     CV Face Area Aspect Ratio|        1.01157|        7.19147|
|           CV Sub-Volume Ratio|        1.00252|        6.47631|
+--------------------------------------------------------------+
Setting the multigrid structure.
+-------------------------------------------+
|  MG Level|       CVs|Aggl. Rate|       CFL|
+-------------------------------------------+
|         0|      5233|    1/1.00|        10|
|         1|      1690|     1/3.1|   8.52431|
|         2|       649|     1/2.6|   7.92373|
+-------------------------------------------+
Finding max control volume width.
Wetted area = 2.04405 m.
Area projection in the x-plane = 0.121263 m, y-plane = 0.999845 m.
Max. coordinate in the x-direction = 1 m, y-direction = 0.0564276 m.
Min. coordinate in the x-direction = 0 m, y-direction = -0.0648438 m.
Computing wall distances.

-------------------- Solver Preprocessing ( Zone 0 ) --------------------
Inviscid flow: Computing density based on free-stream
temperature and pressure using the ideal gas law.
Force coefficients computed using free-stream values.

-- Models:
+------------------------------------------------------------------------------+
|          Viscosity Model|        Conductivity Model|              Fluid Model|
+------------------------------------------------------------------------------+
|                        -|                         -|             STANDARD_AIR|
+------------------------------------------------------------------------------+
-- Fluid properties:
+------------------------------------------------------------------------------+
|                  Name|    Dim. value|    Ref. value|      Unit|Non-dim. value|
+------------------------------------------------------------------------------+
|          Gas Constant|       287.058|       287.058|  N.m/kg.K|             1|
|      Spec. Heat Ratio|             -|             -|         -|           1.4|
+------------------------------------------------------------------------------+
-- Initial and free-stream conditions:
+------------------------------------------------------------------------------+
|                  Name|    Dim. value|    Ref. value|      Unit|Non-dim. value|
+------------------------------------------------------------------------------+
|       Static Pressure|        101325|        101325|        Pa|             1|
|               Density|       1.29225|       1.29225|    kg/m^3|             1|
|           Temperature|        273.15|        273.15|         K|             1|
|          Total Energy|        231152|       78409.9|   m^2/s^2|         2.948|
|            Velocity-X|       264.994|       280.018|       m/s|      0.946348|
|            Velocity-Y|       5.78219|       280.018|       m/s|     0.0206494|
|    Velocity Magnitude|       265.057|       280.018|       m/s|      0.946573|
+------------------------------------------------------------------------------+
|           Mach Number|             -|             -|         -|           0.8|
+------------------------------------------------------------------------------+
Initialize Jacobian structure (Euler). MG level: 0.
Initialize Jacobian structure (Euler). MG level: 1.
Initialize Jacobian structure (Euler). MG level: 2.

------------------- Numerics Preprocessing ( Zone 0 ) -------------------

----------------- Integration Preprocessing ( Zone 0 ) ------------------

------------------- Iteration Preprocessing ( Zone 0 ) ------------------
Euler/Navier-Stokes/RANS fluid iteration.

------------------------------ Begin Solver -----------------------------

Simulation Run using the Single-zone Driver
WARNING: SU2 was not compiled for an AVX-capable architecture. Performance could be better,
         see https://su2code.github.io/docs_v7/Build-SU2-Linux-MacOS/#compiler-optimizations
WARNING: SU2 was not compiled for an AVX-capable architecture. Performance could be better,
         see https://su2code.github.io/docs_v7/Build-SU2-Linux-MacOS/#compiler-optimizations
WARNING: SU2 was not compiled for an AVX-capable architecture. Performance could be better,
         see https://su2code.github.io/docs_v7/Build-SU2-Linux-MacOS/#compiler-optimizations
+----------------------------------------------------------------+
|  Inner_Iter|    rms[Rho]|   rms[RhoE]|          CL|          CD|
+----------------------------------------------------------------+
|           0|   -3.564686|   -2.968309|    0.133304|    0.254410|
|           1|   -3.820413|   -3.209537|    0.026739|    0.097708|
|           2|   -3.755064|   -3.156672|    0.038539|    0.072851|
|           3|   -3.701061|   -3.108858|    0.069458|    0.087920|
|           4|   -3.648913|   -3.059867|    0.064203|    0.066761|
|           5|   -3.643791|   -3.058853|    0.059649|    0.053526|
|           6|   -3.640797|   -3.062510|    0.057510|    0.049577|
|           7|   -3.644444|   -3.068288|    0.053978|    0.045004|
|           8|   -3.627026|   -3.049728|    0.051179|    0.039331|
|           9|   -3.641779|   -3.067975|    0.049047|    0.034709|
|          10|   -3.649083|   -3.079303|    0.047209|    0.031456|
|          11|   -3.655805|   -3.088365|    0.045628|    0.028432|
|          12|   -3.661095|   -3.094143|    0.043960|    0.025175|
|          13|   -3.664299|   -3.095886|    0.042310|    0.021974|
|          14|   -3.672674|   -3.102129|    0.041037|    0.019001|
|          15|   -3.683491|   -3.111150|    0.040070|    0.016177|
|          16|   -3.694916|   -3.122125|    0.039268|    0.013403|
|          17|   -3.707745|   -3.136078|    0.038635|    0.010640|
|          18|   -3.722280|   -3.152561|    0.038019|    0.007877|
|          19|   -3.739710|   -3.171836|    0.037191|    0.005142|
|          20|   -3.761145|   -3.194511|    0.036153|    0.002532|
|          21|   -3.784731|   -3.218635|    0.035235|    0.000179|
|          22|   -3.807136|   -3.241036|    0.034815|   -0.001801|
|          23|   -3.827281|   -3.260912|    0.034829|   -0.003349|
|          24|   -3.846456|   -3.279687|    0.035560|   -0.004361|
|          25|   -3.865266|   -3.298058|    0.036827|   -0.004837|
|          26|   -3.884953|   -3.317368|    0.038291|   -0.004823|
|          27|   -3.906989|   -3.339312|    0.040015|   -0.004335|
|          28|   -3.931979|   -3.364570|    0.041879|   -0.003448|
|          29|   -3.958531|   -3.391780|    0.043996|   -0.002227|
|          30|   -3.985557|   -3.420065|    0.046046|   -0.000810|
|          31|   -4.014163|   -3.450508|    0.047857|    0.000677|
|          32|   -4.046181|   -3.484451|    0.049285|    0.002136|
|          33|   -4.081966|   -3.521612|    0.050366|    0.003516|
|          34|   -4.119383|   -3.559411|    0.051140|    0.004767|
|          35|   -4.156278|   -3.595830|    0.051572|    0.005843|
|          36|   -4.191378|   -3.630003|    0.051741|    0.006716|
|          37|   -4.224461|   -3.662138|    0.051680|    0.007365|
|          38|   -4.255822|   -3.692888|    0.051418|    0.007778|
|          39|   -4.285768|   -3.722717|    0.051020|    0.007963|
|          40|   -4.314395|   -3.751697|    0.050562|    0.007939|
|          41|   -4.341265|   -3.779339|    0.050087|    0.007731|
|          42|   -4.366297|   -3.805434|    0.049624|    0.007371|
|          43|   -4.389543|   -3.829835|    0.049206|    0.006897|
|          44|   -4.411123|   -3.852506|    0.048860|    0.006350|
|          45|   -4.431170|   -3.873489|    0.048606|    0.005766|
|          46|   -4.449689|   -3.892762|    0.048457|    0.005177|
|          47|   -4.466756|   -3.910422|    0.048414|    0.004613|
|          48|   -4.482273|   -3.926375|    0.048474|    0.004098|
|          49|   -4.496228|   -3.940613|    0.048646|    0.003650|
|          50|   -4.508512|   -3.953009|    0.048922|    0.003284|
|          51|   -4.518982|   -3.963465|    0.049290|    0.003006|
|          52|   -4.527873|   -3.972310|    0.049730|    0.002815|
|          53|   -4.536045|   -3.980560|    0.050259|    0.002706|
|          54|   -4.544697|   -3.989551|    0.050879|    0.002670|
|          55|   -4.555233|   -4.000671|    0.051591|    0.002697|
|          56|   -4.568356|   -4.014471|    0.052342|    0.002774|
|          57|   -4.584269|   -4.031039|    0.053097|    0.002890|
|          58|   -4.602981|   -4.050248|    0.053831|    0.003034|
|          59|   -4.624228|   -4.071771|    0.054511|    0.003193|
|          60|   -4.647523|   -4.095166|    0.055111|    0.003357|
|          61|   -4.672327|   -4.119947|    0.055638|    0.003518|
|          62|   -4.698196|   -4.145731|    0.056079|    0.003666|
|          63|   -4.724321|   -4.171816|    0.056426|    0.003794|
|          64|   -4.750194|   -4.197764|    0.056682|    0.003895|
|          65|   -4.775414|   -4.223186|    0.056848|    0.003969|
|          66|   -4.799513|   -4.247575|    0.056925|    0.004011|
|          67|   -4.822378|   -4.270798|    0.056922|    0.004025|
|          68|   -4.844034|   -4.292821|    0.056852|    0.004014|
|          69|   -4.864702|   -4.313804|    0.056727|    0.003982|
|          70|   -4.884579|   -4.333921|    0.056555|    0.003934|
|          71|   -4.903986|   -4.353485|    0.056347|    0.003875|
|          72|   -4.923236|   -4.372822|    0.056112|    0.003809|
|          73|   -4.942492|   -4.392112|    0.055859|    0.003739|
|          74|   -4.962021|   -4.411647|    0.055595|    0.003670|
|          75|   -4.981906|   -4.431501|    0.055326|    0.003603|
|          76|   -5.002071|   -4.451600|    0.055059|    0.003542|
|          77|   -5.022485|   -4.471921|    0.054801|    0.003488|
|          78|   -5.043116|   -4.492422|    0.054555|    0.003442|
|          79|   -5.063915|   -4.513049|    0.054327|    0.003405|
|          80|   -5.084820|   -4.533749|    0.054119|    0.003376|
|          81|   -5.105817|   -4.554505|    0.053934|    0.003356|
|          82|   -5.126797|   -4.575219|    0.053774|    0.003344|
|          83|   -5.147700|   -4.595855|    0.053637|    0.003338|
|          84|   -5.168407|   -4.616313|    0.053525|    0.003337|
|          85|   -5.188784|   -4.636488|    0.053435|    0.003340|
|          86|   -5.208795|   -4.656393|    0.053368|    0.003346|
|          87|   -5.228489|   -4.676134|    0.053321|    0.003352|
|          88|   -5.247831|   -4.695701|    0.053292|    0.003359|
|          89|   -5.266902|   -4.715170|    0.053277|    0.003366|
|          90|   -5.285653|   -4.734459|    0.053275|    0.003371|
|          91|   -5.304000|   -4.753444|    0.053280|    0.003375|
|          92|   -5.321891|   -4.772047|    0.053293|    0.003377|
|          93|   -5.339276|   -4.790165|    0.053309|    0.003377|
|          94|   -5.356097|   -4.807681|    0.053326|    0.003376|
|          95|   -5.372399|   -4.824595|    0.053344|    0.003373|
|          96|   -5.388227|   -4.840927|    0.053360|    0.003370|
|          97|   -5.403514|   -4.856582|    0.053372|    0.003365|
|          98|   -5.418316|   -4.871606|    0.053381|    0.003360|
|          99|   -5.432733|   -4.886088|    0.053387|    0.003355|
|         100|   -5.446812|   -4.900074|    0.053389|    0.003350|
|         101|   -5.460544|   -4.913571|    0.053387|    0.003345|
|         102|   -5.473938|   -4.926611|    0.053383|    0.003341|
|         103|   -5.487023|   -4.939248|    0.053377|    0.003338|
|         104|   -5.499839|   -4.951545|    0.053369|    0.003335|
|         105|   -5.512455|   -4.963609|    0.053359|    0.003333|
|         106|   -5.524977|   -4.975582|    0.053348|    0.003332|
|         107|   -5.537431|   -4.987509|    0.053336|    0.003332|
|         108|   -5.549861|   -4.999448|    0.053325|    0.003332|
|         109|   -5.562319|   -5.011463|    0.053315|    0.003332|
|         110|   -5.574861|   -5.023624|    0.053306|    0.003333|
|         111|   -5.587521|   -5.035958|    0.053297|    0.003334|
|         112|   -5.600315|   -5.048475|    0.053291|    0.003335|
|         113|   -5.613255|   -5.061185|    0.053286|    0.003336|
|         114|   -5.626333|   -5.074082|    0.053282|    0.003337|
|         115|   -5.639519|   -5.087144|    0.053279|    0.003338|
|         116|   -5.652779|   -5.100334|    0.053277|    0.003338|
|         117|   -5.666107|   -5.113643|    0.053277|    0.003338|
|         118|   -5.679356|   -5.126919|    0.053277|    0.003338|
|         119|   -5.692572|   -5.140218|    0.053278|    0.003336|
|         120|   -5.705748|   -5.153525|    0.053279|    0.003335|
|         121|   -5.718848|   -5.166806|    0.053280|    0.003333|
|         122|   -5.731789|   -5.179987|    0.053282|    0.003331|
|         123|   -5.744532|   -5.193025|    0.053283|    0.003328|
|         124|   -5.757080|   -5.205921|    0.053285|    0.003325|
|         125|   -5.769397|   -5.218631|    0.053286|    0.003323|
|         126|   -5.781536|   -5.231199|    0.053286|    0.003320|
|         127|   -5.793518|   -5.243640|    0.053287|    0.003316|
|         128|   -5.805320|   -5.255917|    0.053286|    0.003313|
|         129|   -5.816973|   -5.268046|    0.053286|    0.003310|
|         130|   -5.828519|   -5.280053|    0.053285|    0.003307|
|         131|   -5.839939|   -5.291908|    0.053283|    0.003305|
|         132|   -5.851233|   -5.303602|    0.053281|    0.003302|
|         133|   -5.862426|   -5.315153|    0.053279|    0.003300|
|         134|   -5.873555|   -5.326591|    0.053277|    0.003297|
|         135|   -5.884641|   -5.337930|    0.053275|    0.003295|
|         136|   -5.895695|   -5.349170|    0.053272|    0.003293|
|         137|   -5.906696|   -5.360283|    0.053270|    0.003291|
|         138|   -5.917627|   -5.371255|    0.053268|    0.003289|
|         139|   -5.928496|   -5.382095|    0.053266|    0.003287|
|         140|   -5.939311|   -5.392811|    0.053265|    0.003286|
|         141|   -5.950109|   -5.403440|    0.053264|    0.003284|
|         142|   -5.960882|   -5.413977|    0.053263|    0.003282|
|         143|   -5.971603|   -5.424398|    0.053264|    0.003281|
|         144|   -5.982207|   -5.434644|    0.053265|    0.003279|
|         145|   -5.992671|   -5.444691|    0.053266|    0.003277|
|         146|   -6.003001|   -5.454566|    0.053269|    0.003276|
|         147|   -6.013182|   -5.464264|    0.053273|    0.003274|
|         148|   -6.023246|   -5.473829|    0.053277|    0.003272|
|         149|   -6.033222|   -5.483304|    0.053283|    0.003271|
|         150|   -6.043105|   -5.492691|    0.053290|    0.003269|
|         151|   -6.052900|   -5.502004|    0.053298|    0.003267|
|         152|   -6.062601|   -5.511265|    0.053307|    0.003266|
|         153|   -6.072222|   -5.520490|    0.053318|    0.003264|
|         154|   -6.081824|   -5.529745|    0.053329|    0.003262|
|         155|   -6.091409|   -5.539032|    0.053341|    0.003261|
|         156|   -6.101038|   -5.548424|    0.053355|    0.003260|
|         157|   -6.110721|   -5.557937|    0.053369|    0.003258|
|         158|   -6.120468|   -5.567581|    0.053385|    0.003257|
|         159|   -6.130322|   -5.577405|    0.053401|    0.003256|
|         160|   -6.140325|   -5.587445|    0.053418|    0.003255|
|         161|   -6.150491|   -5.597709|    0.053435|    0.003254|
|         162|   -6.160769|   -5.608135|    0.053453|    0.003253|
|         163|   -6.171234|   -5.618804|    0.053472|    0.003252|
|         164|   -6.181880|   -5.629709|    0.053491|    0.003252|
|         165|   -6.192738|   -5.640876|    0.053510|    0.003251|
|         166|   -6.203813|   -5.652300|    0.053530|    0.003251|
|         167|   -6.215114|   -5.663988|    0.053550|    0.003250|
|         168|   -6.226623|   -5.675910|    0.053570|    0.003250|
|         169|   -6.238372|   -5.688094|    0.053590|    0.003250|
|         170|   -6.250292|   -5.700455|    0.053610|    0.003250|
|         171|   -6.262389|   -5.712993|    0.053630|    0.003249|
|         172|   -6.274634|   -5.725673|    0.053650|    0.003249|
|         173|   -6.286972|   -5.738432|    0.053670|    0.003249|
|         174|   -6.299378|   -5.751236|    0.053690|    0.003249|
|         175|   -6.311836|   -5.764064|    0.053709|    0.003249|
|         176|   -6.324334|   -5.776897|    0.053728|    0.003250|
|         177|   -6.336854|   -5.789702|    0.053747|    0.003250|
|         178|   -6.349359|   -5.802436|    0.053765|    0.003250|
|         179|   -6.361830|   -5.815076|    0.053783|    0.003250|
|         180|   -6.374267|   -5.827621|    0.053800|    0.003250|
|         181|   -6.386665|   -5.840062|    0.053817|    0.003250|
|         182|   -6.399020|   -5.852388|    0.053834|    0.003251|
|         183|   -6.411293|   -5.864559|    0.053850|    0.003251|
|         184|   -6.423475|   -5.876576|    0.053865|    0.003251|
|         185|   -6.435586|   -5.888455|    0.053880|    0.003251|
|         186|   -6.447642|   -5.900217|    0.053894|    0.003252|
|         187|   -6.459622|   -5.911847|    0.053908|    0.003252|
|         188|   -6.471520|   -5.923348|    0.053921|    0.003252|
|         189|   -6.483349|   -5.934747|    0.053934|    0.003252|
|         190|   -6.495102|   -5.946042|    0.053946|    0.003253|
|         191|   -6.506817|   -5.957278|    0.053958|    0.003253|
|         192|   -6.518502|   -5.968472|    0.053969|    0.003253|
|         193|   -6.530153|   -5.979636|    0.053979|    0.003253|
|         194|   -6.541753|   -5.990759|    0.053988|    0.003254|
|         195|   -6.553321|   -6.001875|    0.053997|    0.003254|
|         196|   -6.564885|   -6.013016|    0.054006|    0.003254|
|         197|   -6.576453|   -6.024197|    0.054013|    0.003255|
|         198|   -6.588011|   -6.035412|    0.054020|    0.003255|
|         199|   -6.599543|   -6.046650|    0.054026|    0.003255|
|         200|   -6.611081|   -6.057950|    0.054032|    0.003255|
|         201|   -6.622641|   -6.069335|    0.054037|    0.003256|
|         202|   -6.634223|   -6.080810|    0.054042|    0.003256|
|         203|   -6.645836|   -6.092384|    0.054045|    0.003256|
|         204|   -6.657468|   -6.104037|    0.054049|    0.003256|
|         205|   -6.669117|   -6.115772|    0.054051|    0.003257|
|         206|   -6.680771|   -6.127582|    0.054053|    0.003257|
|         207|   -6.692439|   -6.139472|    0.054055|    0.003257|
|         208|   -6.704129|   -6.151442|    0.054056|    0.003257|
|         209|   -6.715852|   -6.163493|    0.054056|    0.003257|
|         210|   -6.727618|   -6.175637|    0.054057|    0.003257|
|         211|   -6.739441|   -6.187879|    0.054056|    0.003257|
|         212|   -6.751350|   -6.200242|    0.054055|    0.003258|
|         213|   -6.763295|   -6.212658|    0.054054|    0.003258|
|         214|   -6.775245|   -6.225087|    0.054053|    0.003258|
|         215|   -6.787210|   -6.237533|    0.054051|    0.003258|
|         216|   -6.799189|   -6.249988|    0.054048|    0.003258|
|         217|   -6.811181|   -6.262441|    0.054046|    0.003258|
|         218|   -6.823199|   -6.274893|    0.054043|    0.003258|
|         219|   -6.835231|   -6.287325|    0.054040|    0.003258|
|         220|   -6.847266|   -6.299718|    0.054037|    0.003258|
|         221|   -6.859380|   -6.312147|    0.054034|    0.003258|
|         222|   -6.871529|   -6.324555|    0.054030|    0.003258|
|         223|   -6.883660|   -6.336881|    0.054026|    0.003258|
|         224|   -6.895752|   -6.349100|    0.054023|    0.003258|
|         225|   -6.907801|   -6.361204|    0.054019|    0.003258|
|         226|   -6.919797|   -6.373184|    0.054015|    0.003258|
|         227|   -6.931752|   -6.385051|    0.054011|    0.003257|
|         228|   -6.943654|   -6.396797|    0.054007|    0.003257|
|         229|   -6.955498|   -6.408417|    0.054003|    0.003257|
|         230|   -6.967268|   -6.419902|    0.053999|    0.003257|
|         231|   -6.978947|   -6.431246|    0.053995|    0.003257|
|         232|   -6.990546|   -6.442463|    0.053991|    0.003257|
|         233|   -7.002087|   -6.453580|    0.053987|    0.003257|
|         234|   -7.013567|   -6.464603|    0.053983|    0.003257|
|         235|   -7.024986|   -6.475543|    0.053979|    0.003257|
|         236|   -7.036352|   -6.486416|    0.053976|    0.003257|
|         237|   -7.047678|   -6.497250|    0.053972|    0.003256|
|         238|   -7.058968|   -6.508055|    0.053969|    0.003256|
|         239|   -7.070218|   -6.518837|    0.053966|    0.003256|
|         240|   -7.081469|   -6.529647|    0.053963|    0.003256|
|         241|   -7.092740|   -6.540510|    0.053960|    0.003256|
|         242|   -7.104029|   -6.551428|    0.053957|    0.003256|
|         243|   -7.115286|   -6.562357|    0.053954|    0.003256|
|         244|   -7.126611|   -6.573408|    0.053952|    0.003256|
|         245|   -7.138021|   -6.584598|    0.053950|    0.003255|
|         246|   -7.149525|   -6.595935|    0.053947|    0.003255|
|         247|   -7.161128|   -6.607429|    0.053945|    0.003255|
|         248|   -7.172840|   -6.619092|    0.053944|    0.003255|
|         249|   -7.184665|   -6.630928|    0.053942|    0.003255|
|         250|   -7.196606|   -6.642940|    0.053940|    0.003255|
+-----------------------------------------------------------------------+
|        File Writing Summary       |              Filename             |
+-----------------------------------------------------------------------+
|SU2 binary restart                 |restart_flow.dat                   |
|Paraview                           |flow.vtu                           |
|Paraview surface                   |surface_flow.vtu                   |
|CSV file                           |surface_flow.csv                   |
+-----------------------------------------------------------------------+
+----------------------------------------------------------------+
|  Inner_Iter|    rms[Rho]|   rms[RhoE]|          CL|          CD|
+----------------------------------------------------------------+
|         251|   -7.208665|   -6.655128|    0.053939|    0.003255|
|         252|   -7.220842|   -6.667490|    0.053938|    0.003255|
|         253|   -7.233136|   -6.680021|    0.053936|    0.003255|
|         254|   -7.245541|   -6.692714|    0.053935|    0.003255|
|         255|   -7.258052|   -6.705556|    0.053935|    0.003255|
|         256|   -7.270659|   -6.718534|    0.053934|    0.003254|
|         257|   -7.283351|   -6.731631|    0.053933|    0.003254|
|         258|   -7.296116|   -6.744826|    0.053933|    0.003254|
|         259|   -7.308938|   -6.758096|    0.053932|    0.003254|
|         260|   -7.321800|   -6.771416|    0.053932|    0.003254|
|         261|   -7.334683|   -6.784757|    0.053932|    0.003254|
|         262|   -7.347570|   -6.798095|    0.053932|    0.003254|
|         263|   -7.360445|   -6.811404|    0.053932|    0.003254|
|         264|   -7.373288|   -6.824654|    0.053932|    0.003254|
|         265|   -7.386081|   -6.837819|    0.053932|    0.003254|
|         266|   -7.398807|   -6.850873|    0.053933|    0.003254|
|         267|   -7.411450|   -6.863793|    0.053933|    0.003254|
|         268|   -7.423994|   -6.876556|    0.053934|    0.003254|
|         269|   -7.436428|   -6.889145|    0.053934|    0.003254|
|         270|   -7.448741|   -6.901544|    0.053935|    0.003254|
|         271|   -7.460923|   -6.913742|    0.053935|    0.003254|
|         272|   -7.472972|   -6.925735|    0.053936|    0.003254|
|         273|   -7.484885|   -6.937522|    0.053937|    0.003254|
|         274|   -7.496665|   -6.949111|    0.053937|    0.003254|
|         275|   -7.508318|   -6.960510|    0.053938|    0.003254|
|         276|   -7.519853|   -6.971734|    0.053939|    0.003254|
|         277|   -7.531280|   -6.982803|    0.053940|    0.003254|
|         278|   -7.542615|   -6.993737|    0.053940|    0.003254|
|         279|   -7.553871|   -7.004562|    0.053941|    0.003254|
|         280|   -7.565068|   -7.015304|    0.053942|    0.003254|
|         281|   -7.576224|   -7.025991|    0.053943|    0.003254|
|         282|   -7.587359|   -7.036652|    0.053944|    0.003254|
|         283|   -7.598493|   -7.047318|    0.053944|    0.003254|
|         284|   -7.609647|   -7.058016|    0.053945|    0.003254|
|         285|   -7.620842|   -7.068776|    0.053946|    0.003254|
|         286|   -7.632097|   -7.079624|    0.053947|    0.003254|
|         287|   -7.643432|   -7.090588|    0.053948|    0.003254|
|         288|   -7.654865|   -7.101689|    0.053948|    0.003254|
|         289|   -7.666412|   -7.112951|    0.053949|    0.003254|
|         290|   -7.678088|   -7.124391|    0.053950|    0.003254|
|         291|   -7.689907|   -7.136028|    0.053951|    0.003254|
|         292|   -7.701880|   -7.147874|    0.053951|    0.003254|
|         293|   -7.714017|   -7.159940|    0.053952|    0.003254|
|         294|   -7.726324|   -7.172233|    0.053952|    0.003254|
|         295|   -7.738805|   -7.184759|    0.053953|    0.003254|
|         296|   -7.751464|   -7.197519|    0.053954|    0.003254|
|         297|   -7.764300|   -7.210510|    0.053954|    0.003254|
|         298|   -7.777310|   -7.223728|    0.053955|    0.003254|
|         299|   -7.790488|   -7.237164|    0.053955|    0.003254|
|         300|   -7.803828|   -7.250807|    0.053955|    0.003254|
|         301|   -7.817319|   -7.264641|    0.053956|    0.003254|
|         302|   -7.830948|   -7.278647|    0.053956|    0.003254|
|         303|   -7.844699|   -7.292805|    0.053957|    0.003254|
|         304|   -7.858555|   -7.307089|    0.053957|    0.003254|
|         305|   -7.872498|   -7.321473|    0.053957|    0.003254|
|         306|   -7.886505|   -7.335928|    0.053957|    0.003254|
|         307|   -7.900555|   -7.350422|    0.053958|    0.003254|
|         308|   -7.914623|   -7.364925|    0.053958|    0.003254|
|         309|   -7.928688|   -7.379404|    0.053958|    0.003254|
|         310|   -7.942725|   -7.393828|    0.053958|    0.003254|
|         311|   -7.956709|   -7.408164|    0.053958|    0.003254|
|         312|   -7.970616|   -7.422377|    0.053959|    0.003254|
|         313|   -7.984420|   -7.436435|    0.053959|    0.003254|
|         314|   -7.998097|   -7.450307|    0.053959|    0.003254|
|         315|   -8.011626|   -7.463966|    0.053959|    0.003254|
|         316|   -8.024987|   -7.477387|    0.053959|    0.003254|
|         317|   -8.038162|   -7.490554|    0.053959|    0.003254|
|         318|   -8.051140|   -7.503453|    0.053959|    0.003254|
|         319|   -8.063910|   -7.516077|    0.053959|    0.003254|
|         320|   -8.076469|   -7.528426|    0.053959|    0.003254|
|         321|   -8.088816|   -7.540505|    0.053959|    0.003254|
|         322|   -8.100954|   -7.552323|    0.053959|    0.003254|
|         323|   -8.112890|   -7.563896|    0.053959|    0.003254|
|         324|   -8.124635|   -7.575243|    0.053959|    0.003254|
|         325|   -8.136203|   -7.586389|    0.053959|    0.003254|
|         326|   -8.147612|   -7.597360|    0.053959|    0.003254|
|         327|   -8.158882|   -7.608187|    0.053959|    0.003254|
|         328|   -8.170035|   -7.618900|    0.053958|    0.003254|
|         329|   -8.181095|   -7.629532|    0.053958|    0.003254|
|         330|   -8.192086|   -7.640117|    0.053958|    0.003254|
|         331|   -8.203035|   -7.650689|    0.053958|    0.003254|
|         332|   -8.213968|   -7.661278|    0.053958|    0.003254|
|         333|   -8.224909|   -7.671917|    0.053958|    0.003254|
|         334|   -8.235884|   -7.682634|    0.053958|    0.003254|
|         335|   -8.246916|   -7.693456|    0.053958|    0.003254|
|         336|   -8.258027|   -7.704409|    0.053958|    0.003254|
|         337|   -8.269237|   -7.715514|    0.053958|    0.003254|
|         338|   -8.280566|   -7.726789|    0.053957|    0.003254|
|         339|   -8.292028|   -7.738251|    0.053957|    0.003254|
|         340|   -8.303638|   -7.749912|    0.053957|    0.003254|
|         341|   -8.315407|   -7.761781|    0.053957|    0.003254|
|         342|   -8.327343|   -7.773865|    0.053957|    0.003254|
|         343|   -8.339452|   -7.786166|    0.053957|    0.003254|
|         344|   -8.351738|   -7.798683|    0.053957|    0.003254|
|         345|   -8.364201|   -7.811414|    0.053957|    0.003254|
|         346|   -8.376841|   -7.824350|    0.053957|    0.003254|
|         347|   -8.389651|   -7.837483|    0.053957|    0.003254|
|         348|   -8.402626|   -7.850798|    0.053957|    0.003254|
|         349|   -8.415757|   -7.864282|    0.053956|    0.003254|
|         350|   -8.429032|   -7.877915|    0.053956|    0.003254|
|         351|   -8.442438|   -7.891679|    0.053956|    0.003254|
|         352|   -8.455962|   -7.905551|    0.053956|    0.003254|
|         353|   -8.469586|   -7.919510|    0.053956|    0.003254|
|         354|   -8.483294|   -7.933532|    0.053956|    0.003254|
|         355|   -8.497069|   -7.947592|    0.053956|    0.003254|
|         356|   -8.510890|   -7.961666|    0.053956|    0.003254|
|         357|   -8.524738|   -7.975727|    0.053956|    0.003254|
|         358|   -8.538592|   -7.989749|    0.053956|    0.003254|
|         359|   -8.552431|   -8.003707|    0.053956|    0.003254|
|         360|   -8.566235|   -8.017576|    0.053956|    0.003254|
|         361|   -8.579981|   -8.031333|    0.053956|    0.003254|
|         362|   -8.593653|   -8.044960|    0.053956|    0.003254|
|         363|   -8.607231|   -8.058439|    0.053956|    0.003254|
|         364|   -8.620701|   -8.071757|    0.053956|    0.003254|
|         365|   -8.634048|   -8.084903|    0.053955|    0.003254|
|         366|   -8.647261|   -8.097871|    0.053955|    0.003254|
|         367|   -8.660333|   -8.110658|    0.053955|    0.003254|
|         368|   -8.673255|   -8.123264|    0.053955|    0.003254|
|         369|   -8.686026|   -8.135695|    0.053955|    0.003254|
|         370|   -8.698644|   -8.147958|    0.053955|    0.003254|
|         371|   -8.711112|   -8.160063|    0.053955|    0.003254|
|         372|   -8.723434|   -8.172023|    0.053955|    0.003254|
|         373|   -8.735616|   -8.183853|    0.053955|    0.003254|
|         374|   -8.747668|   -8.195570|    0.053955|    0.003254|
|         375|   -8.759600|   -8.207193|    0.053955|    0.003254|
|         376|   -8.771425|   -8.218741|    0.053955|    0.003254|
|         377|   -8.783156|   -8.230232|    0.053955|    0.003254|
|         378|   -8.794806|   -8.241685|    0.053955|    0.003254|
|         379|   -8.806390|   -8.253119|    0.053955|    0.003254|
|         380|   -8.817922|   -8.264551|    0.053955|    0.003254|
|         381|   -8.829416|   -8.275996|    0.053955|    0.003254|
|         382|   -8.840886|   -8.287468|    0.053955|    0.003254|
|         383|   -8.852343|   -8.298979|    0.053955|    0.003254|
|         384|   -8.863799|   -8.310539|    0.053955|    0.003254|
|         385|   -8.875265|   -8.322155|    0.053955|    0.003254|
|         386|   -8.886747|   -8.333833|    0.053955|    0.003254|
|         387|   -8.898255|   -8.345574|    0.053955|    0.003254|
|         388|   -8.909792|   -8.357379|    0.053955|    0.003254|
|         389|   -8.921363|   -8.369246|    0.053955|    0.003254|
|         390|   -8.932971|   -8.381173|    0.053955|    0.003254|
|         391|   -8.944616|   -8.393152|    0.053955|    0.003254|
|         392|   -8.956300|   -8.405177|    0.053955|    0.003254|
|         393|   -8.968020|   -8.417240|    0.053955|    0.003254|
|         394|   -8.979775|   -8.429331|    0.053955|    0.003254|
|         395|   -8.991563|   -8.441440|    0.053955|    0.003254|
|         396|   -9.003381|   -8.453558|    0.053955|    0.003254|
|         397|   -9.015225|   -8.465675|    0.053955|    0.003254|
|         398|   -9.027093|   -8.477782|    0.053955|    0.003254|
|         399|   -9.038981|   -8.489871|    0.053955|    0.003254|
|         400|   -9.050887|   -8.501934|    0.053955|    0.003254|
|         401|   -9.062809|   -8.513965|    0.053955|    0.003254|
|         402|   -9.074745|   -8.525960|    0.053955|    0.003254|
|         403|   -9.086693|   -8.537915|    0.053955|    0.003254|
|         404|   -9.098653|   -8.549830|    0.053955|    0.003254|
|         405|   -9.110624|   -8.561706|    0.053955|    0.003254|
|         406|   -9.122608|   -8.573544|    0.053955|    0.003254|
|         407|   -9.134607|   -8.585349|    0.053955|    0.003254|
|         408|   -9.146622|   -8.597128|    0.053955|    0.003254|
|         409|   -9.158658|   -8.608889|    0.053955|    0.003254|
|         410|   -9.170718|   -8.620640|    0.053955|    0.003254|
|         411|   -9.182806|   -8.632393|    0.053955|    0.003254|
|         412|   -9.194929|   -8.644160|    0.053955|    0.003254|
|         413|   -9.207092|   -8.655952|    0.053955|    0.003254|
|         414|   -9.219300|   -8.667783|    0.053955|    0.003254|
|         415|   -9.231560|   -8.679667|    0.053955|    0.003254|
|         416|   -9.243879|   -8.691616|    0.053955|    0.003254|
|         417|   -9.256261|   -8.703644|    0.053955|    0.003254|
|         418|   -9.268713|   -8.715763|    0.053955|    0.003254|
|         419|   -9.281240|   -8.727985|    0.053955|    0.003254|
|         420|   -9.293846|   -8.740320|    0.053955|    0.003254|
|         421|   -9.306536|   -8.752777|    0.053955|    0.003254|
|         422|   -9.319310|   -8.765364|    0.053955|    0.003254|
|         423|   -9.332171|   -8.778085|    0.053955|    0.003254|
|         424|   -9.345118|   -8.790944|    0.053955|    0.003254|
|         425|   -9.358148|   -8.803942|    0.053955|    0.003254|
|         426|   -9.371259|   -8.817075|    0.053955|    0.003254|
|         427|   -9.384443|   -8.830340|    0.053955|    0.003254|
|         428|   -9.397692|   -8.843728|    0.053955|    0.003254|
|         429|   -9.410997|   -8.857227|    0.053955|    0.003254|
|         430|   -9.424344|   -8.870824|    0.053955|    0.003254|
|         431|   -9.437719|   -8.884499|    0.053955|    0.003254|
|         432|   -9.451104|   -8.898233|    0.053955|    0.003254|
|         433|   -9.464482|   -8.912000|    0.053955|    0.003254|
|         434|   -9.477831|   -8.925773|    0.053955|    0.003254|
|         435|   -9.491129|   -8.939523|    0.053955|    0.003254|
|         436|   -9.504353|   -8.953219|    0.053955|    0.003254|
|         437|   -9.517479|   -8.966826|    0.053955|    0.003254|
|         438|   -9.530485|   -8.980312|    0.053955|    0.003254|
|         439|   -9.543347|   -8.993643|    0.053955|    0.003254|
|         440|   -9.556044|   -9.006788|    0.053955|    0.003254|
|         441|   -9.568556|   -9.019716|    0.053955|    0.003254|
|         442|   -9.580868|   -9.032401|    0.053955|    0.003254|
|         443|   -9.592965|   -9.044819|    0.053955|    0.003254|
|         444|   -9.604837|   -9.056952|    0.053955|    0.003254|
|         445|   -9.616479|   -9.068789|    0.053955|    0.003254|
|         446|   -9.627887|   -9.080320|    0.053955|    0.003254|
|         447|   -9.639065|   -9.091547|    0.053955|    0.003254|
|         448|   -9.650019|   -9.102476|    0.053955|    0.003254|
|         449|   -9.660760|   -9.113117|    0.053955|    0.003254|
|         450|   -9.671304|   -9.123492|    0.053955|    0.003254|
|         451|   -9.681670|   -9.133622|    0.053955|    0.003254|
|         452|   -9.691879|   -9.143537|    0.053955|    0.003254|
|         453|   -9.701957|   -9.153268|    0.053955|    0.003254|
|         454|   -9.711930|   -9.162852|    0.053955|    0.003254|
|         455|   -9.721826|   -9.172325|    0.053955|    0.003254|
|         456|   -9.731675|   -9.181726|    0.053955|    0.003254|
|         457|   -9.741506|   -9.191092|    0.053955|    0.003254|
|         458|   -9.751349|   -9.200463|    0.053955|    0.003254|
|         459|   -9.761232|   -9.209876|    0.053955|    0.003254|
|         460|   -9.771186|   -9.219368|    0.053955|    0.003254|
|         461|   -9.781236|   -9.228972|    0.053955|    0.003254|
|         462|   -9.791409|   -9.238723|    0.053955|    0.003254|
|         463|   -9.801731|   -9.248650|    0.053955|    0.003254|
|         464|   -9.812223|   -9.258781|    0.053955|    0.003254|
|         465|   -9.822908|   -9.269142|    0.053955|    0.003254|
|         466|   -9.833804|   -9.279756|    0.053955|    0.003254|
|         467|   -9.844929|   -9.290644|    0.053955|    0.003254|
|         468|   -9.856298|   -9.301822|    0.053955|    0.003254|
|         469|   -9.867923|   -9.313306|    0.053955|    0.003254|
|         470|   -9.879816|   -9.325107|    0.053955|    0.003254|
|         471|   -9.891984|   -9.337234|    0.053955|    0.003254|
|         472|   -9.904433|   -9.349693|    0.053955|    0.003254|
|         473|   -9.917165|   -9.362487|    0.053955|    0.003254|
|         474|   -9.930182|   -9.375616|    0.053955|    0.003254|
|         475|   -9.943480|   -9.389074|    0.053955|    0.003254|
|         476|   -9.957053|   -9.402856|    0.053955|    0.003254|
|         477|   -9.970893|   -9.416949|    0.053955|    0.003254|
|         478|   -9.984987|   -9.431338|    0.053955|    0.003254|
|         479|   -9.999320|   -9.446004|    0.053955|    0.003254|
|         480|  -10.013871|   -9.460923|    0.053955|    0.003254|
|         481|  -10.028618|   -9.476068|    0.053955|    0.003254|
|         482|  -10.043533|   -9.491406|    0.053955|    0.003254|
|         483|  -10.058586|   -9.506901|    0.053955|    0.003254|
|         484|  -10.073744|   -9.522511|    0.053955|    0.003254|
|         485|  -10.088969|   -9.538193|    0.053955|    0.003254|
|         486|  -10.104221|   -9.553900|    0.053955|    0.003254|
|         487|  -10.119459|   -9.569581|    0.053955|    0.003254|
|         488|  -10.134638|   -9.585183|    0.053955|    0.003254|
|         489|  -10.149712|   -9.600651|    0.053955|    0.003254|
|         490|  -10.164636|   -9.615929|    0.053955|    0.003254|
|         491|  -10.179363|   -9.630960|    0.053955|    0.003254|
|         492|  -10.193847|   -9.645691|    0.053955|    0.003254|
|         493|  -10.208048|   -9.660073|    0.053955|    0.003254|
|         494|  -10.221928|   -9.674063|    0.053955|    0.003254|
|         495|  -10.235455|   -9.687625|    0.053955|    0.003254|
|         496|  -10.248606|   -9.700733|    0.053955|    0.003254|
|         497|  -10.261363|   -9.713371|    0.053955|    0.003254|
|         498|  -10.273719|   -9.725535|    0.053955|    0.003254|
|         499|  -10.285672|   -9.737230|    0.053955|    0.003254|
|         500|  -10.297232|   -9.748471|    0.053955|    0.003254|
+-----------------------------------------------------------------------+
|        File Writing Summary       |              Filename             |
+-----------------------------------------------------------------------+
|SU2 binary restart                 |restart_flow.dat                   |
|Paraview                           |flow.vtu                           |
|Paraview surface                   |surface_flow.vtu                   |
|CSV file                           |surface_flow.csv                   |
+-----------------------------------------------------------------------+
+----------------------------------------------------------------+
|  Inner_Iter|    rms[Rho]|   rms[RhoE]|          CL|          CD|
+----------------------------------------------------------------+
|         501|  -10.308414|   -9.759284|    0.053955|    0.003254|
|         502|  -10.319241|   -9.769703|    0.053955|    0.003254|
|         503|  -10.329744|   -9.779767|    0.053955|    0.003254|
|         504|  -10.339955|   -9.789523|    0.053955|    0.003254|
|         505|  -10.349914|   -9.799019|    0.053955|    0.003254|
|         506|  -10.359662|   -9.808308|    0.053955|    0.003254|
|         507|  -10.369242|   -9.817441|    0.053955|    0.003254|
|         508|  -10.378698|   -9.826471|    0.053955|    0.003254|
|         509|  -10.388074|   -9.835450|    0.053955|    0.003254|
|         510|  -10.397413|   -9.844425|    0.053955|    0.003254|
|         511|  -10.406756|   -9.853443|    0.053955|    0.003254|
|         512|  -10.416142|   -9.862546|    0.053955|    0.003254|
|         513|  -10.425609|   -9.871775|    0.053955|    0.003254|
|         514|  -10.435191|   -9.881164|    0.053955|    0.003254|
|         515|  -10.444920|   -9.890747|    0.053955|    0.003254|
|         516|  -10.454825|   -9.900551|    0.053955|    0.003254|
|         517|  -10.464932|   -9.910602|    0.053955|    0.003254|
|         518|  -10.475264|   -9.920921|    0.053955|    0.003254|
|         519|  -10.485841|   -9.931526|    0.053955|    0.003254|
|         520|  -10.496681|   -9.942433|    0.053955|    0.003254|
|         521|  -10.507799|   -9.953654|    0.053955|    0.003254|
|         522|  -10.519208|   -9.965197|    0.053955|    0.003254|
|         523|  -10.530918|   -9.977070|    0.053955|    0.003254|
|         524|  -10.542936|   -9.989276|    0.053955|    0.003254|
|         525|  -10.555267|  -10.001816|    0.053955|    0.003254|
|         526|  -10.567915|  -10.014690|    0.053955|    0.003254|
|         527|  -10.580879|  -10.027894|    0.053955|    0.003254|
|         528|  -10.594159|  -10.041422|    0.053955|    0.003254|
|         529|  -10.607749|  -10.055266|    0.053955|    0.003254|
|         530|  -10.621645|  -10.069416|    0.053955|    0.003254|
|         531|  -10.635838|  -10.083859|    0.053955|    0.003254|
|         532|  -10.650317|  -10.098582|    0.053955|    0.003254|
|         533|  -10.665069|  -10.113567|    0.053955|    0.003254|
|         534|  -10.680078|  -10.128795|    0.053955|    0.003254|
|         535|  -10.695325|  -10.144243|    0.053955|    0.003254|
|         536|  -10.710789|  -10.159885|    0.053955|    0.003254|
|         537|  -10.726443|  -10.175693|    0.053955|    0.003254|
|         538|  -10.742260|  -10.191634|    0.053955|    0.003254|
|         539|  -10.758206|  -10.207672|    0.053955|    0.003254|
|         540|  -10.774248|  -10.223771|    0.053955|    0.003254|
|         541|  -10.790346|  -10.239889|    0.053955|    0.003254|
|         542|  -10.806461|  -10.255986|    0.053955|    0.003254|
|         543|  -10.822551|  -10.272019|    0.053955|    0.003254|
|         544|  -10.838572|  -10.287946|    0.053955|    0.003254|
|         545|  -10.854480|  -10.303723|    0.053955|    0.003254|
|         546|  -10.870233|  -10.319311|    0.053955|    0.003254|
|         547|  -10.885787|  -10.334670|    0.053955|    0.003254|
|         548|  -10.901103|  -10.349764|    0.053955|    0.003254|
|         549|  -10.916142|  -10.364563|    0.053955|    0.003254|
|         550|  -10.930873|  -10.379039|    0.053955|    0.003254|
|         551|  -10.945267|  -10.393170|    0.053955|    0.003254|
|         552|  -10.959300|  -10.406941|    0.053955|    0.003254|
|         553|  -10.972957|  -10.420342|    0.053955|    0.003254|
|         554|  -10.986228|  -10.433370|    0.053955|    0.003254|
|         555|  -10.999109|  -10.446029|    0.053955|    0.003254|
|         556|  -11.011604|  -10.458327|    0.053955|    0.003254|
|         557|  -11.023723|  -10.470280|    0.053955|    0.003254|
|         558|  -11.035483|  -10.481906|    0.053955|    0.003254|
|         559|  -11.046905|  -10.493231|    0.053955|    0.003254|
|         560|  -11.058014|  -10.504281|    0.053955|    0.003254|
|         561|  -11.068841|  -10.515085|    0.053955|    0.003254|
|         562|  -11.079418|  -10.525676|    0.053955|    0.003254|
|         563|  -11.089779|  -10.536085|    0.053955|    0.003254|
|         564|  -11.099961|  -10.546347|    0.053955|    0.003254|
|         565|  -11.110000|  -10.556493|    0.053955|    0.003254|
|         566|  -11.119932|  -10.566555|    0.053955|    0.003254|
|         567|  -11.129792|  -10.576565|    0.053955|    0.003254|
|         568|  -11.139615|  -10.586551|    0.053955|    0.003254|
|         569|  -11.149434|  -10.596543|    0.053955|    0.003254|
|         570|  -11.159281|  -10.606566|    0.053955|    0.003254|
|         571|  -11.169184|  -10.616646|    0.053955|    0.003254|
|         572|  -11.179173|  -10.626805|    0.053955|    0.003254|
|         573|  -11.189272|  -10.637065|    0.053955|    0.003254|
|         574|  -11.199506|  -10.647447|    0.053955|    0.003254|
|         575|  -11.209897|  -10.657970|    0.053955|    0.003254|
|         576|  -11.220466|  -10.668650|    0.053955|    0.003254|
|         577|  -11.231232|  -10.679505|    0.053955|    0.003254|
|         578|  -11.242213|  -10.690550|    0.053955|    0.003254|
|         579|  -11.253425|  -10.701801|    0.053955|    0.003254|
|         580|  -11.264884|  -10.713270|    0.053955|    0.003254|
|         581|  -11.276601|  -10.724971|    0.053955|    0.003254|
|         582|  -11.288590|  -10.736917|    0.053955|    0.003254|
|         583|  -11.300863|  -10.749117|    0.053955|    0.003254|
|         584|  -11.313427|  -10.761583|    0.053955|    0.003254|
|         585|  -11.326292|  -10.774325|    0.053955|    0.003254|
|         586|  -11.339465|  -10.787349|    0.053955|    0.003254|
|         587|  -11.352950|  -10.800664|    0.053955|    0.003254|
|         588|  -11.366752|  -10.814275|    0.053955|    0.003254|
|         589|  -11.380871|  -10.828186|    0.053955|    0.003254|
|         590|  -11.395308|  -10.842400|    0.053955|    0.003254|
|         591|  -11.410060|  -10.856917|    0.053955|    0.003254|
|         592|  -11.425123|  -10.871737|    0.053955|    0.003254|
|         593|  -11.440489|  -10.886855|    0.053955|    0.003254|
|         594|  -11.456150|  -10.902267|    0.053955|    0.003254|
|         595|  -11.472093|  -10.917963|    0.053955|    0.003254|
|         596|  -11.488301|  -10.933933|    0.053955|    0.003254|
|         597|  -11.504756|  -10.950162|    0.053955|    0.003254|
|         598|  -11.521435|  -10.966631|    0.053955|    0.003254|
|         599|  -11.538311|  -10.983320|    0.053955|    0.003254|
|         600|  -11.555355|  -11.000202|    0.053955|    0.003254|
|         601|  -11.572532|  -11.017249|    0.053955|    0.003254|
|         602|  -11.589803|  -11.034426|    0.053955|    0.003254|
|         603|  -11.607124|  -11.051693|    0.053955|    0.003254|
|         604|  -11.624449|  -11.069008|    0.053955|    0.003254|
|         605|  -11.641726|  -11.086323|    0.053955|    0.003254|
|         606|  -11.658899|  -11.103585|    0.053955|    0.003254|
|         607|  -11.675912|  -11.120739|    0.053955|    0.003254|
|         608|  -11.692705|  -11.137724|    0.053955|    0.003254|
|         609|  -11.709216|  -11.154477|    0.053955|    0.003254|
|         610|  -11.725386|  -11.170937|    0.053955|    0.003254|
|         611|  -11.741154|  -11.187040|    0.053955|    0.003254|
|         612|  -11.756469|  -11.202724|    0.053955|    0.003254|
|         613|  -11.771278|  -11.217931|    0.053955|    0.003254|
|         614|  -11.785542|  -11.232612|    0.053955|    0.003254|
|         615|  -11.799225|  -11.246721|    0.053955|    0.003254|
|         616|  -11.812306|  -11.260223|    0.053955|    0.003254|
|         617|  -11.824773|  -11.273097|    0.053955|    0.003254|
|         618|  -11.836625|  -11.285329|    0.053955|    0.003254|
|         619|  -11.847874|  -11.296922|    0.053955|    0.003254|
|         620|  -11.858543|  -11.307889|    0.053955|    0.003254|
|         621|  -11.868665|  -11.318256|    0.053955|    0.003254|
|         622|  -11.878283|  -11.328061|    0.053955|    0.003254|
|         623|  -11.887445|  -11.337349|    0.053955|    0.003254|
|         624|  -11.896209|  -11.346178|    0.053955|    0.003254|
|         625|  -11.904633|  -11.354608|    0.053955|    0.003254|
|         626|  -11.912781|  -11.362704|    0.053955|    0.003254|
|         627|  -11.920717|  -11.370535|    0.053955|    0.003254|
|         628|  -11.928504|  -11.378170|    0.053955|    0.003254|
|         629|  -11.936204|  -11.385677|    0.053955|    0.003254|
|         630|  -11.943878|  -11.393123|    0.053955|    0.003254|
|         631|  -11.951581|  -11.400570|    0.053955|    0.003254|
|         632|  -11.959367|  -11.408076|    0.053955|    0.003254|
|         633|  -11.967284|  -11.415699|    0.053955|    0.003254|
|         634|  -11.975379|  -11.423488|    0.053955|    0.003254|
|         635|  -11.983692|  -11.431490|    0.053955|    0.003254|
|         636|  -11.992262|  -11.439747|    0.053955|    0.003254|
|         637|  -12.001120|  -11.448297|    0.053955|    0.003254|
|         638|  -12.010299|  -11.457173|    0.053955|    0.003254|
|         639|  -12.019823|  -11.466405|    0.053955|    0.003254|
|         640|  -12.029717|  -11.476020|    0.053955|    0.003254|
|         641|  -12.040001|  -11.486039|    0.053955|    0.003254|
|         642|  -12.050691|  -11.496482|    0.053955|    0.003254|
|         643|  -12.061803|  -11.507366|    0.053955|    0.003254|
|         644|  -12.073348|  -11.518705|    0.053955|    0.003254|
|         645|  -12.085336|  -11.530509|    0.053955|    0.003254|
|         646|  -12.097772|  -11.542783|    0.053955|    0.003254|
|         647|  -12.110662|  -11.555536|    0.053955|    0.003254|
|         648|  -12.124005|  -11.568767|    0.053955|    0.003254|
|         649|  -12.137801|  -11.582477|    0.053955|    0.003254|
|         650|  -12.152045|  -11.596660|    0.053955|    0.003254|
|         651|  -12.166730|  -11.611311|    0.053955|    0.003254|
|         652|  -12.181842|  -11.626417|    0.053955|    0.003254|
|         653|  -12.197368|  -11.641964|    0.053955|    0.003254|
|         654|  -12.213288|  -11.657933|    0.053955|    0.003254|
|         655|  -12.229579|  -11.674301|    0.053955|    0.003254|
|         656|  -12.246212|  -11.691036|    0.053955|    0.003254|
|         657|  -12.263153|  -11.708107|    0.053955|    0.003254|
|         658|  -12.280361|  -11.725472|    0.053955|    0.003254|
|         659|  -12.297791|  -11.743084|    0.053955|    0.003254|
|         660|  -12.315388|  -11.760888|    0.053955|    0.003254|
|         661|  -12.333098|  -11.778826|    0.053955|    0.003254|
|         662|  -12.350848|  -11.796826|    0.053955|    0.003254|
|         663|  -12.368570|  -11.814818|    0.053955|    0.003254|
|         664|  -12.386180|  -11.832713|    0.053955|    0.003254|
|         665|  -12.403604|  -11.850432|    0.053955|    0.003254|
|         666|  -12.420743|  -11.867873|    0.053955|    0.003254|
|         667|  -12.437510|  -11.884945|    0.053955|    0.003254|
|         668|  -12.453818|  -11.901553|    0.053955|    0.003254|
|         669|  -12.469575|  -11.917601|    0.053955|    0.003254|
|         670|  -12.484693|  -11.932998|    0.053955|    0.003254|
|         671|  -12.499103|  -11.947663|    0.053955|    0.003254|
|         672|  -12.512750|  -11.961541|    0.053955|    0.003254|
|         673|  -12.525578|  -11.974569|    0.053955|    0.003254|
|         674|  -12.537574|  -11.986734|    0.053955|    0.003254|
|         675|  -12.548718|  -11.998012|    0.053955|    0.003254|
|         676|  -12.559034|  -12.008426|    0.053955|    0.003254|
|         677|  -12.568547|  -12.018001|    0.053955|    0.003254|
|         678|  -12.577321|  -12.026805|    0.053955|    0.003254|
|         679|  -12.585407|  -12.034890|    0.053955|    0.003254|
|         680|  -12.592882|  -12.042336|    0.053955|    0.003254|
|         681|  -12.599835|  -12.049236|    0.053955|    0.003254|
|         682|  -12.606352|  -12.055682|    0.053955|    0.003254|
|         683|  -12.612523|  -12.061767|    0.053955|    0.003254|
|         684|  -12.618431|  -12.067574|    0.053955|    0.003254|
|         685|  -12.624162|  -12.073197|    0.053955|    0.003254|
|         686|  -12.629790|  -12.078713|    0.053955|    0.003254|
|         687|  -12.635393|  -12.084198|    0.053955|    0.003254|
|         688|  -12.641034|  -12.089723|    0.053955|    0.003254|
|         689|  -12.646767|  -12.095337|    0.053955|    0.003254|
|         690|  -12.652652|  -12.101107|    0.053955|    0.003254|
|         691|  -12.658726|  -12.107068|    0.053955|    0.003254|
|         692|  -12.665029|  -12.113261|    0.053955|    0.003254|
|         693|  -12.671597|  -12.119719|    0.053955|    0.003254|
|         694|  -12.678457|  -12.126476|    0.053955|    0.003254|
|         695|  -12.685631|  -12.133547|    0.053955|    0.003254|
|         696|  -12.693140|  -12.140952|    0.053955|    0.003254|
|         697|  -12.700999|  -12.148709|    0.053955|    0.003254|
|         698|  -12.709220|  -12.156830|    0.053955|    0.003254|
|         699|  -12.717813|  -12.165322|    0.053955|    0.003254|
|         700|  -12.726781|  -12.174188|    0.053955|    0.003254|
|         701|  -12.736136|  -12.183440|    0.053955|    0.003254|
|         702|  -12.745879|  -12.193077|    0.053955|    0.003254|
|         703|  -12.756007|  -12.203098|    0.053955|    0.003254|
|         704|  -12.766518|  -12.213503|    0.053955|    0.003254|
|         705|  -12.777417|  -12.224290|    0.053955|    0.003254|
|         706|  -12.788691|  -12.235454|    0.053955|    0.003254|
|         707|  -12.800337|  -12.246988|    0.053955|    0.003254|
|         708|  -12.812351|  -12.258888|    0.053955|    0.003254|
|         709|  -12.824721|  -12.271142|    0.053955|    0.003254|
|         710|  -12.837438|  -12.283747|    0.053955|    0.003254|
|         711|  -12.850485|  -12.296685|    0.053955|    0.003254|
|         712|  -12.863853|  -12.309943|    0.053955|    0.003254|
|         713|  -12.877516|  -12.323507|    0.053955|    0.003254|
|         714|  -12.891470|  -12.337365|    0.053955|    0.003254|
|         715|  -12.905680|  -12.351492|    0.053955|    0.003254|
|         716|  -12.920124|  -12.365864|    0.053955|    0.003254|
|         717|  -12.934781|  -12.380460|    0.053955|    0.003254|
|         718|  -12.949617|  -12.395256|    0.053955|    0.003254|
|         719|  -12.964605|  -12.410223|    0.053955|    0.003254|
|         720|  -12.979696|  -12.425321|    0.053955|    0.003254|
|         721|  -12.994852|  -12.440506|    0.053955|    0.003254|
|         722|  -13.010043|  -12.455758|    0.053955|    0.003254|

----------------------------- Solver Exit -------------------------------
All convergence criteria satisfied.
+-----------------------------------------------------------------------+
|      Convergence Field     |     Value    |   Criterion  |  Converged |
+-----------------------------------------------------------------------+
|                    rms[Rho]|        -13.01|         < -13|         Yes|
+-----------------------------------------------------------------------+
-------------------------------------------------------------------------
+-----------------------------------------------------------------------+
|        File Writing Summary       |              Filename             |
+-----------------------------------------------------------------------+
|SU2 binary restart                 |restart_flow.dat                   |
|Paraview                           |flow.vtu                           |
|Paraview surface                   |surface_flow.vtu                   |
|CSV file                           |surface_flow.csv                   |
+-----------------------------------------------------------------------+

--------------------------- Finalizing Solver ---------------------------
Deleted CNumerics container.
Deleted CIntegration container.
Deleted CSolver container.
Deleted CIteration container.
Deleted CInterface container.
Deleted CGeometry container.
Deleted CFreeFormDefBox class.
Deleted CSurfaceMovement class.
Deleted CVolumetricMovement class.
Deleted CConfig container.
Deleted nInst container.
Deleted COutput class.
-------------------------------------------------------------------------

------------------------- Exit Success (SU2_CFD) ------------------------

